/*C3*/SET SCHEMA PUBLIC
DROP TABLE BURNIN
CREATE TABLE burnin(ID INT GENERATED ALWAYS AS IDENTITY PRIMARY KEY , name VARCHAR(50))
INSERT INTO BURNIN VALUES(0,'name0')
COMMIT
INSERT INTO BURNIN VALUES(1,'name1')
COMMIT
INSERT INTO BURNIN VALUES(2,'name2')
COMMIT
INSERT INTO BURNIN VALUES(3,'name3')
COMMIT
INSERT INTO BURNIN VALUES(4,'name4')
COMMIT
INSERT INTO BURNIN VALUES(5,'name5')
COMMIT
INSERT INTO BURNIN VALUES(6,'name6')
COMMIT
INSERT INTO BURNIN VALUES(7,'name7')
COMMIT
INSERT INTO BURNIN VALUES(8,'name8')
COMMIT
INSERT INTO BURNIN VALUES(9,'name9')
COMMIT
INSERT INTO BURNIN VALUES(10,'name10')
COMMIT
INSERT INTO BURNIN VALUES(11,'name11')
COMMIT
INSERT INTO BURNIN VALUES(12,'name12')
COMMIT
INSERT INTO BURNIN VALUES(13,'name13')
COMMIT
INSERT INTO BURNIN VALUES(14,'name14')
COMMIT
INSERT INTO BURNIN VALUES(15,'name15')
COMMIT
INSERT INTO BURNIN VALUES(16,'name16')
COMMIT
INSERT INTO BURNIN VALUES(17,'name17')
COMMIT
INSERT INTO BURNIN VALUES(18,'name18')
COMMIT
INSERT INTO BURNIN VALUES(19,'name19')
COMMIT
INSERT INTO BURNIN VALUES(20,'name20')
COMMIT
INSERT INTO BURNIN VALUES(21,'name21')
COMMIT
INSERT INTO BURNIN VALUES(22,'name22')
COMMIT
INSERT INTO BURNIN VALUES(23,'name23')
COMMIT
INSERT INTO BURNIN VALUES(24,'name24')
COMMIT
INSERT INTO BURNIN VALUES(25,'name25')
COMMIT
INSERT INTO BURNIN VALUES(26,'name26')
COMMIT
INSERT INTO BURNIN VALUES(27,'name27')
COMMIT
INSERT INTO BURNIN VALUES(28,'name28')
COMMIT
INSERT INTO BURNIN VALUES(29,'name29')
COMMIT
INSERT INTO BURNIN VALUES(30,'name30')
COMMIT
INSERT INTO BURNIN VALUES(31,'name31')
COMMIT
INSERT INTO BURNIN VALUES(32,'name32')
COMMIT
INSERT INTO BURNIN VALUES(33,'name33')
COMMIT
INSERT INTO BURNIN VALUES(34,'name34')
COMMIT
INSERT INTO BURNIN VALUES(35,'name35')
COMMIT
INSERT INTO BURNIN VALUES(36,'name36')
COMMIT
INSERT INTO BURNIN VALUES(37,'name37')
COMMIT
INSERT INTO BURNIN VALUES(38,'name38')
COMMIT
INSERT INTO BURNIN VALUES(39,'name39')
COMMIT
INSERT INTO BURNIN VALUES(40,'name40')
COMMIT
INSERT INTO BURNIN VALUES(41,'name41')
COMMIT
INSERT INTO BURNIN VALUES(42,'name42')
COMMIT
INSERT INTO BURNIN VALUES(43,'name43')
COMMIT
INSERT INTO BURNIN VALUES(44,'name44')
COMMIT
INSERT INTO BURNIN VALUES(45,'name45')
COMMIT
INSERT INTO BURNIN VALUES(46,'name46')
COMMIT
INSERT INTO BURNIN VALUES(47,'name47')
COMMIT
INSERT INTO BURNIN VALUES(48,'name48')
COMMIT
INSERT INTO BURNIN VALUES(49,'name49')
COMMIT
INSERT INTO BURNIN VALUES(50,'name50')
COMMIT
INSERT INTO BURNIN VALUES(51,'name51')
COMMIT
INSERT INTO BURNIN VALUES(52,'name52')
COMMIT
INSERT INTO BURNIN VALUES(53,'name53')
COMMIT
INSERT INTO BURNIN VALUES(54,'name54')
COMMIT
INSERT INTO BURNIN VALUES(55,'name55')
COMMIT
INSERT INTO BURNIN VALUES(56,'name56')
COMMIT
INSERT INTO BURNIN VALUES(57,'name57')
COMMIT
INSERT INTO BURNIN VALUES(58,'name58')
COMMIT
INSERT INTO BURNIN VALUES(59,'name59')
COMMIT
INSERT INTO BURNIN VALUES(60,'name60')
COMMIT
INSERT INTO BURNIN VALUES(61,'name61')
COMMIT
INSERT INTO BURNIN VALUES(62,'name62')
COMMIT
INSERT INTO BURNIN VALUES(63,'name63')
COMMIT
INSERT INTO BURNIN VALUES(64,'name64')
COMMIT
INSERT INTO BURNIN VALUES(65,'name65')
COMMIT
INSERT INTO BURNIN VALUES(66,'name66')
COMMIT
INSERT INTO BURNIN VALUES(67,'name67')
COMMIT
INSERT INTO BURNIN VALUES(68,'name68')
COMMIT
INSERT INTO BURNIN VALUES(69,'name69')
COMMIT
INSERT INTO BURNIN VALUES(70,'name70')
COMMIT
INSERT INTO BURNIN VALUES(71,'name71')
COMMIT
INSERT INTO BURNIN VALUES(72,'name72')
COMMIT
INSERT INTO BURNIN VALUES(73,'name73')
COMMIT
INSERT INTO BURNIN VALUES(74,'name74')
COMMIT
INSERT INTO BURNIN VALUES(75,'name75')
COMMIT
INSERT INTO BURNIN VALUES(76,'name76')
COMMIT
INSERT INTO BURNIN VALUES(77,'name77')
COMMIT
INSERT INTO BURNIN VALUES(78,'name78')
COMMIT
INSERT INTO BURNIN VALUES(79,'name79')
COMMIT
INSERT INTO BURNIN VALUES(80,'name80')
COMMIT
INSERT INTO BURNIN VALUES(81,'name81')
COMMIT
INSERT INTO BURNIN VALUES(82,'name82')
COMMIT
INSERT INTO BURNIN VALUES(83,'name83')
COMMIT
INSERT INTO BURNIN VALUES(84,'name84')
COMMIT
INSERT INTO BURNIN VALUES(85,'name85')
COMMIT
INSERT INTO BURNIN VALUES(86,'name86')
COMMIT
INSERT INTO BURNIN VALUES(87,'name87')
COMMIT
INSERT INTO BURNIN VALUES(88,'name88')
COMMIT
INSERT INTO BURNIN VALUES(89,'name89')
COMMIT
INSERT INTO BURNIN VALUES(90,'name90')
COMMIT
INSERT INTO BURNIN VALUES(91,'name91')
COMMIT
INSERT INTO BURNIN VALUES(92,'name92')
COMMIT
INSERT INTO BURNIN VALUES(93,'name93')
COMMIT
INSERT INTO BURNIN VALUES(94,'name94')
COMMIT
INSERT INTO BURNIN VALUES(95,'name95')
COMMIT
INSERT INTO BURNIN VALUES(96,'name96')
COMMIT
INSERT INTO BURNIN VALUES(97,'name97')
COMMIT
INSERT INTO BURNIN VALUES(98,'name98')
COMMIT
INSERT INTO BURNIN VALUES(99,'name99')
COMMIT
INSERT INTO BURNIN VALUES(100,'name100')
COMMIT
INSERT INTO BURNIN VALUES(101,'name101')
COMMIT
INSERT INTO BURNIN VALUES(102,'name102')
COMMIT
INSERT INTO BURNIN VALUES(103,'name103')
COMMIT
INSERT INTO BURNIN VALUES(104,'name104')
COMMIT
INSERT INTO BURNIN VALUES(105,'name105')
COMMIT
INSERT INTO BURNIN VALUES(106,'name106')
COMMIT
INSERT INTO BURNIN VALUES(107,'name107')
COMMIT
INSERT INTO BURNIN VALUES(108,'name108')
COMMIT
INSERT INTO BURNIN VALUES(109,'name109')
COMMIT
INSERT INTO BURNIN VALUES(110,'name110')
COMMIT
INSERT INTO BURNIN VALUES(111,'name111')
COMMIT
INSERT INTO BURNIN VALUES(112,'name112')
COMMIT
INSERT INTO BURNIN VALUES(113,'name113')
COMMIT
INSERT INTO BURNIN VALUES(114,'name114')
COMMIT
INSERT INTO BURNIN VALUES(115,'name115')
COMMIT
INSERT INTO BURNIN VALUES(116,'name116')
COMMIT
INSERT INTO BURNIN VALUES(117,'name117')
COMMIT
INSERT INTO BURNIN VALUES(118,'name118')
COMMIT
INSERT INTO BURNIN VALUES(119,'name119')
COMMIT
INSERT INTO BURNIN VALUES(120,'name120')
COMMIT
INSERT INTO BURNIN VALUES(121,'name121')
COMMIT
INSERT INTO BURNIN VALUES(122,'name122')
COMMIT
INSERT INTO BURNIN VALUES(123,'name123')
COMMIT
INSERT INTO BURNIN VALUES(124,'name124')
COMMIT
INSERT INTO BURNIN VALUES(125,'name125')
COMMIT
INSERT INTO BURNIN VALUES(126,'name126')
COMMIT
INSERT INTO BURNIN VALUES(127,'name127')
COMMIT
INSERT INTO BURNIN VALUES(128,'name128')
COMMIT
INSERT INTO BURNIN VALUES(129,'name129')
COMMIT
INSERT INTO BURNIN VALUES(130,'name130')
COMMIT
INSERT INTO BURNIN VALUES(131,'name131')
COMMIT
INSERT INTO BURNIN VALUES(132,'name132')
COMMIT
INSERT INTO BURNIN VALUES(133,'name133')
COMMIT
INSERT INTO BURNIN VALUES(134,'name134')
COMMIT
INSERT INTO BURNIN VALUES(135,'name135')
COMMIT
INSERT INTO BURNIN VALUES(136,'name136')
COMMIT
INSERT INTO BURNIN VALUES(137,'name137')
COMMIT
INSERT INTO BURNIN VALUES(138,'name138')
COMMIT
INSERT INTO BURNIN VALUES(139,'name139')
COMMIT
INSERT INTO BURNIN VALUES(140,'name140')
COMMIT
INSERT INTO BURNIN VALUES(141,'name141')
COMMIT
INSERT INTO BURNIN VALUES(142,'name142')
COMMIT
INSERT INTO BURNIN VALUES(143,'name143')
COMMIT
INSERT INTO BURNIN VALUES(144,'name144')
COMMIT
INSERT INTO BURNIN VALUES(145,'name145')
COMMIT
INSERT INTO BURNIN VALUES(146,'name146')
COMMIT
INSERT INTO BURNIN VALUES(147,'name147')
COMMIT
INSERT INTO BURNIN VALUES(148,'name148')
COMMIT
INSERT INTO BURNIN VALUES(149,'name149')
COMMIT
INSERT INTO BURNIN VALUES(150,'name150')
COMMIT
INSERT INTO BURNIN VALUES(151,'name151')
COMMIT
INSERT INTO BURNIN VALUES(152,'name152')
COMMIT
INSERT INTO BURNIN VALUES(153,'name153')
COMMIT
INSERT INTO BURNIN VALUES(154,'name154')
COMMIT
INSERT INTO BURNIN VALUES(155,'name155')
COMMIT
INSERT INTO BURNIN VALUES(156,'name156')
COMMIT
INSERT INTO BURNIN VALUES(157,'name157')
COMMIT
INSERT INTO BURNIN VALUES(158,'name158')
COMMIT
INSERT INTO BURNIN VALUES(159,'name159')
COMMIT
INSERT INTO BURNIN VALUES(160,'name160')
COMMIT
INSERT INTO BURNIN VALUES(161,'name161')
COMMIT
INSERT INTO BURNIN VALUES(162,'name162')
COMMIT
INSERT INTO BURNIN VALUES(163,'name163')
COMMIT
INSERT INTO BURNIN VALUES(164,'name164')
COMMIT
INSERT INTO BURNIN VALUES(165,'name165')
COMMIT
INSERT INTO BURNIN VALUES(166,'name166')
COMMIT
INSERT INTO BURNIN VALUES(167,'name167')
COMMIT
INSERT INTO BURNIN VALUES(168,'name168')
COMMIT
INSERT INTO BURNIN VALUES(169,'name169')
COMMIT
INSERT INTO BURNIN VALUES(170,'name170')
COMMIT
INSERT INTO BURNIN VALUES(171,'name171')
COMMIT
INSERT INTO BURNIN VALUES(172,'name172')
COMMIT
INSERT INTO BURNIN VALUES(173,'name173')
COMMIT
INSERT INTO BURNIN VALUES(174,'name174')
COMMIT
INSERT INTO BURNIN VALUES(175,'name175')
COMMIT
INSERT INTO BURNIN VALUES(176,'name176')
COMMIT
INSERT INTO BURNIN VALUES(177,'name177')
COMMIT
INSERT INTO BURNIN VALUES(178,'name178')
COMMIT
INSERT INTO BURNIN VALUES(179,'name179')
COMMIT
INSERT INTO BURNIN VALUES(180,'name180')
COMMIT
INSERT INTO BURNIN VALUES(181,'name181')
COMMIT
INSERT INTO BURNIN VALUES(182,'name182')
COMMIT
INSERT INTO BURNIN VALUES(183,'name183')
COMMIT
INSERT INTO BURNIN VALUES(184,'name184')
COMMIT
INSERT INTO BURNIN VALUES(185,'name185')
COMMIT
INSERT INTO BURNIN VALUES(186,'name186')
COMMIT
INSERT INTO BURNIN VALUES(187,'name187')
COMMIT
INSERT INTO BURNIN VALUES(188,'name188')
COMMIT
INSERT INTO BURNIN VALUES(189,'name189')
COMMIT
INSERT INTO BURNIN VALUES(190,'name190')
COMMIT
INSERT INTO BURNIN VALUES(191,'name191')
COMMIT
INSERT INTO BURNIN VALUES(192,'name192')
COMMIT
INSERT INTO BURNIN VALUES(193,'name193')
COMMIT
INSERT INTO BURNIN VALUES(194,'name194')
COMMIT
INSERT INTO BURNIN VALUES(195,'name195')
COMMIT
INSERT INTO BURNIN VALUES(196,'name196')
COMMIT
INSERT INTO BURNIN VALUES(197,'name197')
COMMIT
INSERT INTO BURNIN VALUES(198,'name198')
COMMIT
INSERT INTO BURNIN VALUES(199,'name199')
COMMIT
INSERT INTO BURNIN VALUES(200,'name200')
COMMIT
INSERT INTO BURNIN VALUES(201,'name201')
COMMIT
INSERT INTO BURNIN VALUES(202,'name202')
COMMIT
INSERT INTO BURNIN VALUES(203,'name203')
COMMIT
INSERT INTO BURNIN VALUES(204,'name204')
COMMIT
INSERT INTO BURNIN VALUES(205,'name205')
COMMIT
INSERT INTO BURNIN VALUES(206,'name206')
COMMIT
INSERT INTO BURNIN VALUES(207,'name207')
COMMIT
INSERT INTO BURNIN VALUES(208,'name208')
COMMIT
INSERT INTO BURNIN VALUES(209,'name209')
COMMIT
INSERT INTO BURNIN VALUES(210,'name210')
COMMIT
INSERT INTO BURNIN VALUES(211,'name211')
COMMIT
INSERT INTO BURNIN VALUES(212,'name212')
COMMIT
INSERT INTO BURNIN VALUES(213,'name213')
COMMIT
INSERT INTO BURNIN VALUES(214,'name214')
COMMIT
INSERT INTO BURNIN VALUES(215,'name215')
COMMIT
INSERT INTO BURNIN VALUES(216,'name216')
COMMIT
INSERT INTO BURNIN VALUES(217,'name217')
COMMIT
INSERT INTO BURNIN VALUES(218,'name218')
COMMIT
INSERT INTO BURNIN VALUES(219,'name219')
COMMIT
INSERT INTO BURNIN VALUES(220,'name220')
COMMIT
INSERT INTO BURNIN VALUES(221,'name221')
COMMIT
INSERT INTO BURNIN VALUES(222,'name222')
COMMIT
INSERT INTO BURNIN VALUES(223,'name223')
COMMIT
INSERT INTO BURNIN VALUES(224,'name224')
COMMIT
INSERT INTO BURNIN VALUES(225,'name225')
COMMIT
INSERT INTO BURNIN VALUES(226,'name226')
COMMIT
INSERT INTO BURNIN VALUES(227,'name227')
COMMIT
INSERT INTO BURNIN VALUES(228,'name228')
COMMIT
INSERT INTO BURNIN VALUES(229,'name229')
COMMIT
INSERT INTO BURNIN VALUES(230,'name230')
COMMIT
INSERT INTO BURNIN VALUES(231,'name231')
COMMIT
INSERT INTO BURNIN VALUES(232,'name232')
COMMIT
INSERT INTO BURNIN VALUES(233,'name233')
COMMIT
INSERT INTO BURNIN VALUES(234,'name234')
COMMIT
INSERT INTO BURNIN VALUES(235,'name235')
COMMIT
INSERT INTO BURNIN VALUES(236,'name236')
COMMIT
INSERT INTO BURNIN VALUES(237,'name237')
COMMIT
INSERT INTO BURNIN VALUES(238,'name238')
COMMIT
INSERT INTO BURNIN VALUES(239,'name239')
COMMIT
INSERT INTO BURNIN VALUES(240,'name240')
COMMIT
INSERT INTO BURNIN VALUES(241,'name241')
COMMIT
INSERT INTO BURNIN VALUES(242,'name242')
COMMIT
INSERT INTO BURNIN VALUES(243,'name243')
COMMIT
INSERT INTO BURNIN VALUES(244,'name244')
COMMIT
INSERT INTO BURNIN VALUES(245,'name245')
COMMIT
INSERT INTO BURNIN VALUES(246,'name246')
COMMIT
INSERT INTO BURNIN VALUES(247,'name247')
COMMIT
INSERT INTO BURNIN VALUES(248,'name248')
COMMIT
INSERT INTO BURNIN VALUES(249,'name249')
COMMIT
INSERT INTO BURNIN VALUES(250,'name250')
COMMIT
INSERT INTO BURNIN VALUES(251,'name251')
COMMIT
INSERT INTO BURNIN VALUES(252,'name252')
COMMIT
INSERT INTO BURNIN VALUES(253,'name253')
COMMIT
INSERT INTO BURNIN VALUES(254,'name254')
COMMIT
INSERT INTO BURNIN VALUES(255,'name255')
COMMIT
INSERT INTO BURNIN VALUES(256,'name256')
COMMIT
INSERT INTO BURNIN VALUES(257,'name257')
COMMIT
INSERT INTO BURNIN VALUES(258,'name258')
COMMIT
INSERT INTO BURNIN VALUES(259,'name259')
COMMIT
INSERT INTO BURNIN VALUES(260,'name260')
COMMIT
INSERT INTO BURNIN VALUES(261,'name261')
COMMIT
INSERT INTO BURNIN VALUES(262,'name262')
COMMIT
INSERT INTO BURNIN VALUES(263,'name263')
COMMIT
INSERT INTO BURNIN VALUES(264,'name264')
COMMIT
INSERT INTO BURNIN VALUES(265,'name265')
COMMIT
INSERT INTO BURNIN VALUES(266,'name266')
COMMIT
INSERT INTO BURNIN VALUES(267,'name267')
COMMIT
INSERT INTO BURNIN VALUES(268,'name268')
COMMIT
INSERT INTO BURNIN VALUES(269,'name269')
COMMIT
INSERT INTO BURNIN VALUES(270,'name270')
COMMIT
INSERT INTO BURNIN VALUES(271,'name271')
COMMIT
INSERT INTO BURNIN VALUES(272,'name272')
COMMIT
INSERT INTO BURNIN VALUES(273,'name273')
COMMIT
INSERT INTO BURNIN VALUES(274,'name274')
COMMIT
INSERT INTO BURNIN VALUES(275,'name275')
COMMIT
INSERT INTO BURNIN VALUES(276,'name276')
COMMIT
INSERT INTO BURNIN VALUES(277,'name277')
COMMIT
INSERT INTO BURNIN VALUES(278,'name278')
COMMIT
INSERT INTO BURNIN VALUES(279,'name279')
COMMIT
INSERT INTO BURNIN VALUES(280,'name280')
COMMIT
INSERT INTO BURNIN VALUES(281,'name281')
COMMIT
INSERT INTO BURNIN VALUES(282,'name282')
COMMIT
INSERT INTO BURNIN VALUES(283,'name283')
COMMIT
INSERT INTO BURNIN VALUES(284,'name284')
COMMIT
INSERT INTO BURNIN VALUES(285,'name285')
COMMIT
INSERT INTO BURNIN VALUES(286,'name286')
COMMIT
INSERT INTO BURNIN VALUES(287,'name287')
COMMIT
INSERT INTO BURNIN VALUES(288,'name288')
COMMIT
INSERT INTO BURNIN VALUES(289,'name289')
COMMIT
INSERT INTO BURNIN VALUES(290,'name290')
COMMIT
INSERT INTO BURNIN VALUES(291,'name291')
COMMIT
INSERT INTO BURNIN VALUES(292,'name292')
COMMIT
INSERT INTO BURNIN VALUES(293,'name293')
COMMIT
INSERT INTO BURNIN VALUES(294,'name294')
COMMIT
INSERT INTO BURNIN VALUES(295,'name295')
COMMIT
INSERT INTO BURNIN VALUES(296,'name296')
COMMIT
INSERT INTO BURNIN VALUES(297,'name297')
COMMIT
INSERT INTO BURNIN VALUES(298,'name298')
COMMIT
INSERT INTO BURNIN VALUES(299,'name299')
COMMIT
INSERT INTO BURNIN VALUES(300,'name300')
COMMIT
INSERT INTO BURNIN VALUES(301,'name301')
COMMIT
INSERT INTO BURNIN VALUES(302,'name302')
COMMIT
INSERT INTO BURNIN VALUES(303,'name303')
COMMIT
INSERT INTO BURNIN VALUES(304,'name304')
COMMIT
INSERT INTO BURNIN VALUES(305,'name305')
COMMIT
INSERT INTO BURNIN VALUES(306,'name306')
COMMIT
INSERT INTO BURNIN VALUES(307,'name307')
COMMIT
INSERT INTO BURNIN VALUES(308,'name308')
COMMIT
INSERT INTO BURNIN VALUES(309,'name309')
COMMIT
INSERT INTO BURNIN VALUES(310,'name310')
COMMIT
INSERT INTO BURNIN VALUES(311,'name311')
COMMIT
INSERT INTO BURNIN VALUES(312,'name312')
COMMIT
INSERT INTO BURNIN VALUES(313,'name313')
COMMIT
INSERT INTO BURNIN VALUES(314,'name314')
COMMIT
INSERT INTO BURNIN VALUES(315,'name315')
COMMIT
INSERT INTO BURNIN VALUES(316,'name316')
COMMIT
INSERT INTO BURNIN VALUES(317,'name317')
COMMIT
INSERT INTO BURNIN VALUES(318,'name318')
COMMIT
INSERT INTO BURNIN VALUES(319,'name319')
COMMIT
INSERT INTO BURNIN VALUES(320,'name320')
COMMIT
INSERT INTO BURNIN VALUES(321,'name321')
COMMIT
INSERT INTO BURNIN VALUES(322,'name322')
COMMIT
INSERT INTO BURNIN VALUES(323,'name323')
COMMIT
INSERT INTO BURNIN VALUES(324,'name324')
COMMIT
INSERT INTO BURNIN VALUES(325,'name325')
COMMIT
INSERT INTO BURNIN VALUES(326,'name326')
COMMIT
INSERT INTO BURNIN VALUES(327,'name327')
COMMIT
INSERT INTO BURNIN VALUES(328,'name328')
COMMIT
INSERT INTO BURNIN VALUES(329,'name329')
COMMIT
INSERT INTO BURNIN VALUES(330,'name330')
COMMIT
INSERT INTO BURNIN VALUES(331,'name331')
COMMIT
INSERT INTO BURNIN VALUES(332,'name332')
COMMIT
INSERT INTO BURNIN VALUES(333,'name333')
COMMIT
INSERT INTO BURNIN VALUES(334,'name334')
COMMIT
INSERT INTO BURNIN VALUES(335,'name335')
COMMIT
INSERT INTO BURNIN VALUES(336,'name336')
COMMIT
INSERT INTO BURNIN VALUES(337,'name337')
COMMIT
INSERT INTO BURNIN VALUES(338,'name338')
COMMIT
INSERT INTO BURNIN VALUES(339,'name339')
COMMIT
INSERT INTO BURNIN VALUES(340,'name340')
COMMIT
INSERT INTO BURNIN VALUES(341,'name341')
COMMIT
INSERT INTO BURNIN VALUES(342,'name342')
COMMIT
INSERT INTO BURNIN VALUES(343,'name343')
COMMIT
INSERT INTO BURNIN VALUES(344,'name344')
COMMIT
INSERT INTO BURNIN VALUES(345,'name345')
COMMIT
INSERT INTO BURNIN VALUES(346,'name346')
COMMIT
INSERT INTO BURNIN VALUES(347,'name347')
COMMIT
INSERT INTO BURNIN VALUES(348,'name348')
COMMIT
INSERT INTO BURNIN VALUES(349,'name349')
COMMIT
INSERT INTO BURNIN VALUES(350,'name350')
COMMIT
INSERT INTO BURNIN VALUES(351,'name351')
COMMIT
INSERT INTO BURNIN VALUES(352,'name352')
COMMIT
INSERT INTO BURNIN VALUES(353,'name353')
COMMIT
INSERT INTO BURNIN VALUES(354,'name354')
COMMIT
INSERT INTO BURNIN VALUES(355,'name355')
COMMIT
INSERT INTO BURNIN VALUES(356,'name356')
COMMIT
INSERT INTO BURNIN VALUES(357,'name357')
COMMIT
INSERT INTO BURNIN VALUES(358,'name358')
COMMIT
INSERT INTO BURNIN VALUES(359,'name359')
COMMIT
INSERT INTO BURNIN VALUES(360,'name360')
COMMIT
INSERT INTO BURNIN VALUES(361,'name361')
COMMIT
INSERT INTO BURNIN VALUES(362,'name362')
COMMIT
INSERT INTO BURNIN VALUES(363,'name363')
COMMIT
INSERT INTO BURNIN VALUES(364,'name364')
COMMIT
INSERT INTO BURNIN VALUES(365,'name365')
COMMIT
INSERT INTO BURNIN VALUES(366,'name366')
COMMIT
INSERT INTO BURNIN VALUES(367,'name367')
COMMIT
INSERT INTO BURNIN VALUES(368,'name368')
COMMIT
INSERT INTO BURNIN VALUES(369,'name369')
COMMIT
INSERT INTO BURNIN VALUES(370,'name370')
COMMIT
INSERT INTO BURNIN VALUES(371,'name371')
COMMIT
INSERT INTO BURNIN VALUES(372,'name372')
COMMIT
INSERT INTO BURNIN VALUES(373,'name373')
COMMIT
INSERT INTO BURNIN VALUES(374,'name374')
COMMIT
INSERT INTO BURNIN VALUES(375,'name375')
COMMIT
INSERT INTO BURNIN VALUES(376,'name376')
COMMIT
INSERT INTO BURNIN VALUES(377,'name377')
COMMIT
INSERT INTO BURNIN VALUES(378,'name378')
COMMIT
INSERT INTO BURNIN VALUES(379,'name379')
COMMIT
INSERT INTO BURNIN VALUES(380,'name380')
COMMIT
INSERT INTO BURNIN VALUES(381,'name381')
COMMIT
INSERT INTO BURNIN VALUES(382,'name382')
COMMIT
INSERT INTO BURNIN VALUES(383,'name383')
COMMIT
INSERT INTO BURNIN VALUES(384,'name384')
COMMIT
INSERT INTO BURNIN VALUES(385,'name385')
COMMIT
INSERT INTO BURNIN VALUES(386,'name386')
COMMIT
INSERT INTO BURNIN VALUES(387,'name387')
COMMIT
INSERT INTO BURNIN VALUES(388,'name388')
COMMIT
INSERT INTO BURNIN VALUES(389,'name389')
COMMIT
INSERT INTO BURNIN VALUES(390,'name390')
COMMIT
INSERT INTO BURNIN VALUES(391,'name391')
COMMIT
INSERT INTO BURNIN VALUES(392,'name392')
COMMIT
INSERT INTO BURNIN VALUES(393,'name393')
COMMIT
INSERT INTO BURNIN VALUES(394,'name394')
COMMIT
INSERT INTO BURNIN VALUES(395,'name395')
COMMIT
INSERT INTO BURNIN VALUES(396,'name396')
COMMIT
INSERT INTO BURNIN VALUES(397,'name397')
COMMIT
INSERT INTO BURNIN VALUES(398,'name398')
COMMIT
INSERT INTO BURNIN VALUES(399,'name399')
COMMIT
INSERT INTO BURNIN VALUES(400,'name400')
COMMIT
INSERT INTO BURNIN VALUES(401,'name401')
COMMIT
INSERT INTO BURNIN VALUES(402,'name402')
COMMIT
INSERT INTO BURNIN VALUES(403,'name403')
COMMIT
INSERT INTO BURNIN VALUES(404,'name404')
COMMIT
INSERT INTO BURNIN VALUES(405,'name405')
COMMIT
INSERT INTO BURNIN VALUES(406,'name406')
COMMIT
INSERT INTO BURNIN VALUES(407,'name407')
COMMIT
INSERT INTO BURNIN VALUES(408,'name408')
COMMIT
INSERT INTO BURNIN VALUES(409,'name409')
COMMIT
INSERT INTO BURNIN VALUES(410,'name410')
COMMIT
INSERT INTO BURNIN VALUES(411,'name411')
COMMIT
INSERT INTO BURNIN VALUES(412,'name412')
COMMIT
INSERT INTO BURNIN VALUES(413,'name413')
COMMIT
INSERT INTO BURNIN VALUES(414,'name414')
COMMIT
INSERT INTO BURNIN VALUES(415,'name415')
COMMIT
INSERT INTO BURNIN VALUES(416,'name416')
COMMIT
INSERT INTO BURNIN VALUES(417,'name417')
COMMIT
INSERT INTO BURNIN VALUES(418,'name418')
COMMIT
INSERT INTO BURNIN VALUES(419,'name419')
COMMIT
INSERT INTO BURNIN VALUES(420,'name420')
COMMIT
INSERT INTO BURNIN VALUES(421,'name421')
COMMIT
INSERT INTO BURNIN VALUES(422,'name422')
COMMIT
INSERT INTO BURNIN VALUES(423,'name423')
COMMIT
INSERT INTO BURNIN VALUES(424,'name424')
COMMIT
INSERT INTO BURNIN VALUES(425,'name425')
COMMIT
INSERT INTO BURNIN VALUES(426,'name426')
COMMIT
INSERT INTO BURNIN VALUES(427,'name427')
COMMIT
INSERT INTO BURNIN VALUES(428,'name428')
COMMIT
INSERT INTO BURNIN VALUES(429,'name429')
COMMIT
INSERT INTO BURNIN VALUES(430,'name430')
COMMIT
INSERT INTO BURNIN VALUES(431,'name431')
COMMIT
INSERT INTO BURNIN VALUES(432,'name432')
COMMIT
INSERT INTO BURNIN VALUES(433,'name433')
COMMIT
INSERT INTO BURNIN VALUES(434,'name434')
COMMIT
INSERT INTO BURNIN VALUES(435,'name435')
COMMIT
INSERT INTO BURNIN VALUES(436,'name436')
COMMIT
INSERT INTO BURNIN VALUES(437,'name437')
COMMIT
INSERT INTO BURNIN VALUES(438,'name438')
COMMIT
INSERT INTO BURNIN VALUES(439,'name439')
COMMIT
INSERT INTO BURNIN VALUES(440,'name440')
COMMIT
INSERT INTO BURNIN VALUES(441,'name441')
COMMIT
INSERT INTO BURNIN VALUES(442,'name442')
COMMIT
INSERT INTO BURNIN VALUES(443,'name443')
COMMIT
INSERT INTO BURNIN VALUES(444,'name444')
COMMIT
INSERT INTO BURNIN VALUES(445,'name445')
COMMIT
INSERT INTO BURNIN VALUES(446,'name446')
COMMIT
INSERT INTO BURNIN VALUES(447,'name447')
COMMIT
INSERT INTO BURNIN VALUES(448,'name448')
COMMIT
INSERT INTO BURNIN VALUES(449,'name449')
COMMIT
INSERT INTO BURNIN VALUES(450,'name450')
COMMIT
INSERT INTO BURNIN VALUES(451,'name451')
COMMIT
INSERT INTO BURNIN VALUES(452,'name452')
COMMIT
INSERT INTO BURNIN VALUES(453,'name453')
COMMIT
INSERT INTO BURNIN VALUES(454,'name454')
COMMIT
INSERT INTO BURNIN VALUES(455,'name455')
COMMIT
INSERT INTO BURNIN VALUES(456,'name456')
COMMIT
INSERT INTO BURNIN VALUES(457,'name457')
COMMIT
INSERT INTO BURNIN VALUES(458,'name458')
COMMIT
INSERT INTO BURNIN VALUES(459,'name459')
COMMIT
INSERT INTO BURNIN VALUES(460,'name460')
COMMIT
INSERT INTO BURNIN VALUES(461,'name461')
COMMIT
INSERT INTO BURNIN VALUES(462,'name462')
COMMIT
INSERT INTO BURNIN VALUES(463,'name463')
COMMIT
INSERT INTO BURNIN VALUES(464,'name464')
COMMIT
INSERT INTO BURNIN VALUES(465,'name465')
COMMIT
INSERT INTO BURNIN VALUES(466,'name466')
COMMIT
INSERT INTO BURNIN VALUES(467,'name467')
COMMIT
INSERT INTO BURNIN VALUES(468,'name468')
COMMIT
INSERT INTO BURNIN VALUES(469,'name469')
COMMIT
INSERT INTO BURNIN VALUES(470,'name470')
COMMIT
INSERT INTO BURNIN VALUES(471,'name471')
COMMIT
INSERT INTO BURNIN VALUES(472,'name472')
COMMIT
INSERT INTO BURNIN VALUES(473,'name473')
COMMIT
INSERT INTO BURNIN VALUES(474,'name474')
COMMIT
INSERT INTO BURNIN VALUES(475,'name475')
COMMIT
INSERT INTO BURNIN VALUES(476,'name476')
COMMIT
INSERT INTO BURNIN VALUES(477,'name477')
COMMIT
INSERT INTO BURNIN VALUES(478,'name478')
COMMIT
INSERT INTO BURNIN VALUES(479,'name479')
COMMIT
INSERT INTO BURNIN VALUES(480,'name480')
COMMIT
INSERT INTO BURNIN VALUES(481,'name481')
COMMIT
INSERT INTO BURNIN VALUES(482,'name482')
COMMIT
INSERT INTO BURNIN VALUES(483,'name483')
COMMIT
INSERT INTO BURNIN VALUES(484,'name484')
COMMIT
INSERT INTO BURNIN VALUES(485,'name485')
COMMIT
INSERT INTO BURNIN VALUES(486,'name486')
COMMIT
INSERT INTO BURNIN VALUES(487,'name487')
COMMIT
INSERT INTO BURNIN VALUES(488,'name488')
COMMIT
INSERT INTO BURNIN VALUES(489,'name489')
COMMIT
INSERT INTO BURNIN VALUES(490,'name490')
COMMIT
INSERT INTO BURNIN VALUES(491,'name491')
COMMIT
INSERT INTO BURNIN VALUES(492,'name492')
COMMIT
INSERT INTO BURNIN VALUES(493,'name493')
COMMIT
INSERT INTO BURNIN VALUES(494,'name494')
COMMIT
INSERT INTO BURNIN VALUES(495,'name495')
COMMIT
INSERT INTO BURNIN VALUES(496,'name496')
COMMIT
INSERT INTO BURNIN VALUES(497,'name497')
COMMIT
INSERT INTO BURNIN VALUES(498,'name498')
COMMIT
INSERT INTO BURNIN VALUES(499,'name499')
COMMIT
INSERT INTO BURNIN VALUES(500,'name500')
COMMIT
INSERT INTO BURNIN VALUES(501,'name501')
COMMIT
INSERT INTO BURNIN VALUES(502,'name502')
COMMIT
INSERT INTO BURNIN VALUES(503,'name503')
COMMIT
INSERT INTO BURNIN VALUES(504,'name504')
COMMIT
INSERT INTO BURNIN VALUES(505,'name505')
COMMIT
INSERT INTO BURNIN VALUES(506,'name506')
COMMIT
INSERT INTO BURNIN VALUES(507,'name507')
COMMIT
INSERT INTO BURNIN VALUES(508,'name508')
COMMIT
INSERT INTO BURNIN VALUES(509,'name509')
COMMIT
INSERT INTO BURNIN VALUES(510,'name510')
COMMIT
INSERT INTO BURNIN VALUES(511,'name511')
COMMIT
INSERT INTO BURNIN VALUES(512,'name512')
COMMIT
INSERT INTO BURNIN VALUES(513,'name513')
COMMIT
INSERT INTO BURNIN VALUES(514,'name514')
COMMIT
INSERT INTO BURNIN VALUES(515,'name515')
COMMIT
INSERT INTO BURNIN VALUES(516,'name516')
COMMIT
INSERT INTO BURNIN VALUES(517,'name517')
COMMIT
INSERT INTO BURNIN VALUES(518,'name518')
COMMIT
INSERT INTO BURNIN VALUES(519,'name519')
COMMIT
INSERT INTO BURNIN VALUES(520,'name520')
COMMIT
INSERT INTO BURNIN VALUES(521,'name521')
COMMIT
INSERT INTO BURNIN VALUES(522,'name522')
COMMIT
INSERT INTO BURNIN VALUES(523,'name523')
COMMIT
INSERT INTO BURNIN VALUES(524,'name524')
COMMIT
INSERT INTO BURNIN VALUES(525,'name525')
COMMIT
INSERT INTO BURNIN VALUES(526,'name526')
COMMIT
INSERT INTO BURNIN VALUES(527,'name527')
COMMIT
INSERT INTO BURNIN VALUES(528,'name528')
COMMIT
INSERT INTO BURNIN VALUES(529,'name529')
COMMIT
INSERT INTO BURNIN VALUES(530,'name530')
COMMIT
INSERT INTO BURNIN VALUES(531,'name531')
COMMIT
INSERT INTO BURNIN VALUES(532,'name532')
COMMIT
INSERT INTO BURNIN VALUES(533,'name533')
COMMIT
INSERT INTO BURNIN VALUES(534,'name534')
COMMIT
INSERT INTO BURNIN VALUES(535,'name535')
COMMIT
INSERT INTO BURNIN VALUES(536,'name536')
COMMIT
INSERT INTO BURNIN VALUES(537,'name537')
COMMIT
INSERT INTO BURNIN VALUES(538,'name538')
COMMIT
INSERT INTO BURNIN VALUES(539,'name539')
COMMIT
INSERT INTO BURNIN VALUES(540,'name540')
COMMIT
INSERT INTO BURNIN VALUES(541,'name541')
COMMIT
INSERT INTO BURNIN VALUES(542,'name542')
COMMIT
INSERT INTO BURNIN VALUES(543,'name543')
COMMIT
INSERT INTO BURNIN VALUES(544,'name544')
COMMIT
INSERT INTO BURNIN VALUES(545,'name545')
COMMIT
INSERT INTO BURNIN VALUES(546,'name546')
COMMIT
INSERT INTO BURNIN VALUES(547,'name547')
COMMIT
INSERT INTO BURNIN VALUES(548,'name548')
COMMIT
INSERT INTO BURNIN VALUES(549,'name549')
COMMIT
INSERT INTO BURNIN VALUES(550,'name550')
COMMIT
INSERT INTO BURNIN VALUES(551,'name551')
COMMIT
INSERT INTO BURNIN VALUES(552,'name552')
COMMIT
INSERT INTO BURNIN VALUES(553,'name553')
COMMIT
INSERT INTO BURNIN VALUES(554,'name554')
COMMIT
INSERT INTO BURNIN VALUES(555,'name555')
COMMIT
INSERT INTO BURNIN VALUES(556,'name556')
COMMIT
INSERT INTO BURNIN VALUES(557,'name557')
COMMIT
INSERT INTO BURNIN VALUES(558,'name558')
COMMIT
INSERT INTO BURNIN VALUES(559,'name559')
COMMIT
INSERT INTO BURNIN VALUES(560,'name560')
COMMIT
INSERT INTO BURNIN VALUES(561,'name561')
COMMIT
INSERT INTO BURNIN VALUES(562,'name562')
COMMIT
INSERT INTO BURNIN VALUES(563,'name563')
COMMIT
INSERT INTO BURNIN VALUES(564,'name564')
COMMIT
INSERT INTO BURNIN VALUES(565,'name565')
COMMIT
INSERT INTO BURNIN VALUES(566,'name566')
COMMIT
INSERT INTO BURNIN VALUES(567,'name567')
COMMIT
INSERT INTO BURNIN VALUES(568,'name568')
COMMIT
INSERT INTO BURNIN VALUES(569,'name569')
COMMIT
INSERT INTO BURNIN VALUES(570,'name570')
COMMIT
INSERT INTO BURNIN VALUES(571,'name571')
COMMIT
INSERT INTO BURNIN VALUES(572,'name572')
COMMIT
INSERT INTO BURNIN VALUES(573,'name573')
COMMIT
INSERT INTO BURNIN VALUES(574,'name574')
COMMIT
INSERT INTO BURNIN VALUES(575,'name575')
COMMIT
INSERT INTO BURNIN VALUES(576,'name576')
COMMIT
INSERT INTO BURNIN VALUES(577,'name577')
COMMIT
INSERT INTO BURNIN VALUES(578,'name578')
COMMIT
INSERT INTO BURNIN VALUES(579,'name579')
COMMIT
INSERT INTO BURNIN VALUES(580,'name580')
COMMIT
INSERT INTO BURNIN VALUES(581,'name581')
COMMIT
INSERT INTO BURNIN VALUES(582,'name582')
COMMIT
INSERT INTO BURNIN VALUES(583,'name583')
COMMIT
INSERT INTO BURNIN VALUES(584,'name584')
COMMIT
INSERT INTO BURNIN VALUES(585,'name585')
COMMIT
INSERT INTO BURNIN VALUES(586,'name586')
COMMIT
INSERT INTO BURNIN VALUES(587,'name587')
COMMIT
INSERT INTO BURNIN VALUES(588,'name588')
COMMIT
INSERT INTO BURNIN VALUES(589,'name589')
COMMIT
INSERT INTO BURNIN VALUES(590,'name590')
COMMIT
INSERT INTO BURNIN VALUES(591,'name591')
COMMIT
INSERT INTO BURNIN VALUES(592,'name592')
COMMIT
INSERT INTO BURNIN VALUES(593,'name593')
COMMIT
INSERT INTO BURNIN VALUES(594,'name594')
COMMIT
INSERT INTO BURNIN VALUES(595,'name595')
COMMIT
INSERT INTO BURNIN VALUES(596,'name596')
COMMIT
INSERT INTO BURNIN VALUES(597,'name597')
COMMIT
INSERT INTO BURNIN VALUES(598,'name598')
COMMIT
INSERT INTO BURNIN VALUES(599,'name599')
COMMIT
INSERT INTO BURNIN VALUES(600,'name600')
COMMIT
INSERT INTO BURNIN VALUES(601,'name601')
COMMIT
INSERT INTO BURNIN VALUES(602,'name602')
COMMIT
INSERT INTO BURNIN VALUES(603,'name603')
COMMIT
INSERT INTO BURNIN VALUES(604,'name604')
COMMIT
INSERT INTO BURNIN VALUES(605,'name605')
COMMIT
INSERT INTO BURNIN VALUES(606,'name606')
COMMIT
INSERT INTO BURNIN VALUES(607,'name607')
COMMIT
INSERT INTO BURNIN VALUES(608,'name608')
COMMIT
INSERT INTO BURNIN VALUES(609,'name609')
COMMIT
INSERT INTO BURNIN VALUES(610,'name610')
COMMIT
INSERT INTO BURNIN VALUES(611,'name611')
COMMIT
INSERT INTO BURNIN VALUES(612,'name612')
COMMIT
INSERT INTO BURNIN VALUES(613,'name613')
COMMIT
INSERT INTO BURNIN VALUES(614,'name614')
COMMIT
INSERT INTO BURNIN VALUES(615,'name615')
COMMIT
INSERT INTO BURNIN VALUES(616,'name616')
COMMIT
INSERT INTO BURNIN VALUES(617,'name617')
COMMIT
INSERT INTO BURNIN VALUES(618,'name618')
COMMIT
INSERT INTO BURNIN VALUES(619,'name619')
COMMIT
INSERT INTO BURNIN VALUES(620,'name620')
COMMIT
INSERT INTO BURNIN VALUES(621,'name621')
COMMIT
INSERT INTO BURNIN VALUES(622,'name622')
COMMIT
INSERT INTO BURNIN VALUES(623,'name623')
COMMIT
INSERT INTO BURNIN VALUES(624,'name624')
COMMIT
INSERT INTO BURNIN VALUES(625,'name625')
COMMIT
INSERT INTO BURNIN VALUES(626,'name626')
COMMIT
INSERT INTO BURNIN VALUES(627,'name627')
COMMIT
INSERT INTO BURNIN VALUES(628,'name628')
COMMIT
INSERT INTO BURNIN VALUES(629,'name629')
COMMIT
INSERT INTO BURNIN VALUES(630,'name630')
COMMIT
INSERT INTO BURNIN VALUES(631,'name631')
COMMIT
INSERT INTO BURNIN VALUES(632,'name632')
COMMIT
INSERT INTO BURNIN VALUES(633,'name633')
COMMIT
INSERT INTO BURNIN VALUES(634,'name634')
COMMIT
INSERT INTO BURNIN VALUES(635,'name635')
COMMIT
INSERT INTO BURNIN VALUES(636,'name636')
COMMIT
INSERT INTO BURNIN VALUES(637,'name637')
COMMIT
INSERT INTO BURNIN VALUES(638,'name638')
COMMIT
INSERT INTO BURNIN VALUES(639,'name639')
COMMIT
INSERT INTO BURNIN VALUES(640,'name640')
COMMIT
INSERT INTO BURNIN VALUES(641,'name641')
COMMIT
INSERT INTO BURNIN VALUES(642,'name642')
COMMIT
INSERT INTO BURNIN VALUES(643,'name643')
COMMIT
INSERT INTO BURNIN VALUES(644,'name644')
COMMIT
INSERT INTO BURNIN VALUES(645,'name645')
COMMIT
INSERT INTO BURNIN VALUES(646,'name646')
COMMIT
INSERT INTO BURNIN VALUES(647,'name647')
COMMIT
INSERT INTO BURNIN VALUES(648,'name648')
COMMIT
INSERT INTO BURNIN VALUES(649,'name649')
COMMIT
INSERT INTO BURNIN VALUES(650,'name650')
COMMIT
INSERT INTO BURNIN VALUES(651,'name651')
COMMIT
INSERT INTO BURNIN VALUES(652,'name652')
COMMIT
INSERT INTO BURNIN VALUES(653,'name653')
COMMIT
INSERT INTO BURNIN VALUES(654,'name654')
COMMIT
INSERT INTO BURNIN VALUES(655,'name655')
COMMIT
INSERT INTO BURNIN VALUES(656,'name656')
COMMIT
INSERT INTO BURNIN VALUES(657,'name657')
COMMIT
INSERT INTO BURNIN VALUES(658,'name658')
COMMIT
INSERT INTO BURNIN VALUES(659,'name659')
COMMIT
INSERT INTO BURNIN VALUES(660,'name660')
COMMIT
INSERT INTO BURNIN VALUES(661,'name661')
COMMIT
INSERT INTO BURNIN VALUES(662,'name662')
COMMIT
INSERT INTO BURNIN VALUES(663,'name663')
COMMIT
INSERT INTO BURNIN VALUES(664,'name664')
COMMIT
INSERT INTO BURNIN VALUES(665,'name665')
COMMIT
INSERT INTO BURNIN VALUES(666,'name666')
COMMIT
INSERT INTO BURNIN VALUES(667,'name667')
COMMIT
INSERT INTO BURNIN VALUES(668,'name668')
COMMIT
INSERT INTO BURNIN VALUES(669,'name669')
COMMIT
INSERT INTO BURNIN VALUES(670,'name670')
COMMIT
INSERT INTO BURNIN VALUES(671,'name671')
COMMIT
INSERT INTO BURNIN VALUES(672,'name672')
COMMIT
INSERT INTO BURNIN VALUES(673,'name673')
COMMIT
INSERT INTO BURNIN VALUES(674,'name674')
COMMIT
INSERT INTO BURNIN VALUES(675,'name675')
COMMIT
INSERT INTO BURNIN VALUES(676,'name676')
COMMIT
INSERT INTO BURNIN VALUES(677,'name677')
COMMIT
INSERT INTO BURNIN VALUES(678,'name678')
COMMIT
INSERT INTO BURNIN VALUES(679,'name679')
COMMIT
INSERT INTO BURNIN VALUES(680,'name680')
COMMIT
INSERT INTO BURNIN VALUES(681,'name681')
COMMIT
INSERT INTO BURNIN VALUES(682,'name682')
COMMIT
INSERT INTO BURNIN VALUES(683,'name683')
COMMIT
INSERT INTO BURNIN VALUES(684,'name684')
COMMIT
INSERT INTO BURNIN VALUES(685,'name685')
COMMIT
INSERT INTO BURNIN VALUES(686,'name686')
COMMIT
INSERT INTO BURNIN VALUES(687,'name687')
COMMIT
INSERT INTO BURNIN VALUES(688,'name688')
COMMIT
INSERT INTO BURNIN VALUES(689,'name689')
COMMIT
INSERT INTO BURNIN VALUES(690,'name690')
COMMIT
INSERT INTO BURNIN VALUES(691,'name691')
COMMIT
INSERT INTO BURNIN VALUES(692,'name692')
COMMIT
INSERT INTO BURNIN VALUES(693,'name693')
COMMIT
INSERT INTO BURNIN VALUES(694,'name694')
COMMIT
INSERT INTO BURNIN VALUES(695,'name695')
COMMIT
INSERT INTO BURNIN VALUES(696,'name696')
COMMIT
INSERT INTO BURNIN VALUES(697,'name697')
COMMIT
INSERT INTO BURNIN VALUES(698,'name698')
COMMIT
INSERT INTO BURNIN VALUES(699,'name699')
COMMIT
INSERT INTO BURNIN VALUES(700,'name700')
COMMIT
INSERT INTO BURNIN VALUES(701,'name701')
COMMIT
INSERT INTO BURNIN VALUES(702,'name702')
COMMIT
INSERT INTO BURNIN VALUES(703,'name703')
COMMIT
INSERT INTO BURNIN VALUES(704,'name704')
COMMIT
INSERT INTO BURNIN VALUES(705,'name705')
COMMIT
INSERT INTO BURNIN VALUES(706,'name706')
COMMIT
INSERT INTO BURNIN VALUES(707,'name707')
COMMIT
INSERT INTO BURNIN VALUES(708,'name708')
COMMIT
INSERT INTO BURNIN VALUES(709,'name709')
COMMIT
INSERT INTO BURNIN VALUES(710,'name710')
COMMIT
INSERT INTO BURNIN VALUES(711,'name711')
COMMIT
INSERT INTO BURNIN VALUES(712,'name712')
COMMIT
INSERT INTO BURNIN VALUES(713,'name713')
COMMIT
INSERT INTO BURNIN VALUES(714,'name714')
COMMIT
INSERT INTO BURNIN VALUES(715,'name715')
COMMIT
INSERT INTO BURNIN VALUES(716,'name716')
COMMIT
INSERT INTO BURNIN VALUES(717,'name717')
COMMIT
INSERT INTO BURNIN VALUES(718,'name718')
COMMIT
INSERT INTO BURNIN VALUES(719,'name719')
COMMIT
INSERT INTO BURNIN VALUES(720,'name720')
COMMIT
INSERT INTO BURNIN VALUES(721,'name721')
COMMIT
INSERT INTO BURNIN VALUES(722,'name722')
COMMIT
INSERT INTO BURNIN VALUES(723,'name723')
COMMIT
INSERT INTO BURNIN VALUES(724,'name724')
COMMIT
INSERT INTO BURNIN VALUES(725,'name725')
COMMIT
INSERT INTO BURNIN VALUES(726,'name726')
COMMIT
INSERT INTO BURNIN VALUES(727,'name727')
COMMIT
INSERT INTO BURNIN VALUES(728,'name728')
COMMIT
INSERT INTO BURNIN VALUES(729,'name729')
COMMIT
INSERT INTO BURNIN VALUES(730,'name730')
COMMIT
INSERT INTO BURNIN VALUES(731,'name731')
COMMIT
INSERT INTO BURNIN VALUES(732,'name732')
COMMIT
INSERT INTO BURNIN VALUES(733,'name733')
COMMIT
INSERT INTO BURNIN VALUES(734,'name734')
COMMIT
INSERT INTO BURNIN VALUES(735,'name735')
COMMIT
INSERT INTO BURNIN VALUES(736,'name736')
COMMIT
INSERT INTO BURNIN VALUES(737,'name737')
COMMIT
INSERT INTO BURNIN VALUES(738,'name738')
COMMIT
INSERT INTO BURNIN VALUES(739,'name739')
COMMIT
INSERT INTO BURNIN VALUES(740,'name740')
COMMIT
INSERT INTO BURNIN VALUES(741,'name741')
COMMIT
INSERT INTO BURNIN VALUES(742,'name742')
COMMIT
INSERT INTO BURNIN VALUES(743,'name743')
COMMIT
INSERT INTO BURNIN VALUES(744,'name744')
COMMIT
INSERT INTO BURNIN VALUES(745,'name745')
COMMIT
INSERT INTO BURNIN VALUES(746,'name746')
COMMIT
INSERT INTO BURNIN VALUES(747,'name747')
COMMIT
INSERT INTO BURNIN VALUES(748,'name748')
COMMIT
INSERT INTO BURNIN VALUES(749,'name749')
COMMIT
INSERT INTO BURNIN VALUES(750,'name750')
COMMIT
INSERT INTO BURNIN VALUES(751,'name751')
COMMIT
INSERT INTO BURNIN VALUES(752,'name752')
COMMIT
INSERT INTO BURNIN VALUES(753,'name753')
COMMIT
INSERT INTO BURNIN VALUES(754,'name754')
COMMIT
INSERT INTO BURNIN VALUES(755,'name755')
COMMIT
INSERT INTO BURNIN VALUES(756,'name756')
COMMIT
INSERT INTO BURNIN VALUES(757,'name757')
COMMIT
INSERT INTO BURNIN VALUES(758,'name758')
COMMIT
INSERT INTO BURNIN VALUES(759,'name759')
COMMIT
INSERT INTO BURNIN VALUES(760,'name760')
COMMIT
INSERT INTO BURNIN VALUES(761,'name761')
COMMIT
INSERT INTO BURNIN VALUES(762,'name762')
COMMIT
INSERT INTO BURNIN VALUES(763,'name763')
COMMIT
INSERT INTO BURNIN VALUES(764,'name764')
COMMIT
INSERT INTO BURNIN VALUES(765,'name765')
COMMIT
INSERT INTO BURNIN VALUES(766,'name766')
COMMIT
INSERT INTO BURNIN VALUES(767,'name767')
COMMIT
INSERT INTO BURNIN VALUES(768,'name768')
COMMIT
INSERT INTO BURNIN VALUES(769,'name769')
COMMIT
INSERT INTO BURNIN VALUES(770,'name770')
COMMIT
INSERT INTO BURNIN VALUES(771,'name771')
COMMIT
INSERT INTO BURNIN VALUES(772,'name772')
COMMIT
INSERT INTO BURNIN VALUES(773,'name773')
COMMIT
INSERT INTO BURNIN VALUES(774,'name774')
COMMIT
INSERT INTO BURNIN VALUES(775,'name775')
COMMIT
INSERT INTO BURNIN VALUES(776,'name776')
COMMIT
INSERT INTO BURNIN VALUES(777,'name777')
COMMIT
INSERT INTO BURNIN VALUES(778,'name778')
COMMIT
INSERT INTO BURNIN VALUES(779,'name779')
COMMIT
INSERT INTO BURNIN VALUES(780,'name780')
COMMIT
INSERT INTO BURNIN VALUES(781,'name781')
COMMIT
INSERT INTO BURNIN VALUES(782,'name782')
COMMIT
INSERT INTO BURNIN VALUES(783,'name783')
COMMIT
INSERT INTO BURNIN VALUES(784,'name784')
COMMIT
INSERT INTO BURNIN VALUES(785,'name785')
COMMIT
INSERT INTO BURNIN VALUES(786,'name786')
COMMIT
INSERT INTO BURNIN VALUES(787,'name787')
COMMIT
INSERT INTO BURNIN VALUES(788,'name788')
COMMIT
INSERT INTO BURNIN VALUES(789,'name789')
COMMIT
INSERT INTO BURNIN VALUES(790,'name790')
COMMIT
INSERT INTO BURNIN VALUES(791,'name791')
COMMIT
INSERT INTO BURNIN VALUES(792,'name792')
COMMIT
INSERT INTO BURNIN VALUES(793,'name793')
COMMIT
INSERT INTO BURNIN VALUES(794,'name794')
COMMIT
INSERT INTO BURNIN VALUES(795,'name795')
COMMIT
INSERT INTO BURNIN VALUES(796,'name796')
COMMIT
INSERT INTO BURNIN VALUES(797,'name797')
COMMIT
INSERT INTO BURNIN VALUES(798,'name798')
COMMIT
INSERT INTO BURNIN VALUES(799,'name799')
COMMIT
INSERT INTO BURNIN VALUES(800,'name800')
COMMIT
INSERT INTO BURNIN VALUES(801,'name801')
COMMIT
INSERT INTO BURNIN VALUES(802,'name802')
COMMIT
INSERT INTO BURNIN VALUES(803,'name803')
COMMIT
INSERT INTO BURNIN VALUES(804,'name804')
COMMIT
INSERT INTO BURNIN VALUES(805,'name805')
COMMIT
INSERT INTO BURNIN VALUES(806,'name806')
COMMIT
INSERT INTO BURNIN VALUES(807,'name807')
COMMIT
INSERT INTO BURNIN VALUES(808,'name808')
COMMIT
INSERT INTO BURNIN VALUES(809,'name809')
COMMIT
INSERT INTO BURNIN VALUES(810,'name810')
COMMIT
INSERT INTO BURNIN VALUES(811,'name811')
COMMIT
INSERT INTO BURNIN VALUES(812,'name812')
COMMIT
INSERT INTO BURNIN VALUES(813,'name813')
COMMIT
INSERT INTO BURNIN VALUES(814,'name814')
COMMIT
INSERT INTO BURNIN VALUES(815,'name815')
COMMIT
INSERT INTO BURNIN VALUES(816,'name816')
COMMIT
INSERT INTO BURNIN VALUES(817,'name817')
COMMIT
INSERT INTO BURNIN VALUES(818,'name818')
COMMIT
INSERT INTO BURNIN VALUES(819,'name819')
COMMIT
INSERT INTO BURNIN VALUES(820,'name820')
COMMIT
INSERT INTO BURNIN VALUES(821,'name821')
COMMIT
INSERT INTO BURNIN VALUES(822,'name822')
COMMIT
INSERT INTO BURNIN VALUES(823,'name823')
COMMIT
INSERT INTO BURNIN VALUES(824,'name824')
COMMIT
INSERT INTO BURNIN VALUES(825,'name825')
COMMIT
INSERT INTO BURNIN VALUES(826,'name826')
COMMIT
INSERT INTO BURNIN VALUES(827,'name827')
COMMIT
INSERT INTO BURNIN VALUES(828,'name828')
COMMIT
INSERT INTO BURNIN VALUES(829,'name829')
COMMIT
INSERT INTO BURNIN VALUES(830,'name830')
COMMIT
INSERT INTO BURNIN VALUES(831,'name831')
COMMIT
INSERT INTO BURNIN VALUES(832,'name832')
COMMIT
INSERT INTO BURNIN VALUES(833,'name833')
COMMIT
INSERT INTO BURNIN VALUES(834,'name834')
COMMIT
INSERT INTO BURNIN VALUES(835,'name835')
COMMIT
INSERT INTO BURNIN VALUES(836,'name836')
COMMIT
INSERT INTO BURNIN VALUES(837,'name837')
COMMIT
INSERT INTO BURNIN VALUES(838,'name838')
COMMIT
INSERT INTO BURNIN VALUES(839,'name839')
COMMIT
INSERT INTO BURNIN VALUES(840,'name840')
COMMIT
INSERT INTO BURNIN VALUES(841,'name841')
COMMIT
INSERT INTO BURNIN VALUES(842,'name842')
COMMIT
INSERT INTO BURNIN VALUES(843,'name843')
COMMIT
INSERT INTO BURNIN VALUES(844,'name844')
COMMIT
INSERT INTO BURNIN VALUES(845,'name845')
COMMIT
INSERT INTO BURNIN VALUES(846,'name846')
COMMIT
INSERT INTO BURNIN VALUES(847,'name847')
COMMIT
INSERT INTO BURNIN VALUES(848,'name848')
COMMIT
INSERT INTO BURNIN VALUES(849,'name849')
COMMIT
INSERT INTO BURNIN VALUES(850,'name850')
COMMIT
INSERT INTO BURNIN VALUES(851,'name851')
COMMIT
INSERT INTO BURNIN VALUES(852,'name852')
COMMIT
INSERT INTO BURNIN VALUES(853,'name853')
COMMIT
INSERT INTO BURNIN VALUES(854,'name854')
COMMIT
INSERT INTO BURNIN VALUES(855,'name855')
COMMIT
INSERT INTO BURNIN VALUES(856,'name856')
COMMIT
INSERT INTO BURNIN VALUES(857,'name857')
COMMIT
INSERT INTO BURNIN VALUES(858,'name858')
COMMIT
INSERT INTO BURNIN VALUES(859,'name859')
COMMIT
INSERT INTO BURNIN VALUES(860,'name860')
COMMIT
INSERT INTO BURNIN VALUES(861,'name861')
COMMIT
INSERT INTO BURNIN VALUES(862,'name862')
COMMIT
INSERT INTO BURNIN VALUES(863,'name863')
COMMIT
INSERT INTO BURNIN VALUES(864,'name864')
COMMIT
INSERT INTO BURNIN VALUES(865,'name865')
COMMIT
INSERT INTO BURNIN VALUES(866,'name866')
COMMIT
INSERT INTO BURNIN VALUES(867,'name867')
COMMIT
INSERT INTO BURNIN VALUES(868,'name868')
COMMIT
INSERT INTO BURNIN VALUES(869,'name869')
COMMIT
INSERT INTO BURNIN VALUES(870,'name870')
COMMIT
INSERT INTO BURNIN VALUES(871,'name871')
COMMIT
INSERT INTO BURNIN VALUES(872,'name872')
COMMIT
INSERT INTO BURNIN VALUES(873,'name873')
COMMIT
INSERT INTO BURNIN VALUES(874,'name874')
COMMIT
INSERT INTO BURNIN VALUES(875,'name875')
COMMIT
INSERT INTO BURNIN VALUES(876,'name876')
COMMIT
INSERT INTO BURNIN VALUES(877,'name877')
COMMIT
INSERT INTO BURNIN VALUES(878,'name878')
COMMIT
INSERT INTO BURNIN VALUES(879,'name879')
COMMIT
INSERT INTO BURNIN VALUES(880,'name880')
COMMIT
INSERT INTO BURNIN VALUES(881,'name881')
COMMIT
INSERT INTO BURNIN VALUES(882,'name882')
COMMIT
INSERT INTO BURNIN VALUES(883,'name883')
COMMIT
INSERT INTO BURNIN VALUES(884,'name884')
COMMIT
INSERT INTO BURNIN VALUES(885,'name885')
COMMIT
INSERT INTO BURNIN VALUES(886,'name886')
COMMIT
INSERT INTO BURNIN VALUES(887,'name887')
COMMIT
INSERT INTO BURNIN VALUES(888,'name888')
COMMIT
INSERT INTO BURNIN VALUES(889,'name889')
COMMIT
INSERT INTO BURNIN VALUES(890,'name890')
COMMIT
INSERT INTO BURNIN VALUES(891,'name891')
COMMIT
INSERT INTO BURNIN VALUES(892,'name892')
COMMIT
INSERT INTO BURNIN VALUES(893,'name893')
COMMIT
INSERT INTO BURNIN VALUES(894,'name894')
COMMIT
INSERT INTO BURNIN VALUES(895,'name895')
COMMIT
INSERT INTO BURNIN VALUES(896,'name896')
COMMIT
INSERT INTO BURNIN VALUES(897,'name897')
COMMIT
INSERT INTO BURNIN VALUES(898,'name898')
COMMIT
INSERT INTO BURNIN VALUES(899,'name899')
COMMIT
INSERT INTO BURNIN VALUES(900,'name900')
COMMIT
INSERT INTO BURNIN VALUES(901,'name901')
COMMIT
INSERT INTO BURNIN VALUES(902,'name902')
COMMIT
INSERT INTO BURNIN VALUES(903,'name903')
COMMIT
INSERT INTO BURNIN VALUES(904,'name904')
COMMIT
INSERT INTO BURNIN VALUES(905,'name905')
COMMIT
INSERT INTO BURNIN VALUES(906,'name906')
COMMIT
INSERT INTO BURNIN VALUES(907,'name907')
COMMIT
INSERT INTO BURNIN VALUES(908,'name908')
COMMIT
INSERT INTO BURNIN VALUES(909,'name909')
COMMIT
INSERT INTO BURNIN VALUES(910,'name910')
COMMIT
INSERT INTO BURNIN VALUES(911,'name911')
COMMIT
INSERT INTO BURNIN VALUES(912,'name912')
COMMIT
INSERT INTO BURNIN VALUES(913,'name913')
COMMIT
INSERT INTO BURNIN VALUES(914,'name914')
COMMIT
INSERT INTO BURNIN VALUES(915,'name915')
COMMIT
INSERT INTO BURNIN VALUES(916,'name916')
COMMIT
INSERT INTO BURNIN VALUES(917,'name917')
COMMIT
INSERT INTO BURNIN VALUES(918,'name918')
COMMIT
INSERT INTO BURNIN VALUES(919,'name919')
COMMIT
INSERT INTO BURNIN VALUES(920,'name920')
COMMIT
INSERT INTO BURNIN VALUES(921,'name921')
COMMIT
INSERT INTO BURNIN VALUES(922,'name922')
COMMIT
INSERT INTO BURNIN VALUES(923,'name923')
COMMIT
INSERT INTO BURNIN VALUES(924,'name924')
COMMIT
INSERT INTO BURNIN VALUES(925,'name925')
COMMIT
INSERT INTO BURNIN VALUES(926,'name926')
COMMIT
INSERT INTO BURNIN VALUES(927,'name927')
COMMIT
INSERT INTO BURNIN VALUES(928,'name928')
COMMIT
INSERT INTO BURNIN VALUES(929,'name929')
COMMIT
INSERT INTO BURNIN VALUES(930,'name930')
COMMIT
INSERT INTO BURNIN VALUES(931,'name931')
COMMIT
INSERT INTO BURNIN VALUES(932,'name932')
COMMIT
INSERT INTO BURNIN VALUES(933,'name933')
COMMIT
INSERT INTO BURNIN VALUES(934,'name934')
COMMIT
INSERT INTO BURNIN VALUES(935,'name935')
COMMIT
INSERT INTO BURNIN VALUES(936,'name936')
COMMIT
INSERT INTO BURNIN VALUES(937,'name937')
COMMIT
INSERT INTO BURNIN VALUES(938,'name938')
COMMIT
INSERT INTO BURNIN VALUES(939,'name939')
COMMIT
INSERT INTO BURNIN VALUES(940,'name940')
COMMIT
INSERT INTO BURNIN VALUES(941,'name941')
COMMIT
INSERT INTO BURNIN VALUES(942,'name942')
COMMIT
INSERT INTO BURNIN VALUES(943,'name943')
COMMIT
INSERT INTO BURNIN VALUES(944,'name944')
COMMIT
INSERT INTO BURNIN VALUES(945,'name945')
COMMIT
INSERT INTO BURNIN VALUES(946,'name946')
COMMIT
INSERT INTO BURNIN VALUES(947,'name947')
COMMIT
INSERT INTO BURNIN VALUES(948,'name948')
COMMIT
INSERT INTO BURNIN VALUES(949,'name949')
COMMIT
INSERT INTO BURNIN VALUES(950,'name950')
COMMIT
INSERT INTO BURNIN VALUES(951,'name951')
COMMIT
INSERT INTO BURNIN VALUES(952,'name952')
COMMIT
INSERT INTO BURNIN VALUES(953,'name953')
COMMIT
INSERT INTO BURNIN VALUES(954,'name954')
COMMIT
INSERT INTO BURNIN VALUES(955,'name955')
COMMIT
INSERT INTO BURNIN VALUES(956,'name956')
COMMIT
INSERT INTO BURNIN VALUES(957,'name957')
COMMIT
INSERT INTO BURNIN VALUES(958,'name958')
COMMIT
INSERT INTO BURNIN VALUES(959,'name959')
COMMIT
INSERT INTO BURNIN VALUES(960,'name960')
COMMIT
INSERT INTO BURNIN VALUES(961,'name961')
COMMIT
INSERT INTO BURNIN VALUES(962,'name962')
COMMIT
INSERT INTO BURNIN VALUES(963,'name963')
COMMIT
INSERT INTO BURNIN VALUES(964,'name964')
COMMIT
INSERT INTO BURNIN VALUES(965,'name965')
COMMIT
INSERT INTO BURNIN VALUES(966,'name966')
COMMIT
INSERT INTO BURNIN VALUES(967,'name967')
COMMIT
INSERT INTO BURNIN VALUES(968,'name968')
COMMIT
INSERT INTO BURNIN VALUES(969,'name969')
COMMIT
INSERT INTO BURNIN VALUES(970,'name970')
COMMIT
INSERT INTO BURNIN VALUES(971,'name971')
COMMIT
INSERT INTO BURNIN VALUES(972,'name972')
COMMIT
INSERT INTO BURNIN VALUES(973,'name973')
COMMIT
INSERT INTO BURNIN VALUES(974,'name974')
COMMIT
INSERT INTO BURNIN VALUES(975,'name975')
COMMIT
INSERT INTO BURNIN VALUES(976,'name976')
COMMIT
INSERT INTO BURNIN VALUES(977,'name977')
COMMIT
INSERT INTO BURNIN VALUES(978,'name978')
COMMIT
INSERT INTO BURNIN VALUES(979,'name979')
COMMIT
INSERT INTO BURNIN VALUES(980,'name980')
COMMIT
INSERT INTO BURNIN VALUES(981,'name981')
COMMIT
INSERT INTO BURNIN VALUES(982,'name982')
COMMIT
INSERT INTO BURNIN VALUES(983,'name983')
COMMIT
INSERT INTO BURNIN VALUES(984,'name984')
COMMIT
INSERT INTO BURNIN VALUES(985,'name985')
COMMIT
INSERT INTO BURNIN VALUES(986,'name986')
COMMIT
INSERT INTO BURNIN VALUES(987,'name987')
COMMIT
INSERT INTO BURNIN VALUES(988,'name988')
COMMIT
INSERT INTO BURNIN VALUES(989,'name989')
COMMIT
INSERT INTO BURNIN VALUES(990,'name990')
COMMIT
INSERT INTO BURNIN VALUES(991,'name991')
COMMIT
INSERT INTO BURNIN VALUES(992,'name992')
COMMIT
INSERT INTO BURNIN VALUES(993,'name993')
COMMIT
INSERT INTO BURNIN VALUES(994,'name994')
COMMIT
INSERT INTO BURNIN VALUES(995,'name995')
COMMIT
INSERT INTO BURNIN VALUES(996,'name996')
COMMIT
INSERT INTO BURNIN VALUES(997,'name997')
COMMIT
INSERT INTO BURNIN VALUES(998,'name998')
COMMIT
INSERT INTO BURNIN VALUES(999,'name999')
COMMIT
DROP TABLE burnin
CREATE TABLE fiveWideTable(writetime TIMESTAMP DEFAULT NOW() ,statusDetail VARCHAR(50) ,status VARCHAR(50) ,name VARCHAR(50) ,ID INT PRIMARY KEY )
INSERT INTO FIVEWIDETABLE VALUES('2013-02-27 11:27:55.441000','','Good','Widgit',0)
COMMIT
INSERT INTO FIVEWIDETABLE VALUES('2013-02-27 11:27:55.442000','WindowsME_BROKE','Warning','flashyThing',1)
COMMIT
INSERT INTO FIVEWIDETABLE VALUES('2013-02-27 11:27:55.442000','Partial','Problem','Widgit',2)
COMMIT
INSERT INTO FIVEWIDETABLE VALUES('2013-02-27 11:27:55.443000','','Good','flashyThing',3)
COMMIT
INSERT INTO FIVEWIDETABLE VALUES('2013-02-27 11:27:55.443000','Partial','Warning','Widgit',4)
COMMIT
INSERT INTO FIVEWIDETABLE VALUES('2013-02-27 11:27:55.443000','WindowsME_BROKE','Problem','flashyThing',5)
COMMIT
INSERT INTO FIVEWIDETABLE VALUES('2013-02-27 11:27:55.443000','','Good','Widgit',6)
COMMIT
INSERT INTO FIVEWIDETABLE VALUES('2013-02-27 11:27:55.443000','WindowsME_BROKE','Warning','flashyThing',7)
COMMIT
INSERT INTO FIVEWIDETABLE VALUES('2013-02-27 11:27:55.444000','Partial','Problem','Widgit',8)
COMMIT
INSERT INTO FIVEWIDETABLE VALUES('2013-02-27 11:27:55.444000','','Good','flashyThing',9)
COMMIT
INSERT INTO FIVEWIDETABLE VALUES('2013-02-27 11:27:55.444000','Partial','Warning','Widgit',10)
COMMIT
INSERT INTO FIVEWIDETABLE VALUES('2013-02-27 11:27:55.444000','WindowsME_BROKE','Problem','flashyThing',11)
COMMIT
INSERT INTO FIVEWIDETABLE VALUES('2013-02-27 11:27:55.445000','','Good','Widgit',12)
COMMIT
INSERT INTO FIVEWIDETABLE VALUES('2013-02-27 11:27:55.445000','WindowsME_BROKE','Warning','flashyThing',13)
COMMIT
INSERT INTO FIVEWIDETABLE VALUES('2013-02-27 11:27:55.445000','Partial','Problem','Widgit',14)
COMMIT
INSERT INTO FIVEWIDETABLE VALUES('2013-02-27 11:27:55.445000','','Good','flashyThing',15)
COMMIT
INSERT INTO FIVEWIDETABLE VALUES('2013-02-27 11:27:55.446000','Partial','Warning','Widgit',16)
COMMIT
INSERT INTO FIVEWIDETABLE VALUES('2013-02-27 11:27:55.446000','WindowsME_BROKE','Problem','flashyThing',17)
COMMIT
INSERT INTO FIVEWIDETABLE VALUES('2013-02-27 11:27:55.446000','','Good','Widgit',18)
COMMIT
INSERT INTO FIVEWIDETABLE VALUES('2013-02-27 11:27:55.446000','WindowsME_BROKE','Warning','flashyThing',19)
COMMIT
INSERT INTO FIVEWIDETABLE VALUES('2013-02-27 11:27:55.447000','Partial','Problem','Widgit',20)
COMMIT
INSERT INTO FIVEWIDETABLE VALUES('2013-02-27 11:27:55.447000','','Good','flashyThing',21)
COMMIT
INSERT INTO FIVEWIDETABLE VALUES('2013-02-27 11:27:55.447000','Partial','Warning','Widgit',22)
COMMIT
INSERT INTO FIVEWIDETABLE VALUES('2013-02-27 11:27:55.447000','WindowsME_BROKE','Problem','flashyThing',23)
COMMIT
INSERT INTO FIVEWIDETABLE VALUES('2013-02-27 11:27:55.447000','','Good','Widgit',24)
COMMIT
INSERT INTO FIVEWIDETABLE VALUES('2013-02-27 11:27:55.448000','WindowsME_BROKE','Warning','flashyThing',25)
COMMIT
INSERT INTO FIVEWIDETABLE VALUES('2013-02-27 11:27:55.448000','Partial','Problem','Widgit',26)
COMMIT
INSERT INTO FIVEWIDETABLE VALUES('2013-02-27 11:27:55.448000','','Good','flashyThing',27)
COMMIT
INSERT INTO FIVEWIDETABLE VALUES('2013-02-27 11:27:55.448000','Partial','Warning','Widgit',28)
COMMIT
INSERT INTO FIVEWIDETABLE VALUES('2013-02-27 11:27:55.449000','WindowsME_BROKE','Problem','flashyThing',29)
COMMIT
INSERT INTO FIVEWIDETABLE VALUES('2013-02-27 11:27:55.449000','','Good','Widgit',30)
COMMIT
INSERT INTO FIVEWIDETABLE VALUES('2013-02-27 11:27:55.449000','WindowsME_BROKE','Warning','flashyThing',31)
COMMIT
INSERT INTO FIVEWIDETABLE VALUES('2013-02-27 11:27:55.449000','Partial','Problem','Widgit',32)
COMMIT
INSERT INTO FIVEWIDETABLE VALUES('2013-02-27 11:27:55.450000','','Good','flashyThing',33)
COMMIT
INSERT INTO FIVEWIDETABLE VALUES('2013-02-27 11:27:55.450000','Partial','Warning','Widgit',34)
COMMIT
INSERT INTO FIVEWIDETABLE VALUES('2013-02-27 11:27:55.450000','WindowsME_BROKE','Problem','flashyThing',35)
COMMIT
INSERT INTO FIVEWIDETABLE VALUES('2013-02-27 11:27:55.450000','','Good','Widgit',36)
COMMIT
INSERT INTO FIVEWIDETABLE VALUES('2013-02-27 11:27:55.450000','WindowsME_BROKE','Warning','flashyThing',37)
COMMIT
INSERT INTO FIVEWIDETABLE VALUES('2013-02-27 11:27:55.451000','Partial','Problem','Widgit',38)
COMMIT
INSERT INTO FIVEWIDETABLE VALUES('2013-02-27 11:27:55.451000','','Good','flashyThing',39)
COMMIT
INSERT INTO FIVEWIDETABLE VALUES('2013-02-27 11:27:55.451000','Partial','Warning','Widgit',40)
COMMIT
INSERT INTO FIVEWIDETABLE VALUES('2013-02-27 11:27:55.451000','WindowsME_BROKE','Problem','flashyThing',41)
COMMIT
INSERT INTO FIVEWIDETABLE VALUES('2013-02-27 11:27:55.452000','','Good','Widgit',42)
COMMIT
INSERT INTO FIVEWIDETABLE VALUES('2013-02-27 11:27:55.452000','WindowsME_BROKE','Warning','flashyThing',43)
COMMIT
INSERT INTO FIVEWIDETABLE VALUES('2013-02-27 11:27:55.452000','Partial','Problem','Widgit',44)
COMMIT
INSERT INTO FIVEWIDETABLE VALUES('2013-02-27 11:27:55.452000','','Good','flashyThing',45)
COMMIT
INSERT INTO FIVEWIDETABLE VALUES('2013-02-27 11:27:55.453000','Partial','Warning','Widgit',46)
COMMIT
INSERT INTO FIVEWIDETABLE VALUES('2013-02-27 11:27:55.453000','WindowsME_BROKE','Problem','flashyThing',47)
COMMIT
INSERT INTO FIVEWIDETABLE VALUES('2013-02-27 11:27:55.453000','','Good','Widgit',48)
COMMIT
INSERT INTO FIVEWIDETABLE VALUES('2013-02-27 11:27:55.453000','WindowsME_BROKE','Warning','flashyThing',49)
COMMIT
INSERT INTO FIVEWIDETABLE VALUES('2013-02-27 11:27:55.453000','Partial','Problem','Widgit',50)
COMMIT
INSERT INTO FIVEWIDETABLE VALUES('2013-02-27 11:27:55.454000','','Good','flashyThing',51)
COMMIT
INSERT INTO FIVEWIDETABLE VALUES('2013-02-27 11:27:55.454000','Partial','Warning','Widgit',52)
COMMIT
INSERT INTO FIVEWIDETABLE VALUES('2013-02-27 11:27:55.454000','WindowsME_BROKE','Problem','flashyThing',53)
COMMIT
INSERT INTO FIVEWIDETABLE VALUES('2013-02-27 11:27:55.454000','','Good','Widgit',54)
COMMIT
INSERT INTO FIVEWIDETABLE VALUES('2013-02-27 11:27:55.455000','WindowsME_BROKE','Warning','flashyThing',55)
COMMIT
INSERT INTO FIVEWIDETABLE VALUES('2013-02-27 11:27:55.455000','Partial','Problem','Widgit',56)
COMMIT
INSERT INTO FIVEWIDETABLE VALUES('2013-02-27 11:27:55.455000','','Good','flashyThing',57)
COMMIT
INSERT INTO FIVEWIDETABLE VALUES('2013-02-27 11:27:55.455000','Partial','Warning','Widgit',58)
COMMIT
INSERT INTO FIVEWIDETABLE VALUES('2013-02-27 11:27:55.455000','WindowsME_BROKE','Problem','flashyThing',59)
COMMIT
INSERT INTO FIVEWIDETABLE VALUES('2013-02-27 11:27:55.456000','','Good','Widgit',60)
COMMIT
INSERT INTO FIVEWIDETABLE VALUES('2013-02-27 11:27:55.456000','WindowsME_BROKE','Warning','flashyThing',61)
COMMIT
INSERT INTO FIVEWIDETABLE VALUES('2013-02-27 11:27:55.456000','Partial','Problem','Widgit',62)
COMMIT
INSERT INTO FIVEWIDETABLE VALUES('2013-02-27 11:27:55.456000','','Good','flashyThing',63)
COMMIT
INSERT INTO FIVEWIDETABLE VALUES('2013-02-27 11:27:55.456000','Partial','Warning','Widgit',64)
COMMIT
INSERT INTO FIVEWIDETABLE VALUES('2013-02-27 11:27:55.457000','WindowsME_BROKE','Problem','flashyThing',65)
COMMIT
INSERT INTO FIVEWIDETABLE VALUES('2013-02-27 11:27:55.457000','','Good','Widgit',66)
COMMIT
INSERT INTO FIVEWIDETABLE VALUES('2013-02-27 11:27:55.457000','WindowsME_BROKE','Warning','flashyThing',67)
COMMIT
INSERT INTO FIVEWIDETABLE VALUES('2013-02-27 11:27:55.457000','Partial','Problem','Widgit',68)
COMMIT
INSERT INTO FIVEWIDETABLE VALUES('2013-02-27 11:27:55.457000','','Good','flashyThing',69)
COMMIT
INSERT INTO FIVEWIDETABLE VALUES('2013-02-27 11:27:55.458000','Partial','Warning','Widgit',70)
COMMIT
INSERT INTO FIVEWIDETABLE VALUES('2013-02-27 11:27:55.458000','WindowsME_BROKE','Problem','flashyThing',71)
COMMIT
INSERT INTO FIVEWIDETABLE VALUES('2013-02-27 11:27:55.458000','','Good','Widgit',72)
COMMIT
INSERT INTO FIVEWIDETABLE VALUES('2013-02-27 11:27:55.458000','WindowsME_BROKE','Warning','flashyThing',73)
COMMIT
INSERT INTO FIVEWIDETABLE VALUES('2013-02-27 11:27:55.458000','Partial','Problem','Widgit',74)
COMMIT
INSERT INTO FIVEWIDETABLE VALUES('2013-02-27 11:27:55.459000','','Good','flashyThing',75)
COMMIT
INSERT INTO FIVEWIDETABLE VALUES('2013-02-27 11:27:55.459000','Partial','Warning','Widgit',76)
COMMIT
INSERT INTO FIVEWIDETABLE VALUES('2013-02-27 11:27:55.459000','WindowsME_BROKE','Problem','flashyThing',77)
COMMIT
INSERT INTO FIVEWIDETABLE VALUES('2013-02-27 11:27:55.459000','','Good','Widgit',78)
COMMIT
INSERT INTO FIVEWIDETABLE VALUES('2013-02-27 11:27:55.460000','WindowsME_BROKE','Warning','flashyThing',79)
COMMIT
INSERT INTO FIVEWIDETABLE VALUES('2013-02-27 11:27:55.460000','Partial','Problem','Widgit',80)
COMMIT
INSERT INTO FIVEWIDETABLE VALUES('2013-02-27 11:27:55.460000','','Good','flashyThing',81)
COMMIT
INSERT INTO FIVEWIDETABLE VALUES('2013-02-27 11:27:55.460000','Partial','Warning','Widgit',82)
COMMIT
INSERT INTO FIVEWIDETABLE VALUES('2013-02-27 11:27:55.461000','WindowsME_BROKE','Problem','flashyThing',83)
COMMIT
INSERT INTO FIVEWIDETABLE VALUES('2013-02-27 11:27:55.461000','','Good','Widgit',84)
COMMIT
INSERT INTO FIVEWIDETABLE VALUES('2013-02-27 11:27:55.461000','WindowsME_BROKE','Warning','flashyThing',85)
COMMIT
INSERT INTO FIVEWIDETABLE VALUES('2013-02-27 11:27:55.461000','Partial','Problem','Widgit',86)
COMMIT
INSERT INTO FIVEWIDETABLE VALUES('2013-02-27 11:27:55.461000','','Good','flashyThing',87)
COMMIT
INSERT INTO FIVEWIDETABLE VALUES('2013-02-27 11:27:55.462000','Partial','Warning','Widgit',88)
COMMIT
INSERT INTO FIVEWIDETABLE VALUES('2013-02-27 11:27:55.462000','WindowsME_BROKE','Problem','flashyThing',89)
COMMIT
INSERT INTO FIVEWIDETABLE VALUES('2013-02-27 11:27:55.462000','','Good','Widgit',90)
COMMIT
INSERT INTO FIVEWIDETABLE VALUES('2013-02-27 11:27:55.462000','WindowsME_BROKE','Warning','flashyThing',91)
COMMIT
INSERT INTO FIVEWIDETABLE VALUES('2013-02-27 11:27:55.462000','Partial','Problem','Widgit',92)
COMMIT
INSERT INTO FIVEWIDETABLE VALUES('2013-02-27 11:27:55.463000','','Good','flashyThing',93)
COMMIT
INSERT INTO FIVEWIDETABLE VALUES('2013-02-27 11:27:55.463000','Partial','Warning','Widgit',94)
COMMIT
INSERT INTO FIVEWIDETABLE VALUES('2013-02-27 11:27:55.463000','WindowsME_BROKE','Problem','flashyThing',95)
COMMIT
INSERT INTO FIVEWIDETABLE VALUES('2013-02-27 11:27:55.463000','','Good','Widgit',96)
COMMIT
INSERT INTO FIVEWIDETABLE VALUES('2013-02-27 11:27:55.464000','WindowsME_BROKE','Warning','flashyThing',97)
COMMIT
INSERT INTO FIVEWIDETABLE VALUES('2013-02-27 11:27:55.464000','Partial','Problem','Widgit',98)
COMMIT
INSERT INTO FIVEWIDETABLE VALUES('2013-02-27 11:27:55.464000','','Good','flashyThing',99)
COMMIT
INSERT INTO FIVEWIDETABLE VALUES('2013-02-27 11:27:55.464000','Partial','Warning','Widgit',100)
COMMIT
INSERT INTO FIVEWIDETABLE VALUES('2013-02-27 11:27:55.464000','WindowsME_BROKE','Problem','flashyThing',101)
COMMIT
INSERT INTO FIVEWIDETABLE VALUES('2013-02-27 11:27:55.465000','','Good','Widgit',102)
COMMIT
INSERT INTO FIVEWIDETABLE VALUES('2013-02-27 11:27:55.465000','WindowsME_BROKE','Warning','flashyThing',103)
COMMIT
INSERT INTO FIVEWIDETABLE VALUES('2013-02-27 11:27:55.465000','Partial','Problem','Widgit',104)
COMMIT
INSERT INTO FIVEWIDETABLE VALUES('2013-02-27 11:27:55.465000','','Good','flashyThing',105)
COMMIT
INSERT INTO FIVEWIDETABLE VALUES('2013-02-27 11:27:55.466000','Partial','Warning','Widgit',106)
COMMIT
INSERT INTO FIVEWIDETABLE VALUES('2013-02-27 11:27:55.466000','WindowsME_BROKE','Problem','flashyThing',107)
COMMIT
INSERT INTO FIVEWIDETABLE VALUES('2013-02-27 11:27:55.466000','','Good','Widgit',108)
COMMIT
INSERT INTO FIVEWIDETABLE VALUES('2013-02-27 11:27:55.466000','WindowsME_BROKE','Warning','flashyThing',109)
COMMIT
INSERT INTO FIVEWIDETABLE VALUES('2013-02-27 11:27:55.466000','Partial','Problem','Widgit',110)
COMMIT
INSERT INTO FIVEWIDETABLE VALUES('2013-02-27 11:27:55.467000','','Good','flashyThing',111)
COMMIT
INSERT INTO FIVEWIDETABLE VALUES('2013-02-27 11:27:55.467000','Partial','Warning','Widgit',112)
COMMIT
INSERT INTO FIVEWIDETABLE VALUES('2013-02-27 11:27:55.467000','WindowsME_BROKE','Problem','flashyThing',113)
COMMIT
INSERT INTO FIVEWIDETABLE VALUES('2013-02-27 11:27:55.467000','','Good','Widgit',114)
COMMIT
INSERT INTO FIVEWIDETABLE VALUES('2013-02-27 11:27:55.467000','WindowsME_BROKE','Warning','flashyThing',115)
COMMIT
INSERT INTO FIVEWIDETABLE VALUES('2013-02-27 11:27:55.468000','Partial','Problem','Widgit',116)
COMMIT
INSERT INTO FIVEWIDETABLE VALUES('2013-02-27 11:27:55.468000','','Good','flashyThing',117)
COMMIT
INSERT INTO FIVEWIDETABLE VALUES('2013-02-27 11:27:55.468000','Partial','Warning','Widgit',118)
COMMIT
INSERT INTO FIVEWIDETABLE VALUES('2013-02-27 11:27:55.468000','WindowsME_BROKE','Problem','flashyThing',119)
COMMIT
INSERT INTO FIVEWIDETABLE VALUES('2013-02-27 11:27:55.469000','','Good','Widgit',120)
COMMIT
INSERT INTO FIVEWIDETABLE VALUES('2013-02-27 11:27:55.469000','WindowsME_BROKE','Warning','flashyThing',121)
COMMIT
INSERT INTO FIVEWIDETABLE VALUES('2013-02-27 11:27:55.469000','Partial','Problem','Widgit',122)
COMMIT
INSERT INTO FIVEWIDETABLE VALUES('2013-02-27 11:27:55.469000','','Good','flashyThing',123)
COMMIT
INSERT INTO FIVEWIDETABLE VALUES('2013-02-27 11:27:55.469000','Partial','Warning','Widgit',124)
COMMIT
INSERT INTO FIVEWIDETABLE VALUES('2013-02-27 11:27:55.470000','WindowsME_BROKE','Problem','flashyThing',125)
COMMIT
INSERT INTO FIVEWIDETABLE VALUES('2013-02-27 11:27:55.470000','','Good','Widgit',126)
COMMIT
INSERT INTO FIVEWIDETABLE VALUES('2013-02-27 11:27:55.470000','WindowsME_BROKE','Warning','flashyThing',127)
COMMIT
INSERT INTO FIVEWIDETABLE VALUES('2013-02-27 11:27:55.470000','Partial','Problem','Widgit',128)
COMMIT
INSERT INTO FIVEWIDETABLE VALUES('2013-02-27 11:27:55.470000','','Good','flashyThing',129)
COMMIT
INSERT INTO FIVEWIDETABLE VALUES('2013-02-27 11:27:55.471000','Partial','Warning','Widgit',130)
COMMIT
INSERT INTO FIVEWIDETABLE VALUES('2013-02-27 11:27:55.471000','WindowsME_BROKE','Problem','flashyThing',131)
COMMIT
INSERT INTO FIVEWIDETABLE VALUES('2013-02-27 11:27:55.471000','','Good','Widgit',132)
COMMIT
INSERT INTO FIVEWIDETABLE VALUES('2013-02-27 11:27:55.471000','WindowsME_BROKE','Warning','flashyThing',133)
COMMIT
INSERT INTO FIVEWIDETABLE VALUES('2013-02-27 11:27:55.471000','Partial','Problem','Widgit',134)
COMMIT
INSERT INTO FIVEWIDETABLE VALUES('2013-02-27 11:27:55.472000','','Good','flashyThing',135)
COMMIT
INSERT INTO FIVEWIDETABLE VALUES('2013-02-27 11:27:55.472000','Partial','Warning','Widgit',136)
COMMIT
INSERT INTO FIVEWIDETABLE VALUES('2013-02-27 11:27:55.472000','WindowsME_BROKE','Problem','flashyThing',137)
COMMIT
INSERT INTO FIVEWIDETABLE VALUES('2013-02-27 11:27:55.472000','','Good','Widgit',138)
COMMIT
INSERT INTO FIVEWIDETABLE VALUES('2013-02-27 11:27:55.472000','WindowsME_BROKE','Warning','flashyThing',139)
COMMIT
INSERT INTO FIVEWIDETABLE VALUES('2013-02-27 11:27:55.473000','Partial','Problem','Widgit',140)
COMMIT
INSERT INTO FIVEWIDETABLE VALUES('2013-02-27 11:27:55.473000','','Good','flashyThing',141)
COMMIT
INSERT INTO FIVEWIDETABLE VALUES('2013-02-27 11:27:55.473000','Partial','Warning','Widgit',142)
COMMIT
INSERT INTO FIVEWIDETABLE VALUES('2013-02-27 11:27:55.473000','WindowsME_BROKE','Problem','flashyThing',143)
COMMIT
INSERT INTO FIVEWIDETABLE VALUES('2013-02-27 11:27:55.474000','','Good','Widgit',144)
COMMIT
INSERT INTO FIVEWIDETABLE VALUES('2013-02-27 11:27:55.474000','WindowsME_BROKE','Warning','flashyThing',145)
COMMIT
INSERT INTO FIVEWIDETABLE VALUES('2013-02-27 11:27:55.474000','Partial','Problem','Widgit',146)
COMMIT
INSERT INTO FIVEWIDETABLE VALUES('2013-02-27 11:27:55.474000','','Good','flashyThing',147)
COMMIT
INSERT INTO FIVEWIDETABLE VALUES('2013-02-27 11:27:55.474000','Partial','Warning','Widgit',148)
COMMIT
INSERT INTO FIVEWIDETABLE VALUES('2013-02-27 11:27:55.475000','WindowsME_BROKE','Problem','flashyThing',149)
COMMIT
INSERT INTO FIVEWIDETABLE VALUES('2013-02-27 11:27:55.475000','','Good','Widgit',150)
COMMIT
INSERT INTO FIVEWIDETABLE VALUES('2013-02-27 11:27:55.475000','WindowsME_BROKE','Warning','flashyThing',151)
COMMIT
INSERT INTO FIVEWIDETABLE VALUES('2013-02-27 11:27:55.475000','Partial','Problem','Widgit',152)
COMMIT
INSERT INTO FIVEWIDETABLE VALUES('2013-02-27 11:27:55.475000','','Good','flashyThing',153)
COMMIT
INSERT INTO FIVEWIDETABLE VALUES('2013-02-27 11:27:55.476000','Partial','Warning','Widgit',154)
COMMIT
INSERT INTO FIVEWIDETABLE VALUES('2013-02-27 11:27:55.476000','WindowsME_BROKE','Problem','flashyThing',155)
COMMIT
INSERT INTO FIVEWIDETABLE VALUES('2013-02-27 11:27:55.476000','','Good','Widgit',156)
COMMIT
INSERT INTO FIVEWIDETABLE VALUES('2013-02-27 11:27:55.476000','WindowsME_BROKE','Warning','flashyThing',157)
COMMIT
INSERT INTO FIVEWIDETABLE VALUES('2013-02-27 11:27:55.477000','Partial','Problem','Widgit',158)
COMMIT
INSERT INTO FIVEWIDETABLE VALUES('2013-02-27 11:27:55.477000','','Good','flashyThing',159)
COMMIT
INSERT INTO FIVEWIDETABLE VALUES('2013-02-27 11:27:55.477000','Partial','Warning','Widgit',160)
COMMIT
INSERT INTO FIVEWIDETABLE VALUES('2013-02-27 11:27:55.477000','WindowsME_BROKE','Problem','flashyThing',161)
COMMIT
INSERT INTO FIVEWIDETABLE VALUES('2013-02-27 11:27:55.477000','','Good','Widgit',162)
COMMIT
INSERT INTO FIVEWIDETABLE VALUES('2013-02-27 11:27:55.478000','WindowsME_BROKE','Warning','flashyThing',163)
COMMIT
INSERT INTO FIVEWIDETABLE VALUES('2013-02-27 11:27:55.478000','Partial','Problem','Widgit',164)
COMMIT
INSERT INTO FIVEWIDETABLE VALUES('2013-02-27 11:27:55.478000','','Good','flashyThing',165)
COMMIT
INSERT INTO FIVEWIDETABLE VALUES('2013-02-27 11:27:55.478000','Partial','Warning','Widgit',166)
COMMIT
INSERT INTO FIVEWIDETABLE VALUES('2013-02-27 11:27:55.478000','WindowsME_BROKE','Problem','flashyThing',167)
COMMIT
INSERT INTO FIVEWIDETABLE VALUES('2013-02-27 11:27:55.479000','','Good','Widgit',168)
COMMIT
INSERT INTO FIVEWIDETABLE VALUES('2013-02-27 11:27:55.479000','WindowsME_BROKE','Warning','flashyThing',169)
COMMIT
INSERT INTO FIVEWIDETABLE VALUES('2013-02-27 11:27:55.479000','Partial','Problem','Widgit',170)
COMMIT
INSERT INTO FIVEWIDETABLE VALUES('2013-02-27 11:27:55.479000','','Good','flashyThing',171)
COMMIT
INSERT INTO FIVEWIDETABLE VALUES('2013-02-27 11:27:55.479000','Partial','Warning','Widgit',172)
COMMIT
INSERT INTO FIVEWIDETABLE VALUES('2013-02-27 11:27:55.480000','WindowsME_BROKE','Problem','flashyThing',173)
COMMIT
INSERT INTO FIVEWIDETABLE VALUES('2013-02-27 11:27:55.480000','','Good','Widgit',174)
COMMIT
INSERT INTO FIVEWIDETABLE VALUES('2013-02-27 11:27:55.480000','WindowsME_BROKE','Warning','flashyThing',175)
COMMIT
INSERT INTO FIVEWIDETABLE VALUES('2013-02-27 11:27:55.480000','Partial','Problem','Widgit',176)
COMMIT
INSERT INTO FIVEWIDETABLE VALUES('2013-02-27 11:27:55.480000','','Good','flashyThing',177)
COMMIT
INSERT INTO FIVEWIDETABLE VALUES('2013-02-27 11:27:55.481000','Partial','Warning','Widgit',178)
COMMIT
INSERT INTO FIVEWIDETABLE VALUES('2013-02-27 11:27:55.481000','WindowsME_BROKE','Problem','flashyThing',179)
COMMIT
INSERT INTO FIVEWIDETABLE VALUES('2013-02-27 11:27:55.481000','','Good','Widgit',180)
COMMIT
INSERT INTO FIVEWIDETABLE VALUES('2013-02-27 11:27:55.481000','WindowsME_BROKE','Warning','flashyThing',181)
COMMIT
INSERT INTO FIVEWIDETABLE VALUES('2013-02-27 11:27:55.481000','Partial','Problem','Widgit',182)
COMMIT
INSERT INTO FIVEWIDETABLE VALUES('2013-02-27 11:27:55.482000','','Good','flashyThing',183)
COMMIT
INSERT INTO FIVEWIDETABLE VALUES('2013-02-27 11:27:55.482000','Partial','Warning','Widgit',184)
COMMIT
INSERT INTO FIVEWIDETABLE VALUES('2013-02-27 11:27:55.482000','WindowsME_BROKE','Problem','flashyThing',185)
COMMIT
INSERT INTO FIVEWIDETABLE VALUES('2013-02-27 11:27:55.482000','','Good','Widgit',186)
COMMIT
INSERT INTO FIVEWIDETABLE VALUES('2013-02-27 11:27:55.482000','WindowsME_BROKE','Warning','flashyThing',187)
COMMIT
INSERT INTO FIVEWIDETABLE VALUES('2013-02-27 11:27:55.483000','Partial','Problem','Widgit',188)
COMMIT
INSERT INTO FIVEWIDETABLE VALUES('2013-02-27 11:27:55.483000','','Good','flashyThing',189)
COMMIT
INSERT INTO FIVEWIDETABLE VALUES('2013-02-27 11:27:55.483000','Partial','Warning','Widgit',190)
COMMIT
INSERT INTO FIVEWIDETABLE VALUES('2013-02-27 11:27:55.483000','WindowsME_BROKE','Problem','flashyThing',191)
COMMIT
INSERT INTO FIVEWIDETABLE VALUES('2013-02-27 11:27:55.483000','','Good','Widgit',192)
COMMIT
INSERT INTO FIVEWIDETABLE VALUES('2013-02-27 11:27:55.484000','WindowsME_BROKE','Warning','flashyThing',193)
COMMIT
INSERT INTO FIVEWIDETABLE VALUES('2013-02-27 11:27:55.484000','Partial','Problem','Widgit',194)
COMMIT
INSERT INTO FIVEWIDETABLE VALUES('2013-02-27 11:27:55.484000','','Good','flashyThing',195)
COMMIT
INSERT INTO FIVEWIDETABLE VALUES('2013-02-27 11:27:55.484000','Partial','Warning','Widgit',196)
COMMIT
INSERT INTO FIVEWIDETABLE VALUES('2013-02-27 11:27:55.484000','WindowsME_BROKE','Problem','flashyThing',197)
COMMIT
INSERT INTO FIVEWIDETABLE VALUES('2013-02-27 11:27:55.485000','','Good','Widgit',198)
COMMIT
INSERT INTO FIVEWIDETABLE VALUES('2013-02-27 11:27:55.485000','WindowsME_BROKE','Warning','flashyThing',199)
COMMIT
INSERT INTO FIVEWIDETABLE VALUES('2013-02-27 11:27:55.485000','Partial','Problem','Widgit',200)
COMMIT
INSERT INTO FIVEWIDETABLE VALUES('2013-02-27 11:27:55.485000','','Good','flashyThing',201)
COMMIT
INSERT INTO FIVEWIDETABLE VALUES('2013-02-27 11:27:55.485000','Partial','Warning','Widgit',202)
COMMIT
INSERT INTO FIVEWIDETABLE VALUES('2013-02-27 11:27:55.486000','WindowsME_BROKE','Problem','flashyThing',203)
COMMIT
INSERT INTO FIVEWIDETABLE VALUES('2013-02-27 11:27:55.486000','','Good','Widgit',204)
COMMIT
INSERT INTO FIVEWIDETABLE VALUES('2013-02-27 11:27:55.486000','WindowsME_BROKE','Warning','flashyThing',205)
COMMIT
INSERT INTO FIVEWIDETABLE VALUES('2013-02-27 11:27:55.486000','Partial','Problem','Widgit',206)
COMMIT
INSERT INTO FIVEWIDETABLE VALUES('2013-02-27 11:27:55.486000','','Good','flashyThing',207)
COMMIT
INSERT INTO FIVEWIDETABLE VALUES('2013-02-27 11:27:55.487000','Partial','Warning','Widgit',208)
COMMIT
INSERT INTO FIVEWIDETABLE VALUES('2013-02-27 11:27:55.487000','WindowsME_BROKE','Problem','flashyThing',209)
COMMIT
INSERT INTO FIVEWIDETABLE VALUES('2013-02-27 11:27:55.487000','','Good','Widgit',210)
COMMIT
INSERT INTO FIVEWIDETABLE VALUES('2013-02-27 11:27:55.487000','WindowsME_BROKE','Warning','flashyThing',211)
COMMIT
INSERT INTO FIVEWIDETABLE VALUES('2013-02-27 11:27:55.487000','Partial','Problem','Widgit',212)
COMMIT
INSERT INTO FIVEWIDETABLE VALUES('2013-02-27 11:27:55.488000','','Good','flashyThing',213)
COMMIT
INSERT INTO FIVEWIDETABLE VALUES('2013-02-27 11:27:55.488000','Partial','Warning','Widgit',214)
COMMIT
INSERT INTO FIVEWIDETABLE VALUES('2013-02-27 11:27:55.488000','WindowsME_BROKE','Problem','flashyThing',215)
COMMIT
INSERT INTO FIVEWIDETABLE VALUES('2013-02-27 11:27:55.488000','','Good','Widgit',216)
COMMIT
INSERT INTO FIVEWIDETABLE VALUES('2013-02-27 11:27:55.488000','WindowsME_BROKE','Warning','flashyThing',217)
COMMIT
INSERT INTO FIVEWIDETABLE VALUES('2013-02-27 11:27:55.489000','Partial','Problem','Widgit',218)
COMMIT
INSERT INTO FIVEWIDETABLE VALUES('2013-02-27 11:27:55.489000','','Good','flashyThing',219)
COMMIT
INSERT INTO FIVEWIDETABLE VALUES('2013-02-27 11:27:55.489000','Partial','Warning','Widgit',220)
COMMIT
INSERT INTO FIVEWIDETABLE VALUES('2013-02-27 11:27:55.489000','WindowsME_BROKE','Problem','flashyThing',221)
COMMIT
INSERT INTO FIVEWIDETABLE VALUES('2013-02-27 11:27:55.490000','','Good','Widgit',222)
COMMIT
INSERT INTO FIVEWIDETABLE VALUES('2013-02-27 11:27:55.490000','WindowsME_BROKE','Warning','flashyThing',223)
COMMIT
INSERT INTO FIVEWIDETABLE VALUES('2013-02-27 11:27:55.490000','Partial','Problem','Widgit',224)
COMMIT
INSERT INTO FIVEWIDETABLE VALUES('2013-02-27 11:27:55.490000','','Good','flashyThing',225)
COMMIT
INSERT INTO FIVEWIDETABLE VALUES('2013-02-27 11:27:55.490000','Partial','Warning','Widgit',226)
COMMIT
INSERT INTO FIVEWIDETABLE VALUES('2013-02-27 11:27:55.491000','WindowsME_BROKE','Problem','flashyThing',227)
COMMIT
INSERT INTO FIVEWIDETABLE VALUES('2013-02-27 11:27:55.491000','','Good','Widgit',228)
COMMIT
INSERT INTO FIVEWIDETABLE VALUES('2013-02-27 11:27:55.491000','WindowsME_BROKE','Warning','flashyThing',229)
COMMIT
INSERT INTO FIVEWIDETABLE VALUES('2013-02-27 11:27:55.491000','Partial','Problem','Widgit',230)
COMMIT
INSERT INTO FIVEWIDETABLE VALUES('2013-02-27 11:27:55.491000','','Good','flashyThing',231)
COMMIT
INSERT INTO FIVEWIDETABLE VALUES('2013-02-27 11:27:55.492000','Partial','Warning','Widgit',232)
COMMIT
INSERT INTO FIVEWIDETABLE VALUES('2013-02-27 11:27:55.492000','WindowsME_BROKE','Problem','flashyThing',233)
COMMIT
INSERT INTO FIVEWIDETABLE VALUES('2013-02-27 11:27:55.492000','','Good','Widgit',234)
COMMIT
INSERT INTO FIVEWIDETABLE VALUES('2013-02-27 11:27:55.492000','WindowsME_BROKE','Warning','flashyThing',235)
COMMIT
INSERT INTO FIVEWIDETABLE VALUES('2013-02-27 11:27:55.492000','Partial','Problem','Widgit',236)
COMMIT
INSERT INTO FIVEWIDETABLE VALUES('2013-02-27 11:27:55.493000','','Good','flashyThing',237)
COMMIT
INSERT INTO FIVEWIDETABLE VALUES('2013-02-27 11:27:55.493000','Partial','Warning','Widgit',238)
COMMIT
INSERT INTO FIVEWIDETABLE VALUES('2013-02-27 11:27:55.493000','WindowsME_BROKE','Problem','flashyThing',239)
COMMIT
INSERT INTO FIVEWIDETABLE VALUES('2013-02-27 11:27:55.493000','','Good','Widgit',240)
COMMIT
INSERT INTO FIVEWIDETABLE VALUES('2013-02-27 11:27:55.493000','WindowsME_BROKE','Warning','flashyThing',241)
COMMIT
INSERT INTO FIVEWIDETABLE VALUES('2013-02-27 11:27:55.494000','Partial','Problem','Widgit',242)
COMMIT
INSERT INTO FIVEWIDETABLE VALUES('2013-02-27 11:27:55.494000','','Good','flashyThing',243)
COMMIT
INSERT INTO FIVEWIDETABLE VALUES('2013-02-27 11:27:55.494000','Partial','Warning','Widgit',244)
COMMIT
INSERT INTO FIVEWIDETABLE VALUES('2013-02-27 11:27:55.494000','WindowsME_BROKE','Problem','flashyThing',245)
COMMIT
INSERT INTO FIVEWIDETABLE VALUES('2013-02-27 11:27:55.494000','','Good','Widgit',246)
COMMIT
INSERT INTO FIVEWIDETABLE VALUES('2013-02-27 11:27:55.495000','WindowsME_BROKE','Warning','flashyThing',247)
COMMIT
INSERT INTO FIVEWIDETABLE VALUES('2013-02-27 11:27:55.495000','Partial','Problem','Widgit',248)
COMMIT
INSERT INTO FIVEWIDETABLE VALUES('2013-02-27 11:27:55.495000','','Good','flashyThing',249)
COMMIT
INSERT INTO FIVEWIDETABLE VALUES('2013-02-27 11:27:55.495000','Partial','Warning','Widgit',250)
COMMIT
INSERT INTO FIVEWIDETABLE VALUES('2013-02-27 11:27:55.495000','WindowsME_BROKE','Problem','flashyThing',251)
COMMIT
INSERT INTO FIVEWIDETABLE VALUES('2013-02-27 11:27:55.496000','','Good','Widgit',252)
COMMIT
INSERT INTO FIVEWIDETABLE VALUES('2013-02-27 11:27:55.496000','WindowsME_BROKE','Warning','flashyThing',253)
COMMIT
INSERT INTO FIVEWIDETABLE VALUES('2013-02-27 11:27:55.496000','Partial','Problem','Widgit',254)
COMMIT
INSERT INTO FIVEWIDETABLE VALUES('2013-02-27 11:27:55.496000','','Good','flashyThing',255)
COMMIT
INSERT INTO FIVEWIDETABLE VALUES('2013-02-27 11:27:55.496000','Partial','Warning','Widgit',256)
COMMIT
INSERT INTO FIVEWIDETABLE VALUES('2013-02-27 11:27:55.497000','WindowsME_BROKE','Problem','flashyThing',257)
COMMIT
INSERT INTO FIVEWIDETABLE VALUES('2013-02-27 11:27:55.497000','','Good','Widgit',258)
COMMIT
INSERT INTO FIVEWIDETABLE VALUES('2013-02-27 11:27:55.497000','WindowsME_BROKE','Warning','flashyThing',259)
COMMIT
INSERT INTO FIVEWIDETABLE VALUES('2013-02-27 11:27:55.497000','Partial','Problem','Widgit',260)
COMMIT
INSERT INTO FIVEWIDETABLE VALUES('2013-02-27 11:27:55.497000','','Good','flashyThing',261)
COMMIT
INSERT INTO FIVEWIDETABLE VALUES('2013-02-27 11:27:55.498000','Partial','Warning','Widgit',262)
COMMIT
INSERT INTO FIVEWIDETABLE VALUES('2013-02-27 11:27:55.498000','WindowsME_BROKE','Problem','flashyThing',263)
COMMIT
INSERT INTO FIVEWIDETABLE VALUES('2013-02-27 11:27:55.498000','','Good','Widgit',264)
COMMIT
INSERT INTO FIVEWIDETABLE VALUES('2013-02-27 11:27:55.498000','WindowsME_BROKE','Warning','flashyThing',265)
COMMIT
INSERT INTO FIVEWIDETABLE VALUES('2013-02-27 11:27:55.498000','Partial','Problem','Widgit',266)
COMMIT
INSERT INTO FIVEWIDETABLE VALUES('2013-02-27 11:27:55.499000','','Good','flashyThing',267)
COMMIT
INSERT INTO FIVEWIDETABLE VALUES('2013-02-27 11:27:55.499000','Partial','Warning','Widgit',268)
COMMIT
INSERT INTO FIVEWIDETABLE VALUES('2013-02-27 11:27:55.499000','WindowsME_BROKE','Problem','flashyThing',269)
COMMIT
INSERT INTO FIVEWIDETABLE VALUES('2013-02-27 11:27:55.499000','','Good','Widgit',270)
COMMIT
INSERT INTO FIVEWIDETABLE VALUES('2013-02-27 11:27:55.499000','WindowsME_BROKE','Warning','flashyThing',271)
COMMIT
INSERT INTO FIVEWIDETABLE VALUES('2013-02-27 11:27:55.500000','Partial','Problem','Widgit',272)
COMMIT
INSERT INTO FIVEWIDETABLE VALUES('2013-02-27 11:27:55.500000','','Good','flashyThing',273)
COMMIT
INSERT INTO FIVEWIDETABLE VALUES('2013-02-27 11:27:55.500000','Partial','Warning','Widgit',274)
COMMIT
INSERT INTO FIVEWIDETABLE VALUES('2013-02-27 11:27:55.500000','WindowsME_BROKE','Problem','flashyThing',275)
COMMIT
INSERT INTO FIVEWIDETABLE VALUES('2013-02-27 11:27:55.500000','','Good','Widgit',276)
COMMIT
INSERT INTO FIVEWIDETABLE VALUES('2013-02-27 11:27:55.501000','WindowsME_BROKE','Warning','flashyThing',277)
COMMIT
INSERT INTO FIVEWIDETABLE VALUES('2013-02-27 11:27:55.501000','Partial','Problem','Widgit',278)
COMMIT
INSERT INTO FIVEWIDETABLE VALUES('2013-02-27 11:27:55.501000','','Good','flashyThing',279)
COMMIT
INSERT INTO FIVEWIDETABLE VALUES('2013-02-27 11:27:55.501000','Partial','Warning','Widgit',280)
COMMIT
INSERT INTO FIVEWIDETABLE VALUES('2013-02-27 11:27:55.501000','WindowsME_BROKE','Problem','flashyThing',281)
COMMIT
INSERT INTO FIVEWIDETABLE VALUES('2013-02-27 11:27:55.502000','','Good','Widgit',282)
COMMIT
INSERT INTO FIVEWIDETABLE VALUES('2013-02-27 11:27:55.502000','WindowsME_BROKE','Warning','flashyThing',283)
COMMIT
INSERT INTO FIVEWIDETABLE VALUES('2013-02-27 11:27:55.502000','Partial','Problem','Widgit',284)
COMMIT
INSERT INTO FIVEWIDETABLE VALUES('2013-02-27 11:27:55.502000','','Good','flashyThing',285)
COMMIT
INSERT INTO FIVEWIDETABLE VALUES('2013-02-27 11:27:55.502000','Partial','Warning','Widgit',286)
COMMIT
INSERT INTO FIVEWIDETABLE VALUES('2013-02-27 11:27:55.503000','WindowsME_BROKE','Problem','flashyThing',287)
COMMIT
INSERT INTO FIVEWIDETABLE VALUES('2013-02-27 11:27:55.503000','','Good','Widgit',288)
COMMIT
INSERT INTO FIVEWIDETABLE VALUES('2013-02-27 11:27:55.503000','WindowsME_BROKE','Warning','flashyThing',289)
COMMIT
INSERT INTO FIVEWIDETABLE VALUES('2013-02-27 11:27:55.503000','Partial','Problem','Widgit',290)
COMMIT
INSERT INTO FIVEWIDETABLE VALUES('2013-02-27 11:27:55.503000','','Good','flashyThing',291)
COMMIT
INSERT INTO FIVEWIDETABLE VALUES('2013-02-27 11:27:55.504000','Partial','Warning','Widgit',292)
COMMIT
INSERT INTO FIVEWIDETABLE VALUES('2013-02-27 11:27:55.504000','WindowsME_BROKE','Problem','flashyThing',293)
COMMIT
INSERT INTO FIVEWIDETABLE VALUES('2013-02-27 11:27:55.504000','','Good','Widgit',294)
COMMIT
INSERT INTO FIVEWIDETABLE VALUES('2013-02-27 11:27:55.504000','WindowsME_BROKE','Warning','flashyThing',295)
COMMIT
INSERT INTO FIVEWIDETABLE VALUES('2013-02-27 11:27:55.504000','Partial','Problem','Widgit',296)
COMMIT
INSERT INTO FIVEWIDETABLE VALUES('2013-02-27 11:27:55.505000','','Good','flashyThing',297)
COMMIT
INSERT INTO FIVEWIDETABLE VALUES('2013-02-27 11:27:55.505000','Partial','Warning','Widgit',298)
COMMIT
INSERT INTO FIVEWIDETABLE VALUES('2013-02-27 11:27:55.505000','WindowsME_BROKE','Problem','flashyThing',299)
COMMIT
INSERT INTO FIVEWIDETABLE VALUES('2013-02-27 11:27:55.505000','','Good','Widgit',300)
COMMIT
INSERT INTO FIVEWIDETABLE VALUES('2013-02-27 11:27:55.505000','WindowsME_BROKE','Warning','flashyThing',301)
COMMIT
INSERT INTO FIVEWIDETABLE VALUES('2013-02-27 11:27:55.506000','Partial','Problem','Widgit',302)
COMMIT
INSERT INTO FIVEWIDETABLE VALUES('2013-02-27 11:27:55.506000','','Good','flashyThing',303)
COMMIT
INSERT INTO FIVEWIDETABLE VALUES('2013-02-27 11:27:55.506000','Partial','Warning','Widgit',304)
COMMIT
INSERT INTO FIVEWIDETABLE VALUES('2013-02-27 11:27:55.506000','WindowsME_BROKE','Problem','flashyThing',305)
COMMIT
INSERT INTO FIVEWIDETABLE VALUES('2013-02-27 11:27:55.506000','','Good','Widgit',306)
COMMIT
INSERT INTO FIVEWIDETABLE VALUES('2013-02-27 11:27:55.507000','WindowsME_BROKE','Warning','flashyThing',307)
COMMIT
INSERT INTO FIVEWIDETABLE VALUES('2013-02-27 11:27:55.507000','Partial','Problem','Widgit',308)
COMMIT
INSERT INTO FIVEWIDETABLE VALUES('2013-02-27 11:27:55.507000','','Good','flashyThing',309)
COMMIT
INSERT INTO FIVEWIDETABLE VALUES('2013-02-27 11:27:55.507000','Partial','Warning','Widgit',310)
COMMIT
INSERT INTO FIVEWIDETABLE VALUES('2013-02-27 11:27:55.507000','WindowsME_BROKE','Problem','flashyThing',311)
COMMIT
INSERT INTO FIVEWIDETABLE VALUES('2013-02-27 11:27:55.508000','','Good','Widgit',312)
COMMIT
INSERT INTO FIVEWIDETABLE VALUES('2013-02-27 11:27:55.508000','WindowsME_BROKE','Warning','flashyThing',313)
COMMIT
INSERT INTO FIVEWIDETABLE VALUES('2013-02-27 11:27:55.508000','Partial','Problem','Widgit',314)
COMMIT
INSERT INTO FIVEWIDETABLE VALUES('2013-02-27 11:27:55.508000','','Good','flashyThing',315)
COMMIT
INSERT INTO FIVEWIDETABLE VALUES('2013-02-27 11:27:55.508000','Partial','Warning','Widgit',316)
COMMIT
INSERT INTO FIVEWIDETABLE VALUES('2013-02-27 11:27:55.509000','WindowsME_BROKE','Problem','flashyThing',317)
COMMIT
INSERT INTO FIVEWIDETABLE VALUES('2013-02-27 11:27:55.509000','','Good','Widgit',318)
COMMIT
INSERT INTO FIVEWIDETABLE VALUES('2013-02-27 11:27:55.509000','WindowsME_BROKE','Warning','flashyThing',319)
COMMIT
INSERT INTO FIVEWIDETABLE VALUES('2013-02-27 11:27:55.509000','Partial','Problem','Widgit',320)
COMMIT
INSERT INTO FIVEWIDETABLE VALUES('2013-02-27 11:27:55.509000','','Good','flashyThing',321)
COMMIT
INSERT INTO FIVEWIDETABLE VALUES('2013-02-27 11:27:55.510000','Partial','Warning','Widgit',322)
COMMIT
INSERT INTO FIVEWIDETABLE VALUES('2013-02-27 11:27:55.510000','WindowsME_BROKE','Problem','flashyThing',323)
COMMIT
INSERT INTO FIVEWIDETABLE VALUES('2013-02-27 11:27:55.510000','','Good','Widgit',324)
COMMIT
INSERT INTO FIVEWIDETABLE VALUES('2013-02-27 11:27:55.510000','WindowsME_BROKE','Warning','flashyThing',325)
COMMIT
INSERT INTO FIVEWIDETABLE VALUES('2013-02-27 11:27:55.510000','Partial','Problem','Widgit',326)
COMMIT
INSERT INTO FIVEWIDETABLE VALUES('2013-02-27 11:27:55.511000','','Good','flashyThing',327)
COMMIT
INSERT INTO FIVEWIDETABLE VALUES('2013-02-27 11:27:55.511000','Partial','Warning','Widgit',328)
COMMIT
INSERT INTO FIVEWIDETABLE VALUES('2013-02-27 11:27:55.511000','WindowsME_BROKE','Problem','flashyThing',329)
COMMIT
INSERT INTO FIVEWIDETABLE VALUES('2013-02-27 11:27:55.511000','','Good','Widgit',330)
COMMIT
INSERT INTO FIVEWIDETABLE VALUES('2013-02-27 11:27:55.511000','WindowsME_BROKE','Warning','flashyThing',331)
COMMIT
INSERT INTO FIVEWIDETABLE VALUES('2013-02-27 11:27:55.512000','Partial','Problem','Widgit',332)
COMMIT
INSERT INTO FIVEWIDETABLE VALUES('2013-02-27 11:27:55.512000','','Good','flashyThing',333)
COMMIT
INSERT INTO FIVEWIDETABLE VALUES('2013-02-27 11:27:55.512000','Partial','Warning','Widgit',334)
COMMIT
INSERT INTO FIVEWIDETABLE VALUES('2013-02-27 11:27:55.512000','WindowsME_BROKE','Problem','flashyThing',335)
COMMIT
INSERT INTO FIVEWIDETABLE VALUES('2013-02-27 11:27:55.512000','','Good','Widgit',336)
COMMIT
INSERT INTO FIVEWIDETABLE VALUES('2013-02-27 11:27:55.513000','WindowsME_BROKE','Warning','flashyThing',337)
COMMIT
INSERT INTO FIVEWIDETABLE VALUES('2013-02-27 11:27:55.513000','Partial','Problem','Widgit',338)
COMMIT
INSERT INTO FIVEWIDETABLE VALUES('2013-02-27 11:27:55.513000','','Good','flashyThing',339)
COMMIT
INSERT INTO FIVEWIDETABLE VALUES('2013-02-27 11:27:55.513000','Partial','Warning','Widgit',340)
COMMIT
INSERT INTO FIVEWIDETABLE VALUES('2013-02-27 11:27:55.513000','WindowsME_BROKE','Problem','flashyThing',341)
COMMIT
INSERT INTO FIVEWIDETABLE VALUES('2013-02-27 11:27:55.514000','','Good','Widgit',342)
COMMIT
INSERT INTO FIVEWIDETABLE VALUES('2013-02-27 11:27:55.514000','WindowsME_BROKE','Warning','flashyThing',343)
COMMIT
INSERT INTO FIVEWIDETABLE VALUES('2013-02-27 11:27:55.514000','Partial','Problem','Widgit',344)
COMMIT
INSERT INTO FIVEWIDETABLE VALUES('2013-02-27 11:27:55.514000','','Good','flashyThing',345)
COMMIT
INSERT INTO FIVEWIDETABLE VALUES('2013-02-27 11:27:55.514000','Partial','Warning','Widgit',346)
COMMIT
INSERT INTO FIVEWIDETABLE VALUES('2013-02-27 11:27:55.514000','WindowsME_BROKE','Problem','flashyThing',347)
COMMIT
INSERT INTO FIVEWIDETABLE VALUES('2013-02-27 11:27:55.515000','','Good','Widgit',348)
COMMIT
INSERT INTO FIVEWIDETABLE VALUES('2013-02-27 11:27:55.515000','WindowsME_BROKE','Warning','flashyThing',349)
COMMIT
INSERT INTO FIVEWIDETABLE VALUES('2013-02-27 11:27:55.515000','Partial','Problem','Widgit',350)
COMMIT
INSERT INTO FIVEWIDETABLE VALUES('2013-02-27 11:27:55.515000','','Good','flashyThing',351)
COMMIT
INSERT INTO FIVEWIDETABLE VALUES('2013-02-27 11:27:55.515000','Partial','Warning','Widgit',352)
COMMIT
INSERT INTO FIVEWIDETABLE VALUES('2013-02-27 11:27:55.516000','WindowsME_BROKE','Problem','flashyThing',353)
COMMIT
INSERT INTO FIVEWIDETABLE VALUES('2013-02-27 11:27:55.516000','','Good','Widgit',354)
COMMIT
INSERT INTO FIVEWIDETABLE VALUES('2013-02-27 11:27:55.516000','WindowsME_BROKE','Warning','flashyThing',355)
COMMIT
INSERT INTO FIVEWIDETABLE VALUES('2013-02-27 11:27:55.516000','Partial','Problem','Widgit',356)
COMMIT
INSERT INTO FIVEWIDETABLE VALUES('2013-02-27 11:27:55.516000','','Good','flashyThing',357)
COMMIT
INSERT INTO FIVEWIDETABLE VALUES('2013-02-27 11:27:55.517000','Partial','Warning','Widgit',358)
COMMIT
INSERT INTO FIVEWIDETABLE VALUES('2013-02-27 11:27:55.517000','WindowsME_BROKE','Problem','flashyThing',359)
COMMIT
INSERT INTO FIVEWIDETABLE VALUES('2013-02-27 11:27:55.517000','','Good','Widgit',360)
COMMIT
INSERT INTO FIVEWIDETABLE VALUES('2013-02-27 11:27:55.517000','WindowsME_BROKE','Warning','flashyThing',361)
COMMIT
INSERT INTO FIVEWIDETABLE VALUES('2013-02-27 11:27:55.517000','Partial','Problem','Widgit',362)
COMMIT
INSERT INTO FIVEWIDETABLE VALUES('2013-02-27 11:27:55.518000','','Good','flashyThing',363)
COMMIT
INSERT INTO FIVEWIDETABLE VALUES('2013-02-27 11:27:55.518000','Partial','Warning','Widgit',364)
COMMIT
INSERT INTO FIVEWIDETABLE VALUES('2013-02-27 11:27:55.518000','WindowsME_BROKE','Problem','flashyThing',365)
COMMIT
INSERT INTO FIVEWIDETABLE VALUES('2013-02-27 11:27:55.518000','','Good','Widgit',366)
COMMIT
INSERT INTO FIVEWIDETABLE VALUES('2013-02-27 11:27:55.518000','WindowsME_BROKE','Warning','flashyThing',367)
COMMIT
INSERT INTO FIVEWIDETABLE VALUES('2013-02-27 11:27:55.519000','Partial','Problem','Widgit',368)
COMMIT
INSERT INTO FIVEWIDETABLE VALUES('2013-02-27 11:27:55.519000','','Good','flashyThing',369)
COMMIT
INSERT INTO FIVEWIDETABLE VALUES('2013-02-27 11:27:55.519000','Partial','Warning','Widgit',370)
COMMIT
INSERT INTO FIVEWIDETABLE VALUES('2013-02-27 11:27:55.519000','WindowsME_BROKE','Problem','flashyThing',371)
COMMIT
INSERT INTO FIVEWIDETABLE VALUES('2013-02-27 11:27:55.519000','','Good','Widgit',372)
COMMIT
INSERT INTO FIVEWIDETABLE VALUES('2013-02-27 11:27:55.520000','WindowsME_BROKE','Warning','flashyThing',373)
COMMIT
INSERT INTO FIVEWIDETABLE VALUES('2013-02-27 11:27:55.520000','Partial','Problem','Widgit',374)
COMMIT
INSERT INTO FIVEWIDETABLE VALUES('2013-02-27 11:27:55.520000','','Good','flashyThing',375)
COMMIT
INSERT INTO FIVEWIDETABLE VALUES('2013-02-27 11:27:55.520000','Partial','Warning','Widgit',376)
COMMIT
INSERT INTO FIVEWIDETABLE VALUES('2013-02-27 11:27:55.520000','WindowsME_BROKE','Problem','flashyThing',377)
COMMIT
INSERT INTO FIVEWIDETABLE VALUES('2013-02-27 11:27:55.521000','','Good','Widgit',378)
COMMIT
INSERT INTO FIVEWIDETABLE VALUES('2013-02-27 11:27:55.521000','WindowsME_BROKE','Warning','flashyThing',379)
COMMIT
INSERT INTO FIVEWIDETABLE VALUES('2013-02-27 11:27:55.521000','Partial','Problem','Widgit',380)
COMMIT
INSERT INTO FIVEWIDETABLE VALUES('2013-02-27 11:27:55.521000','','Good','flashyThing',381)
COMMIT
INSERT INTO FIVEWIDETABLE VALUES('2013-02-27 11:27:55.521000','Partial','Warning','Widgit',382)
COMMIT
INSERT INTO FIVEWIDETABLE VALUES('2013-02-27 11:27:55.522000','WindowsME_BROKE','Problem','flashyThing',383)
COMMIT
INSERT INTO FIVEWIDETABLE VALUES('2013-02-27 11:27:55.522000','','Good','Widgit',384)
COMMIT
INSERT INTO FIVEWIDETABLE VALUES('2013-02-27 11:27:55.522000','WindowsME_BROKE','Warning','flashyThing',385)
COMMIT
INSERT INTO FIVEWIDETABLE VALUES('2013-02-27 11:27:55.522000','Partial','Problem','Widgit',386)
COMMIT
INSERT INTO FIVEWIDETABLE VALUES('2013-02-27 11:27:55.522000','','Good','flashyThing',387)
COMMIT
INSERT INTO FIVEWIDETABLE VALUES('2013-02-27 11:27:55.523000','Partial','Warning','Widgit',388)
COMMIT
INSERT INTO FIVEWIDETABLE VALUES('2013-02-27 11:27:55.523000','WindowsME_BROKE','Problem','flashyThing',389)
COMMIT
INSERT INTO FIVEWIDETABLE VALUES('2013-02-27 11:27:55.523000','','Good','Widgit',390)
COMMIT
INSERT INTO FIVEWIDETABLE VALUES('2013-02-27 11:27:55.523000','WindowsME_BROKE','Warning','flashyThing',391)
COMMIT
INSERT INTO FIVEWIDETABLE VALUES('2013-02-27 11:27:55.523000','Partial','Problem','Widgit',392)
COMMIT
INSERT INTO FIVEWIDETABLE VALUES('2013-02-27 11:27:55.524000','','Good','flashyThing',393)
COMMIT
INSERT INTO FIVEWIDETABLE VALUES('2013-02-27 11:27:55.524000','Partial','Warning','Widgit',394)
COMMIT
INSERT INTO FIVEWIDETABLE VALUES('2013-02-27 11:27:55.524000','WindowsME_BROKE','Problem','flashyThing',395)
COMMIT
INSERT INTO FIVEWIDETABLE VALUES('2013-02-27 11:27:55.524000','','Good','Widgit',396)
COMMIT
INSERT INTO FIVEWIDETABLE VALUES('2013-02-27 11:27:55.524000','WindowsME_BROKE','Warning','flashyThing',397)
COMMIT
INSERT INTO FIVEWIDETABLE VALUES('2013-02-27 11:27:55.525000','Partial','Problem','Widgit',398)
COMMIT
INSERT INTO FIVEWIDETABLE VALUES('2013-02-27 11:27:55.525000','','Good','flashyThing',399)
COMMIT
INSERT INTO FIVEWIDETABLE VALUES('2013-02-27 11:27:55.525000','Partial','Warning','Widgit',400)
COMMIT
INSERT INTO FIVEWIDETABLE VALUES('2013-02-27 11:27:55.525000','WindowsME_BROKE','Problem','flashyThing',401)
COMMIT
INSERT INTO FIVEWIDETABLE VALUES('2013-02-27 11:27:55.525000','','Good','Widgit',402)
COMMIT
INSERT INTO FIVEWIDETABLE VALUES('2013-02-27 11:27:55.526000','WindowsME_BROKE','Warning','flashyThing',403)
COMMIT
INSERT INTO FIVEWIDETABLE VALUES('2013-02-27 11:27:55.526000','Partial','Problem','Widgit',404)
COMMIT
INSERT INTO FIVEWIDETABLE VALUES('2013-02-27 11:27:55.526000','','Good','flashyThing',405)
COMMIT
INSERT INTO FIVEWIDETABLE VALUES('2013-02-27 11:27:55.526000','Partial','Warning','Widgit',406)
COMMIT
INSERT INTO FIVEWIDETABLE VALUES('2013-02-27 11:27:55.526000','WindowsME_BROKE','Problem','flashyThing',407)
COMMIT
INSERT INTO FIVEWIDETABLE VALUES('2013-02-27 11:27:55.527000','','Good','Widgit',408)
COMMIT
INSERT INTO FIVEWIDETABLE VALUES('2013-02-27 11:27:55.527000','WindowsME_BROKE','Warning','flashyThing',409)
COMMIT
INSERT INTO FIVEWIDETABLE VALUES('2013-02-27 11:27:55.527000','Partial','Problem','Widgit',410)
COMMIT
INSERT INTO FIVEWIDETABLE VALUES('2013-02-27 11:27:55.527000','','Good','flashyThing',411)
COMMIT
INSERT INTO FIVEWIDETABLE VALUES('2013-02-27 11:27:55.527000','Partial','Warning','Widgit',412)
COMMIT
INSERT INTO FIVEWIDETABLE VALUES('2013-02-27 11:27:55.528000','WindowsME_BROKE','Problem','flashyThing',413)
COMMIT
INSERT INTO FIVEWIDETABLE VALUES('2013-02-27 11:27:55.528000','','Good','Widgit',414)
COMMIT
INSERT INTO FIVEWIDETABLE VALUES('2013-02-27 11:27:55.528000','WindowsME_BROKE','Warning','flashyThing',415)
COMMIT
INSERT INTO FIVEWIDETABLE VALUES('2013-02-27 11:27:55.528000','Partial','Problem','Widgit',416)
COMMIT
INSERT INTO FIVEWIDETABLE VALUES('2013-02-27 11:27:55.528000','','Good','flashyThing',417)
COMMIT
INSERT INTO FIVEWIDETABLE VALUES('2013-02-27 11:27:55.529000','Partial','Warning','Widgit',418)
COMMIT
INSERT INTO FIVEWIDETABLE VALUES('2013-02-27 11:27:55.529000','WindowsME_BROKE','Problem','flashyThing',419)
COMMIT
INSERT INTO FIVEWIDETABLE VALUES('2013-02-27 11:27:55.529000','','Good','Widgit',420)
COMMIT
INSERT INTO FIVEWIDETABLE VALUES('2013-02-27 11:27:55.529000','WindowsME_BROKE','Warning','flashyThing',421)
COMMIT
INSERT INTO FIVEWIDETABLE VALUES('2013-02-27 11:27:55.529000','Partial','Problem','Widgit',422)
COMMIT
INSERT INTO FIVEWIDETABLE VALUES('2013-02-27 11:27:55.529000','','Good','flashyThing',423)
COMMIT
INSERT INTO FIVEWIDETABLE VALUES('2013-02-27 11:27:55.530000','Partial','Warning','Widgit',424)
COMMIT
INSERT INTO FIVEWIDETABLE VALUES('2013-02-27 11:27:55.530000','WindowsME_BROKE','Problem','flashyThing',425)
COMMIT
INSERT INTO FIVEWIDETABLE VALUES('2013-02-27 11:27:55.530000','','Good','Widgit',426)
COMMIT
INSERT INTO FIVEWIDETABLE VALUES('2013-02-27 11:27:55.530000','WindowsME_BROKE','Warning','flashyThing',427)
COMMIT
INSERT INTO FIVEWIDETABLE VALUES('2013-02-27 11:27:55.530000','Partial','Problem','Widgit',428)
COMMIT
INSERT INTO FIVEWIDETABLE VALUES('2013-02-27 11:27:55.531000','','Good','flashyThing',429)
COMMIT
INSERT INTO FIVEWIDETABLE VALUES('2013-02-27 11:27:55.531000','Partial','Warning','Widgit',430)
COMMIT
INSERT INTO FIVEWIDETABLE VALUES('2013-02-27 11:27:55.531000','WindowsME_BROKE','Problem','flashyThing',431)
COMMIT
INSERT INTO FIVEWIDETABLE VALUES('2013-02-27 11:27:55.531000','','Good','Widgit',432)
COMMIT
INSERT INTO FIVEWIDETABLE VALUES('2013-02-27 11:27:55.531000','WindowsME_BROKE','Warning','flashyThing',433)
COMMIT
INSERT INTO FIVEWIDETABLE VALUES('2013-02-27 11:27:55.532000','Partial','Problem','Widgit',434)
COMMIT
INSERT INTO FIVEWIDETABLE VALUES('2013-02-27 11:27:55.532000','','Good','flashyThing',435)
COMMIT
INSERT INTO FIVEWIDETABLE VALUES('2013-02-27 11:27:55.532000','Partial','Warning','Widgit',436)
COMMIT
INSERT INTO FIVEWIDETABLE VALUES('2013-02-27 11:27:55.532000','WindowsME_BROKE','Problem','flashyThing',437)
COMMIT
INSERT INTO FIVEWIDETABLE VALUES('2013-02-27 11:27:55.532000','','Good','Widgit',438)
COMMIT
INSERT INTO FIVEWIDETABLE VALUES('2013-02-27 11:27:55.533000','WindowsME_BROKE','Warning','flashyThing',439)
COMMIT
INSERT INTO FIVEWIDETABLE VALUES('2013-02-27 11:27:55.533000','Partial','Problem','Widgit',440)
COMMIT
INSERT INTO FIVEWIDETABLE VALUES('2013-02-27 11:27:55.533000','','Good','flashyThing',441)
COMMIT
INSERT INTO FIVEWIDETABLE VALUES('2013-02-27 11:27:55.533000','Partial','Warning','Widgit',442)
COMMIT
INSERT INTO FIVEWIDETABLE VALUES('2013-02-27 11:27:55.533000','WindowsME_BROKE','Problem','flashyThing',443)
COMMIT
INSERT INTO FIVEWIDETABLE VALUES('2013-02-27 11:27:55.534000','','Good','Widgit',444)
COMMIT
INSERT INTO FIVEWIDETABLE VALUES('2013-02-27 11:27:55.534000','WindowsME_BROKE','Warning','flashyThing',445)
COMMIT
INSERT INTO FIVEWIDETABLE VALUES('2013-02-27 11:27:55.534000','Partial','Problem','Widgit',446)
COMMIT
INSERT INTO FIVEWIDETABLE VALUES('2013-02-27 11:27:55.534000','','Good','flashyThing',447)
COMMIT
INSERT INTO FIVEWIDETABLE VALUES('2013-02-27 11:27:55.534000','Partial','Warning','Widgit',448)
COMMIT
INSERT INTO FIVEWIDETABLE VALUES('2013-02-27 11:27:55.534000','WindowsME_BROKE','Problem','flashyThing',449)
COMMIT
INSERT INTO FIVEWIDETABLE VALUES('2013-02-27 11:27:55.535000','','Good','Widgit',450)
COMMIT
INSERT INTO FIVEWIDETABLE VALUES('2013-02-27 11:27:55.535000','WindowsME_BROKE','Warning','flashyThing',451)
COMMIT
INSERT INTO FIVEWIDETABLE VALUES('2013-02-27 11:27:55.535000','Partial','Problem','Widgit',452)
COMMIT
INSERT INTO FIVEWIDETABLE VALUES('2013-02-27 11:27:55.535000','','Good','flashyThing',453)
COMMIT
INSERT INTO FIVEWIDETABLE VALUES('2013-02-27 11:27:55.536000','Partial','Warning','Widgit',454)
COMMIT
INSERT INTO FIVEWIDETABLE VALUES('2013-02-27 11:27:55.536000','WindowsME_BROKE','Problem','flashyThing',455)
COMMIT
INSERT INTO FIVEWIDETABLE VALUES('2013-02-27 11:27:55.536000','','Good','Widgit',456)
COMMIT
INSERT INTO FIVEWIDETABLE VALUES('2013-02-27 11:27:55.536000','WindowsME_BROKE','Warning','flashyThing',457)
COMMIT
INSERT INTO FIVEWIDETABLE VALUES('2013-02-27 11:27:55.536000','Partial','Problem','Widgit',458)
COMMIT
INSERT INTO FIVEWIDETABLE VALUES('2013-02-27 11:27:55.536000','','Good','flashyThing',459)
COMMIT
INSERT INTO FIVEWIDETABLE VALUES('2013-02-27 11:27:55.537000','Partial','Warning','Widgit',460)
COMMIT
INSERT INTO FIVEWIDETABLE VALUES('2013-02-27 11:27:55.537000','WindowsME_BROKE','Problem','flashyThing',461)
COMMIT
INSERT INTO FIVEWIDETABLE VALUES('2013-02-27 11:27:55.537000','','Good','Widgit',462)
COMMIT
INSERT INTO FIVEWIDETABLE VALUES('2013-02-27 11:27:55.537000','WindowsME_BROKE','Warning','flashyThing',463)
COMMIT
INSERT INTO FIVEWIDETABLE VALUES('2013-02-27 11:27:55.537000','Partial','Problem','Widgit',464)
COMMIT
INSERT INTO FIVEWIDETABLE VALUES('2013-02-27 11:27:55.538000','','Good','flashyThing',465)
COMMIT
INSERT INTO FIVEWIDETABLE VALUES('2013-02-27 11:27:55.538000','Partial','Warning','Widgit',466)
COMMIT
INSERT INTO FIVEWIDETABLE VALUES('2013-02-27 11:27:55.538000','WindowsME_BROKE','Problem','flashyThing',467)
COMMIT
INSERT INTO FIVEWIDETABLE VALUES('2013-02-27 11:27:55.538000','','Good','Widgit',468)
COMMIT
INSERT INTO FIVEWIDETABLE VALUES('2013-02-27 11:27:55.538000','WindowsME_BROKE','Warning','flashyThing',469)
COMMIT
INSERT INTO FIVEWIDETABLE VALUES('2013-02-27 11:27:55.539000','Partial','Problem','Widgit',470)
COMMIT
INSERT INTO FIVEWIDETABLE VALUES('2013-02-27 11:27:55.539000','','Good','flashyThing',471)
COMMIT
INSERT INTO FIVEWIDETABLE VALUES('2013-02-27 11:27:55.539000','Partial','Warning','Widgit',472)
COMMIT
INSERT INTO FIVEWIDETABLE VALUES('2013-02-27 11:27:55.539000','WindowsME_BROKE','Problem','flashyThing',473)
COMMIT
INSERT INTO FIVEWIDETABLE VALUES('2013-02-27 11:27:55.540000','','Good','Widgit',474)
COMMIT
INSERT INTO FIVEWIDETABLE VALUES('2013-02-27 11:27:55.540000','WindowsME_BROKE','Warning','flashyThing',475)
COMMIT
INSERT INTO FIVEWIDETABLE VALUES('2013-02-27 11:27:55.540000','Partial','Problem','Widgit',476)
COMMIT
INSERT INTO FIVEWIDETABLE VALUES('2013-02-27 11:27:55.540000','','Good','flashyThing',477)
COMMIT
INSERT INTO FIVEWIDETABLE VALUES('2013-02-27 11:27:55.540000','Partial','Warning','Widgit',478)
COMMIT
INSERT INTO FIVEWIDETABLE VALUES('2013-02-27 11:27:55.540000','WindowsME_BROKE','Problem','flashyThing',479)
COMMIT
INSERT INTO FIVEWIDETABLE VALUES('2013-02-27 11:27:55.541000','','Good','Widgit',480)
COMMIT
INSERT INTO FIVEWIDETABLE VALUES('2013-02-27 11:27:55.541000','WindowsME_BROKE','Warning','flashyThing',481)
COMMIT
INSERT INTO FIVEWIDETABLE VALUES('2013-02-27 11:27:55.541000','Partial','Problem','Widgit',482)
COMMIT
INSERT INTO FIVEWIDETABLE VALUES('2013-02-27 11:27:55.541000','','Good','flashyThing',483)
COMMIT
INSERT INTO FIVEWIDETABLE VALUES('2013-02-27 11:27:55.541000','Partial','Warning','Widgit',484)
COMMIT
INSERT INTO FIVEWIDETABLE VALUES('2013-02-27 11:27:55.542000','WindowsME_BROKE','Problem','flashyThing',485)
COMMIT
INSERT INTO FIVEWIDETABLE VALUES('2013-02-27 11:27:55.542000','','Good','Widgit',486)
COMMIT
INSERT INTO FIVEWIDETABLE VALUES('2013-02-27 11:27:55.542000','WindowsME_BROKE','Warning','flashyThing',487)
COMMIT
INSERT INTO FIVEWIDETABLE VALUES('2013-02-27 11:27:55.542000','Partial','Problem','Widgit',488)
COMMIT
INSERT INTO FIVEWIDETABLE VALUES('2013-02-27 11:27:55.542000','','Good','flashyThing',489)
COMMIT
INSERT INTO FIVEWIDETABLE VALUES('2013-02-27 11:27:55.542000','Partial','Warning','Widgit',490)
COMMIT
INSERT INTO FIVEWIDETABLE VALUES('2013-02-27 11:27:55.543000','WindowsME_BROKE','Problem','flashyThing',491)
COMMIT
INSERT INTO FIVEWIDETABLE VALUES('2013-02-27 11:27:55.543000','','Good','Widgit',492)
COMMIT
INSERT INTO FIVEWIDETABLE VALUES('2013-02-27 11:27:55.543000','WindowsME_BROKE','Warning','flashyThing',493)
COMMIT
INSERT INTO FIVEWIDETABLE VALUES('2013-02-27 11:27:55.543000','Partial','Problem','Widgit',494)
COMMIT
INSERT INTO FIVEWIDETABLE VALUES('2013-02-27 11:27:55.543000','','Good','flashyThing',495)
COMMIT
INSERT INTO FIVEWIDETABLE VALUES('2013-02-27 11:27:55.544000','Partial','Warning','Widgit',496)
COMMIT
INSERT INTO FIVEWIDETABLE VALUES('2013-02-27 11:27:55.544000','WindowsME_BROKE','Problem','flashyThing',497)
COMMIT
INSERT INTO FIVEWIDETABLE VALUES('2013-02-27 11:27:55.544000','','Good','Widgit',498)
COMMIT
INSERT INTO FIVEWIDETABLE VALUES('2013-02-27 11:27:55.544000','WindowsME_BROKE','Warning','flashyThing',499)
COMMIT
INSERT INTO FIVEWIDETABLE VALUES('2013-02-27 11:27:55.544000','Partial','Problem','Widgit',500)
COMMIT
INSERT INTO FIVEWIDETABLE VALUES('2013-02-27 11:27:55.544000','','Good','flashyThing',501)
COMMIT
INSERT INTO FIVEWIDETABLE VALUES('2013-02-27 11:27:55.545000','Partial','Warning','Widgit',502)
COMMIT
INSERT INTO FIVEWIDETABLE VALUES('2013-02-27 11:27:55.545000','WindowsME_BROKE','Problem','flashyThing',503)
COMMIT
INSERT INTO FIVEWIDETABLE VALUES('2013-02-27 11:27:55.545000','','Good','Widgit',504)
COMMIT
INSERT INTO FIVEWIDETABLE VALUES('2013-02-27 11:27:55.545000','WindowsME_BROKE','Warning','flashyThing',505)
COMMIT
INSERT INTO FIVEWIDETABLE VALUES('2013-02-27 11:27:55.545000','Partial','Problem','Widgit',506)
COMMIT
INSERT INTO FIVEWIDETABLE VALUES('2013-02-27 11:27:55.546000','','Good','flashyThing',507)
COMMIT
INSERT INTO FIVEWIDETABLE VALUES('2013-02-27 11:27:55.546000','Partial','Warning','Widgit',508)
COMMIT
INSERT INTO FIVEWIDETABLE VALUES('2013-02-27 11:27:55.546000','WindowsME_BROKE','Problem','flashyThing',509)
COMMIT
INSERT INTO FIVEWIDETABLE VALUES('2013-02-27 11:27:55.546000','','Good','Widgit',510)
COMMIT
INSERT INTO FIVEWIDETABLE VALUES('2013-02-27 11:27:55.546000','WindowsME_BROKE','Warning','flashyThing',511)
COMMIT
INSERT INTO FIVEWIDETABLE VALUES('2013-02-27 11:27:55.546000','Partial','Problem','Widgit',512)
COMMIT
INSERT INTO FIVEWIDETABLE VALUES('2013-02-27 11:27:55.547000','','Good','flashyThing',513)
COMMIT
INSERT INTO FIVEWIDETABLE VALUES('2013-02-27 11:27:55.547000','Partial','Warning','Widgit',514)
COMMIT
INSERT INTO FIVEWIDETABLE VALUES('2013-02-27 11:27:55.547000','WindowsME_BROKE','Problem','flashyThing',515)
COMMIT
INSERT INTO FIVEWIDETABLE VALUES('2013-02-27 11:27:55.547000','','Good','Widgit',516)
COMMIT
INSERT INTO FIVEWIDETABLE VALUES('2013-02-27 11:27:55.547000','WindowsME_BROKE','Warning','flashyThing',517)
COMMIT
INSERT INTO FIVEWIDETABLE VALUES('2013-02-27 11:27:55.548000','Partial','Problem','Widgit',518)
COMMIT
INSERT INTO FIVEWIDETABLE VALUES('2013-02-27 11:27:55.548000','','Good','flashyThing',519)
COMMIT
INSERT INTO FIVEWIDETABLE VALUES('2013-02-27 11:27:55.548000','Partial','Warning','Widgit',520)
COMMIT
INSERT INTO FIVEWIDETABLE VALUES('2013-02-27 11:27:55.548000','WindowsME_BROKE','Problem','flashyThing',521)
COMMIT
INSERT INTO FIVEWIDETABLE VALUES('2013-02-27 11:27:55.548000','','Good','Widgit',522)
COMMIT
INSERT INTO FIVEWIDETABLE VALUES('2013-02-27 11:27:55.548000','WindowsME_BROKE','Warning','flashyThing',523)
COMMIT
INSERT INTO FIVEWIDETABLE VALUES('2013-02-27 11:27:55.549000','Partial','Problem','Widgit',524)
COMMIT
INSERT INTO FIVEWIDETABLE VALUES('2013-02-27 11:27:55.549000','','Good','flashyThing',525)
COMMIT
INSERT INTO FIVEWIDETABLE VALUES('2013-02-27 11:27:55.549000','Partial','Warning','Widgit',526)
COMMIT
INSERT INTO FIVEWIDETABLE VALUES('2013-02-27 11:27:55.549000','WindowsME_BROKE','Problem','flashyThing',527)
COMMIT
INSERT INTO FIVEWIDETABLE VALUES('2013-02-27 11:27:55.549000','','Good','Widgit',528)
COMMIT
INSERT INTO FIVEWIDETABLE VALUES('2013-02-27 11:27:55.550000','WindowsME_BROKE','Warning','flashyThing',529)
COMMIT
INSERT INTO FIVEWIDETABLE VALUES('2013-02-27 11:27:55.550000','Partial','Problem','Widgit',530)
COMMIT
INSERT INTO FIVEWIDETABLE VALUES('2013-02-27 11:27:55.550000','','Good','flashyThing',531)
COMMIT
INSERT INTO FIVEWIDETABLE VALUES('2013-02-27 11:27:55.550000','Partial','Warning','Widgit',532)
COMMIT
INSERT INTO FIVEWIDETABLE VALUES('2013-02-27 11:27:55.550000','WindowsME_BROKE','Problem','flashyThing',533)
COMMIT
INSERT INTO FIVEWIDETABLE VALUES('2013-02-27 11:27:55.550000','','Good','Widgit',534)
COMMIT
INSERT INTO FIVEWIDETABLE VALUES('2013-02-27 11:27:55.551000','WindowsME_BROKE','Warning','flashyThing',535)
COMMIT
INSERT INTO FIVEWIDETABLE VALUES('2013-02-27 11:27:55.551000','Partial','Problem','Widgit',536)
COMMIT
INSERT INTO FIVEWIDETABLE VALUES('2013-02-27 11:27:55.551000','','Good','flashyThing',537)
COMMIT
INSERT INTO FIVEWIDETABLE VALUES('2013-02-27 11:27:55.551000','Partial','Warning','Widgit',538)
COMMIT
INSERT INTO FIVEWIDETABLE VALUES('2013-02-27 11:27:55.551000','WindowsME_BROKE','Problem','flashyThing',539)
COMMIT
INSERT INTO FIVEWIDETABLE VALUES('2013-02-27 11:27:55.552000','','Good','Widgit',540)
COMMIT
INSERT INTO FIVEWIDETABLE VALUES('2013-02-27 11:27:55.552000','WindowsME_BROKE','Warning','flashyThing',541)
COMMIT
INSERT INTO FIVEWIDETABLE VALUES('2013-02-27 11:27:55.552000','Partial','Problem','Widgit',542)
COMMIT
INSERT INTO FIVEWIDETABLE VALUES('2013-02-27 11:27:55.552000','','Good','flashyThing',543)
COMMIT
INSERT INTO FIVEWIDETABLE VALUES('2013-02-27 11:27:55.552000','Partial','Warning','Widgit',544)
COMMIT
INSERT INTO FIVEWIDETABLE VALUES('2013-02-27 11:27:55.552000','WindowsME_BROKE','Problem','flashyThing',545)
COMMIT
INSERT INTO FIVEWIDETABLE VALUES('2013-02-27 11:27:55.553000','','Good','Widgit',546)
COMMIT
INSERT INTO FIVEWIDETABLE VALUES('2013-02-27 11:27:55.553000','WindowsME_BROKE','Warning','flashyThing',547)
COMMIT
INSERT INTO FIVEWIDETABLE VALUES('2013-02-27 11:27:55.553000','Partial','Problem','Widgit',548)
COMMIT
INSERT INTO FIVEWIDETABLE VALUES('2013-02-27 11:27:55.553000','','Good','flashyThing',549)
COMMIT
INSERT INTO FIVEWIDETABLE VALUES('2013-02-27 11:27:55.553000','Partial','Warning','Widgit',550)
COMMIT
INSERT INTO FIVEWIDETABLE VALUES('2013-02-27 11:27:55.554000','WindowsME_BROKE','Problem','flashyThing',551)
COMMIT
INSERT INTO FIVEWIDETABLE VALUES('2013-02-27 11:27:55.554000','','Good','Widgit',552)
COMMIT
INSERT INTO FIVEWIDETABLE VALUES('2013-02-27 11:27:55.554000','WindowsME_BROKE','Warning','flashyThing',553)
COMMIT
INSERT INTO FIVEWIDETABLE VALUES('2013-02-27 11:27:55.554000','Partial','Problem','Widgit',554)
COMMIT
INSERT INTO FIVEWIDETABLE VALUES('2013-02-27 11:27:55.554000','','Good','flashyThing',555)
COMMIT
INSERT INTO FIVEWIDETABLE VALUES('2013-02-27 11:27:55.555000','Partial','Warning','Widgit',556)
COMMIT
INSERT INTO FIVEWIDETABLE VALUES('2013-02-27 11:27:55.555000','WindowsME_BROKE','Problem','flashyThing',557)
COMMIT
INSERT INTO FIVEWIDETABLE VALUES('2013-02-27 11:27:55.555000','','Good','Widgit',558)
COMMIT
INSERT INTO FIVEWIDETABLE VALUES('2013-02-27 11:27:55.555000','WindowsME_BROKE','Warning','flashyThing',559)
COMMIT
INSERT INTO FIVEWIDETABLE VALUES('2013-02-27 11:27:55.555000','Partial','Problem','Widgit',560)
COMMIT
INSERT INTO FIVEWIDETABLE VALUES('2013-02-27 11:27:55.555000','','Good','flashyThing',561)
COMMIT
INSERT INTO FIVEWIDETABLE VALUES('2013-02-27 11:27:55.556000','Partial','Warning','Widgit',562)
COMMIT
INSERT INTO FIVEWIDETABLE VALUES('2013-02-27 11:27:55.556000','WindowsME_BROKE','Problem','flashyThing',563)
COMMIT
INSERT INTO FIVEWIDETABLE VALUES('2013-02-27 11:27:55.556000','','Good','Widgit',564)
COMMIT
INSERT INTO FIVEWIDETABLE VALUES('2013-02-27 11:27:55.556000','WindowsME_BROKE','Warning','flashyThing',565)
COMMIT
INSERT INTO FIVEWIDETABLE VALUES('2013-02-27 11:27:55.556000','Partial','Problem','Widgit',566)
COMMIT
INSERT INTO FIVEWIDETABLE VALUES('2013-02-27 11:27:55.557000','','Good','flashyThing',567)
COMMIT
INSERT INTO FIVEWIDETABLE VALUES('2013-02-27 11:27:55.557000','Partial','Warning','Widgit',568)
COMMIT
INSERT INTO FIVEWIDETABLE VALUES('2013-02-27 11:27:55.557000','WindowsME_BROKE','Problem','flashyThing',569)
COMMIT
INSERT INTO FIVEWIDETABLE VALUES('2013-02-27 11:27:55.557000','','Good','Widgit',570)
COMMIT
INSERT INTO FIVEWIDETABLE VALUES('2013-02-27 11:27:55.557000','WindowsME_BROKE','Warning','flashyThing',571)
COMMIT
INSERT INTO FIVEWIDETABLE VALUES('2013-02-27 11:27:55.557000','Partial','Problem','Widgit',572)
COMMIT
INSERT INTO FIVEWIDETABLE VALUES('2013-02-27 11:27:55.558000','','Good','flashyThing',573)
COMMIT
INSERT INTO FIVEWIDETABLE VALUES('2013-02-27 11:27:55.558000','Partial','Warning','Widgit',574)
COMMIT
INSERT INTO FIVEWIDETABLE VALUES('2013-02-27 11:27:55.558000','WindowsME_BROKE','Problem','flashyThing',575)
COMMIT
INSERT INTO FIVEWIDETABLE VALUES('2013-02-27 11:27:55.558000','','Good','Widgit',576)
COMMIT
INSERT INTO FIVEWIDETABLE VALUES('2013-02-27 11:27:55.558000','WindowsME_BROKE','Warning','flashyThing',577)
COMMIT
INSERT INTO FIVEWIDETABLE VALUES('2013-02-27 11:27:55.559000','Partial','Problem','Widgit',578)
COMMIT
INSERT INTO FIVEWIDETABLE VALUES('2013-02-27 11:27:55.559000','','Good','flashyThing',579)
COMMIT
INSERT INTO FIVEWIDETABLE VALUES('2013-02-27 11:27:55.559000','Partial','Warning','Widgit',580)
COMMIT
INSERT INTO FIVEWIDETABLE VALUES('2013-02-27 11:27:55.559000','WindowsME_BROKE','Problem','flashyThing',581)
COMMIT
INSERT INTO FIVEWIDETABLE VALUES('2013-02-27 11:27:55.559000','','Good','Widgit',582)
COMMIT
INSERT INTO FIVEWIDETABLE VALUES('2013-02-27 11:27:55.559000','WindowsME_BROKE','Warning','flashyThing',583)
COMMIT
INSERT INTO FIVEWIDETABLE VALUES('2013-02-27 11:27:55.560000','Partial','Problem','Widgit',584)
COMMIT
INSERT INTO FIVEWIDETABLE VALUES('2013-02-27 11:27:55.560000','','Good','flashyThing',585)
COMMIT
INSERT INTO FIVEWIDETABLE VALUES('2013-02-27 11:27:55.560000','Partial','Warning','Widgit',586)
COMMIT
INSERT INTO FIVEWIDETABLE VALUES('2013-02-27 11:27:55.560000','WindowsME_BROKE','Problem','flashyThing',587)
COMMIT
INSERT INTO FIVEWIDETABLE VALUES('2013-02-27 11:27:55.560000','','Good','Widgit',588)
COMMIT
INSERT INTO FIVEWIDETABLE VALUES('2013-02-27 11:27:55.561000','WindowsME_BROKE','Warning','flashyThing',589)
COMMIT
INSERT INTO FIVEWIDETABLE VALUES('2013-02-27 11:27:55.561000','Partial','Problem','Widgit',590)
COMMIT
INSERT INTO FIVEWIDETABLE VALUES('2013-02-27 11:27:55.561000','','Good','flashyThing',591)
COMMIT
INSERT INTO FIVEWIDETABLE VALUES('2013-02-27 11:27:55.561000','Partial','Warning','Widgit',592)
COMMIT
INSERT INTO FIVEWIDETABLE VALUES('2013-02-27 11:27:55.561000','WindowsME_BROKE','Problem','flashyThing',593)
COMMIT
INSERT INTO FIVEWIDETABLE VALUES('2013-02-27 11:27:55.561000','','Good','Widgit',594)
COMMIT
INSERT INTO FIVEWIDETABLE VALUES('2013-02-27 11:27:55.562000','WindowsME_BROKE','Warning','flashyThing',595)
COMMIT
INSERT INTO FIVEWIDETABLE VALUES('2013-02-27 11:27:55.562000','Partial','Problem','Widgit',596)
COMMIT
INSERT INTO FIVEWIDETABLE VALUES('2013-02-27 11:27:55.562000','','Good','flashyThing',597)
COMMIT
INSERT INTO FIVEWIDETABLE VALUES('2013-02-27 11:27:55.562000','Partial','Warning','Widgit',598)
COMMIT
INSERT INTO FIVEWIDETABLE VALUES('2013-02-27 11:27:55.562000','WindowsME_BROKE','Problem','flashyThing',599)
COMMIT
INSERT INTO FIVEWIDETABLE VALUES('2013-02-27 11:27:55.563000','','Good','Widgit',600)
COMMIT
INSERT INTO FIVEWIDETABLE VALUES('2013-02-27 11:27:55.563000','WindowsME_BROKE','Warning','flashyThing',601)
COMMIT
INSERT INTO FIVEWIDETABLE VALUES('2013-02-27 11:27:55.563000','Partial','Problem','Widgit',602)
COMMIT
INSERT INTO FIVEWIDETABLE VALUES('2013-02-27 11:27:55.563000','','Good','flashyThing',603)
COMMIT
INSERT INTO FIVEWIDETABLE VALUES('2013-02-27 11:27:55.563000','Partial','Warning','Widgit',604)
COMMIT
INSERT INTO FIVEWIDETABLE VALUES('2013-02-27 11:27:55.564000','WindowsME_BROKE','Problem','flashyThing',605)
COMMIT
INSERT INTO FIVEWIDETABLE VALUES('2013-02-27 11:27:55.564000','','Good','Widgit',606)
COMMIT
INSERT INTO FIVEWIDETABLE VALUES('2013-02-27 11:27:55.564000','WindowsME_BROKE','Warning','flashyThing',607)
COMMIT
INSERT INTO FIVEWIDETABLE VALUES('2013-02-27 11:27:55.564000','Partial','Problem','Widgit',608)
COMMIT
INSERT INTO FIVEWIDETABLE VALUES('2013-02-27 11:27:55.564000','','Good','flashyThing',609)
COMMIT
INSERT INTO FIVEWIDETABLE VALUES('2013-02-27 11:27:55.564000','Partial','Warning','Widgit',610)
COMMIT
INSERT INTO FIVEWIDETABLE VALUES('2013-02-27 11:27:55.565000','WindowsME_BROKE','Problem','flashyThing',611)
COMMIT
INSERT INTO FIVEWIDETABLE VALUES('2013-02-27 11:27:55.565000','','Good','Widgit',612)
COMMIT
INSERT INTO FIVEWIDETABLE VALUES('2013-02-27 11:27:55.565000','WindowsME_BROKE','Warning','flashyThing',613)
COMMIT
INSERT INTO FIVEWIDETABLE VALUES('2013-02-27 11:27:55.565000','Partial','Problem','Widgit',614)
COMMIT
INSERT INTO FIVEWIDETABLE VALUES('2013-02-27 11:27:55.565000','','Good','flashyThing',615)
COMMIT
INSERT INTO FIVEWIDETABLE VALUES('2013-02-27 11:27:55.566000','Partial','Warning','Widgit',616)
COMMIT
INSERT INTO FIVEWIDETABLE VALUES('2013-02-27 11:27:55.566000','WindowsME_BROKE','Problem','flashyThing',617)
COMMIT
INSERT INTO FIVEWIDETABLE VALUES('2013-02-27 11:27:55.566000','','Good','Widgit',618)
COMMIT
INSERT INTO FIVEWIDETABLE VALUES('2013-02-27 11:27:55.566000','WindowsME_BROKE','Warning','flashyThing',619)
COMMIT
INSERT INTO FIVEWIDETABLE VALUES('2013-02-27 11:27:55.566000','Partial','Problem','Widgit',620)
COMMIT
INSERT INTO FIVEWIDETABLE VALUES('2013-02-27 11:27:55.566000','','Good','flashyThing',621)
COMMIT
INSERT INTO FIVEWIDETABLE VALUES('2013-02-27 11:27:55.567000','Partial','Warning','Widgit',622)
COMMIT
INSERT INTO FIVEWIDETABLE VALUES('2013-02-27 11:27:55.567000','WindowsME_BROKE','Problem','flashyThing',623)
COMMIT
INSERT INTO FIVEWIDETABLE VALUES('2013-02-27 11:27:55.567000','','Good','Widgit',624)
COMMIT
INSERT INTO FIVEWIDETABLE VALUES('2013-02-27 11:27:55.567000','WindowsME_BROKE','Warning','flashyThing',625)
COMMIT
INSERT INTO FIVEWIDETABLE VALUES('2013-02-27 11:27:55.567000','Partial','Problem','Widgit',626)
COMMIT
INSERT INTO FIVEWIDETABLE VALUES('2013-02-27 11:27:55.568000','','Good','flashyThing',627)
COMMIT
INSERT INTO FIVEWIDETABLE VALUES('2013-02-27 11:27:55.568000','Partial','Warning','Widgit',628)
COMMIT
INSERT INTO FIVEWIDETABLE VALUES('2013-02-27 11:27:55.568000','WindowsME_BROKE','Problem','flashyThing',629)
COMMIT
INSERT INTO FIVEWIDETABLE VALUES('2013-02-27 11:27:55.568000','','Good','Widgit',630)
COMMIT
INSERT INTO FIVEWIDETABLE VALUES('2013-02-27 11:27:55.568000','WindowsME_BROKE','Warning','flashyThing',631)
COMMIT
INSERT INTO FIVEWIDETABLE VALUES('2013-02-27 11:27:55.569000','Partial','Problem','Widgit',632)
COMMIT
INSERT INTO FIVEWIDETABLE VALUES('2013-02-27 11:27:55.569000','','Good','flashyThing',633)
COMMIT
INSERT INTO FIVEWIDETABLE VALUES('2013-02-27 11:27:55.569000','Partial','Warning','Widgit',634)
COMMIT
INSERT INTO FIVEWIDETABLE VALUES('2013-02-27 11:27:55.569000','WindowsME_BROKE','Problem','flashyThing',635)
COMMIT
INSERT INTO FIVEWIDETABLE VALUES('2013-02-27 11:27:55.569000','','Good','Widgit',636)
COMMIT
INSERT INTO FIVEWIDETABLE VALUES('2013-02-27 11:27:55.569000','WindowsME_BROKE','Warning','flashyThing',637)
COMMIT
INSERT INTO FIVEWIDETABLE VALUES('2013-02-27 11:27:55.570000','Partial','Problem','Widgit',638)
COMMIT
INSERT INTO FIVEWIDETABLE VALUES('2013-02-27 11:27:55.570000','','Good','flashyThing',639)
COMMIT
INSERT INTO FIVEWIDETABLE VALUES('2013-02-27 11:27:55.570000','Partial','Warning','Widgit',640)
COMMIT
INSERT INTO FIVEWIDETABLE VALUES('2013-02-27 11:27:55.570000','WindowsME_BROKE','Problem','flashyThing',641)
COMMIT
INSERT INTO FIVEWIDETABLE VALUES('2013-02-27 11:27:55.570000','','Good','Widgit',642)
COMMIT
INSERT INTO FIVEWIDETABLE VALUES('2013-02-27 11:27:55.571000','WindowsME_BROKE','Warning','flashyThing',643)
COMMIT
INSERT INTO FIVEWIDETABLE VALUES('2013-02-27 11:27:55.571000','Partial','Problem','Widgit',644)
COMMIT
INSERT INTO FIVEWIDETABLE VALUES('2013-02-27 11:27:55.571000','','Good','flashyThing',645)
COMMIT
INSERT INTO FIVEWIDETABLE VALUES('2013-02-27 11:27:55.571000','Partial','Warning','Widgit',646)
COMMIT
INSERT INTO FIVEWIDETABLE VALUES('2013-02-27 11:27:55.571000','WindowsME_BROKE','Problem','flashyThing',647)
COMMIT
INSERT INTO FIVEWIDETABLE VALUES('2013-02-27 11:27:55.571000','','Good','Widgit',648)
COMMIT
INSERT INTO FIVEWIDETABLE VALUES('2013-02-27 11:27:55.572000','WindowsME_BROKE','Warning','flashyThing',649)
COMMIT
INSERT INTO FIVEWIDETABLE VALUES('2013-02-27 11:27:55.572000','Partial','Problem','Widgit',650)
COMMIT
INSERT INTO FIVEWIDETABLE VALUES('2013-02-27 11:27:55.572000','','Good','flashyThing',651)
COMMIT
INSERT INTO FIVEWIDETABLE VALUES('2013-02-27 11:27:55.572000','Partial','Warning','Widgit',652)
COMMIT
INSERT INTO FIVEWIDETABLE VALUES('2013-02-27 11:27:55.572000','WindowsME_BROKE','Problem','flashyThing',653)
COMMIT
INSERT INTO FIVEWIDETABLE VALUES('2013-02-27 11:27:55.573000','','Good','Widgit',654)
COMMIT
INSERT INTO FIVEWIDETABLE VALUES('2013-02-27 11:27:55.573000','WindowsME_BROKE','Warning','flashyThing',655)
COMMIT
INSERT INTO FIVEWIDETABLE VALUES('2013-02-27 11:27:55.573000','Partial','Problem','Widgit',656)
COMMIT
INSERT INTO FIVEWIDETABLE VALUES('2013-02-27 11:27:55.573000','','Good','flashyThing',657)
COMMIT
INSERT INTO FIVEWIDETABLE VALUES('2013-02-27 11:27:55.573000','Partial','Warning','Widgit',658)
COMMIT
INSERT INTO FIVEWIDETABLE VALUES('2013-02-27 11:27:55.573000','WindowsME_BROKE','Problem','flashyThing',659)
COMMIT
INSERT INTO FIVEWIDETABLE VALUES('2013-02-27 11:27:55.574000','','Good','Widgit',660)
COMMIT
INSERT INTO FIVEWIDETABLE VALUES('2013-02-27 11:27:55.574000','WindowsME_BROKE','Warning','flashyThing',661)
COMMIT
INSERT INTO FIVEWIDETABLE VALUES('2013-02-27 11:27:55.574000','Partial','Problem','Widgit',662)
COMMIT
INSERT INTO FIVEWIDETABLE VALUES('2013-02-27 11:27:55.574000','','Good','flashyThing',663)
COMMIT
INSERT INTO FIVEWIDETABLE VALUES('2013-02-27 11:27:55.574000','Partial','Warning','Widgit',664)
COMMIT
INSERT INTO FIVEWIDETABLE VALUES('2013-02-27 11:27:55.575000','WindowsME_BROKE','Problem','flashyThing',665)
COMMIT
INSERT INTO FIVEWIDETABLE VALUES('2013-02-27 11:27:55.575000','','Good','Widgit',666)
COMMIT
INSERT INTO FIVEWIDETABLE VALUES('2013-02-27 11:27:55.575000','WindowsME_BROKE','Warning','flashyThing',667)
COMMIT
INSERT INTO FIVEWIDETABLE VALUES('2013-02-27 11:27:55.575000','Partial','Problem','Widgit',668)
COMMIT
INSERT INTO FIVEWIDETABLE VALUES('2013-02-27 11:27:55.575000','','Good','flashyThing',669)
COMMIT
INSERT INTO FIVEWIDETABLE VALUES('2013-02-27 11:27:55.575000','Partial','Warning','Widgit',670)
COMMIT
INSERT INTO FIVEWIDETABLE VALUES('2013-02-27 11:27:55.576000','WindowsME_BROKE','Problem','flashyThing',671)
COMMIT
INSERT INTO FIVEWIDETABLE VALUES('2013-02-27 11:27:55.576000','','Good','Widgit',672)
COMMIT
INSERT INTO FIVEWIDETABLE VALUES('2013-02-27 11:27:55.576000','WindowsME_BROKE','Warning','flashyThing',673)
COMMIT
INSERT INTO FIVEWIDETABLE VALUES('2013-02-27 11:27:55.576000','Partial','Problem','Widgit',674)
COMMIT
INSERT INTO FIVEWIDETABLE VALUES('2013-02-27 11:27:55.576000','','Good','flashyThing',675)
COMMIT
INSERT INTO FIVEWIDETABLE VALUES('2013-02-27 11:27:55.576000','Partial','Warning','Widgit',676)
COMMIT
INSERT INTO FIVEWIDETABLE VALUES('2013-02-27 11:27:55.577000','WindowsME_BROKE','Problem','flashyThing',677)
COMMIT
INSERT INTO FIVEWIDETABLE VALUES('2013-02-27 11:27:55.577000','','Good','Widgit',678)
COMMIT
INSERT INTO FIVEWIDETABLE VALUES('2013-02-27 11:27:55.577000','WindowsME_BROKE','Warning','flashyThing',679)
COMMIT
INSERT INTO FIVEWIDETABLE VALUES('2013-02-27 11:27:55.577000','Partial','Problem','Widgit',680)
COMMIT
INSERT INTO FIVEWIDETABLE VALUES('2013-02-27 11:27:55.577000','','Good','flashyThing',681)
COMMIT
INSERT INTO FIVEWIDETABLE VALUES('2013-02-27 11:27:55.578000','Partial','Warning','Widgit',682)
COMMIT
INSERT INTO FIVEWIDETABLE VALUES('2013-02-27 11:27:55.578000','WindowsME_BROKE','Problem','flashyThing',683)
COMMIT
INSERT INTO FIVEWIDETABLE VALUES('2013-02-27 11:27:55.578000','','Good','Widgit',684)
COMMIT
INSERT INTO FIVEWIDETABLE VALUES('2013-02-27 11:27:55.578000','WindowsME_BROKE','Warning','flashyThing',685)
COMMIT
INSERT INTO FIVEWIDETABLE VALUES('2013-02-27 11:27:55.578000','Partial','Problem','Widgit',686)
COMMIT
INSERT INTO FIVEWIDETABLE VALUES('2013-02-27 11:27:55.578000','','Good','flashyThing',687)
COMMIT
INSERT INTO FIVEWIDETABLE VALUES('2013-02-27 11:27:55.579000','Partial','Warning','Widgit',688)
COMMIT
INSERT INTO FIVEWIDETABLE VALUES('2013-02-27 11:27:55.579000','WindowsME_BROKE','Problem','flashyThing',689)
COMMIT
INSERT INTO FIVEWIDETABLE VALUES('2013-02-27 11:27:55.579000','','Good','Widgit',690)
COMMIT
INSERT INTO FIVEWIDETABLE VALUES('2013-02-27 11:27:55.579000','WindowsME_BROKE','Warning','flashyThing',691)
COMMIT
INSERT INTO FIVEWIDETABLE VALUES('2013-02-27 11:27:55.579000','Partial','Problem','Widgit',692)
COMMIT
INSERT INTO FIVEWIDETABLE VALUES('2013-02-27 11:27:55.580000','','Good','flashyThing',693)
COMMIT
INSERT INTO FIVEWIDETABLE VALUES('2013-02-27 11:27:55.580000','Partial','Warning','Widgit',694)
COMMIT
INSERT INTO FIVEWIDETABLE VALUES('2013-02-27 11:27:55.580000','WindowsME_BROKE','Problem','flashyThing',695)
COMMIT
INSERT INTO FIVEWIDETABLE VALUES('2013-02-27 11:27:55.580000','','Good','Widgit',696)
COMMIT
INSERT INTO FIVEWIDETABLE VALUES('2013-02-27 11:27:55.580000','WindowsME_BROKE','Warning','flashyThing',697)
COMMIT
INSERT INTO FIVEWIDETABLE VALUES('2013-02-27 11:27:55.580000','Partial','Problem','Widgit',698)
COMMIT
INSERT INTO FIVEWIDETABLE VALUES('2013-02-27 11:27:55.581000','','Good','flashyThing',699)
COMMIT
INSERT INTO FIVEWIDETABLE VALUES('2013-02-27 11:27:55.581000','Partial','Warning','Widgit',700)
COMMIT
INSERT INTO FIVEWIDETABLE VALUES('2013-02-27 11:27:55.581000','WindowsME_BROKE','Problem','flashyThing',701)
COMMIT
INSERT INTO FIVEWIDETABLE VALUES('2013-02-27 11:27:55.581000','','Good','Widgit',702)
COMMIT
INSERT INTO FIVEWIDETABLE VALUES('2013-02-27 11:27:55.581000','WindowsME_BROKE','Warning','flashyThing',703)
COMMIT
INSERT INTO FIVEWIDETABLE VALUES('2013-02-27 11:27:55.581000','Partial','Problem','Widgit',704)
COMMIT
INSERT INTO FIVEWIDETABLE VALUES('2013-02-27 11:27:55.582000','','Good','flashyThing',705)
COMMIT
INSERT INTO FIVEWIDETABLE VALUES('2013-02-27 11:27:55.582000','Partial','Warning','Widgit',706)
COMMIT
INSERT INTO FIVEWIDETABLE VALUES('2013-02-27 11:27:55.582000','WindowsME_BROKE','Problem','flashyThing',707)
COMMIT
INSERT INTO FIVEWIDETABLE VALUES('2013-02-27 11:27:55.582000','','Good','Widgit',708)
COMMIT
INSERT INTO FIVEWIDETABLE VALUES('2013-02-27 11:27:55.582000','WindowsME_BROKE','Warning','flashyThing',709)
COMMIT
INSERT INTO FIVEWIDETABLE VALUES('2013-02-27 11:27:55.583000','Partial','Problem','Widgit',710)
COMMIT
INSERT INTO FIVEWIDETABLE VALUES('2013-02-27 11:27:55.583000','','Good','flashyThing',711)
COMMIT
INSERT INTO FIVEWIDETABLE VALUES('2013-02-27 11:27:55.583000','Partial','Warning','Widgit',712)
COMMIT
INSERT INTO FIVEWIDETABLE VALUES('2013-02-27 11:27:55.583000','WindowsME_BROKE','Problem','flashyThing',713)
COMMIT
INSERT INTO FIVEWIDETABLE VALUES('2013-02-27 11:27:55.583000','','Good','Widgit',714)
COMMIT
INSERT INTO FIVEWIDETABLE VALUES('2013-02-27 11:27:55.583000','WindowsME_BROKE','Warning','flashyThing',715)
COMMIT
INSERT INTO FIVEWIDETABLE VALUES('2013-02-27 11:27:55.584000','Partial','Problem','Widgit',716)
COMMIT
INSERT INTO FIVEWIDETABLE VALUES('2013-02-27 11:27:55.584000','','Good','flashyThing',717)
COMMIT
INSERT INTO FIVEWIDETABLE VALUES('2013-02-27 11:27:55.584000','Partial','Warning','Widgit',718)
COMMIT
INSERT INTO FIVEWIDETABLE VALUES('2013-02-27 11:27:55.584000','WindowsME_BROKE','Problem','flashyThing',719)
COMMIT
INSERT INTO FIVEWIDETABLE VALUES('2013-02-27 11:27:55.584000','','Good','Widgit',720)
COMMIT
INSERT INTO FIVEWIDETABLE VALUES('2013-02-27 11:27:55.584000','WindowsME_BROKE','Warning','flashyThing',721)
COMMIT
INSERT INTO FIVEWIDETABLE VALUES('2013-02-27 11:27:55.585000','Partial','Problem','Widgit',722)
COMMIT
INSERT INTO FIVEWIDETABLE VALUES('2013-02-27 11:27:55.585000','','Good','flashyThing',723)
COMMIT
INSERT INTO FIVEWIDETABLE VALUES('2013-02-27 11:27:55.585000','Partial','Warning','Widgit',724)
COMMIT
INSERT INTO FIVEWIDETABLE VALUES('2013-02-27 11:27:55.585000','WindowsME_BROKE','Problem','flashyThing',725)
COMMIT
INSERT INTO FIVEWIDETABLE VALUES('2013-02-27 11:27:55.585000','','Good','Widgit',726)
COMMIT
INSERT INTO FIVEWIDETABLE VALUES('2013-02-27 11:27:55.586000','WindowsME_BROKE','Warning','flashyThing',727)
COMMIT
INSERT INTO FIVEWIDETABLE VALUES('2013-02-27 11:27:55.586000','Partial','Problem','Widgit',728)
COMMIT
INSERT INTO FIVEWIDETABLE VALUES('2013-02-27 11:27:55.586000','','Good','flashyThing',729)
COMMIT
INSERT INTO FIVEWIDETABLE VALUES('2013-02-27 11:27:55.586000','Partial','Warning','Widgit',730)
COMMIT
INSERT INTO FIVEWIDETABLE VALUES('2013-02-27 11:27:55.586000','WindowsME_BROKE','Problem','flashyThing',731)
COMMIT
INSERT INTO FIVEWIDETABLE VALUES('2013-02-27 11:27:55.586000','','Good','Widgit',732)
COMMIT
INSERT INTO FIVEWIDETABLE VALUES('2013-02-27 11:27:55.587000','WindowsME_BROKE','Warning','flashyThing',733)
COMMIT
INSERT INTO FIVEWIDETABLE VALUES('2013-02-27 11:27:55.587000','Partial','Problem','Widgit',734)
COMMIT
INSERT INTO FIVEWIDETABLE VALUES('2013-02-27 11:27:55.587000','','Good','flashyThing',735)
COMMIT
INSERT INTO FIVEWIDETABLE VALUES('2013-02-27 11:27:55.587000','Partial','Warning','Widgit',736)
COMMIT
INSERT INTO FIVEWIDETABLE VALUES('2013-02-27 11:27:55.587000','WindowsME_BROKE','Problem','flashyThing',737)
COMMIT
INSERT INTO FIVEWIDETABLE VALUES('2013-02-27 11:27:55.588000','','Good','Widgit',738)
COMMIT
INSERT INTO FIVEWIDETABLE VALUES('2013-02-27 11:27:55.588000','WindowsME_BROKE','Warning','flashyThing',739)
COMMIT
INSERT INTO FIVEWIDETABLE VALUES('2013-02-27 11:27:55.588000','Partial','Problem','Widgit',740)
COMMIT
INSERT INTO FIVEWIDETABLE VALUES('2013-02-27 11:27:55.588000','','Good','flashyThing',741)
COMMIT
INSERT INTO FIVEWIDETABLE VALUES('2013-02-27 11:27:55.588000','Partial','Warning','Widgit',742)
COMMIT
INSERT INTO FIVEWIDETABLE VALUES('2013-02-27 11:27:55.588000','WindowsME_BROKE','Problem','flashyThing',743)
COMMIT
INSERT INTO FIVEWIDETABLE VALUES('2013-02-27 11:27:55.589000','','Good','Widgit',744)
COMMIT
INSERT INTO FIVEWIDETABLE VALUES('2013-02-27 11:27:55.589000','WindowsME_BROKE','Warning','flashyThing',745)
COMMIT
INSERT INTO FIVEWIDETABLE VALUES('2013-02-27 11:27:55.589000','Partial','Problem','Widgit',746)
COMMIT
INSERT INTO FIVEWIDETABLE VALUES('2013-02-27 11:27:55.589000','','Good','flashyThing',747)
COMMIT
INSERT INTO FIVEWIDETABLE VALUES('2013-02-27 11:27:55.589000','Partial','Warning','Widgit',748)
COMMIT
INSERT INTO FIVEWIDETABLE VALUES('2013-02-27 11:27:55.589000','WindowsME_BROKE','Problem','flashyThing',749)
COMMIT
INSERT INTO FIVEWIDETABLE VALUES('2013-02-27 11:27:55.590000','','Good','Widgit',750)
COMMIT
INSERT INTO FIVEWIDETABLE VALUES('2013-02-27 11:27:55.590000','WindowsME_BROKE','Warning','flashyThing',751)
COMMIT
INSERT INTO FIVEWIDETABLE VALUES('2013-02-27 11:27:55.590000','Partial','Problem','Widgit',752)
COMMIT
INSERT INTO FIVEWIDETABLE VALUES('2013-02-27 11:27:55.590000','','Good','flashyThing',753)
COMMIT
INSERT INTO FIVEWIDETABLE VALUES('2013-02-27 11:27:55.590000','Partial','Warning','Widgit',754)
COMMIT
INSERT INTO FIVEWIDETABLE VALUES('2013-02-27 11:27:55.590000','WindowsME_BROKE','Problem','flashyThing',755)
COMMIT
INSERT INTO FIVEWIDETABLE VALUES('2013-02-27 11:27:55.591000','','Good','Widgit',756)
COMMIT
INSERT INTO FIVEWIDETABLE VALUES('2013-02-27 11:27:55.591000','WindowsME_BROKE','Warning','flashyThing',757)
COMMIT
INSERT INTO FIVEWIDETABLE VALUES('2013-02-27 11:27:55.591000','Partial','Problem','Widgit',758)
COMMIT
INSERT INTO FIVEWIDETABLE VALUES('2013-02-27 11:27:55.591000','','Good','flashyThing',759)
COMMIT
INSERT INTO FIVEWIDETABLE VALUES('2013-02-27 11:27:55.591000','Partial','Warning','Widgit',760)
COMMIT
INSERT INTO FIVEWIDETABLE VALUES('2013-02-27 11:27:55.592000','WindowsME_BROKE','Problem','flashyThing',761)
COMMIT
INSERT INTO FIVEWIDETABLE VALUES('2013-02-27 11:27:55.592000','','Good','Widgit',762)
COMMIT
INSERT INTO FIVEWIDETABLE VALUES('2013-02-27 11:27:55.592000','WindowsME_BROKE','Warning','flashyThing',763)
COMMIT
INSERT INTO FIVEWIDETABLE VALUES('2013-02-27 11:27:55.592000','Partial','Problem','Widgit',764)
COMMIT
INSERT INTO FIVEWIDETABLE VALUES('2013-02-27 11:27:55.592000','','Good','flashyThing',765)
COMMIT
INSERT INTO FIVEWIDETABLE VALUES('2013-02-27 11:27:55.593000','Partial','Warning','Widgit',766)
COMMIT
INSERT INTO FIVEWIDETABLE VALUES('2013-02-27 11:27:55.593000','WindowsME_BROKE','Problem','flashyThing',767)
COMMIT
INSERT INTO FIVEWIDETABLE VALUES('2013-02-27 11:27:55.593000','','Good','Widgit',768)
COMMIT
INSERT INTO FIVEWIDETABLE VALUES('2013-02-27 11:27:55.593000','WindowsME_BROKE','Warning','flashyThing',769)
COMMIT
INSERT INTO FIVEWIDETABLE VALUES('2013-02-27 11:27:55.593000','Partial','Problem','Widgit',770)
COMMIT
INSERT INTO FIVEWIDETABLE VALUES('2013-02-27 11:27:55.593000','','Good','flashyThing',771)
COMMIT
INSERT INTO FIVEWIDETABLE VALUES('2013-02-27 11:27:55.594000','Partial','Warning','Widgit',772)
COMMIT
INSERT INTO FIVEWIDETABLE VALUES('2013-02-27 11:27:55.594000','WindowsME_BROKE','Problem','flashyThing',773)
COMMIT
INSERT INTO FIVEWIDETABLE VALUES('2013-02-27 11:27:55.594000','','Good','Widgit',774)
COMMIT
INSERT INTO FIVEWIDETABLE VALUES('2013-02-27 11:27:55.594000','WindowsME_BROKE','Warning','flashyThing',775)
COMMIT
INSERT INTO FIVEWIDETABLE VALUES('2013-02-27 11:27:55.594000','Partial','Problem','Widgit',776)
COMMIT
INSERT INTO FIVEWIDETABLE VALUES('2013-02-27 11:27:55.595000','','Good','flashyThing',777)
COMMIT
INSERT INTO FIVEWIDETABLE VALUES('2013-02-27 11:27:55.595000','Partial','Warning','Widgit',778)
COMMIT
INSERT INTO FIVEWIDETABLE VALUES('2013-02-27 11:27:55.595000','WindowsME_BROKE','Problem','flashyThing',779)
COMMIT
INSERT INTO FIVEWIDETABLE VALUES('2013-02-27 11:27:55.595000','','Good','Widgit',780)
COMMIT
INSERT INTO FIVEWIDETABLE VALUES('2013-02-27 11:27:55.595000','WindowsME_BROKE','Warning','flashyThing',781)
COMMIT
INSERT INTO FIVEWIDETABLE VALUES('2013-02-27 11:27:55.595000','Partial','Problem','Widgit',782)
COMMIT
INSERT INTO FIVEWIDETABLE VALUES('2013-02-27 11:27:55.596000','','Good','flashyThing',783)
COMMIT
INSERT INTO FIVEWIDETABLE VALUES('2013-02-27 11:27:55.596000','Partial','Warning','Widgit',784)
COMMIT
INSERT INTO FIVEWIDETABLE VALUES('2013-02-27 11:27:55.596000','WindowsME_BROKE','Problem','flashyThing',785)
COMMIT
INSERT INTO FIVEWIDETABLE VALUES('2013-02-27 11:27:55.596000','','Good','Widgit',786)
COMMIT
INSERT INTO FIVEWIDETABLE VALUES('2013-02-27 11:27:55.596000','WindowsME_BROKE','Warning','flashyThing',787)
COMMIT
INSERT INTO FIVEWIDETABLE VALUES('2013-02-27 11:27:55.596000','Partial','Problem','Widgit',788)
COMMIT
INSERT INTO FIVEWIDETABLE VALUES('2013-02-27 11:27:55.597000','','Good','flashyThing',789)
COMMIT
INSERT INTO FIVEWIDETABLE VALUES('2013-02-27 11:27:55.597000','Partial','Warning','Widgit',790)
COMMIT
INSERT INTO FIVEWIDETABLE VALUES('2013-02-27 11:27:55.597000','WindowsME_BROKE','Problem','flashyThing',791)
COMMIT
INSERT INTO FIVEWIDETABLE VALUES('2013-02-27 11:27:55.597000','','Good','Widgit',792)
COMMIT
INSERT INTO FIVEWIDETABLE VALUES('2013-02-27 11:27:55.597000','WindowsME_BROKE','Warning','flashyThing',793)
COMMIT
INSERT INTO FIVEWIDETABLE VALUES('2013-02-27 11:27:55.597000','Partial','Problem','Widgit',794)
COMMIT
INSERT INTO FIVEWIDETABLE VALUES('2013-02-27 11:27:55.598000','','Good','flashyThing',795)
COMMIT
INSERT INTO FIVEWIDETABLE VALUES('2013-02-27 11:27:55.598000','Partial','Warning','Widgit',796)
COMMIT
INSERT INTO FIVEWIDETABLE VALUES('2013-02-27 11:27:55.598000','WindowsME_BROKE','Problem','flashyThing',797)
COMMIT
INSERT INTO FIVEWIDETABLE VALUES('2013-02-27 11:27:55.598000','','Good','Widgit',798)
COMMIT
INSERT INTO FIVEWIDETABLE VALUES('2013-02-27 11:27:55.598000','WindowsME_BROKE','Warning','flashyThing',799)
COMMIT
INSERT INTO FIVEWIDETABLE VALUES('2013-02-27 11:27:55.599000','Partial','Problem','Widgit',800)
COMMIT
INSERT INTO FIVEWIDETABLE VALUES('2013-02-27 11:27:55.599000','','Good','flashyThing',801)
COMMIT
INSERT INTO FIVEWIDETABLE VALUES('2013-02-27 11:27:55.599000','Partial','Warning','Widgit',802)
COMMIT
INSERT INTO FIVEWIDETABLE VALUES('2013-02-27 11:27:55.599000','WindowsME_BROKE','Problem','flashyThing',803)
COMMIT
INSERT INTO FIVEWIDETABLE VALUES('2013-02-27 11:27:55.599000','','Good','Widgit',804)
COMMIT
INSERT INTO FIVEWIDETABLE VALUES('2013-02-27 11:27:55.600000','WindowsME_BROKE','Warning','flashyThing',805)
COMMIT
INSERT INTO FIVEWIDETABLE VALUES('2013-02-27 11:27:55.600000','Partial','Problem','Widgit',806)
COMMIT
INSERT INTO FIVEWIDETABLE VALUES('2013-02-27 11:27:55.600000','','Good','flashyThing',807)
COMMIT
INSERT INTO FIVEWIDETABLE VALUES('2013-02-27 11:27:55.600000','Partial','Warning','Widgit',808)
COMMIT
INSERT INTO FIVEWIDETABLE VALUES('2013-02-27 11:27:55.600000','WindowsME_BROKE','Problem','flashyThing',809)
COMMIT
INSERT INTO FIVEWIDETABLE VALUES('2013-02-27 11:27:55.600000','','Good','Widgit',810)
COMMIT
INSERT INTO FIVEWIDETABLE VALUES('2013-02-27 11:27:55.601000','WindowsME_BROKE','Warning','flashyThing',811)
COMMIT
INSERT INTO FIVEWIDETABLE VALUES('2013-02-27 11:27:55.601000','Partial','Problem','Widgit',812)
COMMIT
INSERT INTO FIVEWIDETABLE VALUES('2013-02-27 11:27:55.601000','','Good','flashyThing',813)
COMMIT
INSERT INTO FIVEWIDETABLE VALUES('2013-02-27 11:27:55.601000','Partial','Warning','Widgit',814)
COMMIT
INSERT INTO FIVEWIDETABLE VALUES('2013-02-27 11:27:55.601000','WindowsME_BROKE','Problem','flashyThing',815)
COMMIT
INSERT INTO FIVEWIDETABLE VALUES('2013-02-27 11:27:55.602000','','Good','Widgit',816)
COMMIT
INSERT INTO FIVEWIDETABLE VALUES('2013-02-27 11:27:55.602000','WindowsME_BROKE','Warning','flashyThing',817)
COMMIT
INSERT INTO FIVEWIDETABLE VALUES('2013-02-27 11:27:55.602000','Partial','Problem','Widgit',818)
COMMIT
INSERT INTO FIVEWIDETABLE VALUES('2013-02-27 11:27:55.602000','','Good','flashyThing',819)
COMMIT
INSERT INTO FIVEWIDETABLE VALUES('2013-02-27 11:27:55.602000','Partial','Warning','Widgit',820)
COMMIT
INSERT INTO FIVEWIDETABLE VALUES('2013-02-27 11:27:55.602000','WindowsME_BROKE','Problem','flashyThing',821)
COMMIT
INSERT INTO FIVEWIDETABLE VALUES('2013-02-27 11:27:55.603000','','Good','Widgit',822)
COMMIT
INSERT INTO FIVEWIDETABLE VALUES('2013-02-27 11:27:55.603000','WindowsME_BROKE','Warning','flashyThing',823)
COMMIT
INSERT INTO FIVEWIDETABLE VALUES('2013-02-27 11:27:55.603000','Partial','Problem','Widgit',824)
COMMIT
INSERT INTO FIVEWIDETABLE VALUES('2013-02-27 11:27:55.603000','','Good','flashyThing',825)
COMMIT
INSERT INTO FIVEWIDETABLE VALUES('2013-02-27 11:27:55.603000','Partial','Warning','Widgit',826)
COMMIT
INSERT INTO FIVEWIDETABLE VALUES('2013-02-27 11:27:55.603000','WindowsME_BROKE','Problem','flashyThing',827)
COMMIT
INSERT INTO FIVEWIDETABLE VALUES('2013-02-27 11:27:55.604000','','Good','Widgit',828)
COMMIT
INSERT INTO FIVEWIDETABLE VALUES('2013-02-27 11:27:55.604000','WindowsME_BROKE','Warning','flashyThing',829)
COMMIT
INSERT INTO FIVEWIDETABLE VALUES('2013-02-27 11:27:55.604000','Partial','Problem','Widgit',830)
COMMIT
INSERT INTO FIVEWIDETABLE VALUES('2013-02-27 11:27:55.604000','','Good','flashyThing',831)
COMMIT
INSERT INTO FIVEWIDETABLE VALUES('2013-02-27 11:27:55.604000','Partial','Warning','Widgit',832)
COMMIT
INSERT INTO FIVEWIDETABLE VALUES('2013-02-27 11:27:55.604000','WindowsME_BROKE','Problem','flashyThing',833)
COMMIT
INSERT INTO FIVEWIDETABLE VALUES('2013-02-27 11:27:55.605000','','Good','Widgit',834)
COMMIT
INSERT INTO FIVEWIDETABLE VALUES('2013-02-27 11:27:55.605000','WindowsME_BROKE','Warning','flashyThing',835)
COMMIT
INSERT INTO FIVEWIDETABLE VALUES('2013-02-27 11:27:55.605000','Partial','Problem','Widgit',836)
COMMIT
INSERT INTO FIVEWIDETABLE VALUES('2013-02-27 11:27:55.605000','','Good','flashyThing',837)
COMMIT
INSERT INTO FIVEWIDETABLE VALUES('2013-02-27 11:27:55.605000','Partial','Warning','Widgit',838)
COMMIT
INSERT INTO FIVEWIDETABLE VALUES('2013-02-27 11:27:55.606000','WindowsME_BROKE','Problem','flashyThing',839)
COMMIT
INSERT INTO FIVEWIDETABLE VALUES('2013-02-27 11:27:55.606000','','Good','Widgit',840)
COMMIT
INSERT INTO FIVEWIDETABLE VALUES('2013-02-27 11:27:55.606000','WindowsME_BROKE','Warning','flashyThing',841)
COMMIT
INSERT INTO FIVEWIDETABLE VALUES('2013-02-27 11:27:55.606000','Partial','Problem','Widgit',842)
COMMIT
INSERT INTO FIVEWIDETABLE VALUES('2013-02-27 11:27:55.606000','','Good','flashyThing',843)
COMMIT
INSERT INTO FIVEWIDETABLE VALUES('2013-02-27 11:27:55.606000','Partial','Warning','Widgit',844)
COMMIT
INSERT INTO FIVEWIDETABLE VALUES('2013-02-27 11:27:55.607000','WindowsME_BROKE','Problem','flashyThing',845)
COMMIT
INSERT INTO FIVEWIDETABLE VALUES('2013-02-27 11:27:55.607000','','Good','Widgit',846)
COMMIT
INSERT INTO FIVEWIDETABLE VALUES('2013-02-27 11:27:55.607000','WindowsME_BROKE','Warning','flashyThing',847)
COMMIT
INSERT INTO FIVEWIDETABLE VALUES('2013-02-27 11:27:55.607000','Partial','Problem','Widgit',848)
COMMIT
INSERT INTO FIVEWIDETABLE VALUES('2013-02-27 11:27:55.607000','','Good','flashyThing',849)
COMMIT
INSERT INTO FIVEWIDETABLE VALUES('2013-02-27 11:27:55.607000','Partial','Warning','Widgit',850)
COMMIT
INSERT INTO FIVEWIDETABLE VALUES('2013-02-27 11:27:55.608000','WindowsME_BROKE','Problem','flashyThing',851)
COMMIT
INSERT INTO FIVEWIDETABLE VALUES('2013-02-27 11:27:55.608000','','Good','Widgit',852)
COMMIT
INSERT INTO FIVEWIDETABLE VALUES('2013-02-27 11:27:55.608000','WindowsME_BROKE','Warning','flashyThing',853)
COMMIT
INSERT INTO FIVEWIDETABLE VALUES('2013-02-27 11:27:55.608000','Partial','Problem','Widgit',854)
COMMIT
INSERT INTO FIVEWIDETABLE VALUES('2013-02-27 11:27:55.608000','','Good','flashyThing',855)
COMMIT
INSERT INTO FIVEWIDETABLE VALUES('2013-02-27 11:27:55.608000','Partial','Warning','Widgit',856)
COMMIT
INSERT INTO FIVEWIDETABLE VALUES('2013-02-27 11:27:55.609000','WindowsME_BROKE','Problem','flashyThing',857)
COMMIT
INSERT INTO FIVEWIDETABLE VALUES('2013-02-27 11:27:55.609000','','Good','Widgit',858)
COMMIT
INSERT INTO FIVEWIDETABLE VALUES('2013-02-27 11:27:55.609000','WindowsME_BROKE','Warning','flashyThing',859)
COMMIT
INSERT INTO FIVEWIDETABLE VALUES('2013-02-27 11:27:55.609000','Partial','Problem','Widgit',860)
COMMIT
INSERT INTO FIVEWIDETABLE VALUES('2013-02-27 11:27:55.609000','','Good','flashyThing',861)
COMMIT
INSERT INTO FIVEWIDETABLE VALUES('2013-02-27 11:27:55.609000','Partial','Warning','Widgit',862)
COMMIT
INSERT INTO FIVEWIDETABLE VALUES('2013-02-27 11:27:55.610000','WindowsME_BROKE','Problem','flashyThing',863)
COMMIT
INSERT INTO FIVEWIDETABLE VALUES('2013-02-27 11:27:55.610000','','Good','Widgit',864)
COMMIT
INSERT INTO FIVEWIDETABLE VALUES('2013-02-27 11:27:55.610000','WindowsME_BROKE','Warning','flashyThing',865)
COMMIT
INSERT INTO FIVEWIDETABLE VALUES('2013-02-27 11:27:55.610000','Partial','Problem','Widgit',866)
COMMIT
INSERT INTO FIVEWIDETABLE VALUES('2013-02-27 11:27:55.610000','','Good','flashyThing',867)
COMMIT
INSERT INTO FIVEWIDETABLE VALUES('2013-02-27 11:27:55.611000','Partial','Warning','Widgit',868)
COMMIT
INSERT INTO FIVEWIDETABLE VALUES('2013-02-27 11:27:55.611000','WindowsME_BROKE','Problem','flashyThing',869)
COMMIT
INSERT INTO FIVEWIDETABLE VALUES('2013-02-27 11:27:55.611000','','Good','Widgit',870)
COMMIT
INSERT INTO FIVEWIDETABLE VALUES('2013-02-27 11:27:55.611000','WindowsME_BROKE','Warning','flashyThing',871)
COMMIT
INSERT INTO FIVEWIDETABLE VALUES('2013-02-27 11:27:55.611000','Partial','Problem','Widgit',872)
COMMIT
INSERT INTO FIVEWIDETABLE VALUES('2013-02-27 11:27:55.611000','','Good','flashyThing',873)
COMMIT
INSERT INTO FIVEWIDETABLE VALUES('2013-02-27 11:27:55.612000','Partial','Warning','Widgit',874)
COMMIT
INSERT INTO FIVEWIDETABLE VALUES('2013-02-27 11:27:55.612000','WindowsME_BROKE','Problem','flashyThing',875)
COMMIT
INSERT INTO FIVEWIDETABLE VALUES('2013-02-27 11:27:55.612000','','Good','Widgit',876)
COMMIT
INSERT INTO FIVEWIDETABLE VALUES('2013-02-27 11:27:55.612000','WindowsME_BROKE','Warning','flashyThing',877)
COMMIT
INSERT INTO FIVEWIDETABLE VALUES('2013-02-27 11:27:55.612000','Partial','Problem','Widgit',878)
COMMIT
INSERT INTO FIVEWIDETABLE VALUES('2013-02-27 11:27:55.612000','','Good','flashyThing',879)
COMMIT
INSERT INTO FIVEWIDETABLE VALUES('2013-02-27 11:27:55.613000','Partial','Warning','Widgit',880)
COMMIT
INSERT INTO FIVEWIDETABLE VALUES('2013-02-27 11:27:55.613000','WindowsME_BROKE','Problem','flashyThing',881)
COMMIT
INSERT INTO FIVEWIDETABLE VALUES('2013-02-27 11:27:55.613000','','Good','Widgit',882)
COMMIT
INSERT INTO FIVEWIDETABLE VALUES('2013-02-27 11:27:55.613000','WindowsME_BROKE','Warning','flashyThing',883)
COMMIT
INSERT INTO FIVEWIDETABLE VALUES('2013-02-27 11:27:55.613000','Partial','Problem','Widgit',884)
COMMIT
INSERT INTO FIVEWIDETABLE VALUES('2013-02-27 11:27:55.613000','','Good','flashyThing',885)
COMMIT
INSERT INTO FIVEWIDETABLE VALUES('2013-02-27 11:27:55.614000','Partial','Warning','Widgit',886)
COMMIT
INSERT INTO FIVEWIDETABLE VALUES('2013-02-27 11:27:55.614000','WindowsME_BROKE','Problem','flashyThing',887)
COMMIT
INSERT INTO FIVEWIDETABLE VALUES('2013-02-27 11:27:55.614000','','Good','Widgit',888)
COMMIT
INSERT INTO FIVEWIDETABLE VALUES('2013-02-27 11:27:55.614000','WindowsME_BROKE','Warning','flashyThing',889)
COMMIT
INSERT INTO FIVEWIDETABLE VALUES('2013-02-27 11:27:55.614000','Partial','Problem','Widgit',890)
COMMIT
INSERT INTO FIVEWIDETABLE VALUES('2013-02-27 11:27:55.615000','','Good','flashyThing',891)
COMMIT
INSERT INTO FIVEWIDETABLE VALUES('2013-02-27 11:27:55.615000','Partial','Warning','Widgit',892)
COMMIT
INSERT INTO FIVEWIDETABLE VALUES('2013-02-27 11:27:55.615000','WindowsME_BROKE','Problem','flashyThing',893)
COMMIT
INSERT INTO FIVEWIDETABLE VALUES('2013-02-27 11:27:55.615000','','Good','Widgit',894)
COMMIT
INSERT INTO FIVEWIDETABLE VALUES('2013-02-27 11:27:55.615000','WindowsME_BROKE','Warning','flashyThing',895)
COMMIT
INSERT INTO FIVEWIDETABLE VALUES('2013-02-27 11:27:55.615000','Partial','Problem','Widgit',896)
COMMIT
INSERT INTO FIVEWIDETABLE VALUES('2013-02-27 11:27:55.616000','','Good','flashyThing',897)
COMMIT
INSERT INTO FIVEWIDETABLE VALUES('2013-02-27 11:27:55.616000','Partial','Warning','Widgit',898)
COMMIT
INSERT INTO FIVEWIDETABLE VALUES('2013-02-27 11:27:55.616000','WindowsME_BROKE','Problem','flashyThing',899)
COMMIT
INSERT INTO FIVEWIDETABLE VALUES('2013-02-27 11:27:55.616000','','Good','Widgit',900)
COMMIT
INSERT INTO FIVEWIDETABLE VALUES('2013-02-27 11:27:55.616000','WindowsME_BROKE','Warning','flashyThing',901)
COMMIT
INSERT INTO FIVEWIDETABLE VALUES('2013-02-27 11:27:55.616000','Partial','Problem','Widgit',902)
COMMIT
INSERT INTO FIVEWIDETABLE VALUES('2013-02-27 11:27:55.617000','','Good','flashyThing',903)
COMMIT
INSERT INTO FIVEWIDETABLE VALUES('2013-02-27 11:27:55.617000','Partial','Warning','Widgit',904)
COMMIT
INSERT INTO FIVEWIDETABLE VALUES('2013-02-27 11:27:55.617000','WindowsME_BROKE','Problem','flashyThing',905)
COMMIT
INSERT INTO FIVEWIDETABLE VALUES('2013-02-27 11:27:55.617000','','Good','Widgit',906)
COMMIT
INSERT INTO FIVEWIDETABLE VALUES('2013-02-27 11:27:55.617000','WindowsME_BROKE','Warning','flashyThing',907)
COMMIT
INSERT INTO FIVEWIDETABLE VALUES('2013-02-27 11:27:55.617000','Partial','Problem','Widgit',908)
COMMIT
INSERT INTO FIVEWIDETABLE VALUES('2013-02-27 11:27:55.618000','','Good','flashyThing',909)
COMMIT
INSERT INTO FIVEWIDETABLE VALUES('2013-02-27 11:27:55.618000','Partial','Warning','Widgit',910)
COMMIT
INSERT INTO FIVEWIDETABLE VALUES('2013-02-27 11:27:55.618000','WindowsME_BROKE','Problem','flashyThing',911)
COMMIT
INSERT INTO FIVEWIDETABLE VALUES('2013-02-27 11:27:55.618000','','Good','Widgit',912)
COMMIT
INSERT INTO FIVEWIDETABLE VALUES('2013-02-27 11:27:55.618000','WindowsME_BROKE','Warning','flashyThing',913)
COMMIT
INSERT INTO FIVEWIDETABLE VALUES('2013-02-27 11:27:55.618000','Partial','Problem','Widgit',914)
COMMIT
INSERT INTO FIVEWIDETABLE VALUES('2013-02-27 11:27:55.619000','','Good','flashyThing',915)
COMMIT
INSERT INTO FIVEWIDETABLE VALUES('2013-02-27 11:27:55.619000','Partial','Warning','Widgit',916)
COMMIT
INSERT INTO FIVEWIDETABLE VALUES('2013-02-27 11:27:55.619000','WindowsME_BROKE','Problem','flashyThing',917)
COMMIT
INSERT INTO FIVEWIDETABLE VALUES('2013-02-27 11:27:55.619000','','Good','Widgit',918)
COMMIT
INSERT INTO FIVEWIDETABLE VALUES('2013-02-27 11:27:55.619000','WindowsME_BROKE','Warning','flashyThing',919)
COMMIT
INSERT INTO FIVEWIDETABLE VALUES('2013-02-27 11:27:55.620000','Partial','Problem','Widgit',920)
COMMIT
INSERT INTO FIVEWIDETABLE VALUES('2013-02-27 11:27:55.620000','','Good','flashyThing',921)
COMMIT
INSERT INTO FIVEWIDETABLE VALUES('2013-02-27 11:27:55.620000','Partial','Warning','Widgit',922)
COMMIT
INSERT INTO FIVEWIDETABLE VALUES('2013-02-27 11:27:55.620000','WindowsME_BROKE','Problem','flashyThing',923)
COMMIT
INSERT INTO FIVEWIDETABLE VALUES('2013-02-27 11:27:55.620000','','Good','Widgit',924)
COMMIT
INSERT INTO FIVEWIDETABLE VALUES('2013-02-27 11:27:55.620000','WindowsME_BROKE','Warning','flashyThing',925)
COMMIT
INSERT INTO FIVEWIDETABLE VALUES('2013-02-27 11:27:55.621000','Partial','Problem','Widgit',926)
COMMIT
INSERT INTO FIVEWIDETABLE VALUES('2013-02-27 11:27:55.621000','','Good','flashyThing',927)
COMMIT
INSERT INTO FIVEWIDETABLE VALUES('2013-02-27 11:27:55.621000','Partial','Warning','Widgit',928)
COMMIT
INSERT INTO FIVEWIDETABLE VALUES('2013-02-27 11:27:55.621000','WindowsME_BROKE','Problem','flashyThing',929)
COMMIT
INSERT INTO FIVEWIDETABLE VALUES('2013-02-27 11:27:55.621000','','Good','Widgit',930)
COMMIT
INSERT INTO FIVEWIDETABLE VALUES('2013-02-27 11:27:55.621000','WindowsME_BROKE','Warning','flashyThing',931)
COMMIT
INSERT INTO FIVEWIDETABLE VALUES('2013-02-27 11:27:55.622000','Partial','Problem','Widgit',932)
COMMIT
INSERT INTO FIVEWIDETABLE VALUES('2013-02-27 11:27:55.622000','','Good','flashyThing',933)
COMMIT
INSERT INTO FIVEWIDETABLE VALUES('2013-02-27 11:27:55.622000','Partial','Warning','Widgit',934)
COMMIT
INSERT INTO FIVEWIDETABLE VALUES('2013-02-27 11:27:55.622000','WindowsME_BROKE','Problem','flashyThing',935)
COMMIT
INSERT INTO FIVEWIDETABLE VALUES('2013-02-27 11:27:55.622000','','Good','Widgit',936)
COMMIT
INSERT INTO FIVEWIDETABLE VALUES('2013-02-27 11:27:55.622000','WindowsME_BROKE','Warning','flashyThing',937)
COMMIT
INSERT INTO FIVEWIDETABLE VALUES('2013-02-27 11:27:55.623000','Partial','Problem','Widgit',938)
COMMIT
INSERT INTO FIVEWIDETABLE VALUES('2013-02-27 11:27:55.623000','','Good','flashyThing',939)
COMMIT
INSERT INTO FIVEWIDETABLE VALUES('2013-02-27 11:27:55.623000','Partial','Warning','Widgit',940)
COMMIT
INSERT INTO FIVEWIDETABLE VALUES('2013-02-27 11:27:55.623000','WindowsME_BROKE','Problem','flashyThing',941)
COMMIT
INSERT INTO FIVEWIDETABLE VALUES('2013-02-27 11:27:55.623000','','Good','Widgit',942)
COMMIT
INSERT INTO FIVEWIDETABLE VALUES('2013-02-27 11:27:55.623000','WindowsME_BROKE','Warning','flashyThing',943)
COMMIT
INSERT INTO FIVEWIDETABLE VALUES('2013-02-27 11:27:55.624000','Partial','Problem','Widgit',944)
COMMIT
INSERT INTO FIVEWIDETABLE VALUES('2013-02-27 11:27:55.624000','','Good','flashyThing',945)
COMMIT
INSERT INTO FIVEWIDETABLE VALUES('2013-02-27 11:27:55.624000','Partial','Warning','Widgit',946)
COMMIT
INSERT INTO FIVEWIDETABLE VALUES('2013-02-27 11:27:55.624000','WindowsME_BROKE','Problem','flashyThing',947)
COMMIT
INSERT INTO FIVEWIDETABLE VALUES('2013-02-27 11:27:55.624000','','Good','Widgit',948)
COMMIT
INSERT INTO FIVEWIDETABLE VALUES('2013-02-27 11:27:55.624000','WindowsME_BROKE','Warning','flashyThing',949)
COMMIT
INSERT INTO FIVEWIDETABLE VALUES('2013-02-27 11:27:55.625000','Partial','Problem','Widgit',950)
COMMIT
INSERT INTO FIVEWIDETABLE VALUES('2013-02-27 11:27:55.625000','','Good','flashyThing',951)
COMMIT
INSERT INTO FIVEWIDETABLE VALUES('2013-02-27 11:27:55.625000','Partial','Warning','Widgit',952)
COMMIT
INSERT INTO FIVEWIDETABLE VALUES('2013-02-27 11:27:55.625000','WindowsME_BROKE','Problem','flashyThing',953)
COMMIT
INSERT INTO FIVEWIDETABLE VALUES('2013-02-27 11:27:55.625000','','Good','Widgit',954)
COMMIT
INSERT INTO FIVEWIDETABLE VALUES('2013-02-27 11:27:55.625000','WindowsME_BROKE','Warning','flashyThing',955)
COMMIT
INSERT INTO FIVEWIDETABLE VALUES('2013-02-27 11:27:55.626000','Partial','Problem','Widgit',956)
COMMIT
INSERT INTO FIVEWIDETABLE VALUES('2013-02-27 11:27:55.626000','','Good','flashyThing',957)
COMMIT
INSERT INTO FIVEWIDETABLE VALUES('2013-02-27 11:27:55.626000','Partial','Warning','Widgit',958)
COMMIT
INSERT INTO FIVEWIDETABLE VALUES('2013-02-27 11:27:55.626000','WindowsME_BROKE','Problem','flashyThing',959)
COMMIT
INSERT INTO FIVEWIDETABLE VALUES('2013-02-27 11:27:55.626000','','Good','Widgit',960)
COMMIT
INSERT INTO FIVEWIDETABLE VALUES('2013-02-27 11:27:55.626000','WindowsME_BROKE','Warning','flashyThing',961)
COMMIT
INSERT INTO FIVEWIDETABLE VALUES('2013-02-27 11:27:55.627000','Partial','Problem','Widgit',962)
COMMIT
INSERT INTO FIVEWIDETABLE VALUES('2013-02-27 11:27:55.627000','','Good','flashyThing',963)
COMMIT
INSERT INTO FIVEWIDETABLE VALUES('2013-02-27 11:27:55.627000','Partial','Warning','Widgit',964)
COMMIT
INSERT INTO FIVEWIDETABLE VALUES('2013-02-27 11:27:55.627000','WindowsME_BROKE','Problem','flashyThing',965)
COMMIT
INSERT INTO FIVEWIDETABLE VALUES('2013-02-27 11:27:55.627000','','Good','Widgit',966)
COMMIT
INSERT INTO FIVEWIDETABLE VALUES('2013-02-27 11:27:55.627000','WindowsME_BROKE','Warning','flashyThing',967)
COMMIT
INSERT INTO FIVEWIDETABLE VALUES('2013-02-27 11:27:55.628000','Partial','Problem','Widgit',968)
COMMIT
INSERT INTO FIVEWIDETABLE VALUES('2013-02-27 11:27:55.628000','','Good','flashyThing',969)
COMMIT
INSERT INTO FIVEWIDETABLE VALUES('2013-02-27 11:27:55.628000','Partial','Warning','Widgit',970)
COMMIT
INSERT INTO FIVEWIDETABLE VALUES('2013-02-27 11:27:55.628000','WindowsME_BROKE','Problem','flashyThing',971)
COMMIT
INSERT INTO FIVEWIDETABLE VALUES('2013-02-27 11:27:55.628000','','Good','Widgit',972)
COMMIT
INSERT INTO FIVEWIDETABLE VALUES('2013-02-27 11:27:55.629000','WindowsME_BROKE','Warning','flashyThing',973)
COMMIT
INSERT INTO FIVEWIDETABLE VALUES('2013-02-27 11:27:55.629000','Partial','Problem','Widgit',974)
COMMIT
INSERT INTO FIVEWIDETABLE VALUES('2013-02-27 11:27:55.629000','','Good','flashyThing',975)
COMMIT
INSERT INTO FIVEWIDETABLE VALUES('2013-02-27 11:27:55.629000','Partial','Warning','Widgit',976)
COMMIT
INSERT INTO FIVEWIDETABLE VALUES('2013-02-27 11:27:55.629000','WindowsME_BROKE','Problem','flashyThing',977)
COMMIT
INSERT INTO FIVEWIDETABLE VALUES('2013-02-27 11:27:55.629000','','Good','Widgit',978)
COMMIT
INSERT INTO FIVEWIDETABLE VALUES('2013-02-27 11:27:55.630000','WindowsME_BROKE','Warning','flashyThing',979)
COMMIT
INSERT INTO FIVEWIDETABLE VALUES('2013-02-27 11:27:55.630000','Partial','Problem','Widgit',980)
COMMIT
INSERT INTO FIVEWIDETABLE VALUES('2013-02-27 11:27:55.630000','','Good','flashyThing',981)
COMMIT
INSERT INTO FIVEWIDETABLE VALUES('2013-02-27 11:27:55.630000','Partial','Warning','Widgit',982)
COMMIT
INSERT INTO FIVEWIDETABLE VALUES('2013-02-27 11:27:55.630000','WindowsME_BROKE','Problem','flashyThing',983)
COMMIT
INSERT INTO FIVEWIDETABLE VALUES('2013-02-27 11:27:55.630000','','Good','Widgit',984)
COMMIT
INSERT INTO FIVEWIDETABLE VALUES('2013-02-27 11:27:55.631000','WindowsME_BROKE','Warning','flashyThing',985)
COMMIT
INSERT INTO FIVEWIDETABLE VALUES('2013-02-27 11:27:55.631000','Partial','Problem','Widgit',986)
COMMIT
INSERT INTO FIVEWIDETABLE VALUES('2013-02-27 11:27:55.631000','','Good','flashyThing',987)
COMMIT
INSERT INTO FIVEWIDETABLE VALUES('2013-02-27 11:27:55.631000','Partial','Warning','Widgit',988)
COMMIT
INSERT INTO FIVEWIDETABLE VALUES('2013-02-27 11:27:55.631000','WindowsME_BROKE','Problem','flashyThing',989)
COMMIT
INSERT INTO FIVEWIDETABLE VALUES('2013-02-27 11:27:55.632000','','Good','Widgit',990)
COMMIT
INSERT INTO FIVEWIDETABLE VALUES('2013-02-27 11:27:55.632000','WindowsME_BROKE','Warning','flashyThing',991)
COMMIT
INSERT INTO FIVEWIDETABLE VALUES('2013-02-27 11:27:55.632000','Partial','Problem','Widgit',992)
COMMIT
INSERT INTO FIVEWIDETABLE VALUES('2013-02-27 11:27:55.632000','','Good','flashyThing',993)
COMMIT
INSERT INTO FIVEWIDETABLE VALUES('2013-02-27 11:27:55.632000','Partial','Warning','Widgit',994)
COMMIT
INSERT INTO FIVEWIDETABLE VALUES('2013-02-27 11:27:55.632000','WindowsME_BROKE','Problem','flashyThing',995)
COMMIT
INSERT INTO FIVEWIDETABLE VALUES('2013-02-27 11:27:55.633000','','Good','Widgit',996)
COMMIT
INSERT INTO FIVEWIDETABLE VALUES('2013-02-27 11:27:55.633000','WindowsME_BROKE','Warning','flashyThing',997)
COMMIT
INSERT INTO FIVEWIDETABLE VALUES('2013-02-27 11:27:55.633000','Partial','Problem','Widgit',998)
COMMIT
INSERT INTO FIVEWIDETABLE VALUES('2013-02-27 11:27:55.633000','','Good','flashyThing',999)
COMMIT
INSERT INTO FIVEWIDETABLE VALUES('2013-02-27 11:27:55.633000','Partial','Warning','Widgit',1000)
COMMIT
INSERT INTO FIVEWIDETABLE VALUES('2013-02-27 11:27:55.633000','WindowsME_BROKE','Problem','flashyThing',1001)
COMMIT
INSERT INTO FIVEWIDETABLE VALUES('2013-02-27 11:27:55.634000','','Good','Widgit',1002)
COMMIT
INSERT INTO FIVEWIDETABLE VALUES('2013-02-27 11:27:55.634000','WindowsME_BROKE','Warning','flashyThing',1003)
COMMIT
INSERT INTO FIVEWIDETABLE VALUES('2013-02-27 11:27:55.634000','Partial','Problem','Widgit',1004)
COMMIT
INSERT INTO FIVEWIDETABLE VALUES('2013-02-27 11:27:55.634000','','Good','flashyThing',1005)
COMMIT
INSERT INTO FIVEWIDETABLE VALUES('2013-02-27 11:27:55.634000','Partial','Warning','Widgit',1006)
COMMIT
INSERT INTO FIVEWIDETABLE VALUES('2013-02-27 11:27:55.634000','WindowsME_BROKE','Problem','flashyThing',1007)
COMMIT
INSERT INTO FIVEWIDETABLE VALUES('2013-02-27 11:27:55.635000','','Good','Widgit',1008)
COMMIT
INSERT INTO FIVEWIDETABLE VALUES('2013-02-27 11:27:55.635000','WindowsME_BROKE','Warning','flashyThing',1009)
COMMIT
INSERT INTO FIVEWIDETABLE VALUES('2013-02-27 11:27:55.635000','Partial','Problem','Widgit',1010)
COMMIT
INSERT INTO FIVEWIDETABLE VALUES('2013-02-27 11:27:55.635000','','Good','flashyThing',1011)
COMMIT
INSERT INTO FIVEWIDETABLE VALUES('2013-02-27 11:27:55.635000','Partial','Warning','Widgit',1012)
COMMIT
INSERT INTO FIVEWIDETABLE VALUES('2013-02-27 11:27:55.635000','WindowsME_BROKE','Problem','flashyThing',1013)
COMMIT
INSERT INTO FIVEWIDETABLE VALUES('2013-02-27 11:27:55.636000','','Good','Widgit',1014)
COMMIT
INSERT INTO FIVEWIDETABLE VALUES('2013-02-27 11:27:55.636000','WindowsME_BROKE','Warning','flashyThing',1015)
COMMIT
INSERT INTO FIVEWIDETABLE VALUES('2013-02-27 11:27:55.636000','Partial','Problem','Widgit',1016)
COMMIT
INSERT INTO FIVEWIDETABLE VALUES('2013-02-27 11:27:55.636000','','Good','flashyThing',1017)
COMMIT
INSERT INTO FIVEWIDETABLE VALUES('2013-02-27 11:27:55.636000','Partial','Warning','Widgit',1018)
COMMIT
INSERT INTO FIVEWIDETABLE VALUES('2013-02-27 11:27:55.636000','WindowsME_BROKE','Problem','flashyThing',1019)
COMMIT
INSERT INTO FIVEWIDETABLE VALUES('2013-02-27 11:27:55.637000','','Good','Widgit',1020)
COMMIT
INSERT INTO FIVEWIDETABLE VALUES('2013-02-27 11:27:55.637000','WindowsME_BROKE','Warning','flashyThing',1021)
COMMIT
INSERT INTO FIVEWIDETABLE VALUES('2013-02-27 11:27:55.637000','Partial','Problem','Widgit',1022)
COMMIT
INSERT INTO FIVEWIDETABLE VALUES('2013-02-27 11:27:55.637000','','Good','flashyThing',1023)
COMMIT
INSERT INTO FIVEWIDETABLE VALUES('2013-02-27 11:27:55.637000','Partial','Warning','Widgit',1024)
COMMIT
INSERT INTO FIVEWIDETABLE VALUES('2013-02-27 11:27:55.637000','WindowsME_BROKE','Problem','flashyThing',1025)
COMMIT
INSERT INTO FIVEWIDETABLE VALUES('2013-02-27 11:27:55.638000','','Good','Widgit',1026)
COMMIT
INSERT INTO FIVEWIDETABLE VALUES('2013-02-27 11:27:55.638000','WindowsME_BROKE','Warning','flashyThing',1027)
COMMIT
INSERT INTO FIVEWIDETABLE VALUES('2013-02-27 11:27:55.638000','Partial','Problem','Widgit',1028)
COMMIT
INSERT INTO FIVEWIDETABLE VALUES('2013-02-27 11:27:55.638000','','Good','flashyThing',1029)
COMMIT
INSERT INTO FIVEWIDETABLE VALUES('2013-02-27 11:27:55.638000','Partial','Warning','Widgit',1030)
COMMIT
INSERT INTO FIVEWIDETABLE VALUES('2013-02-27 11:27:55.638000','WindowsME_BROKE','Problem','flashyThing',1031)
COMMIT
INSERT INTO FIVEWIDETABLE VALUES('2013-02-27 11:27:55.639000','','Good','Widgit',1032)
COMMIT
INSERT INTO FIVEWIDETABLE VALUES('2013-02-27 11:27:55.639000','WindowsME_BROKE','Warning','flashyThing',1033)
COMMIT
INSERT INTO FIVEWIDETABLE VALUES('2013-02-27 11:27:55.639000','Partial','Problem','Widgit',1034)
COMMIT
INSERT INTO FIVEWIDETABLE VALUES('2013-02-27 11:27:55.639000','','Good','flashyThing',1035)
COMMIT
INSERT INTO FIVEWIDETABLE VALUES('2013-02-27 11:27:55.639000','Partial','Warning','Widgit',1036)
COMMIT
INSERT INTO FIVEWIDETABLE VALUES('2013-02-27 11:27:55.639000','WindowsME_BROKE','Problem','flashyThing',1037)
COMMIT
INSERT INTO FIVEWIDETABLE VALUES('2013-02-27 11:27:55.640000','','Good','Widgit',1038)
COMMIT
INSERT INTO FIVEWIDETABLE VALUES('2013-02-27 11:27:55.640000','WindowsME_BROKE','Warning','flashyThing',1039)
COMMIT
INSERT INTO FIVEWIDETABLE VALUES('2013-02-27 11:27:55.640000','Partial','Problem','Widgit',1040)
COMMIT
INSERT INTO FIVEWIDETABLE VALUES('2013-02-27 11:27:55.640000','','Good','flashyThing',1041)
COMMIT
INSERT INTO FIVEWIDETABLE VALUES('2013-02-27 11:27:55.640000','Partial','Warning','Widgit',1042)
COMMIT
INSERT INTO FIVEWIDETABLE VALUES('2013-02-27 11:27:55.640000','WindowsME_BROKE','Problem','flashyThing',1043)
COMMIT
INSERT INTO FIVEWIDETABLE VALUES('2013-02-27 11:27:55.641000','','Good','Widgit',1044)
COMMIT
INSERT INTO FIVEWIDETABLE VALUES('2013-02-27 11:27:55.641000','WindowsME_BROKE','Warning','flashyThing',1045)
COMMIT
INSERT INTO FIVEWIDETABLE VALUES('2013-02-27 11:27:55.641000','Partial','Problem','Widgit',1046)
COMMIT
INSERT INTO FIVEWIDETABLE VALUES('2013-02-27 11:27:55.641000','','Good','flashyThing',1047)
COMMIT
INSERT INTO FIVEWIDETABLE VALUES('2013-02-27 11:27:55.641000','Partial','Warning','Widgit',1048)
COMMIT
INSERT INTO FIVEWIDETABLE VALUES('2013-02-27 11:27:55.641000','WindowsME_BROKE','Problem','flashyThing',1049)
COMMIT
INSERT INTO FIVEWIDETABLE VALUES('2013-02-27 11:27:55.642000','','Good','Widgit',1050)
COMMIT
INSERT INTO FIVEWIDETABLE VALUES('2013-02-27 11:27:55.642000','WindowsME_BROKE','Warning','flashyThing',1051)
COMMIT
INSERT INTO FIVEWIDETABLE VALUES('2013-02-27 11:27:55.642000','Partial','Problem','Widgit',1052)
COMMIT
INSERT INTO FIVEWIDETABLE VALUES('2013-02-27 11:27:55.642000','','Good','flashyThing',1053)
COMMIT
INSERT INTO FIVEWIDETABLE VALUES('2013-02-27 11:27:55.642000','Partial','Warning','Widgit',1054)
COMMIT
INSERT INTO FIVEWIDETABLE VALUES('2013-02-27 11:27:55.642000','WindowsME_BROKE','Problem','flashyThing',1055)
COMMIT
INSERT INTO FIVEWIDETABLE VALUES('2013-02-27 11:27:55.643000','','Good','Widgit',1056)
COMMIT
INSERT INTO FIVEWIDETABLE VALUES('2013-02-27 11:27:55.643000','WindowsME_BROKE','Warning','flashyThing',1057)
COMMIT
INSERT INTO FIVEWIDETABLE VALUES('2013-02-27 11:27:55.643000','Partial','Problem','Widgit',1058)
COMMIT
INSERT INTO FIVEWIDETABLE VALUES('2013-02-27 11:27:55.643000','','Good','flashyThing',1059)
COMMIT
INSERT INTO FIVEWIDETABLE VALUES('2013-02-27 11:27:55.643000','Partial','Warning','Widgit',1060)
COMMIT
INSERT INTO FIVEWIDETABLE VALUES('2013-02-27 11:27:55.643000','WindowsME_BROKE','Problem','flashyThing',1061)
COMMIT
INSERT INTO FIVEWIDETABLE VALUES('2013-02-27 11:27:55.643000','','Good','Widgit',1062)
COMMIT
INSERT INTO FIVEWIDETABLE VALUES('2013-02-27 11:27:55.644000','WindowsME_BROKE','Warning','flashyThing',1063)
COMMIT
INSERT INTO FIVEWIDETABLE VALUES('2013-02-27 11:27:55.644000','Partial','Problem','Widgit',1064)
COMMIT
INSERT INTO FIVEWIDETABLE VALUES('2013-02-27 11:27:55.644000','','Good','flashyThing',1065)
COMMIT
INSERT INTO FIVEWIDETABLE VALUES('2013-02-27 11:27:55.644000','Partial','Warning','Widgit',1066)
COMMIT
INSERT INTO FIVEWIDETABLE VALUES('2013-02-27 11:27:55.644000','WindowsME_BROKE','Problem','flashyThing',1067)
COMMIT
INSERT INTO FIVEWIDETABLE VALUES('2013-02-27 11:27:55.644000','','Good','Widgit',1068)
COMMIT
INSERT INTO FIVEWIDETABLE VALUES('2013-02-27 11:27:55.645000','WindowsME_BROKE','Warning','flashyThing',1069)
COMMIT
INSERT INTO FIVEWIDETABLE VALUES('2013-02-27 11:27:55.645000','Partial','Problem','Widgit',1070)
COMMIT
INSERT INTO FIVEWIDETABLE VALUES('2013-02-27 11:27:55.645000','','Good','flashyThing',1071)
COMMIT
INSERT INTO FIVEWIDETABLE VALUES('2013-02-27 11:27:55.645000','Partial','Warning','Widgit',1072)
COMMIT
INSERT INTO FIVEWIDETABLE VALUES('2013-02-27 11:27:55.645000','WindowsME_BROKE','Problem','flashyThing',1073)
COMMIT
INSERT INTO FIVEWIDETABLE VALUES('2013-02-27 11:27:55.645000','','Good','Widgit',1074)
COMMIT
INSERT INTO FIVEWIDETABLE VALUES('2013-02-27 11:27:55.646000','WindowsME_BROKE','Warning','flashyThing',1075)
COMMIT
INSERT INTO FIVEWIDETABLE VALUES('2013-02-27 11:27:55.646000','Partial','Problem','Widgit',1076)
COMMIT
INSERT INTO FIVEWIDETABLE VALUES('2013-02-27 11:27:55.646000','','Good','flashyThing',1077)
COMMIT
INSERT INTO FIVEWIDETABLE VALUES('2013-02-27 11:27:55.646000','Partial','Warning','Widgit',1078)
COMMIT
INSERT INTO FIVEWIDETABLE VALUES('2013-02-27 11:27:55.646000','WindowsME_BROKE','Problem','flashyThing',1079)
COMMIT
INSERT INTO FIVEWIDETABLE VALUES('2013-02-27 11:27:55.646000','','Good','Widgit',1080)
COMMIT
INSERT INTO FIVEWIDETABLE VALUES('2013-02-27 11:27:55.647000','WindowsME_BROKE','Warning','flashyThing',1081)
COMMIT
INSERT INTO FIVEWIDETABLE VALUES('2013-02-27 11:27:55.647000','Partial','Problem','Widgit',1082)
COMMIT
INSERT INTO FIVEWIDETABLE VALUES('2013-02-27 11:27:55.647000','','Good','flashyThing',1083)
COMMIT
INSERT INTO FIVEWIDETABLE VALUES('2013-02-27 11:27:55.647000','Partial','Warning','Widgit',1084)
COMMIT
INSERT INTO FIVEWIDETABLE VALUES('2013-02-27 11:27:55.647000','WindowsME_BROKE','Problem','flashyThing',1085)
COMMIT
INSERT INTO FIVEWIDETABLE VALUES('2013-02-27 11:27:55.647000','','Good','Widgit',1086)
COMMIT
INSERT INTO FIVEWIDETABLE VALUES('2013-02-27 11:27:55.648000','WindowsME_BROKE','Warning','flashyThing',1087)
COMMIT
INSERT INTO FIVEWIDETABLE VALUES('2013-02-27 11:27:55.648000','Partial','Problem','Widgit',1088)
COMMIT
INSERT INTO FIVEWIDETABLE VALUES('2013-02-27 11:27:55.648000','','Good','flashyThing',1089)
COMMIT
INSERT INTO FIVEWIDETABLE VALUES('2013-02-27 11:27:55.648000','Partial','Warning','Widgit',1090)
COMMIT
INSERT INTO FIVEWIDETABLE VALUES('2013-02-27 11:27:55.648000','WindowsME_BROKE','Problem','flashyThing',1091)
COMMIT
INSERT INTO FIVEWIDETABLE VALUES('2013-02-27 11:27:55.648000','','Good','Widgit',1092)
COMMIT
INSERT INTO FIVEWIDETABLE VALUES('2013-02-27 11:27:55.649000','WindowsME_BROKE','Warning','flashyThing',1093)
COMMIT
INSERT INTO FIVEWIDETABLE VALUES('2013-02-27 11:27:55.649000','Partial','Problem','Widgit',1094)
COMMIT
INSERT INTO FIVEWIDETABLE VALUES('2013-02-27 11:27:55.649000','','Good','flashyThing',1095)
COMMIT
INSERT INTO FIVEWIDETABLE VALUES('2013-02-27 11:27:55.649000','Partial','Warning','Widgit',1096)
COMMIT
INSERT INTO FIVEWIDETABLE VALUES('2013-02-27 11:27:55.649000','WindowsME_BROKE','Problem','flashyThing',1097)
COMMIT
INSERT INTO FIVEWIDETABLE VALUES('2013-02-27 11:27:55.649000','','Good','Widgit',1098)
COMMIT
INSERT INTO FIVEWIDETABLE VALUES('2013-02-27 11:27:55.650000','WindowsME_BROKE','Warning','flashyThing',1099)
COMMIT
INSERT INTO FIVEWIDETABLE VALUES('2013-02-27 11:27:55.650000','Partial','Problem','Widgit',1100)
COMMIT
INSERT INTO FIVEWIDETABLE VALUES('2013-02-27 11:27:55.650000','','Good','flashyThing',1101)
COMMIT
INSERT INTO FIVEWIDETABLE VALUES('2013-02-27 11:27:55.650000','Partial','Warning','Widgit',1102)
COMMIT
INSERT INTO FIVEWIDETABLE VALUES('2013-02-27 11:27:55.650000','WindowsME_BROKE','Problem','flashyThing',1103)
COMMIT
INSERT INTO FIVEWIDETABLE VALUES('2013-02-27 11:27:55.650000','','Good','Widgit',1104)
COMMIT
INSERT INTO FIVEWIDETABLE VALUES('2013-02-27 11:27:55.651000','WindowsME_BROKE','Warning','flashyThing',1105)
COMMIT
INSERT INTO FIVEWIDETABLE VALUES('2013-02-27 11:27:55.651000','Partial','Problem','Widgit',1106)
COMMIT
INSERT INTO FIVEWIDETABLE VALUES('2013-02-27 11:27:55.651000','','Good','flashyThing',1107)
COMMIT
INSERT INTO FIVEWIDETABLE VALUES('2013-02-27 11:27:55.651000','Partial','Warning','Widgit',1108)
COMMIT
INSERT INTO FIVEWIDETABLE VALUES('2013-02-27 11:27:55.651000','WindowsME_BROKE','Problem','flashyThing',1109)
COMMIT
INSERT INTO FIVEWIDETABLE VALUES('2013-02-27 11:27:55.651000','','Good','Widgit',1110)
COMMIT
INSERT INTO FIVEWIDETABLE VALUES('2013-02-27 11:27:55.652000','WindowsME_BROKE','Warning','flashyThing',1111)
COMMIT
INSERT INTO FIVEWIDETABLE VALUES('2013-02-27 11:27:55.652000','Partial','Problem','Widgit',1112)
COMMIT
INSERT INTO FIVEWIDETABLE VALUES('2013-02-27 11:27:55.652000','','Good','flashyThing',1113)
COMMIT
INSERT INTO FIVEWIDETABLE VALUES('2013-02-27 11:27:55.652000','Partial','Warning','Widgit',1114)
COMMIT
INSERT INTO FIVEWIDETABLE VALUES('2013-02-27 11:27:55.652000','WindowsME_BROKE','Problem','flashyThing',1115)
COMMIT
INSERT INTO FIVEWIDETABLE VALUES('2013-02-27 11:27:55.652000','','Good','Widgit',1116)
COMMIT
INSERT INTO FIVEWIDETABLE VALUES('2013-02-27 11:27:55.652000','WindowsME_BROKE','Warning','flashyThing',1117)
COMMIT
INSERT INTO FIVEWIDETABLE VALUES('2013-02-27 11:27:55.653000','Partial','Problem','Widgit',1118)
COMMIT
INSERT INTO FIVEWIDETABLE VALUES('2013-02-27 11:27:55.653000','','Good','flashyThing',1119)
COMMIT
INSERT INTO FIVEWIDETABLE VALUES('2013-02-27 11:27:55.653000','Partial','Warning','Widgit',1120)
COMMIT
INSERT INTO FIVEWIDETABLE VALUES('2013-02-27 11:27:55.653000','WindowsME_BROKE','Problem','flashyThing',1121)
COMMIT
INSERT INTO FIVEWIDETABLE VALUES('2013-02-27 11:27:55.653000','','Good','Widgit',1122)
COMMIT
INSERT INTO FIVEWIDETABLE VALUES('2013-02-27 11:27:55.653000','WindowsME_BROKE','Warning','flashyThing',1123)
COMMIT
INSERT INTO FIVEWIDETABLE VALUES('2013-02-27 11:27:55.654000','Partial','Problem','Widgit',1124)
COMMIT
INSERT INTO FIVEWIDETABLE VALUES('2013-02-27 11:27:55.654000','','Good','flashyThing',1125)
COMMIT
INSERT INTO FIVEWIDETABLE VALUES('2013-02-27 11:27:55.654000','Partial','Warning','Widgit',1126)
COMMIT
INSERT INTO FIVEWIDETABLE VALUES('2013-02-27 11:27:55.654000','WindowsME_BROKE','Problem','flashyThing',1127)
COMMIT
INSERT INTO FIVEWIDETABLE VALUES('2013-02-27 11:27:55.654000','','Good','Widgit',1128)
COMMIT
INSERT INTO FIVEWIDETABLE VALUES('2013-02-27 11:27:55.654000','WindowsME_BROKE','Warning','flashyThing',1129)
COMMIT
INSERT INTO FIVEWIDETABLE VALUES('2013-02-27 11:27:55.655000','Partial','Problem','Widgit',1130)
COMMIT
INSERT INTO FIVEWIDETABLE VALUES('2013-02-27 11:27:55.655000','','Good','flashyThing',1131)
COMMIT
INSERT INTO FIVEWIDETABLE VALUES('2013-02-27 11:27:55.655000','Partial','Warning','Widgit',1132)
COMMIT
INSERT INTO FIVEWIDETABLE VALUES('2013-02-27 11:27:55.655000','WindowsME_BROKE','Problem','flashyThing',1133)
COMMIT
INSERT INTO FIVEWIDETABLE VALUES('2013-02-27 11:27:55.655000','','Good','Widgit',1134)
COMMIT
INSERT INTO FIVEWIDETABLE VALUES('2013-02-27 11:27:55.655000','WindowsME_BROKE','Warning','flashyThing',1135)
COMMIT
INSERT INTO FIVEWIDETABLE VALUES('2013-02-27 11:27:55.656000','Partial','Problem','Widgit',1136)
COMMIT
INSERT INTO FIVEWIDETABLE VALUES('2013-02-27 11:27:55.656000','','Good','flashyThing',1137)
COMMIT
INSERT INTO FIVEWIDETABLE VALUES('2013-02-27 11:27:55.656000','Partial','Warning','Widgit',1138)
COMMIT
INSERT INTO FIVEWIDETABLE VALUES('2013-02-27 11:27:55.656000','WindowsME_BROKE','Problem','flashyThing',1139)
COMMIT
INSERT INTO FIVEWIDETABLE VALUES('2013-02-27 11:27:55.656000','','Good','Widgit',1140)
COMMIT
INSERT INTO FIVEWIDETABLE VALUES('2013-02-27 11:27:55.656000','WindowsME_BROKE','Warning','flashyThing',1141)
COMMIT
INSERT INTO FIVEWIDETABLE VALUES('2013-02-27 11:27:55.657000','Partial','Problem','Widgit',1142)
COMMIT
INSERT INTO FIVEWIDETABLE VALUES('2013-02-27 11:27:55.657000','','Good','flashyThing',1143)
COMMIT
INSERT INTO FIVEWIDETABLE VALUES('2013-02-27 11:27:55.657000','Partial','Warning','Widgit',1144)
COMMIT
INSERT INTO FIVEWIDETABLE VALUES('2013-02-27 11:27:55.657000','WindowsME_BROKE','Problem','flashyThing',1145)
COMMIT
INSERT INTO FIVEWIDETABLE VALUES('2013-02-27 11:27:55.657000','','Good','Widgit',1146)
COMMIT
INSERT INTO FIVEWIDETABLE VALUES('2013-02-27 11:27:55.657000','WindowsME_BROKE','Warning','flashyThing',1147)
COMMIT
INSERT INTO FIVEWIDETABLE VALUES('2013-02-27 11:27:55.658000','Partial','Problem','Widgit',1148)
COMMIT
INSERT INTO FIVEWIDETABLE VALUES('2013-02-27 11:27:55.658000','','Good','flashyThing',1149)
COMMIT
INSERT INTO FIVEWIDETABLE VALUES('2013-02-27 11:27:55.658000','Partial','Warning','Widgit',1150)
COMMIT
INSERT INTO FIVEWIDETABLE VALUES('2013-02-27 11:27:55.658000','WindowsME_BROKE','Problem','flashyThing',1151)
COMMIT
INSERT INTO FIVEWIDETABLE VALUES('2013-02-27 11:27:55.658000','','Good','Widgit',1152)
COMMIT
INSERT INTO FIVEWIDETABLE VALUES('2013-02-27 11:27:55.658000','WindowsME_BROKE','Warning','flashyThing',1153)
COMMIT
INSERT INTO FIVEWIDETABLE VALUES('2013-02-27 11:27:55.659000','Partial','Problem','Widgit',1154)
COMMIT
INSERT INTO FIVEWIDETABLE VALUES('2013-02-27 11:27:55.659000','','Good','flashyThing',1155)
COMMIT
INSERT INTO FIVEWIDETABLE VALUES('2013-02-27 11:27:55.659000','Partial','Warning','Widgit',1156)
COMMIT
INSERT INTO FIVEWIDETABLE VALUES('2013-02-27 11:27:55.659000','WindowsME_BROKE','Problem','flashyThing',1157)
COMMIT
INSERT INTO FIVEWIDETABLE VALUES('2013-02-27 11:27:55.659000','','Good','Widgit',1158)
COMMIT
INSERT INTO FIVEWIDETABLE VALUES('2013-02-27 11:27:55.659000','WindowsME_BROKE','Warning','flashyThing',1159)
COMMIT
INSERT INTO FIVEWIDETABLE VALUES('2013-02-27 11:27:55.659000','Partial','Problem','Widgit',1160)
COMMIT
INSERT INTO FIVEWIDETABLE VALUES('2013-02-27 11:27:55.660000','','Good','flashyThing',1161)
COMMIT
INSERT INTO FIVEWIDETABLE VALUES('2013-02-27 11:27:55.660000','Partial','Warning','Widgit',1162)
COMMIT
INSERT INTO FIVEWIDETABLE VALUES('2013-02-27 11:27:55.660000','WindowsME_BROKE','Problem','flashyThing',1163)
COMMIT
INSERT INTO FIVEWIDETABLE VALUES('2013-02-27 11:27:55.660000','','Good','Widgit',1164)
COMMIT
INSERT INTO FIVEWIDETABLE VALUES('2013-02-27 11:27:55.660000','WindowsME_BROKE','Warning','flashyThing',1165)
COMMIT
INSERT INTO FIVEWIDETABLE VALUES('2013-02-27 11:27:55.661000','Partial','Problem','Widgit',1166)
COMMIT
INSERT INTO FIVEWIDETABLE VALUES('2013-02-27 11:27:55.661000','','Good','flashyThing',1167)
COMMIT
INSERT INTO FIVEWIDETABLE VALUES('2013-02-27 11:27:55.661000','Partial','Warning','Widgit',1168)
COMMIT
INSERT INTO FIVEWIDETABLE VALUES('2013-02-27 11:27:55.661000','WindowsME_BROKE','Problem','flashyThing',1169)
COMMIT
INSERT INTO FIVEWIDETABLE VALUES('2013-02-27 11:27:55.661000','','Good','Widgit',1170)
COMMIT
INSERT INTO FIVEWIDETABLE VALUES('2013-02-27 11:27:55.661000','WindowsME_BROKE','Warning','flashyThing',1171)
COMMIT
INSERT INTO FIVEWIDETABLE VALUES('2013-02-27 11:27:55.661000','Partial','Problem','Widgit',1172)
COMMIT
INSERT INTO FIVEWIDETABLE VALUES('2013-02-27 11:27:55.662000','','Good','flashyThing',1173)
COMMIT
INSERT INTO FIVEWIDETABLE VALUES('2013-02-27 11:27:55.662000','Partial','Warning','Widgit',1174)
COMMIT
INSERT INTO FIVEWIDETABLE VALUES('2013-02-27 11:27:55.662000','WindowsME_BROKE','Problem','flashyThing',1175)
COMMIT
INSERT INTO FIVEWIDETABLE VALUES('2013-02-27 11:27:55.662000','','Good','Widgit',1176)
COMMIT
INSERT INTO FIVEWIDETABLE VALUES('2013-02-27 11:27:55.662000','WindowsME_BROKE','Warning','flashyThing',1177)
COMMIT
INSERT INTO FIVEWIDETABLE VALUES('2013-02-27 11:27:55.662000','Partial','Problem','Widgit',1178)
COMMIT
INSERT INTO FIVEWIDETABLE VALUES('2013-02-27 11:27:55.663000','','Good','flashyThing',1179)
COMMIT
INSERT INTO FIVEWIDETABLE VALUES('2013-02-27 11:27:55.663000','Partial','Warning','Widgit',1180)
COMMIT
INSERT INTO FIVEWIDETABLE VALUES('2013-02-27 11:27:55.663000','WindowsME_BROKE','Problem','flashyThing',1181)
COMMIT
INSERT INTO FIVEWIDETABLE VALUES('2013-02-27 11:27:55.663000','','Good','Widgit',1182)
COMMIT
INSERT INTO FIVEWIDETABLE VALUES('2013-02-27 11:27:55.663000','WindowsME_BROKE','Warning','flashyThing',1183)
COMMIT
INSERT INTO FIVEWIDETABLE VALUES('2013-02-27 11:27:55.663000','Partial','Problem','Widgit',1184)
COMMIT
INSERT INTO FIVEWIDETABLE VALUES('2013-02-27 11:27:55.664000','','Good','flashyThing',1185)
COMMIT
INSERT INTO FIVEWIDETABLE VALUES('2013-02-27 11:27:55.664000','Partial','Warning','Widgit',1186)
COMMIT
INSERT INTO FIVEWIDETABLE VALUES('2013-02-27 11:27:55.664000','WindowsME_BROKE','Problem','flashyThing',1187)
COMMIT
INSERT INTO FIVEWIDETABLE VALUES('2013-02-27 11:27:55.664000','','Good','Widgit',1188)
COMMIT
INSERT INTO FIVEWIDETABLE VALUES('2013-02-27 11:27:55.664000','WindowsME_BROKE','Warning','flashyThing',1189)
COMMIT
INSERT INTO FIVEWIDETABLE VALUES('2013-02-27 11:27:55.664000','Partial','Problem','Widgit',1190)
COMMIT
INSERT INTO FIVEWIDETABLE VALUES('2013-02-27 11:27:55.665000','','Good','flashyThing',1191)
COMMIT
INSERT INTO FIVEWIDETABLE VALUES('2013-02-27 11:27:55.665000','Partial','Warning','Widgit',1192)
COMMIT
INSERT INTO FIVEWIDETABLE VALUES('2013-02-27 11:27:55.665000','WindowsME_BROKE','Problem','flashyThing',1193)
COMMIT
INSERT INTO FIVEWIDETABLE VALUES('2013-02-27 11:27:55.665000','','Good','Widgit',1194)
COMMIT
INSERT INTO FIVEWIDETABLE VALUES('2013-02-27 11:27:55.665000','WindowsME_BROKE','Warning','flashyThing',1195)
COMMIT
INSERT INTO FIVEWIDETABLE VALUES('2013-02-27 11:27:55.665000','Partial','Problem','Widgit',1196)
COMMIT
INSERT INTO FIVEWIDETABLE VALUES('2013-02-27 11:27:55.666000','','Good','flashyThing',1197)
COMMIT
INSERT INTO FIVEWIDETABLE VALUES('2013-02-27 11:27:55.666000','Partial','Warning','Widgit',1198)
COMMIT
INSERT INTO FIVEWIDETABLE VALUES('2013-02-27 11:27:55.666000','WindowsME_BROKE','Problem','flashyThing',1199)
COMMIT
INSERT INTO FIVEWIDETABLE VALUES('2013-02-27 11:27:55.666000','','Good','Widgit',1200)
COMMIT
INSERT INTO FIVEWIDETABLE VALUES('2013-02-27 11:27:55.666000','WindowsME_BROKE','Warning','flashyThing',1201)
COMMIT
INSERT INTO FIVEWIDETABLE VALUES('2013-02-27 11:27:55.666000','Partial','Problem','Widgit',1202)
COMMIT
INSERT INTO FIVEWIDETABLE VALUES('2013-02-27 11:27:55.666000','','Good','flashyThing',1203)
COMMIT
INSERT INTO FIVEWIDETABLE VALUES('2013-02-27 11:27:55.667000','Partial','Warning','Widgit',1204)
COMMIT
INSERT INTO FIVEWIDETABLE VALUES('2013-02-27 11:27:55.667000','WindowsME_BROKE','Problem','flashyThing',1205)
COMMIT
INSERT INTO FIVEWIDETABLE VALUES('2013-02-27 11:27:55.667000','','Good','Widgit',1206)
COMMIT
INSERT INTO FIVEWIDETABLE VALUES('2013-02-27 11:27:55.667000','WindowsME_BROKE','Warning','flashyThing',1207)
COMMIT
INSERT INTO FIVEWIDETABLE VALUES('2013-02-27 11:27:55.667000','Partial','Problem','Widgit',1208)
COMMIT
INSERT INTO FIVEWIDETABLE VALUES('2013-02-27 11:27:55.667000','','Good','flashyThing',1209)
COMMIT
INSERT INTO FIVEWIDETABLE VALUES('2013-02-27 11:27:55.668000','Partial','Warning','Widgit',1210)
COMMIT
INSERT INTO FIVEWIDETABLE VALUES('2013-02-27 11:27:55.668000','WindowsME_BROKE','Problem','flashyThing',1211)
COMMIT
INSERT INTO FIVEWIDETABLE VALUES('2013-02-27 11:27:55.668000','','Good','Widgit',1212)
COMMIT
INSERT INTO FIVEWIDETABLE VALUES('2013-02-27 11:27:55.668000','WindowsME_BROKE','Warning','flashyThing',1213)
COMMIT
INSERT INTO FIVEWIDETABLE VALUES('2013-02-27 11:27:55.668000','Partial','Problem','Widgit',1214)
COMMIT
INSERT INTO FIVEWIDETABLE VALUES('2013-02-27 11:27:55.668000','','Good','flashyThing',1215)
COMMIT
INSERT INTO FIVEWIDETABLE VALUES('2013-02-27 11:27:55.669000','Partial','Warning','Widgit',1216)
COMMIT
INSERT INTO FIVEWIDETABLE VALUES('2013-02-27 11:27:55.669000','WindowsME_BROKE','Problem','flashyThing',1217)
COMMIT
INSERT INTO FIVEWIDETABLE VALUES('2013-02-27 11:27:55.669000','','Good','Widgit',1218)
COMMIT
INSERT INTO FIVEWIDETABLE VALUES('2013-02-27 11:27:55.669000','WindowsME_BROKE','Warning','flashyThing',1219)
COMMIT
INSERT INTO FIVEWIDETABLE VALUES('2013-02-27 11:27:55.669000','Partial','Problem','Widgit',1220)
COMMIT
INSERT INTO FIVEWIDETABLE VALUES('2013-02-27 11:27:55.669000','','Good','flashyThing',1221)
COMMIT
INSERT INTO FIVEWIDETABLE VALUES('2013-02-27 11:27:55.670000','Partial','Warning','Widgit',1222)
COMMIT
INSERT INTO FIVEWIDETABLE VALUES('2013-02-27 11:27:55.670000','WindowsME_BROKE','Problem','flashyThing',1223)
COMMIT
INSERT INTO FIVEWIDETABLE VALUES('2013-02-27 11:27:55.670000','','Good','Widgit',1224)
COMMIT
INSERT INTO FIVEWIDETABLE VALUES('2013-02-27 11:27:55.670000','WindowsME_BROKE','Warning','flashyThing',1225)
COMMIT
INSERT INTO FIVEWIDETABLE VALUES('2013-02-27 11:27:55.670000','Partial','Problem','Widgit',1226)
COMMIT
INSERT INTO FIVEWIDETABLE VALUES('2013-02-27 11:27:55.670000','','Good','flashyThing',1227)
COMMIT
INSERT INTO FIVEWIDETABLE VALUES('2013-02-27 11:27:55.671000','Partial','Warning','Widgit',1228)
COMMIT
INSERT INTO FIVEWIDETABLE VALUES('2013-02-27 11:27:55.824000','WindowsME_BROKE','Problem','flashyThing',1229)
COMMIT
INSERT INTO FIVEWIDETABLE VALUES('2013-02-27 11:27:55.824000','','Good','Widgit',1230)
COMMIT
INSERT INTO FIVEWIDETABLE VALUES('2013-02-27 11:27:55.824000','WindowsME_BROKE','Warning','flashyThing',1231)
COMMIT
INSERT INTO FIVEWIDETABLE VALUES('2013-02-27 11:27:55.824000','Partial','Problem','Widgit',1232)
COMMIT
INSERT INTO FIVEWIDETABLE VALUES('2013-02-27 11:27:55.825000','','Good','flashyThing',1233)
COMMIT
INSERT INTO FIVEWIDETABLE VALUES('2013-02-27 11:27:55.825000','Partial','Warning','Widgit',1234)
COMMIT
INSERT INTO FIVEWIDETABLE VALUES('2013-02-27 11:27:55.825000','WindowsME_BROKE','Problem','flashyThing',1235)
COMMIT
INSERT INTO FIVEWIDETABLE VALUES('2013-02-27 11:27:55.825000','','Good','Widgit',1236)
COMMIT
INSERT INTO FIVEWIDETABLE VALUES('2013-02-27 11:27:55.825000','WindowsME_BROKE','Warning','flashyThing',1237)
COMMIT
INSERT INTO FIVEWIDETABLE VALUES('2013-02-27 11:27:55.825000','Partial','Problem','Widgit',1238)
COMMIT
INSERT INTO FIVEWIDETABLE VALUES('2013-02-27 11:27:55.826000','','Good','flashyThing',1239)
COMMIT
INSERT INTO FIVEWIDETABLE VALUES('2013-02-27 11:27:55.826000','Partial','Warning','Widgit',1240)
COMMIT
INSERT INTO FIVEWIDETABLE VALUES('2013-02-27 11:27:55.826000','WindowsME_BROKE','Problem','flashyThing',1241)
COMMIT
INSERT INTO FIVEWIDETABLE VALUES('2013-02-27 11:27:55.826000','','Good','Widgit',1242)
COMMIT
INSERT INTO FIVEWIDETABLE VALUES('2013-02-27 11:27:55.826000','WindowsME_BROKE','Warning','flashyThing',1243)
COMMIT
INSERT INTO FIVEWIDETABLE VALUES('2013-02-27 11:27:55.826000','Partial','Problem','Widgit',1244)
COMMIT
INSERT INTO FIVEWIDETABLE VALUES('2013-02-27 11:27:55.826000','','Good','flashyThing',1245)
COMMIT
INSERT INTO FIVEWIDETABLE VALUES('2013-02-27 11:27:55.827000','Partial','Warning','Widgit',1246)
COMMIT
INSERT INTO FIVEWIDETABLE VALUES('2013-02-27 11:27:55.827000','WindowsME_BROKE','Problem','flashyThing',1247)
COMMIT
INSERT INTO FIVEWIDETABLE VALUES('2013-02-27 11:27:55.827000','','Good','Widgit',1248)
COMMIT
INSERT INTO FIVEWIDETABLE VALUES('2013-02-27 11:27:55.827000','WindowsME_BROKE','Warning','flashyThing',1249)
COMMIT
INSERT INTO FIVEWIDETABLE VALUES('2013-02-27 11:27:55.827000','Partial','Problem','Widgit',1250)
COMMIT
INSERT INTO FIVEWIDETABLE VALUES('2013-02-27 11:27:55.827000','','Good','flashyThing',1251)
COMMIT
INSERT INTO FIVEWIDETABLE VALUES('2013-02-27 11:27:55.827000','Partial','Warning','Widgit',1252)
COMMIT
INSERT INTO FIVEWIDETABLE VALUES('2013-02-27 11:27:55.828000','WindowsME_BROKE','Problem','flashyThing',1253)
COMMIT
INSERT INTO FIVEWIDETABLE VALUES('2013-02-27 11:27:55.828000','','Good','Widgit',1254)
COMMIT
INSERT INTO FIVEWIDETABLE VALUES('2013-02-27 11:27:55.828000','WindowsME_BROKE','Warning','flashyThing',1255)
COMMIT
INSERT INTO FIVEWIDETABLE VALUES('2013-02-27 11:27:55.828000','Partial','Problem','Widgit',1256)
COMMIT
INSERT INTO FIVEWIDETABLE VALUES('2013-02-27 11:27:55.828000','','Good','flashyThing',1257)
COMMIT
INSERT INTO FIVEWIDETABLE VALUES('2013-02-27 11:27:55.828000','Partial','Warning','Widgit',1258)
COMMIT
INSERT INTO FIVEWIDETABLE VALUES('2013-02-27 11:27:55.828000','WindowsME_BROKE','Problem','flashyThing',1259)
COMMIT
INSERT INTO FIVEWIDETABLE VALUES('2013-02-27 11:27:55.829000','','Good','Widgit',1260)
COMMIT
INSERT INTO FIVEWIDETABLE VALUES('2013-02-27 11:27:55.829000','WindowsME_BROKE','Warning','flashyThing',1261)
COMMIT
INSERT INTO FIVEWIDETABLE VALUES('2013-02-27 11:27:55.829000','Partial','Problem','Widgit',1262)
COMMIT
INSERT INTO FIVEWIDETABLE VALUES('2013-02-27 11:27:55.829000','','Good','flashyThing',1263)
COMMIT
INSERT INTO FIVEWIDETABLE VALUES('2013-02-27 11:27:55.829000','Partial','Warning','Widgit',1264)
COMMIT
INSERT INTO FIVEWIDETABLE VALUES('2013-02-27 11:27:55.829000','WindowsME_BROKE','Problem','flashyThing',1265)
COMMIT
INSERT INTO FIVEWIDETABLE VALUES('2013-02-27 11:27:55.829000','','Good','Widgit',1266)
COMMIT
INSERT INTO FIVEWIDETABLE VALUES('2013-02-27 11:27:55.830000','WindowsME_BROKE','Warning','flashyThing',1267)
COMMIT
INSERT INTO FIVEWIDETABLE VALUES('2013-02-27 11:27:55.830000','Partial','Problem','Widgit',1268)
COMMIT
INSERT INTO FIVEWIDETABLE VALUES('2013-02-27 11:27:55.830000','','Good','flashyThing',1269)
COMMIT
INSERT INTO FIVEWIDETABLE VALUES('2013-02-27 11:27:55.830000','Partial','Warning','Widgit',1270)
COMMIT
INSERT INTO FIVEWIDETABLE VALUES('2013-02-27 11:27:55.830000','WindowsME_BROKE','Problem','flashyThing',1271)
COMMIT
INSERT INTO FIVEWIDETABLE VALUES('2013-02-27 11:27:55.830000','','Good','Widgit',1272)
COMMIT
INSERT INTO FIVEWIDETABLE VALUES('2013-02-27 11:27:55.830000','WindowsME_BROKE','Warning','flashyThing',1273)
COMMIT
INSERT INTO FIVEWIDETABLE VALUES('2013-02-27 11:27:55.831000','Partial','Problem','Widgit',1274)
COMMIT
INSERT INTO FIVEWIDETABLE VALUES('2013-02-27 11:27:55.831000','','Good','flashyThing',1275)
COMMIT
INSERT INTO FIVEWIDETABLE VALUES('2013-02-27 11:27:55.831000','Partial','Warning','Widgit',1276)
COMMIT
INSERT INTO FIVEWIDETABLE VALUES('2013-02-27 11:27:55.831000','WindowsME_BROKE','Problem','flashyThing',1277)
COMMIT
INSERT INTO FIVEWIDETABLE VALUES('2013-02-27 11:27:55.831000','','Good','Widgit',1278)
COMMIT
INSERT INTO FIVEWIDETABLE VALUES('2013-02-27 11:27:55.831000','WindowsME_BROKE','Warning','flashyThing',1279)
COMMIT
INSERT INTO FIVEWIDETABLE VALUES('2013-02-27 11:27:55.831000','Partial','Problem','Widgit',1280)
COMMIT
INSERT INTO FIVEWIDETABLE VALUES('2013-02-27 11:27:55.832000','','Good','flashyThing',1281)
COMMIT
INSERT INTO FIVEWIDETABLE VALUES('2013-02-27 11:27:55.832000','Partial','Warning','Widgit',1282)
COMMIT
INSERT INTO FIVEWIDETABLE VALUES('2013-02-27 11:27:55.832000','WindowsME_BROKE','Problem','flashyThing',1283)
COMMIT
INSERT INTO FIVEWIDETABLE VALUES('2013-02-27 11:27:55.832000','','Good','Widgit',1284)
COMMIT
INSERT INTO FIVEWIDETABLE VALUES('2013-02-27 11:27:55.832000','WindowsME_BROKE','Warning','flashyThing',1285)
COMMIT
INSERT INTO FIVEWIDETABLE VALUES('2013-02-27 11:27:55.832000','Partial','Problem','Widgit',1286)
COMMIT
INSERT INTO FIVEWIDETABLE VALUES('2013-02-27 11:27:55.832000','','Good','flashyThing',1287)
COMMIT
INSERT INTO FIVEWIDETABLE VALUES('2013-02-27 11:27:55.833000','Partial','Warning','Widgit',1288)
COMMIT
INSERT INTO FIVEWIDETABLE VALUES('2013-02-27 11:27:55.833000','WindowsME_BROKE','Problem','flashyThing',1289)
COMMIT
INSERT INTO FIVEWIDETABLE VALUES('2013-02-27 11:27:55.833000','','Good','Widgit',1290)
COMMIT
INSERT INTO FIVEWIDETABLE VALUES('2013-02-27 11:27:55.833000','WindowsME_BROKE','Warning','flashyThing',1291)
COMMIT
INSERT INTO FIVEWIDETABLE VALUES('2013-02-27 11:27:55.833000','Partial','Problem','Widgit',1292)
COMMIT
INSERT INTO FIVEWIDETABLE VALUES('2013-02-27 11:27:55.833000','','Good','flashyThing',1293)
COMMIT
INSERT INTO FIVEWIDETABLE VALUES('2013-02-27 11:27:55.833000','Partial','Warning','Widgit',1294)
COMMIT
INSERT INTO FIVEWIDETABLE VALUES('2013-02-27 11:27:55.834000','WindowsME_BROKE','Problem','flashyThing',1295)
COMMIT
INSERT INTO FIVEWIDETABLE VALUES('2013-02-27 11:27:55.834000','','Good','Widgit',1296)
COMMIT
INSERT INTO FIVEWIDETABLE VALUES('2013-02-27 11:27:55.834000','WindowsME_BROKE','Warning','flashyThing',1297)
COMMIT
INSERT INTO FIVEWIDETABLE VALUES('2013-02-27 11:27:55.834000','Partial','Problem','Widgit',1298)
COMMIT
INSERT INTO FIVEWIDETABLE VALUES('2013-02-27 11:27:55.834000','','Good','flashyThing',1299)
COMMIT
INSERT INTO FIVEWIDETABLE VALUES('2013-02-27 11:27:55.834000','Partial','Warning','Widgit',1300)
COMMIT
INSERT INTO FIVEWIDETABLE VALUES('2013-02-27 11:27:55.834000','WindowsME_BROKE','Problem','flashyThing',1301)
COMMIT
INSERT INTO FIVEWIDETABLE VALUES('2013-02-27 11:27:55.835000','','Good','Widgit',1302)
COMMIT
INSERT INTO FIVEWIDETABLE VALUES('2013-02-27 11:27:55.835000','WindowsME_BROKE','Warning','flashyThing',1303)
COMMIT
INSERT INTO FIVEWIDETABLE VALUES('2013-02-27 11:27:55.835000','Partial','Problem','Widgit',1304)
COMMIT
INSERT INTO FIVEWIDETABLE VALUES('2013-02-27 11:27:55.835000','','Good','flashyThing',1305)
COMMIT
INSERT INTO FIVEWIDETABLE VALUES('2013-02-27 11:27:55.835000','Partial','Warning','Widgit',1306)
COMMIT
INSERT INTO FIVEWIDETABLE VALUES('2013-02-27 11:27:55.835000','WindowsME_BROKE','Problem','flashyThing',1307)
COMMIT
INSERT INTO FIVEWIDETABLE VALUES('2013-02-27 11:27:55.835000','','Good','Widgit',1308)
COMMIT
INSERT INTO FIVEWIDETABLE VALUES('2013-02-27 11:27:55.836000','WindowsME_BROKE','Warning','flashyThing',1309)
COMMIT
INSERT INTO FIVEWIDETABLE VALUES('2013-02-27 11:27:55.836000','Partial','Problem','Widgit',1310)
COMMIT
INSERT INTO FIVEWIDETABLE VALUES('2013-02-27 11:27:55.836000','','Good','flashyThing',1311)
COMMIT
INSERT INTO FIVEWIDETABLE VALUES('2013-02-27 11:27:55.836000','Partial','Warning','Widgit',1312)
COMMIT
INSERT INTO FIVEWIDETABLE VALUES('2013-02-27 11:27:55.836000','WindowsME_BROKE','Problem','flashyThing',1313)
COMMIT
INSERT INTO FIVEWIDETABLE VALUES('2013-02-27 11:27:55.836000','','Good','Widgit',1314)
COMMIT
INSERT INTO FIVEWIDETABLE VALUES('2013-02-27 11:27:55.836000','WindowsME_BROKE','Warning','flashyThing',1315)
COMMIT
INSERT INTO FIVEWIDETABLE VALUES('2013-02-27 11:27:55.837000','Partial','Problem','Widgit',1316)
COMMIT
INSERT INTO FIVEWIDETABLE VALUES('2013-02-27 11:27:55.837000','','Good','flashyThing',1317)
COMMIT
INSERT INTO FIVEWIDETABLE VALUES('2013-02-27 11:27:55.837000','Partial','Warning','Widgit',1318)
COMMIT
INSERT INTO FIVEWIDETABLE VALUES('2013-02-27 11:27:55.837000','WindowsME_BROKE','Problem','flashyThing',1319)
COMMIT
INSERT INTO FIVEWIDETABLE VALUES('2013-02-27 11:27:55.837000','','Good','Widgit',1320)
COMMIT
INSERT INTO FIVEWIDETABLE VALUES('2013-02-27 11:27:55.837000','WindowsME_BROKE','Warning','flashyThing',1321)
COMMIT
INSERT INTO FIVEWIDETABLE VALUES('2013-02-27 11:27:55.838000','Partial','Problem','Widgit',1322)
COMMIT
INSERT INTO FIVEWIDETABLE VALUES('2013-02-27 11:27:55.838000','','Good','flashyThing',1323)
COMMIT
INSERT INTO FIVEWIDETABLE VALUES('2013-02-27 11:27:55.838000','Partial','Warning','Widgit',1324)
COMMIT
INSERT INTO FIVEWIDETABLE VALUES('2013-02-27 11:27:55.838000','WindowsME_BROKE','Problem','flashyThing',1325)
COMMIT
INSERT INTO FIVEWIDETABLE VALUES('2013-02-27 11:27:55.838000','','Good','Widgit',1326)
COMMIT
INSERT INTO FIVEWIDETABLE VALUES('2013-02-27 11:27:55.838000','WindowsME_BROKE','Warning','flashyThing',1327)
COMMIT
INSERT INTO FIVEWIDETABLE VALUES('2013-02-27 11:27:55.838000','Partial','Problem','Widgit',1328)
COMMIT
INSERT INTO FIVEWIDETABLE VALUES('2013-02-27 11:27:55.839000','','Good','flashyThing',1329)
COMMIT
INSERT INTO FIVEWIDETABLE VALUES('2013-02-27 11:27:55.839000','Partial','Warning','Widgit',1330)
COMMIT
INSERT INTO FIVEWIDETABLE VALUES('2013-02-27 11:27:55.839000','WindowsME_BROKE','Problem','flashyThing',1331)
COMMIT
INSERT INTO FIVEWIDETABLE VALUES('2013-02-27 11:27:55.839000','','Good','Widgit',1332)
COMMIT
INSERT INTO FIVEWIDETABLE VALUES('2013-02-27 11:27:55.839000','WindowsME_BROKE','Warning','flashyThing',1333)
COMMIT
INSERT INTO FIVEWIDETABLE VALUES('2013-02-27 11:27:55.839000','Partial','Problem','Widgit',1334)
COMMIT
INSERT INTO FIVEWIDETABLE VALUES('2013-02-27 11:27:55.839000','','Good','flashyThing',1335)
COMMIT
INSERT INTO FIVEWIDETABLE VALUES('2013-02-27 11:27:55.840000','Partial','Warning','Widgit',1336)
COMMIT
INSERT INTO FIVEWIDETABLE VALUES('2013-02-27 11:27:55.840000','WindowsME_BROKE','Problem','flashyThing',1337)
COMMIT
INSERT INTO FIVEWIDETABLE VALUES('2013-02-27 11:27:55.840000','','Good','Widgit',1338)
COMMIT
INSERT INTO FIVEWIDETABLE VALUES('2013-02-27 11:27:55.840000','WindowsME_BROKE','Warning','flashyThing',1339)
COMMIT
INSERT INTO FIVEWIDETABLE VALUES('2013-02-27 11:27:55.840000','Partial','Problem','Widgit',1340)
COMMIT
INSERT INTO FIVEWIDETABLE VALUES('2013-02-27 11:27:55.840000','','Good','flashyThing',1341)
COMMIT
INSERT INTO FIVEWIDETABLE VALUES('2013-02-27 11:27:55.840000','Partial','Warning','Widgit',1342)
COMMIT
INSERT INTO FIVEWIDETABLE VALUES('2013-02-27 11:27:55.841000','WindowsME_BROKE','Problem','flashyThing',1343)
COMMIT
INSERT INTO FIVEWIDETABLE VALUES('2013-02-27 11:27:55.841000','','Good','Widgit',1344)
COMMIT
INSERT INTO FIVEWIDETABLE VALUES('2013-02-27 11:27:55.841000','WindowsME_BROKE','Warning','flashyThing',1345)
COMMIT
INSERT INTO FIVEWIDETABLE VALUES('2013-02-27 11:27:55.841000','Partial','Problem','Widgit',1346)
COMMIT
INSERT INTO FIVEWIDETABLE VALUES('2013-02-27 11:27:55.841000','','Good','flashyThing',1347)
COMMIT
INSERT INTO FIVEWIDETABLE VALUES('2013-02-27 11:27:55.841000','Partial','Warning','Widgit',1348)
COMMIT
INSERT INTO FIVEWIDETABLE VALUES('2013-02-27 11:27:55.841000','WindowsME_BROKE','Problem','flashyThing',1349)
COMMIT
INSERT INTO FIVEWIDETABLE VALUES('2013-02-27 11:27:55.841000','','Good','Widgit',1350)
COMMIT
INSERT INTO FIVEWIDETABLE VALUES('2013-02-27 11:27:55.842000','WindowsME_BROKE','Warning','flashyThing',1351)
COMMIT
INSERT INTO FIVEWIDETABLE VALUES('2013-02-27 11:27:55.842000','Partial','Problem','Widgit',1352)
COMMIT
INSERT INTO FIVEWIDETABLE VALUES('2013-02-27 11:27:55.842000','','Good','flashyThing',1353)
COMMIT
INSERT INTO FIVEWIDETABLE VALUES('2013-02-27 11:27:55.842000','Partial','Warning','Widgit',1354)
COMMIT
INSERT INTO FIVEWIDETABLE VALUES('2013-02-27 11:27:55.842000','WindowsME_BROKE','Problem','flashyThing',1355)
COMMIT
INSERT INTO FIVEWIDETABLE VALUES('2013-02-27 11:27:55.842000','','Good','Widgit',1356)
COMMIT
INSERT INTO FIVEWIDETABLE VALUES('2013-02-27 11:27:55.842000','WindowsME_BROKE','Warning','flashyThing',1357)
COMMIT
INSERT INTO FIVEWIDETABLE VALUES('2013-02-27 11:27:55.843000','Partial','Problem','Widgit',1358)
COMMIT
INSERT INTO FIVEWIDETABLE VALUES('2013-02-27 11:27:55.843000','','Good','flashyThing',1359)
COMMIT
INSERT INTO FIVEWIDETABLE VALUES('2013-02-27 11:27:55.843000','Partial','Warning','Widgit',1360)
COMMIT
INSERT INTO FIVEWIDETABLE VALUES('2013-02-27 11:27:55.843000','WindowsME_BROKE','Problem','flashyThing',1361)
COMMIT
INSERT INTO FIVEWIDETABLE VALUES('2013-02-27 11:27:55.843000','','Good','Widgit',1362)
COMMIT
INSERT INTO FIVEWIDETABLE VALUES('2013-02-27 11:27:55.843000','WindowsME_BROKE','Warning','flashyThing',1363)
COMMIT
INSERT INTO FIVEWIDETABLE VALUES('2013-02-27 11:27:55.843000','Partial','Problem','Widgit',1364)
COMMIT
INSERT INTO FIVEWIDETABLE VALUES('2013-02-27 11:27:55.844000','','Good','flashyThing',1365)
COMMIT
INSERT INTO FIVEWIDETABLE VALUES('2013-02-27 11:27:55.844000','Partial','Warning','Widgit',1366)
COMMIT
INSERT INTO FIVEWIDETABLE VALUES('2013-02-27 11:27:55.844000','WindowsME_BROKE','Problem','flashyThing',1367)
COMMIT
INSERT INTO FIVEWIDETABLE VALUES('2013-02-27 11:27:55.844000','','Good','Widgit',1368)
COMMIT
INSERT INTO FIVEWIDETABLE VALUES('2013-02-27 11:27:55.844000','WindowsME_BROKE','Warning','flashyThing',1369)
COMMIT
INSERT INTO FIVEWIDETABLE VALUES('2013-02-27 11:27:55.844000','Partial','Problem','Widgit',1370)
COMMIT
INSERT INTO FIVEWIDETABLE VALUES('2013-02-27 11:27:55.844000','','Good','flashyThing',1371)
COMMIT
INSERT INTO FIVEWIDETABLE VALUES('2013-02-27 11:27:55.845000','Partial','Warning','Widgit',1372)
COMMIT
INSERT INTO FIVEWIDETABLE VALUES('2013-02-27 11:27:55.845000','WindowsME_BROKE','Problem','flashyThing',1373)
COMMIT
INSERT INTO FIVEWIDETABLE VALUES('2013-02-27 11:27:55.845000','','Good','Widgit',1374)
COMMIT
INSERT INTO FIVEWIDETABLE VALUES('2013-02-27 11:27:55.845000','WindowsME_BROKE','Warning','flashyThing',1375)
COMMIT
INSERT INTO FIVEWIDETABLE VALUES('2013-02-27 11:27:55.845000','Partial','Problem','Widgit',1376)
COMMIT
INSERT INTO FIVEWIDETABLE VALUES('2013-02-27 11:27:55.845000','','Good','flashyThing',1377)
COMMIT
INSERT INTO FIVEWIDETABLE VALUES('2013-02-27 11:27:55.845000','Partial','Warning','Widgit',1378)
COMMIT
INSERT INTO FIVEWIDETABLE VALUES('2013-02-27 11:27:55.846000','WindowsME_BROKE','Problem','flashyThing',1379)
COMMIT
INSERT INTO FIVEWIDETABLE VALUES('2013-02-27 11:27:55.846000','','Good','Widgit',1380)
COMMIT
INSERT INTO FIVEWIDETABLE VALUES('2013-02-27 11:27:55.846000','WindowsME_BROKE','Warning','flashyThing',1381)
COMMIT
INSERT INTO FIVEWIDETABLE VALUES('2013-02-27 11:27:55.846000','Partial','Problem','Widgit',1382)
COMMIT
INSERT INTO FIVEWIDETABLE VALUES('2013-02-27 11:27:55.846000','','Good','flashyThing',1383)
COMMIT
INSERT INTO FIVEWIDETABLE VALUES('2013-02-27 11:27:55.846000','Partial','Warning','Widgit',1384)
COMMIT
INSERT INTO FIVEWIDETABLE VALUES('2013-02-27 11:27:55.846000','WindowsME_BROKE','Problem','flashyThing',1385)
COMMIT
INSERT INTO FIVEWIDETABLE VALUES('2013-02-27 11:27:55.847000','','Good','Widgit',1386)
COMMIT
INSERT INTO FIVEWIDETABLE VALUES('2013-02-27 11:27:55.847000','WindowsME_BROKE','Warning','flashyThing',1387)
COMMIT
INSERT INTO FIVEWIDETABLE VALUES('2013-02-27 11:27:55.847000','Partial','Problem','Widgit',1388)
COMMIT
INSERT INTO FIVEWIDETABLE VALUES('2013-02-27 11:27:55.847000','','Good','flashyThing',1389)
COMMIT
INSERT INTO FIVEWIDETABLE VALUES('2013-02-27 11:27:55.847000','Partial','Warning','Widgit',1390)
COMMIT
INSERT INTO FIVEWIDETABLE VALUES('2013-02-27 11:27:55.847000','WindowsME_BROKE','Problem','flashyThing',1391)
COMMIT
INSERT INTO FIVEWIDETABLE VALUES('2013-02-27 11:27:55.847000','','Good','Widgit',1392)
COMMIT
INSERT INTO FIVEWIDETABLE VALUES('2013-02-27 11:27:55.848000','WindowsME_BROKE','Warning','flashyThing',1393)
COMMIT
INSERT INTO FIVEWIDETABLE VALUES('2013-02-27 11:27:55.848000','Partial','Problem','Widgit',1394)
COMMIT
INSERT INTO FIVEWIDETABLE VALUES('2013-02-27 11:27:55.848000','','Good','flashyThing',1395)
COMMIT
INSERT INTO FIVEWIDETABLE VALUES('2013-02-27 11:27:55.848000','Partial','Warning','Widgit',1396)
COMMIT
INSERT INTO FIVEWIDETABLE VALUES('2013-02-27 11:27:55.848000','WindowsME_BROKE','Problem','flashyThing',1397)
COMMIT
INSERT INTO FIVEWIDETABLE VALUES('2013-02-27 11:27:55.848000','','Good','Widgit',1398)
COMMIT
INSERT INTO FIVEWIDETABLE VALUES('2013-02-27 11:27:55.848000','WindowsME_BROKE','Warning','flashyThing',1399)
COMMIT
INSERT INTO FIVEWIDETABLE VALUES('2013-02-27 11:27:55.849000','Partial','Problem','Widgit',1400)
COMMIT
INSERT INTO FIVEWIDETABLE VALUES('2013-02-27 11:27:55.849000','','Good','flashyThing',1401)
COMMIT
INSERT INTO FIVEWIDETABLE VALUES('2013-02-27 11:27:55.849000','Partial','Warning','Widgit',1402)
COMMIT
INSERT INTO FIVEWIDETABLE VALUES('2013-02-27 11:27:55.849000','WindowsME_BROKE','Problem','flashyThing',1403)
COMMIT
INSERT INTO FIVEWIDETABLE VALUES('2013-02-27 11:27:55.849000','','Good','Widgit',1404)
COMMIT
INSERT INTO FIVEWIDETABLE VALUES('2013-02-27 11:27:55.849000','WindowsME_BROKE','Warning','flashyThing',1405)
COMMIT
INSERT INTO FIVEWIDETABLE VALUES('2013-02-27 11:27:55.849000','Partial','Problem','Widgit',1406)
COMMIT
INSERT INTO FIVEWIDETABLE VALUES('2013-02-27 11:27:55.850000','','Good','flashyThing',1407)
COMMIT
INSERT INTO FIVEWIDETABLE VALUES('2013-02-27 11:27:55.850000','Partial','Warning','Widgit',1408)
COMMIT
INSERT INTO FIVEWIDETABLE VALUES('2013-02-27 11:27:55.850000','WindowsME_BROKE','Problem','flashyThing',1409)
COMMIT
INSERT INTO FIVEWIDETABLE VALUES('2013-02-27 11:27:55.850000','','Good','Widgit',1410)
COMMIT
INSERT INTO FIVEWIDETABLE VALUES('2013-02-27 11:27:55.850000','WindowsME_BROKE','Warning','flashyThing',1411)
COMMIT
INSERT INTO FIVEWIDETABLE VALUES('2013-02-27 11:27:55.850000','Partial','Problem','Widgit',1412)
COMMIT
INSERT INTO FIVEWIDETABLE VALUES('2013-02-27 11:27:55.850000','','Good','flashyThing',1413)
COMMIT
INSERT INTO FIVEWIDETABLE VALUES('2013-02-27 11:27:55.851000','Partial','Warning','Widgit',1414)
COMMIT
INSERT INTO FIVEWIDETABLE VALUES('2013-02-27 11:27:55.851000','WindowsME_BROKE','Problem','flashyThing',1415)
COMMIT
INSERT INTO FIVEWIDETABLE VALUES('2013-02-27 11:27:55.851000','','Good','Widgit',1416)
COMMIT
INSERT INTO FIVEWIDETABLE VALUES('2013-02-27 11:27:55.851000','WindowsME_BROKE','Warning','flashyThing',1417)
COMMIT
INSERT INTO FIVEWIDETABLE VALUES('2013-02-27 11:27:55.851000','Partial','Problem','Widgit',1418)
COMMIT
INSERT INTO FIVEWIDETABLE VALUES('2013-02-27 11:27:55.851000','','Good','flashyThing',1419)
COMMIT
INSERT INTO FIVEWIDETABLE VALUES('2013-02-27 11:27:55.851000','Partial','Warning','Widgit',1420)
COMMIT
INSERT INTO FIVEWIDETABLE VALUES('2013-02-27 11:27:55.851000','WindowsME_BROKE','Problem','flashyThing',1421)
COMMIT
INSERT INTO FIVEWIDETABLE VALUES('2013-02-27 11:27:55.852000','','Good','Widgit',1422)
COMMIT
INSERT INTO FIVEWIDETABLE VALUES('2013-02-27 11:27:55.852000','WindowsME_BROKE','Warning','flashyThing',1423)
COMMIT
INSERT INTO FIVEWIDETABLE VALUES('2013-02-27 11:27:55.852000','Partial','Problem','Widgit',1424)
COMMIT
INSERT INTO FIVEWIDETABLE VALUES('2013-02-27 11:27:55.852000','','Good','flashyThing',1425)
COMMIT
INSERT INTO FIVEWIDETABLE VALUES('2013-02-27 11:27:55.852000','Partial','Warning','Widgit',1426)
COMMIT
INSERT INTO FIVEWIDETABLE VALUES('2013-02-27 11:27:55.852000','WindowsME_BROKE','Problem','flashyThing',1427)
COMMIT
INSERT INTO FIVEWIDETABLE VALUES('2013-02-27 11:27:55.852000','','Good','Widgit',1428)
COMMIT
INSERT INTO FIVEWIDETABLE VALUES('2013-02-27 11:27:55.853000','WindowsME_BROKE','Warning','flashyThing',1429)
COMMIT
INSERT INTO FIVEWIDETABLE VALUES('2013-02-27 11:27:55.853000','Partial','Problem','Widgit',1430)
COMMIT
INSERT INTO FIVEWIDETABLE VALUES('2013-02-27 11:27:55.853000','','Good','flashyThing',1431)
COMMIT
INSERT INTO FIVEWIDETABLE VALUES('2013-02-27 11:27:55.853000','Partial','Warning','Widgit',1432)
COMMIT
INSERT INTO FIVEWIDETABLE VALUES('2013-02-27 11:27:55.853000','WindowsME_BROKE','Problem','flashyThing',1433)
COMMIT
INSERT INTO FIVEWIDETABLE VALUES('2013-02-27 11:27:55.853000','','Good','Widgit',1434)
COMMIT
INSERT INTO FIVEWIDETABLE VALUES('2013-02-27 11:27:55.853000','WindowsME_BROKE','Warning','flashyThing',1435)
COMMIT
INSERT INTO FIVEWIDETABLE VALUES('2013-02-27 11:27:55.854000','Partial','Problem','Widgit',1436)
COMMIT
INSERT INTO FIVEWIDETABLE VALUES('2013-02-27 11:27:55.854000','','Good','flashyThing',1437)
COMMIT
INSERT INTO FIVEWIDETABLE VALUES('2013-02-27 11:27:55.854000','Partial','Warning','Widgit',1438)
COMMIT
INSERT INTO FIVEWIDETABLE VALUES('2013-02-27 11:27:55.854000','WindowsME_BROKE','Problem','flashyThing',1439)
COMMIT
INSERT INTO FIVEWIDETABLE VALUES('2013-02-27 11:27:55.854000','','Good','Widgit',1440)
COMMIT
INSERT INTO FIVEWIDETABLE VALUES('2013-02-27 11:27:55.854000','WindowsME_BROKE','Warning','flashyThing',1441)
COMMIT
INSERT INTO FIVEWIDETABLE VALUES('2013-02-27 11:27:55.854000','Partial','Problem','Widgit',1442)
COMMIT
INSERT INTO FIVEWIDETABLE VALUES('2013-02-27 11:27:55.855000','','Good','flashyThing',1443)
COMMIT
INSERT INTO FIVEWIDETABLE VALUES('2013-02-27 11:27:55.855000','Partial','Warning','Widgit',1444)
COMMIT
INSERT INTO FIVEWIDETABLE VALUES('2013-02-27 11:27:55.855000','WindowsME_BROKE','Problem','flashyThing',1445)
COMMIT
INSERT INTO FIVEWIDETABLE VALUES('2013-02-27 11:27:55.855000','','Good','Widgit',1446)
COMMIT
INSERT INTO FIVEWIDETABLE VALUES('2013-02-27 11:27:55.855000','WindowsME_BROKE','Warning','flashyThing',1447)
COMMIT
INSERT INTO FIVEWIDETABLE VALUES('2013-02-27 11:27:55.855000','Partial','Problem','Widgit',1448)
COMMIT
INSERT INTO FIVEWIDETABLE VALUES('2013-02-27 11:27:55.855000','','Good','flashyThing',1449)
COMMIT
INSERT INTO FIVEWIDETABLE VALUES('2013-02-27 11:27:55.856000','Partial','Warning','Widgit',1450)
COMMIT
INSERT INTO FIVEWIDETABLE VALUES('2013-02-27 11:27:55.856000','WindowsME_BROKE','Problem','flashyThing',1451)
COMMIT
INSERT INTO FIVEWIDETABLE VALUES('2013-02-27 11:27:55.856000','','Good','Widgit',1452)
COMMIT
INSERT INTO FIVEWIDETABLE VALUES('2013-02-27 11:27:55.856000','WindowsME_BROKE','Warning','flashyThing',1453)
COMMIT
INSERT INTO FIVEWIDETABLE VALUES('2013-02-27 11:27:55.856000','Partial','Problem','Widgit',1454)
COMMIT
INSERT INTO FIVEWIDETABLE VALUES('2013-02-27 11:27:55.856000','','Good','flashyThing',1455)
COMMIT
INSERT INTO FIVEWIDETABLE VALUES('2013-02-27 11:27:55.856000','Partial','Warning','Widgit',1456)
COMMIT
INSERT INTO FIVEWIDETABLE VALUES('2013-02-27 11:27:55.857000','WindowsME_BROKE','Problem','flashyThing',1457)
COMMIT
INSERT INTO FIVEWIDETABLE VALUES('2013-02-27 11:27:55.857000','','Good','Widgit',1458)
COMMIT
INSERT INTO FIVEWIDETABLE VALUES('2013-02-27 11:27:55.857000','WindowsME_BROKE','Warning','flashyThing',1459)
COMMIT
INSERT INTO FIVEWIDETABLE VALUES('2013-02-27 11:27:55.857000','Partial','Problem','Widgit',1460)
COMMIT
INSERT INTO FIVEWIDETABLE VALUES('2013-02-27 11:27:55.857000','','Good','flashyThing',1461)
COMMIT
INSERT INTO FIVEWIDETABLE VALUES('2013-02-27 11:27:55.857000','Partial','Warning','Widgit',1462)
COMMIT
INSERT INTO FIVEWIDETABLE VALUES('2013-02-27 11:27:55.857000','WindowsME_BROKE','Problem','flashyThing',1463)
COMMIT
INSERT INTO FIVEWIDETABLE VALUES('2013-02-27 11:27:55.857000','','Good','Widgit',1464)
COMMIT
INSERT INTO FIVEWIDETABLE VALUES('2013-02-27 11:27:55.858000','WindowsME_BROKE','Warning','flashyThing',1465)
COMMIT
INSERT INTO FIVEWIDETABLE VALUES('2013-02-27 11:27:55.858000','Partial','Problem','Widgit',1466)
COMMIT
INSERT INTO FIVEWIDETABLE VALUES('2013-02-27 11:27:55.858000','','Good','flashyThing',1467)
COMMIT
INSERT INTO FIVEWIDETABLE VALUES('2013-02-27 11:27:55.858000','Partial','Warning','Widgit',1468)
COMMIT
INSERT INTO FIVEWIDETABLE VALUES('2013-02-27 11:27:55.858000','WindowsME_BROKE','Problem','flashyThing',1469)
COMMIT
INSERT INTO FIVEWIDETABLE VALUES('2013-02-27 11:27:55.858000','','Good','Widgit',1470)
COMMIT
INSERT INTO FIVEWIDETABLE VALUES('2013-02-27 11:27:55.858000','WindowsME_BROKE','Warning','flashyThing',1471)
COMMIT
INSERT INTO FIVEWIDETABLE VALUES('2013-02-27 11:27:55.859000','Partial','Problem','Widgit',1472)
COMMIT
INSERT INTO FIVEWIDETABLE VALUES('2013-02-27 11:27:55.859000','','Good','flashyThing',1473)
COMMIT
INSERT INTO FIVEWIDETABLE VALUES('2013-02-27 11:27:55.859000','Partial','Warning','Widgit',1474)
COMMIT
INSERT INTO FIVEWIDETABLE VALUES('2013-02-27 11:27:55.859000','WindowsME_BROKE','Problem','flashyThing',1475)
COMMIT
INSERT INTO FIVEWIDETABLE VALUES('2013-02-27 11:27:55.859000','','Good','Widgit',1476)
COMMIT
INSERT INTO FIVEWIDETABLE VALUES('2013-02-27 11:27:55.859000','WindowsME_BROKE','Warning','flashyThing',1477)
COMMIT
INSERT INTO FIVEWIDETABLE VALUES('2013-02-27 11:27:55.859000','Partial','Problem','Widgit',1478)
COMMIT
INSERT INTO FIVEWIDETABLE VALUES('2013-02-27 11:27:55.860000','','Good','flashyThing',1479)
COMMIT
INSERT INTO FIVEWIDETABLE VALUES('2013-02-27 11:27:55.860000','Partial','Warning','Widgit',1480)
COMMIT
INSERT INTO FIVEWIDETABLE VALUES('2013-02-27 11:27:55.860000','WindowsME_BROKE','Problem','flashyThing',1481)
COMMIT
INSERT INTO FIVEWIDETABLE VALUES('2013-02-27 11:27:55.860000','','Good','Widgit',1482)
COMMIT
INSERT INTO FIVEWIDETABLE VALUES('2013-02-27 11:27:55.860000','WindowsME_BROKE','Warning','flashyThing',1483)
COMMIT
INSERT INTO FIVEWIDETABLE VALUES('2013-02-27 11:27:55.860000','Partial','Problem','Widgit',1484)
COMMIT
INSERT INTO FIVEWIDETABLE VALUES('2013-02-27 11:27:55.860000','','Good','flashyThing',1485)
COMMIT
INSERT INTO FIVEWIDETABLE VALUES('2013-02-27 11:27:55.861000','Partial','Warning','Widgit',1486)
COMMIT
INSERT INTO FIVEWIDETABLE VALUES('2013-02-27 11:27:55.861000','WindowsME_BROKE','Problem','flashyThing',1487)
COMMIT
INSERT INTO FIVEWIDETABLE VALUES('2013-02-27 11:27:55.861000','','Good','Widgit',1488)
COMMIT
INSERT INTO FIVEWIDETABLE VALUES('2013-02-27 11:27:55.861000','WindowsME_BROKE','Warning','flashyThing',1489)
COMMIT
INSERT INTO FIVEWIDETABLE VALUES('2013-02-27 11:27:55.861000','Partial','Problem','Widgit',1490)
COMMIT
INSERT INTO FIVEWIDETABLE VALUES('2013-02-27 11:27:55.861000','','Good','flashyThing',1491)
COMMIT
INSERT INTO FIVEWIDETABLE VALUES('2013-02-27 11:27:55.861000','Partial','Warning','Widgit',1492)
COMMIT
INSERT INTO FIVEWIDETABLE VALUES('2013-02-27 11:27:55.862000','WindowsME_BROKE','Problem','flashyThing',1493)
COMMIT
INSERT INTO FIVEWIDETABLE VALUES('2013-02-27 11:27:55.862000','','Good','Widgit',1494)
COMMIT
INSERT INTO FIVEWIDETABLE VALUES('2013-02-27 11:27:55.862000','WindowsME_BROKE','Warning','flashyThing',1495)
COMMIT
INSERT INTO FIVEWIDETABLE VALUES('2013-02-27 11:27:55.862000','Partial','Problem','Widgit',1496)
COMMIT
INSERT INTO FIVEWIDETABLE VALUES('2013-02-27 11:27:55.862000','','Good','flashyThing',1497)
COMMIT
INSERT INTO FIVEWIDETABLE VALUES('2013-02-27 11:27:55.862000','Partial','Warning','Widgit',1498)
COMMIT
INSERT INTO FIVEWIDETABLE VALUES('2013-02-27 11:27:55.862000','WindowsME_BROKE','Problem','flashyThing',1499)
COMMIT
INSERT INTO FIVEWIDETABLE VALUES('2013-02-27 11:27:55.863000','','Good','Widgit',1500)
COMMIT
INSERT INTO FIVEWIDETABLE VALUES('2013-02-27 11:27:55.863000','WindowsME_BROKE','Warning','flashyThing',1501)
COMMIT
INSERT INTO FIVEWIDETABLE VALUES('2013-02-27 11:27:55.863000','Partial','Problem','Widgit',1502)
COMMIT
INSERT INTO FIVEWIDETABLE VALUES('2013-02-27 11:27:55.863000','','Good','flashyThing',1503)
COMMIT
INSERT INTO FIVEWIDETABLE VALUES('2013-02-27 11:27:55.863000','Partial','Warning','Widgit',1504)
COMMIT
INSERT INTO FIVEWIDETABLE VALUES('2013-02-27 11:27:55.863000','WindowsME_BROKE','Problem','flashyThing',1505)
COMMIT
INSERT INTO FIVEWIDETABLE VALUES('2013-02-27 11:27:55.863000','','Good','Widgit',1506)
COMMIT
INSERT INTO FIVEWIDETABLE VALUES('2013-02-27 11:27:55.864000','WindowsME_BROKE','Warning','flashyThing',1507)
COMMIT
INSERT INTO FIVEWIDETABLE VALUES('2013-02-27 11:27:55.864000','Partial','Problem','Widgit',1508)
COMMIT
INSERT INTO FIVEWIDETABLE VALUES('2013-02-27 11:27:55.864000','','Good','flashyThing',1509)
COMMIT
INSERT INTO FIVEWIDETABLE VALUES('2013-02-27 11:27:55.864000','Partial','Warning','Widgit',1510)
COMMIT
INSERT INTO FIVEWIDETABLE VALUES('2013-02-27 11:27:55.864000','WindowsME_BROKE','Problem','flashyThing',1511)
COMMIT
INSERT INTO FIVEWIDETABLE VALUES('2013-02-27 11:27:55.864000','','Good','Widgit',1512)
COMMIT
INSERT INTO FIVEWIDETABLE VALUES('2013-02-27 11:27:55.864000','WindowsME_BROKE','Warning','flashyThing',1513)
COMMIT
INSERT INTO FIVEWIDETABLE VALUES('2013-02-27 11:27:55.864000','Partial','Problem','Widgit',1514)
COMMIT
INSERT INTO FIVEWIDETABLE VALUES('2013-02-27 11:27:55.865000','','Good','flashyThing',1515)
COMMIT
INSERT INTO FIVEWIDETABLE VALUES('2013-02-27 11:27:55.865000','Partial','Warning','Widgit',1516)
COMMIT
INSERT INTO FIVEWIDETABLE VALUES('2013-02-27 11:27:55.865000','WindowsME_BROKE','Problem','flashyThing',1517)
COMMIT
INSERT INTO FIVEWIDETABLE VALUES('2013-02-27 11:27:55.865000','','Good','Widgit',1518)
COMMIT
INSERT INTO FIVEWIDETABLE VALUES('2013-02-27 11:27:55.865000','WindowsME_BROKE','Warning','flashyThing',1519)
COMMIT
INSERT INTO FIVEWIDETABLE VALUES('2013-02-27 11:27:55.865000','Partial','Problem','Widgit',1520)
COMMIT
INSERT INTO FIVEWIDETABLE VALUES('2013-02-27 11:27:55.865000','','Good','flashyThing',1521)
COMMIT
INSERT INTO FIVEWIDETABLE VALUES('2013-02-27 11:27:55.866000','Partial','Warning','Widgit',1522)
COMMIT
INSERT INTO FIVEWIDETABLE VALUES('2013-02-27 11:27:55.866000','WindowsME_BROKE','Problem','flashyThing',1523)
COMMIT
INSERT INTO FIVEWIDETABLE VALUES('2013-02-27 11:27:55.866000','','Good','Widgit',1524)
COMMIT
INSERT INTO FIVEWIDETABLE VALUES('2013-02-27 11:27:55.866000','WindowsME_BROKE','Warning','flashyThing',1525)
COMMIT
INSERT INTO FIVEWIDETABLE VALUES('2013-02-27 11:27:55.866000','Partial','Problem','Widgit',1526)
COMMIT
INSERT INTO FIVEWIDETABLE VALUES('2013-02-27 11:27:55.866000','','Good','flashyThing',1527)
COMMIT
INSERT INTO FIVEWIDETABLE VALUES('2013-02-27 11:27:55.866000','Partial','Warning','Widgit',1528)
COMMIT
INSERT INTO FIVEWIDETABLE VALUES('2013-02-27 11:27:55.867000','WindowsME_BROKE','Problem','flashyThing',1529)
COMMIT
INSERT INTO FIVEWIDETABLE VALUES('2013-02-27 11:27:55.867000','','Good','Widgit',1530)
COMMIT
INSERT INTO FIVEWIDETABLE VALUES('2013-02-27 11:27:55.867000','WindowsME_BROKE','Warning','flashyThing',1531)
COMMIT
INSERT INTO FIVEWIDETABLE VALUES('2013-02-27 11:27:55.867000','Partial','Problem','Widgit',1532)
COMMIT
INSERT INTO FIVEWIDETABLE VALUES('2013-02-27 11:27:55.867000','','Good','flashyThing',1533)
COMMIT
INSERT INTO FIVEWIDETABLE VALUES('2013-02-27 11:27:55.867000','Partial','Warning','Widgit',1534)
COMMIT
INSERT INTO FIVEWIDETABLE VALUES('2013-02-27 11:27:55.867000','WindowsME_BROKE','Problem','flashyThing',1535)
COMMIT
INSERT INTO FIVEWIDETABLE VALUES('2013-02-27 11:27:55.868000','','Good','Widgit',1536)
COMMIT
INSERT INTO FIVEWIDETABLE VALUES('2013-02-27 11:27:55.868000','WindowsME_BROKE','Warning','flashyThing',1537)
COMMIT
INSERT INTO FIVEWIDETABLE VALUES('2013-02-27 11:27:55.868000','Partial','Problem','Widgit',1538)
COMMIT
INSERT INTO FIVEWIDETABLE VALUES('2013-02-27 11:27:55.868000','','Good','flashyThing',1539)
COMMIT
INSERT INTO FIVEWIDETABLE VALUES('2013-02-27 11:27:55.868000','Partial','Warning','Widgit',1540)
COMMIT
INSERT INTO FIVEWIDETABLE VALUES('2013-02-27 11:27:55.868000','WindowsME_BROKE','Problem','flashyThing',1541)
COMMIT
INSERT INTO FIVEWIDETABLE VALUES('2013-02-27 11:27:55.868000','','Good','Widgit',1542)
COMMIT
INSERT INTO FIVEWIDETABLE VALUES('2013-02-27 11:27:55.869000','WindowsME_BROKE','Warning','flashyThing',1543)
COMMIT
INSERT INTO FIVEWIDETABLE VALUES('2013-02-27 11:27:55.874000','Partial','Problem','Widgit',1544)
COMMIT
INSERT INTO FIVEWIDETABLE VALUES('2013-02-27 11:27:55.874000','','Good','flashyThing',1545)
COMMIT
INSERT INTO FIVEWIDETABLE VALUES('2013-02-27 11:27:55.874000','Partial','Warning','Widgit',1546)
COMMIT
INSERT INTO FIVEWIDETABLE VALUES('2013-02-27 11:27:55.874000','WindowsME_BROKE','Problem','flashyThing',1547)
COMMIT
INSERT INTO FIVEWIDETABLE VALUES('2013-02-27 11:27:55.874000','','Good','Widgit',1548)
COMMIT
INSERT INTO FIVEWIDETABLE VALUES('2013-02-27 11:27:55.874000','WindowsME_BROKE','Warning','flashyThing',1549)
COMMIT
INSERT INTO FIVEWIDETABLE VALUES('2013-02-27 11:27:55.875000','Partial','Problem','Widgit',1550)
COMMIT
INSERT INTO FIVEWIDETABLE VALUES('2013-02-27 11:27:55.875000','','Good','flashyThing',1551)
COMMIT
INSERT INTO FIVEWIDETABLE VALUES('2013-02-27 11:27:55.875000','Partial','Warning','Widgit',1552)
COMMIT
INSERT INTO FIVEWIDETABLE VALUES('2013-02-27 11:27:55.875000','WindowsME_BROKE','Problem','flashyThing',1553)
COMMIT
INSERT INTO FIVEWIDETABLE VALUES('2013-02-27 11:27:55.875000','','Good','Widgit',1554)
COMMIT
INSERT INTO FIVEWIDETABLE VALUES('2013-02-27 11:27:55.875000','WindowsME_BROKE','Warning','flashyThing',1555)
COMMIT
INSERT INTO FIVEWIDETABLE VALUES('2013-02-27 11:27:55.875000','Partial','Problem','Widgit',1556)
COMMIT
INSERT INTO FIVEWIDETABLE VALUES('2013-02-27 11:27:55.875000','','Good','flashyThing',1557)
COMMIT
INSERT INTO FIVEWIDETABLE VALUES('2013-02-27 11:27:55.876000','Partial','Warning','Widgit',1558)
COMMIT
INSERT INTO FIVEWIDETABLE VALUES('2013-02-27 11:27:55.876000','WindowsME_BROKE','Problem','flashyThing',1559)
COMMIT
INSERT INTO FIVEWIDETABLE VALUES('2013-02-27 11:27:55.876000','','Good','Widgit',1560)
COMMIT
INSERT INTO FIVEWIDETABLE VALUES('2013-02-27 11:27:55.876000','WindowsME_BROKE','Warning','flashyThing',1561)
COMMIT
INSERT INTO FIVEWIDETABLE VALUES('2013-02-27 11:27:55.877000','Partial','Problem','Widgit',1562)
COMMIT
INSERT INTO FIVEWIDETABLE VALUES('2013-02-27 11:27:55.877000','','Good','flashyThing',1563)
COMMIT
INSERT INTO FIVEWIDETABLE VALUES('2013-02-27 11:27:55.877000','Partial','Warning','Widgit',1564)
COMMIT
INSERT INTO FIVEWIDETABLE VALUES('2013-02-27 11:27:55.877000','WindowsME_BROKE','Problem','flashyThing',1565)
COMMIT
INSERT INTO FIVEWIDETABLE VALUES('2013-02-27 11:27:55.877000','','Good','Widgit',1566)
COMMIT
INSERT INTO FIVEWIDETABLE VALUES('2013-02-27 11:27:55.877000','WindowsME_BROKE','Warning','flashyThing',1567)
COMMIT
INSERT INTO FIVEWIDETABLE VALUES('2013-02-27 11:27:55.877000','Partial','Problem','Widgit',1568)
COMMIT
INSERT INTO FIVEWIDETABLE VALUES('2013-02-27 11:27:55.878000','','Good','flashyThing',1569)
COMMIT
INSERT INTO FIVEWIDETABLE VALUES('2013-02-27 11:27:55.878000','Partial','Warning','Widgit',1570)
COMMIT
INSERT INTO FIVEWIDETABLE VALUES('2013-02-27 11:27:55.878000','WindowsME_BROKE','Problem','flashyThing',1571)
COMMIT
INSERT INTO FIVEWIDETABLE VALUES('2013-02-27 11:27:55.878000','','Good','Widgit',1572)
COMMIT
INSERT INTO FIVEWIDETABLE VALUES('2013-02-27 11:27:55.878000','WindowsME_BROKE','Warning','flashyThing',1573)
COMMIT
INSERT INTO FIVEWIDETABLE VALUES('2013-02-27 11:27:55.878000','Partial','Problem','Widgit',1574)
COMMIT
INSERT INTO FIVEWIDETABLE VALUES('2013-02-27 11:27:55.878000','','Good','flashyThing',1575)
COMMIT
INSERT INTO FIVEWIDETABLE VALUES('2013-02-27 11:27:55.878000','Partial','Warning','Widgit',1576)
COMMIT
INSERT INTO FIVEWIDETABLE VALUES('2013-02-27 11:27:55.879000','WindowsME_BROKE','Problem','flashyThing',1577)
COMMIT
INSERT INTO FIVEWIDETABLE VALUES('2013-02-27 11:27:55.879000','','Good','Widgit',1578)
COMMIT
INSERT INTO FIVEWIDETABLE VALUES('2013-02-27 11:27:55.879000','WindowsME_BROKE','Warning','flashyThing',1579)
COMMIT
INSERT INTO FIVEWIDETABLE VALUES('2013-02-27 11:27:55.879000','Partial','Problem','Widgit',1580)
COMMIT
INSERT INTO FIVEWIDETABLE VALUES('2013-02-27 11:27:55.879000','','Good','flashyThing',1581)
COMMIT
INSERT INTO FIVEWIDETABLE VALUES('2013-02-27 11:27:55.879000','Partial','Warning','Widgit',1582)
COMMIT
INSERT INTO FIVEWIDETABLE VALUES('2013-02-27 11:27:55.879000','WindowsME_BROKE','Problem','flashyThing',1583)
COMMIT
INSERT INTO FIVEWIDETABLE VALUES('2013-02-27 11:27:55.880000','','Good','Widgit',1584)
COMMIT
INSERT INTO FIVEWIDETABLE VALUES('2013-02-27 11:27:55.880000','WindowsME_BROKE','Warning','flashyThing',1585)
COMMIT
INSERT INTO FIVEWIDETABLE VALUES('2013-02-27 11:27:55.880000','Partial','Problem','Widgit',1586)
COMMIT
INSERT INTO FIVEWIDETABLE VALUES('2013-02-27 11:27:55.880000','','Good','flashyThing',1587)
COMMIT
INSERT INTO FIVEWIDETABLE VALUES('2013-02-27 11:27:55.880000','Partial','Warning','Widgit',1588)
COMMIT
INSERT INTO FIVEWIDETABLE VALUES('2013-02-27 11:27:55.880000','WindowsME_BROKE','Problem','flashyThing',1589)
COMMIT
INSERT INTO FIVEWIDETABLE VALUES('2013-02-27 11:27:55.880000','','Good','Widgit',1590)
COMMIT
INSERT INTO FIVEWIDETABLE VALUES('2013-02-27 11:27:55.880000','WindowsME_BROKE','Warning','flashyThing',1591)
COMMIT
INSERT INTO FIVEWIDETABLE VALUES('2013-02-27 11:27:55.881000','Partial','Problem','Widgit',1592)
COMMIT
INSERT INTO FIVEWIDETABLE VALUES('2013-02-27 11:27:55.881000','','Good','flashyThing',1593)
COMMIT
INSERT INTO FIVEWIDETABLE VALUES('2013-02-27 11:27:55.881000','Partial','Warning','Widgit',1594)
COMMIT
INSERT INTO FIVEWIDETABLE VALUES('2013-02-27 11:27:55.881000','WindowsME_BROKE','Problem','flashyThing',1595)
COMMIT
INSERT INTO FIVEWIDETABLE VALUES('2013-02-27 11:27:55.881000','','Good','Widgit',1596)
COMMIT
INSERT INTO FIVEWIDETABLE VALUES('2013-02-27 11:27:55.881000','WindowsME_BROKE','Warning','flashyThing',1597)
COMMIT
INSERT INTO FIVEWIDETABLE VALUES('2013-02-27 11:27:55.881000','Partial','Problem','Widgit',1598)
COMMIT
INSERT INTO FIVEWIDETABLE VALUES('2013-02-27 11:27:55.882000','','Good','flashyThing',1599)
COMMIT
INSERT INTO FIVEWIDETABLE VALUES('2013-02-27 11:27:55.882000','Partial','Warning','Widgit',1600)
COMMIT
INSERT INTO FIVEWIDETABLE VALUES('2013-02-27 11:27:55.882000','WindowsME_BROKE','Problem','flashyThing',1601)
COMMIT
INSERT INTO FIVEWIDETABLE VALUES('2013-02-27 11:27:55.882000','','Good','Widgit',1602)
COMMIT
INSERT INTO FIVEWIDETABLE VALUES('2013-02-27 11:27:55.882000','WindowsME_BROKE','Warning','flashyThing',1603)
COMMIT
INSERT INTO FIVEWIDETABLE VALUES('2013-02-27 11:27:55.882000','Partial','Problem','Widgit',1604)
COMMIT
INSERT INTO FIVEWIDETABLE VALUES('2013-02-27 11:27:55.882000','','Good','flashyThing',1605)
COMMIT
INSERT INTO FIVEWIDETABLE VALUES('2013-02-27 11:27:55.882000','Partial','Warning','Widgit',1606)
COMMIT
INSERT INTO FIVEWIDETABLE VALUES('2013-02-27 11:27:55.883000','WindowsME_BROKE','Problem','flashyThing',1607)
COMMIT
INSERT INTO FIVEWIDETABLE VALUES('2013-02-27 11:27:55.883000','','Good','Widgit',1608)
COMMIT
INSERT INTO FIVEWIDETABLE VALUES('2013-02-27 11:27:55.883000','WindowsME_BROKE','Warning','flashyThing',1609)
COMMIT
INSERT INTO FIVEWIDETABLE VALUES('2013-02-27 11:27:55.883000','Partial','Problem','Widgit',1610)
COMMIT
INSERT INTO FIVEWIDETABLE VALUES('2013-02-27 11:27:55.883000','','Good','flashyThing',1611)
COMMIT
INSERT INTO FIVEWIDETABLE VALUES('2013-02-27 11:27:55.883000','Partial','Warning','Widgit',1612)
COMMIT
INSERT INTO FIVEWIDETABLE VALUES('2013-02-27 11:27:55.883000','WindowsME_BROKE','Problem','flashyThing',1613)
COMMIT
INSERT INTO FIVEWIDETABLE VALUES('2013-02-27 11:27:55.884000','','Good','Widgit',1614)
COMMIT
INSERT INTO FIVEWIDETABLE VALUES('2013-02-27 11:27:55.884000','WindowsME_BROKE','Warning','flashyThing',1615)
COMMIT
INSERT INTO FIVEWIDETABLE VALUES('2013-02-27 11:27:55.884000','Partial','Problem','Widgit',1616)
COMMIT
INSERT INTO FIVEWIDETABLE VALUES('2013-02-27 11:27:55.884000','','Good','flashyThing',1617)
COMMIT
INSERT INTO FIVEWIDETABLE VALUES('2013-02-27 11:27:55.884000','Partial','Warning','Widgit',1618)
COMMIT
INSERT INTO FIVEWIDETABLE VALUES('2013-02-27 11:27:55.884000','WindowsME_BROKE','Problem','flashyThing',1619)
COMMIT
INSERT INTO FIVEWIDETABLE VALUES('2013-02-27 11:27:55.884000','','Good','Widgit',1620)
COMMIT
INSERT INTO FIVEWIDETABLE VALUES('2013-02-27 11:27:55.884000','WindowsME_BROKE','Warning','flashyThing',1621)
COMMIT
INSERT INTO FIVEWIDETABLE VALUES('2013-02-27 11:27:55.885000','Partial','Problem','Widgit',1622)
COMMIT
INSERT INTO FIVEWIDETABLE VALUES('2013-02-27 11:27:55.885000','','Good','flashyThing',1623)
COMMIT
INSERT INTO FIVEWIDETABLE VALUES('2013-02-27 11:27:55.885000','Partial','Warning','Widgit',1624)
COMMIT
INSERT INTO FIVEWIDETABLE VALUES('2013-02-27 11:27:55.885000','WindowsME_BROKE','Problem','flashyThing',1625)
COMMIT
INSERT INTO FIVEWIDETABLE VALUES('2013-02-27 11:27:55.885000','','Good','Widgit',1626)
COMMIT
INSERT INTO FIVEWIDETABLE VALUES('2013-02-27 11:27:55.885000','WindowsME_BROKE','Warning','flashyThing',1627)
COMMIT
INSERT INTO FIVEWIDETABLE VALUES('2013-02-27 11:27:55.885000','Partial','Problem','Widgit',1628)
COMMIT
INSERT INTO FIVEWIDETABLE VALUES('2013-02-27 11:27:55.885000','','Good','flashyThing',1629)
COMMIT
INSERT INTO FIVEWIDETABLE VALUES('2013-02-27 11:27:55.886000','Partial','Warning','Widgit',1630)
COMMIT
INSERT INTO FIVEWIDETABLE VALUES('2013-02-27 11:27:55.886000','WindowsME_BROKE','Problem','flashyThing',1631)
COMMIT
INSERT INTO FIVEWIDETABLE VALUES('2013-02-27 11:27:55.886000','','Good','Widgit',1632)
COMMIT
INSERT INTO FIVEWIDETABLE VALUES('2013-02-27 11:27:55.886000','WindowsME_BROKE','Warning','flashyThing',1633)
COMMIT
INSERT INTO FIVEWIDETABLE VALUES('2013-02-27 11:27:55.886000','Partial','Problem','Widgit',1634)
COMMIT
INSERT INTO FIVEWIDETABLE VALUES('2013-02-27 11:27:55.886000','','Good','flashyThing',1635)
COMMIT
INSERT INTO FIVEWIDETABLE VALUES('2013-02-27 11:27:55.886000','Partial','Warning','Widgit',1636)
COMMIT
INSERT INTO FIVEWIDETABLE VALUES('2013-02-27 11:27:55.886000','WindowsME_BROKE','Problem','flashyThing',1637)
COMMIT
INSERT INTO FIVEWIDETABLE VALUES('2013-02-27 11:27:55.887000','','Good','Widgit',1638)
COMMIT
INSERT INTO FIVEWIDETABLE VALUES('2013-02-27 11:27:55.887000','WindowsME_BROKE','Warning','flashyThing',1639)
COMMIT
INSERT INTO FIVEWIDETABLE VALUES('2013-02-27 11:27:55.887000','Partial','Problem','Widgit',1640)
COMMIT
INSERT INTO FIVEWIDETABLE VALUES('2013-02-27 11:27:55.887000','','Good','flashyThing',1641)
COMMIT
INSERT INTO FIVEWIDETABLE VALUES('2013-02-27 11:27:55.887000','Partial','Warning','Widgit',1642)
COMMIT
INSERT INTO FIVEWIDETABLE VALUES('2013-02-27 11:27:55.887000','WindowsME_BROKE','Problem','flashyThing',1643)
COMMIT
INSERT INTO FIVEWIDETABLE VALUES('2013-02-27 11:27:55.887000','','Good','Widgit',1644)
COMMIT
INSERT INTO FIVEWIDETABLE VALUES('2013-02-27 11:27:55.888000','WindowsME_BROKE','Warning','flashyThing',1645)
COMMIT
INSERT INTO FIVEWIDETABLE VALUES('2013-02-27 11:27:55.888000','Partial','Problem','Widgit',1646)
COMMIT
INSERT INTO FIVEWIDETABLE VALUES('2013-02-27 11:27:55.888000','','Good','flashyThing',1647)
COMMIT
INSERT INTO FIVEWIDETABLE VALUES('2013-02-27 11:27:55.888000','Partial','Warning','Widgit',1648)
COMMIT
INSERT INTO FIVEWIDETABLE VALUES('2013-02-27 11:27:55.888000','WindowsME_BROKE','Problem','flashyThing',1649)
COMMIT
INSERT INTO FIVEWIDETABLE VALUES('2013-02-27 11:27:55.888000','','Good','Widgit',1650)
COMMIT
INSERT INTO FIVEWIDETABLE VALUES('2013-02-27 11:27:55.888000','WindowsME_BROKE','Warning','flashyThing',1651)
COMMIT
INSERT INTO FIVEWIDETABLE VALUES('2013-02-27 11:27:55.889000','Partial','Problem','Widgit',1652)
COMMIT
INSERT INTO FIVEWIDETABLE VALUES('2013-02-27 11:27:55.889000','','Good','flashyThing',1653)
COMMIT
INSERT INTO FIVEWIDETABLE VALUES('2013-02-27 11:27:55.889000','Partial','Warning','Widgit',1654)
COMMIT
INSERT INTO FIVEWIDETABLE VALUES('2013-02-27 11:27:55.889000','WindowsME_BROKE','Problem','flashyThing',1655)
COMMIT
INSERT INTO FIVEWIDETABLE VALUES('2013-02-27 11:27:55.889000','','Good','Widgit',1656)
COMMIT
INSERT INTO FIVEWIDETABLE VALUES('2013-02-27 11:27:55.889000','WindowsME_BROKE','Warning','flashyThing',1657)
COMMIT
INSERT INTO FIVEWIDETABLE VALUES('2013-02-27 11:27:55.889000','Partial','Problem','Widgit',1658)
COMMIT
INSERT INTO FIVEWIDETABLE VALUES('2013-02-27 11:27:55.889000','','Good','flashyThing',1659)
COMMIT
INSERT INTO FIVEWIDETABLE VALUES('2013-02-27 11:27:55.890000','Partial','Warning','Widgit',1660)
COMMIT
INSERT INTO FIVEWIDETABLE VALUES('2013-02-27 11:27:55.890000','WindowsME_BROKE','Problem','flashyThing',1661)
COMMIT
INSERT INTO FIVEWIDETABLE VALUES('2013-02-27 11:27:55.890000','','Good','Widgit',1662)
COMMIT
INSERT INTO FIVEWIDETABLE VALUES('2013-02-27 11:27:55.890000','WindowsME_BROKE','Warning','flashyThing',1663)
COMMIT
INSERT INTO FIVEWIDETABLE VALUES('2013-02-27 11:27:55.890000','Partial','Problem','Widgit',1664)
COMMIT
INSERT INTO FIVEWIDETABLE VALUES('2013-02-27 11:27:55.890000','','Good','flashyThing',1665)
COMMIT
INSERT INTO FIVEWIDETABLE VALUES('2013-02-27 11:27:55.890000','Partial','Warning','Widgit',1666)
COMMIT
INSERT INTO FIVEWIDETABLE VALUES('2013-02-27 11:27:55.891000','WindowsME_BROKE','Problem','flashyThing',1667)
COMMIT
INSERT INTO FIVEWIDETABLE VALUES('2013-02-27 11:27:55.891000','','Good','Widgit',1668)
COMMIT
INSERT INTO FIVEWIDETABLE VALUES('2013-02-27 11:27:55.891000','WindowsME_BROKE','Warning','flashyThing',1669)
COMMIT
INSERT INTO FIVEWIDETABLE VALUES('2013-02-27 11:27:55.891000','Partial','Problem','Widgit',1670)
COMMIT
INSERT INTO FIVEWIDETABLE VALUES('2013-02-27 11:27:55.891000','','Good','flashyThing',1671)
COMMIT
INSERT INTO FIVEWIDETABLE VALUES('2013-02-27 11:27:55.891000','Partial','Warning','Widgit',1672)
COMMIT
INSERT INTO FIVEWIDETABLE VALUES('2013-02-27 11:27:55.891000','WindowsME_BROKE','Problem','flashyThing',1673)
COMMIT
INSERT INTO FIVEWIDETABLE VALUES('2013-02-27 11:27:55.891000','','Good','Widgit',1674)
COMMIT
INSERT INTO FIVEWIDETABLE VALUES('2013-02-27 11:27:55.892000','WindowsME_BROKE','Warning','flashyThing',1675)
COMMIT
INSERT INTO FIVEWIDETABLE VALUES('2013-02-27 11:27:55.892000','Partial','Problem','Widgit',1676)
COMMIT
INSERT INTO FIVEWIDETABLE VALUES('2013-02-27 11:27:55.892000','','Good','flashyThing',1677)
COMMIT
INSERT INTO FIVEWIDETABLE VALUES('2013-02-27 11:27:55.892000','Partial','Warning','Widgit',1678)
COMMIT
INSERT INTO FIVEWIDETABLE VALUES('2013-02-27 11:27:55.892000','WindowsME_BROKE','Problem','flashyThing',1679)
COMMIT
INSERT INTO FIVEWIDETABLE VALUES('2013-02-27 11:27:55.892000','','Good','Widgit',1680)
COMMIT
INSERT INTO FIVEWIDETABLE VALUES('2013-02-27 11:27:55.892000','WindowsME_BROKE','Warning','flashyThing',1681)
COMMIT
INSERT INTO FIVEWIDETABLE VALUES('2013-02-27 11:27:55.892000','Partial','Problem','Widgit',1682)
COMMIT
INSERT INTO FIVEWIDETABLE VALUES('2013-02-27 11:27:55.893000','','Good','flashyThing',1683)
COMMIT
INSERT INTO FIVEWIDETABLE VALUES('2013-02-27 11:27:55.893000','Partial','Warning','Widgit',1684)
COMMIT
INSERT INTO FIVEWIDETABLE VALUES('2013-02-27 11:27:55.893000','WindowsME_BROKE','Problem','flashyThing',1685)
COMMIT
INSERT INTO FIVEWIDETABLE VALUES('2013-02-27 11:27:55.893000','','Good','Widgit',1686)
COMMIT
INSERT INTO FIVEWIDETABLE VALUES('2013-02-27 11:27:55.893000','WindowsME_BROKE','Warning','flashyThing',1687)
COMMIT
INSERT INTO FIVEWIDETABLE VALUES('2013-02-27 11:27:55.893000','Partial','Problem','Widgit',1688)
COMMIT
INSERT INTO FIVEWIDETABLE VALUES('2013-02-27 11:27:55.893000','','Good','flashyThing',1689)
COMMIT
INSERT INTO FIVEWIDETABLE VALUES('2013-02-27 11:27:55.894000','Partial','Warning','Widgit',1690)
COMMIT
INSERT INTO FIVEWIDETABLE VALUES('2013-02-27 11:27:55.894000','WindowsME_BROKE','Problem','flashyThing',1691)
COMMIT
INSERT INTO FIVEWIDETABLE VALUES('2013-02-27 11:27:55.894000','','Good','Widgit',1692)
COMMIT
INSERT INTO FIVEWIDETABLE VALUES('2013-02-27 11:27:55.894000','WindowsME_BROKE','Warning','flashyThing',1693)
COMMIT
INSERT INTO FIVEWIDETABLE VALUES('2013-02-27 11:27:55.894000','Partial','Problem','Widgit',1694)
COMMIT
INSERT INTO FIVEWIDETABLE VALUES('2013-02-27 11:27:55.894000','','Good','flashyThing',1695)
COMMIT
INSERT INTO FIVEWIDETABLE VALUES('2013-02-27 11:27:55.894000','Partial','Warning','Widgit',1696)
COMMIT
INSERT INTO FIVEWIDETABLE VALUES('2013-02-27 11:27:55.894000','WindowsME_BROKE','Problem','flashyThing',1697)
COMMIT
INSERT INTO FIVEWIDETABLE VALUES('2013-02-27 11:27:55.895000','','Good','Widgit',1698)
COMMIT
INSERT INTO FIVEWIDETABLE VALUES('2013-02-27 11:27:55.895000','WindowsME_BROKE','Warning','flashyThing',1699)
COMMIT
INSERT INTO FIVEWIDETABLE VALUES('2013-02-27 11:27:55.895000','Partial','Problem','Widgit',1700)
COMMIT
INSERT INTO FIVEWIDETABLE VALUES('2013-02-27 11:27:55.895000','','Good','flashyThing',1701)
COMMIT
INSERT INTO FIVEWIDETABLE VALUES('2013-02-27 11:27:55.895000','Partial','Warning','Widgit',1702)
COMMIT
INSERT INTO FIVEWIDETABLE VALUES('2013-02-27 11:27:55.895000','WindowsME_BROKE','Problem','flashyThing',1703)
COMMIT
INSERT INTO FIVEWIDETABLE VALUES('2013-02-27 11:27:55.895000','','Good','Widgit',1704)
COMMIT
INSERT INTO FIVEWIDETABLE VALUES('2013-02-27 11:27:55.895000','WindowsME_BROKE','Warning','flashyThing',1705)
COMMIT
INSERT INTO FIVEWIDETABLE VALUES('2013-02-27 11:27:55.896000','Partial','Problem','Widgit',1706)
COMMIT
INSERT INTO FIVEWIDETABLE VALUES('2013-02-27 11:27:55.896000','','Good','flashyThing',1707)
COMMIT
INSERT INTO FIVEWIDETABLE VALUES('2013-02-27 11:27:55.896000','Partial','Warning','Widgit',1708)
COMMIT
INSERT INTO FIVEWIDETABLE VALUES('2013-02-27 11:27:55.896000','WindowsME_BROKE','Problem','flashyThing',1709)
COMMIT
INSERT INTO FIVEWIDETABLE VALUES('2013-02-27 11:27:55.896000','','Good','Widgit',1710)
COMMIT
INSERT INTO FIVEWIDETABLE VALUES('2013-02-27 11:27:55.896000','WindowsME_BROKE','Warning','flashyThing',1711)
COMMIT
INSERT INTO FIVEWIDETABLE VALUES('2013-02-27 11:27:55.896000','Partial','Problem','Widgit',1712)
COMMIT
INSERT INTO FIVEWIDETABLE VALUES('2013-02-27 11:27:55.896000','','Good','flashyThing',1713)
COMMIT
INSERT INTO FIVEWIDETABLE VALUES('2013-02-27 11:27:55.897000','Partial','Warning','Widgit',1714)
COMMIT
INSERT INTO FIVEWIDETABLE VALUES('2013-02-27 11:27:55.897000','WindowsME_BROKE','Problem','flashyThing',1715)
COMMIT
INSERT INTO FIVEWIDETABLE VALUES('2013-02-27 11:27:55.897000','','Good','Widgit',1716)
COMMIT
INSERT INTO FIVEWIDETABLE VALUES('2013-02-27 11:27:55.897000','WindowsME_BROKE','Warning','flashyThing',1717)
COMMIT
INSERT INTO FIVEWIDETABLE VALUES('2013-02-27 11:27:55.897000','Partial','Problem','Widgit',1718)
COMMIT
INSERT INTO FIVEWIDETABLE VALUES('2013-02-27 11:27:55.897000','','Good','flashyThing',1719)
COMMIT
INSERT INTO FIVEWIDETABLE VALUES('2013-02-27 11:27:55.897000','Partial','Warning','Widgit',1720)
COMMIT
INSERT INTO FIVEWIDETABLE VALUES('2013-02-27 11:27:55.897000','WindowsME_BROKE','Problem','flashyThing',1721)
COMMIT
INSERT INTO FIVEWIDETABLE VALUES('2013-02-27 11:27:55.898000','','Good','Widgit',1722)
COMMIT
INSERT INTO FIVEWIDETABLE VALUES('2013-02-27 11:27:55.898000','WindowsME_BROKE','Warning','flashyThing',1723)
COMMIT
INSERT INTO FIVEWIDETABLE VALUES('2013-02-27 11:27:55.898000','Partial','Problem','Widgit',1724)
COMMIT
INSERT INTO FIVEWIDETABLE VALUES('2013-02-27 11:27:55.898000','','Good','flashyThing',1725)
COMMIT
INSERT INTO FIVEWIDETABLE VALUES('2013-02-27 11:27:55.898000','Partial','Warning','Widgit',1726)
COMMIT
INSERT INTO FIVEWIDETABLE VALUES('2013-02-27 11:27:55.898000','WindowsME_BROKE','Problem','flashyThing',1727)
COMMIT
INSERT INTO FIVEWIDETABLE VALUES('2013-02-27 11:27:55.898000','','Good','Widgit',1728)
COMMIT
INSERT INTO FIVEWIDETABLE VALUES('2013-02-27 11:27:55.899000','WindowsME_BROKE','Warning','flashyThing',1729)
COMMIT
INSERT INTO FIVEWIDETABLE VALUES('2013-02-27 11:27:55.899000','Partial','Problem','Widgit',1730)
COMMIT
INSERT INTO FIVEWIDETABLE VALUES('2013-02-27 11:27:55.899000','','Good','flashyThing',1731)
COMMIT
INSERT INTO FIVEWIDETABLE VALUES('2013-02-27 11:27:55.899000','Partial','Warning','Widgit',1732)
COMMIT
INSERT INTO FIVEWIDETABLE VALUES('2013-02-27 11:27:55.899000','WindowsME_BROKE','Problem','flashyThing',1733)
COMMIT
INSERT INTO FIVEWIDETABLE VALUES('2013-02-27 11:27:55.899000','','Good','Widgit',1734)
COMMIT
INSERT INTO FIVEWIDETABLE VALUES('2013-02-27 11:27:55.899000','WindowsME_BROKE','Warning','flashyThing',1735)
COMMIT
INSERT INTO FIVEWIDETABLE VALUES('2013-02-27 11:27:55.899000','Partial','Problem','Widgit',1736)
COMMIT
INSERT INTO FIVEWIDETABLE VALUES('2013-02-27 11:27:55.900000','','Good','flashyThing',1737)
COMMIT
INSERT INTO FIVEWIDETABLE VALUES('2013-02-27 11:27:55.900000','Partial','Warning','Widgit',1738)
COMMIT
INSERT INTO FIVEWIDETABLE VALUES('2013-02-27 11:27:55.900000','WindowsME_BROKE','Problem','flashyThing',1739)
COMMIT
INSERT INTO FIVEWIDETABLE VALUES('2013-02-27 11:27:55.900000','','Good','Widgit',1740)
COMMIT
INSERT INTO FIVEWIDETABLE VALUES('2013-02-27 11:27:55.900000','WindowsME_BROKE','Warning','flashyThing',1741)
COMMIT
INSERT INTO FIVEWIDETABLE VALUES('2013-02-27 11:27:55.900000','Partial','Problem','Widgit',1742)
COMMIT
INSERT INTO FIVEWIDETABLE VALUES('2013-02-27 11:27:55.900000','','Good','flashyThing',1743)
COMMIT
INSERT INTO FIVEWIDETABLE VALUES('2013-02-27 11:27:55.900000','Partial','Warning','Widgit',1744)
COMMIT
INSERT INTO FIVEWIDETABLE VALUES('2013-02-27 11:27:55.901000','WindowsME_BROKE','Problem','flashyThing',1745)
COMMIT
INSERT INTO FIVEWIDETABLE VALUES('2013-02-27 11:27:55.901000','','Good','Widgit',1746)
COMMIT
INSERT INTO FIVEWIDETABLE VALUES('2013-02-27 11:27:55.901000','WindowsME_BROKE','Warning','flashyThing',1747)
COMMIT
INSERT INTO FIVEWIDETABLE VALUES('2013-02-27 11:27:55.901000','Partial','Problem','Widgit',1748)
COMMIT
INSERT INTO FIVEWIDETABLE VALUES('2013-02-27 11:27:55.901000','','Good','flashyThing',1749)
COMMIT
INSERT INTO FIVEWIDETABLE VALUES('2013-02-27 11:27:55.901000','Partial','Warning','Widgit',1750)
COMMIT
INSERT INTO FIVEWIDETABLE VALUES('2013-02-27 11:27:55.901000','WindowsME_BROKE','Problem','flashyThing',1751)
COMMIT
INSERT INTO FIVEWIDETABLE VALUES('2013-02-27 11:27:55.901000','','Good','Widgit',1752)
COMMIT
INSERT INTO FIVEWIDETABLE VALUES('2013-02-27 11:27:55.902000','WindowsME_BROKE','Warning','flashyThing',1753)
COMMIT
INSERT INTO FIVEWIDETABLE VALUES('2013-02-27 11:27:55.902000','Partial','Problem','Widgit',1754)
COMMIT
INSERT INTO FIVEWIDETABLE VALUES('2013-02-27 11:27:55.902000','','Good','flashyThing',1755)
COMMIT
INSERT INTO FIVEWIDETABLE VALUES('2013-02-27 11:27:55.902000','Partial','Warning','Widgit',1756)
COMMIT
INSERT INTO FIVEWIDETABLE VALUES('2013-02-27 11:27:55.902000','WindowsME_BROKE','Problem','flashyThing',1757)
COMMIT
INSERT INTO FIVEWIDETABLE VALUES('2013-02-27 11:27:55.902000','','Good','Widgit',1758)
COMMIT
INSERT INTO FIVEWIDETABLE VALUES('2013-02-27 11:27:55.902000','WindowsME_BROKE','Warning','flashyThing',1759)
COMMIT
INSERT INTO FIVEWIDETABLE VALUES('2013-02-27 11:27:55.903000','Partial','Problem','Widgit',1760)
COMMIT
INSERT INTO FIVEWIDETABLE VALUES('2013-02-27 11:27:55.903000','','Good','flashyThing',1761)
COMMIT
INSERT INTO FIVEWIDETABLE VALUES('2013-02-27 11:27:55.903000','Partial','Warning','Widgit',1762)
COMMIT
INSERT INTO FIVEWIDETABLE VALUES('2013-02-27 11:27:55.903000','WindowsME_BROKE','Problem','flashyThing',1763)
COMMIT
INSERT INTO FIVEWIDETABLE VALUES('2013-02-27 11:27:55.903000','','Good','Widgit',1764)
COMMIT
INSERT INTO FIVEWIDETABLE VALUES('2013-02-27 11:27:55.903000','WindowsME_BROKE','Warning','flashyThing',1765)
COMMIT
INSERT INTO FIVEWIDETABLE VALUES('2013-02-27 11:27:55.903000','Partial','Problem','Widgit',1766)
COMMIT
INSERT INTO FIVEWIDETABLE VALUES('2013-02-27 11:27:55.903000','','Good','flashyThing',1767)
COMMIT
INSERT INTO FIVEWIDETABLE VALUES('2013-02-27 11:27:55.904000','Partial','Warning','Widgit',1768)
COMMIT
INSERT INTO FIVEWIDETABLE VALUES('2013-02-27 11:27:55.904000','WindowsME_BROKE','Problem','flashyThing',1769)
COMMIT
INSERT INTO FIVEWIDETABLE VALUES('2013-02-27 11:27:55.904000','','Good','Widgit',1770)
COMMIT
INSERT INTO FIVEWIDETABLE VALUES('2013-02-27 11:27:55.904000','WindowsME_BROKE','Warning','flashyThing',1771)
COMMIT
INSERT INTO FIVEWIDETABLE VALUES('2013-02-27 11:27:55.904000','Partial','Problem','Widgit',1772)
COMMIT
INSERT INTO FIVEWIDETABLE VALUES('2013-02-27 11:27:55.904000','','Good','flashyThing',1773)
COMMIT
INSERT INTO FIVEWIDETABLE VALUES('2013-02-27 11:27:55.904000','Partial','Warning','Widgit',1774)
COMMIT
INSERT INTO FIVEWIDETABLE VALUES('2013-02-27 11:27:55.904000','WindowsME_BROKE','Problem','flashyThing',1775)
COMMIT
INSERT INTO FIVEWIDETABLE VALUES('2013-02-27 11:27:55.905000','','Good','Widgit',1776)
COMMIT
INSERT INTO FIVEWIDETABLE VALUES('2013-02-27 11:27:55.905000','WindowsME_BROKE','Warning','flashyThing',1777)
COMMIT
INSERT INTO FIVEWIDETABLE VALUES('2013-02-27 11:27:55.905000','Partial','Problem','Widgit',1778)
COMMIT
INSERT INTO FIVEWIDETABLE VALUES('2013-02-27 11:27:55.905000','','Good','flashyThing',1779)
COMMIT
INSERT INTO FIVEWIDETABLE VALUES('2013-02-27 11:27:55.905000','Partial','Warning','Widgit',1780)
COMMIT
INSERT INTO FIVEWIDETABLE VALUES('2013-02-27 11:27:55.905000','WindowsME_BROKE','Problem','flashyThing',1781)
COMMIT
INSERT INTO FIVEWIDETABLE VALUES('2013-02-27 11:27:55.905000','','Good','Widgit',1782)
COMMIT
INSERT INTO FIVEWIDETABLE VALUES('2013-02-27 11:27:55.905000','WindowsME_BROKE','Warning','flashyThing',1783)
COMMIT
INSERT INTO FIVEWIDETABLE VALUES('2013-02-27 11:27:55.906000','Partial','Problem','Widgit',1784)
COMMIT
INSERT INTO FIVEWIDETABLE VALUES('2013-02-27 11:27:55.906000','','Good','flashyThing',1785)
COMMIT
INSERT INTO FIVEWIDETABLE VALUES('2013-02-27 11:27:55.906000','Partial','Warning','Widgit',1786)
COMMIT
INSERT INTO FIVEWIDETABLE VALUES('2013-02-27 11:27:55.906000','WindowsME_BROKE','Problem','flashyThing',1787)
COMMIT
INSERT INTO FIVEWIDETABLE VALUES('2013-02-27 11:27:55.906000','','Good','Widgit',1788)
COMMIT
INSERT INTO FIVEWIDETABLE VALUES('2013-02-27 11:27:55.906000','WindowsME_BROKE','Warning','flashyThing',1789)
COMMIT
INSERT INTO FIVEWIDETABLE VALUES('2013-02-27 11:27:55.906000','Partial','Problem','Widgit',1790)
COMMIT
INSERT INTO FIVEWIDETABLE VALUES('2013-02-27 11:27:55.907000','','Good','flashyThing',1791)
COMMIT
INSERT INTO FIVEWIDETABLE VALUES('2013-02-27 11:27:55.907000','Partial','Warning','Widgit',1792)
COMMIT
INSERT INTO FIVEWIDETABLE VALUES('2013-02-27 11:27:55.907000','WindowsME_BROKE','Problem','flashyThing',1793)
COMMIT
INSERT INTO FIVEWIDETABLE VALUES('2013-02-27 11:27:55.907000','','Good','Widgit',1794)
COMMIT
INSERT INTO FIVEWIDETABLE VALUES('2013-02-27 11:27:55.907000','WindowsME_BROKE','Warning','flashyThing',1795)
COMMIT
INSERT INTO FIVEWIDETABLE VALUES('2013-02-27 11:27:55.907000','Partial','Problem','Widgit',1796)
COMMIT
INSERT INTO FIVEWIDETABLE VALUES('2013-02-27 11:27:55.907000','','Good','flashyThing',1797)
COMMIT
INSERT INTO FIVEWIDETABLE VALUES('2013-02-27 11:27:55.907000','Partial','Warning','Widgit',1798)
COMMIT
INSERT INTO FIVEWIDETABLE VALUES('2013-02-27 11:27:55.908000','WindowsME_BROKE','Problem','flashyThing',1799)
COMMIT
INSERT INTO FIVEWIDETABLE VALUES('2013-02-27 11:27:55.908000','','Good','Widgit',1800)
COMMIT
INSERT INTO FIVEWIDETABLE VALUES('2013-02-27 11:27:55.908000','WindowsME_BROKE','Warning','flashyThing',1801)
COMMIT
INSERT INTO FIVEWIDETABLE VALUES('2013-02-27 11:27:55.908000','Partial','Problem','Widgit',1802)
COMMIT
INSERT INTO FIVEWIDETABLE VALUES('2013-02-27 11:27:55.908000','','Good','flashyThing',1803)
COMMIT
INSERT INTO FIVEWIDETABLE VALUES('2013-02-27 11:27:55.908000','Partial','Warning','Widgit',1804)
COMMIT
INSERT INTO FIVEWIDETABLE VALUES('2013-02-27 11:27:55.908000','WindowsME_BROKE','Problem','flashyThing',1805)
COMMIT
INSERT INTO FIVEWIDETABLE VALUES('2013-02-27 11:27:55.908000','','Good','Widgit',1806)
COMMIT
INSERT INTO FIVEWIDETABLE VALUES('2013-02-27 11:27:55.909000','WindowsME_BROKE','Warning','flashyThing',1807)
COMMIT
INSERT INTO FIVEWIDETABLE VALUES('2013-02-27 11:27:55.909000','Partial','Problem','Widgit',1808)
COMMIT
INSERT INTO FIVEWIDETABLE VALUES('2013-02-27 11:27:55.909000','','Good','flashyThing',1809)
COMMIT
INSERT INTO FIVEWIDETABLE VALUES('2013-02-27 11:27:55.909000','Partial','Warning','Widgit',1810)
COMMIT
INSERT INTO FIVEWIDETABLE VALUES('2013-02-27 11:27:55.909000','WindowsME_BROKE','Problem','flashyThing',1811)
COMMIT
INSERT INTO FIVEWIDETABLE VALUES('2013-02-27 11:27:55.909000','','Good','Widgit',1812)
COMMIT
INSERT INTO FIVEWIDETABLE VALUES('2013-02-27 11:27:55.909000','WindowsME_BROKE','Warning','flashyThing',1813)
COMMIT
INSERT INTO FIVEWIDETABLE VALUES('2013-02-27 11:27:55.909000','Partial','Problem','Widgit',1814)
COMMIT
INSERT INTO FIVEWIDETABLE VALUES('2013-02-27 11:27:55.910000','','Good','flashyThing',1815)
COMMIT
INSERT INTO FIVEWIDETABLE VALUES('2013-02-27 11:27:55.910000','Partial','Warning','Widgit',1816)
COMMIT
INSERT INTO FIVEWIDETABLE VALUES('2013-02-27 11:27:55.910000','WindowsME_BROKE','Problem','flashyThing',1817)
COMMIT
INSERT INTO FIVEWIDETABLE VALUES('2013-02-27 11:27:55.910000','','Good','Widgit',1818)
COMMIT
INSERT INTO FIVEWIDETABLE VALUES('2013-02-27 11:27:55.910000','WindowsME_BROKE','Warning','flashyThing',1819)
COMMIT
INSERT INTO FIVEWIDETABLE VALUES('2013-02-27 11:27:55.910000','Partial','Problem','Widgit',1820)
COMMIT
INSERT INTO FIVEWIDETABLE VALUES('2013-02-27 11:27:55.910000','','Good','flashyThing',1821)
COMMIT
INSERT INTO FIVEWIDETABLE VALUES('2013-02-27 11:27:55.910000','Partial','Warning','Widgit',1822)
COMMIT
INSERT INTO FIVEWIDETABLE VALUES('2013-02-27 11:27:55.911000','WindowsME_BROKE','Problem','flashyThing',1823)
COMMIT
INSERT INTO FIVEWIDETABLE VALUES('2013-02-27 11:27:55.911000','','Good','Widgit',1824)
COMMIT
INSERT INTO FIVEWIDETABLE VALUES('2013-02-27 11:27:55.911000','WindowsME_BROKE','Warning','flashyThing',1825)
COMMIT
INSERT INTO FIVEWIDETABLE VALUES('2013-02-27 11:27:55.911000','Partial','Problem','Widgit',1826)
COMMIT
INSERT INTO FIVEWIDETABLE VALUES('2013-02-27 11:27:55.911000','','Good','flashyThing',1827)
COMMIT
INSERT INTO FIVEWIDETABLE VALUES('2013-02-27 11:27:55.911000','Partial','Warning','Widgit',1828)
COMMIT
INSERT INTO FIVEWIDETABLE VALUES('2013-02-27 11:27:55.911000','WindowsME_BROKE','Problem','flashyThing',1829)
COMMIT
INSERT INTO FIVEWIDETABLE VALUES('2013-02-27 11:27:55.911000','','Good','Widgit',1830)
COMMIT
INSERT INTO FIVEWIDETABLE VALUES('2013-02-27 11:27:55.912000','WindowsME_BROKE','Warning','flashyThing',1831)
COMMIT
INSERT INTO FIVEWIDETABLE VALUES('2013-02-27 11:27:55.912000','Partial','Problem','Widgit',1832)
COMMIT
INSERT INTO FIVEWIDETABLE VALUES('2013-02-27 11:27:55.912000','','Good','flashyThing',1833)
COMMIT
INSERT INTO FIVEWIDETABLE VALUES('2013-02-27 11:27:55.912000','Partial','Warning','Widgit',1834)
COMMIT
INSERT INTO FIVEWIDETABLE VALUES('2013-02-27 11:27:55.912000','WindowsME_BROKE','Problem','flashyThing',1835)
COMMIT
INSERT INTO FIVEWIDETABLE VALUES('2013-02-27 11:27:55.912000','','Good','Widgit',1836)
COMMIT
INSERT INTO FIVEWIDETABLE VALUES('2013-02-27 11:27:55.912000','WindowsME_BROKE','Warning','flashyThing',1837)
COMMIT
INSERT INTO FIVEWIDETABLE VALUES('2013-02-27 11:27:55.913000','Partial','Problem','Widgit',1838)
COMMIT
INSERT INTO FIVEWIDETABLE VALUES('2013-02-27 11:27:55.913000','','Good','flashyThing',1839)
COMMIT
INSERT INTO FIVEWIDETABLE VALUES('2013-02-27 11:27:55.913000','Partial','Warning','Widgit',1840)
COMMIT
INSERT INTO FIVEWIDETABLE VALUES('2013-02-27 11:27:55.913000','WindowsME_BROKE','Problem','flashyThing',1841)
COMMIT
INSERT INTO FIVEWIDETABLE VALUES('2013-02-27 11:27:55.913000','','Good','Widgit',1842)
COMMIT
INSERT INTO FIVEWIDETABLE VALUES('2013-02-27 11:27:55.913000','WindowsME_BROKE','Warning','flashyThing',1843)
COMMIT
INSERT INTO FIVEWIDETABLE VALUES('2013-02-27 11:27:55.913000','Partial','Problem','Widgit',1844)
COMMIT
INSERT INTO FIVEWIDETABLE VALUES('2013-02-27 11:27:55.913000','','Good','flashyThing',1845)
COMMIT
INSERT INTO FIVEWIDETABLE VALUES('2013-02-27 11:27:55.914000','Partial','Warning','Widgit',1846)
COMMIT
INSERT INTO FIVEWIDETABLE VALUES('2013-02-27 11:27:55.914000','WindowsME_BROKE','Problem','flashyThing',1847)
COMMIT
INSERT INTO FIVEWIDETABLE VALUES('2013-02-27 11:27:55.914000','','Good','Widgit',1848)
COMMIT
INSERT INTO FIVEWIDETABLE VALUES('2013-02-27 11:27:55.914000','WindowsME_BROKE','Warning','flashyThing',1849)
COMMIT
INSERT INTO FIVEWIDETABLE VALUES('2013-02-27 11:27:55.914000','Partial','Problem','Widgit',1850)
COMMIT
INSERT INTO FIVEWIDETABLE VALUES('2013-02-27 11:27:55.914000','','Good','flashyThing',1851)
COMMIT
INSERT INTO FIVEWIDETABLE VALUES('2013-02-27 11:27:55.914000','Partial','Warning','Widgit',1852)
COMMIT
INSERT INTO FIVEWIDETABLE VALUES('2013-02-27 11:27:55.914000','WindowsME_BROKE','Problem','flashyThing',1853)
COMMIT
INSERT INTO FIVEWIDETABLE VALUES('2013-02-27 11:27:55.915000','','Good','Widgit',1854)
COMMIT
INSERT INTO FIVEWIDETABLE VALUES('2013-02-27 11:27:55.915000','WindowsME_BROKE','Warning','flashyThing',1855)
COMMIT
INSERT INTO FIVEWIDETABLE VALUES('2013-02-27 11:27:55.915000','Partial','Problem','Widgit',1856)
COMMIT
INSERT INTO FIVEWIDETABLE VALUES('2013-02-27 11:27:55.915000','','Good','flashyThing',1857)
COMMIT
INSERT INTO FIVEWIDETABLE VALUES('2013-02-27 11:27:55.915000','Partial','Warning','Widgit',1858)
COMMIT
INSERT INTO FIVEWIDETABLE VALUES('2013-02-27 11:27:55.915000','WindowsME_BROKE','Problem','flashyThing',1859)
COMMIT
INSERT INTO FIVEWIDETABLE VALUES('2013-02-27 11:27:55.915000','','Good','Widgit',1860)
COMMIT
INSERT INTO FIVEWIDETABLE VALUES('2013-02-27 11:27:55.915000','WindowsME_BROKE','Warning','flashyThing',1861)
COMMIT
INSERT INTO FIVEWIDETABLE VALUES('2013-02-27 11:27:55.916000','Partial','Problem','Widgit',1862)
COMMIT
INSERT INTO FIVEWIDETABLE VALUES('2013-02-27 11:27:55.916000','','Good','flashyThing',1863)
COMMIT
INSERT INTO FIVEWIDETABLE VALUES('2013-02-27 11:27:55.916000','Partial','Warning','Widgit',1864)
COMMIT
INSERT INTO FIVEWIDETABLE VALUES('2013-02-27 11:27:55.916000','WindowsME_BROKE','Problem','flashyThing',1865)
COMMIT
INSERT INTO FIVEWIDETABLE VALUES('2013-02-27 11:27:55.916000','','Good','Widgit',1866)
COMMIT
INSERT INTO FIVEWIDETABLE VALUES('2013-02-27 11:27:55.916000','WindowsME_BROKE','Warning','flashyThing',1867)
COMMIT
INSERT INTO FIVEWIDETABLE VALUES('2013-02-27 11:27:55.916000','Partial','Problem','Widgit',1868)
COMMIT
INSERT INTO FIVEWIDETABLE VALUES('2013-02-27 11:27:55.916000','','Good','flashyThing',1869)
COMMIT
INSERT INTO FIVEWIDETABLE VALUES('2013-02-27 11:27:55.917000','Partial','Warning','Widgit',1870)
COMMIT
INSERT INTO FIVEWIDETABLE VALUES('2013-02-27 11:27:55.917000','WindowsME_BROKE','Problem','flashyThing',1871)
COMMIT
INSERT INTO FIVEWIDETABLE VALUES('2013-02-27 11:27:55.917000','','Good','Widgit',1872)
COMMIT
INSERT INTO FIVEWIDETABLE VALUES('2013-02-27 11:27:55.917000','WindowsME_BROKE','Warning','flashyThing',1873)
COMMIT
INSERT INTO FIVEWIDETABLE VALUES('2013-02-27 11:27:55.917000','Partial','Problem','Widgit',1874)
COMMIT
INSERT INTO FIVEWIDETABLE VALUES('2013-02-27 11:27:55.917000','','Good','flashyThing',1875)
COMMIT
INSERT INTO FIVEWIDETABLE VALUES('2013-02-27 11:27:55.917000','Partial','Warning','Widgit',1876)
COMMIT
INSERT INTO FIVEWIDETABLE VALUES('2013-02-27 11:27:55.918000','WindowsME_BROKE','Problem','flashyThing',1877)
COMMIT
INSERT INTO FIVEWIDETABLE VALUES('2013-02-27 11:27:55.918000','','Good','Widgit',1878)
COMMIT
INSERT INTO FIVEWIDETABLE VALUES('2013-02-27 11:27:55.918000','WindowsME_BROKE','Warning','flashyThing',1879)
COMMIT
INSERT INTO FIVEWIDETABLE VALUES('2013-02-27 11:27:55.918000','Partial','Problem','Widgit',1880)
COMMIT
INSERT INTO FIVEWIDETABLE VALUES('2013-02-27 11:27:55.918000','','Good','flashyThing',1881)
COMMIT
INSERT INTO FIVEWIDETABLE VALUES('2013-02-27 11:27:55.918000','Partial','Warning','Widgit',1882)
COMMIT
INSERT INTO FIVEWIDETABLE VALUES('2013-02-27 11:27:55.918000','WindowsME_BROKE','Problem','flashyThing',1883)
COMMIT
INSERT INTO FIVEWIDETABLE VALUES('2013-02-27 11:27:55.918000','','Good','Widgit',1884)
COMMIT
INSERT INTO FIVEWIDETABLE VALUES('2013-02-27 11:27:55.919000','WindowsME_BROKE','Warning','flashyThing',1885)
COMMIT
INSERT INTO FIVEWIDETABLE VALUES('2013-02-27 11:27:55.919000','Partial','Problem','Widgit',1886)
COMMIT
INSERT INTO FIVEWIDETABLE VALUES('2013-02-27 11:27:55.919000','','Good','flashyThing',1887)
COMMIT
INSERT INTO FIVEWIDETABLE VALUES('2013-02-27 11:27:55.919000','Partial','Warning','Widgit',1888)
COMMIT
INSERT INTO FIVEWIDETABLE VALUES('2013-02-27 11:27:55.919000','WindowsME_BROKE','Problem','flashyThing',1889)
COMMIT
INSERT INTO FIVEWIDETABLE VALUES('2013-02-27 11:27:55.919000','','Good','Widgit',1890)
COMMIT
INSERT INTO FIVEWIDETABLE VALUES('2013-02-27 11:27:55.919000','WindowsME_BROKE','Warning','flashyThing',1891)
COMMIT
INSERT INTO FIVEWIDETABLE VALUES('2013-02-27 11:27:55.919000','Partial','Problem','Widgit',1892)
COMMIT
INSERT INTO FIVEWIDETABLE VALUES('2013-02-27 11:27:55.920000','','Good','flashyThing',1893)
COMMIT
INSERT INTO FIVEWIDETABLE VALUES('2013-02-27 11:27:55.920000','Partial','Warning','Widgit',1894)
COMMIT
INSERT INTO FIVEWIDETABLE VALUES('2013-02-27 11:27:55.920000','WindowsME_BROKE','Problem','flashyThing',1895)
COMMIT
INSERT INTO FIVEWIDETABLE VALUES('2013-02-27 11:27:55.920000','','Good','Widgit',1896)
COMMIT
INSERT INTO FIVEWIDETABLE VALUES('2013-02-27 11:27:55.920000','WindowsME_BROKE','Warning','flashyThing',1897)
COMMIT
INSERT INTO FIVEWIDETABLE VALUES('2013-02-27 11:27:55.920000','Partial','Problem','Widgit',1898)
COMMIT
INSERT INTO FIVEWIDETABLE VALUES('2013-02-27 11:27:55.920000','','Good','flashyThing',1899)
COMMIT
INSERT INTO FIVEWIDETABLE VALUES('2013-02-27 11:27:55.921000','Partial','Warning','Widgit',1900)
COMMIT
INSERT INTO FIVEWIDETABLE VALUES('2013-02-27 11:27:55.921000','WindowsME_BROKE','Problem','flashyThing',1901)
COMMIT
INSERT INTO FIVEWIDETABLE VALUES('2013-02-27 11:27:55.921000','','Good','Widgit',1902)
COMMIT
INSERT INTO FIVEWIDETABLE VALUES('2013-02-27 11:27:55.921000','WindowsME_BROKE','Warning','flashyThing',1903)
COMMIT
INSERT INTO FIVEWIDETABLE VALUES('2013-02-27 11:27:55.921000','Partial','Problem','Widgit',1904)
COMMIT
INSERT INTO FIVEWIDETABLE VALUES('2013-02-27 11:27:55.921000','','Good','flashyThing',1905)
COMMIT
INSERT INTO FIVEWIDETABLE VALUES('2013-02-27 11:27:55.921000','Partial','Warning','Widgit',1906)
COMMIT
INSERT INTO FIVEWIDETABLE VALUES('2013-02-27 11:27:55.921000','WindowsME_BROKE','Problem','flashyThing',1907)
COMMIT
INSERT INTO FIVEWIDETABLE VALUES('2013-02-27 11:27:55.922000','','Good','Widgit',1908)
COMMIT
INSERT INTO FIVEWIDETABLE VALUES('2013-02-27 11:27:55.922000','WindowsME_BROKE','Warning','flashyThing',1909)
COMMIT
INSERT INTO FIVEWIDETABLE VALUES('2013-02-27 11:27:55.922000','Partial','Problem','Widgit',1910)
COMMIT
INSERT INTO FIVEWIDETABLE VALUES('2013-02-27 11:27:55.922000','','Good','flashyThing',1911)
COMMIT
INSERT INTO FIVEWIDETABLE VALUES('2013-02-27 11:27:55.922000','Partial','Warning','Widgit',1912)
COMMIT
INSERT INTO FIVEWIDETABLE VALUES('2013-02-27 11:27:55.922000','WindowsME_BROKE','Problem','flashyThing',1913)
COMMIT
INSERT INTO FIVEWIDETABLE VALUES('2013-02-27 11:27:55.922000','','Good','Widgit',1914)
COMMIT
INSERT INTO FIVEWIDETABLE VALUES('2013-02-27 11:27:55.922000','WindowsME_BROKE','Warning','flashyThing',1915)
COMMIT
INSERT INTO FIVEWIDETABLE VALUES('2013-02-27 11:27:55.923000','Partial','Problem','Widgit',1916)
COMMIT
INSERT INTO FIVEWIDETABLE VALUES('2013-02-27 11:27:55.923000','','Good','flashyThing',1917)
COMMIT
INSERT INTO FIVEWIDETABLE VALUES('2013-02-27 11:27:55.923000','Partial','Warning','Widgit',1918)
COMMIT
INSERT INTO FIVEWIDETABLE VALUES('2013-02-27 11:27:55.923000','WindowsME_BROKE','Problem','flashyThing',1919)
COMMIT
INSERT INTO FIVEWIDETABLE VALUES('2013-02-27 11:27:55.923000','','Good','Widgit',1920)
COMMIT
INSERT INTO FIVEWIDETABLE VALUES('2013-02-27 11:27:55.923000','WindowsME_BROKE','Warning','flashyThing',1921)
COMMIT
INSERT INTO FIVEWIDETABLE VALUES('2013-02-27 11:27:55.923000','Partial','Problem','Widgit',1922)
COMMIT
INSERT INTO FIVEWIDETABLE VALUES('2013-02-27 11:27:55.923000','','Good','flashyThing',1923)
COMMIT
INSERT INTO FIVEWIDETABLE VALUES('2013-02-27 11:27:55.924000','Partial','Warning','Widgit',1924)
COMMIT
INSERT INTO FIVEWIDETABLE VALUES('2013-02-27 11:27:55.924000','WindowsME_BROKE','Problem','flashyThing',1925)
COMMIT
INSERT INTO FIVEWIDETABLE VALUES('2013-02-27 11:27:55.924000','','Good','Widgit',1926)
COMMIT
INSERT INTO FIVEWIDETABLE VALUES('2013-02-27 11:27:55.924000','WindowsME_BROKE','Warning','flashyThing',1927)
COMMIT
INSERT INTO FIVEWIDETABLE VALUES('2013-02-27 11:27:55.924000','Partial','Problem','Widgit',1928)
COMMIT
INSERT INTO FIVEWIDETABLE VALUES('2013-02-27 11:27:55.924000','','Good','flashyThing',1929)
COMMIT
INSERT INTO FIVEWIDETABLE VALUES('2013-02-27 11:27:55.924000','Partial','Warning','Widgit',1930)
COMMIT
INSERT INTO FIVEWIDETABLE VALUES('2013-02-27 11:27:55.925000','WindowsME_BROKE','Problem','flashyThing',1931)
COMMIT
INSERT INTO FIVEWIDETABLE VALUES('2013-02-27 11:27:55.925000','','Good','Widgit',1932)
COMMIT
INSERT INTO FIVEWIDETABLE VALUES('2013-02-27 11:27:55.925000','WindowsME_BROKE','Warning','flashyThing',1933)
COMMIT
INSERT INTO FIVEWIDETABLE VALUES('2013-02-27 11:27:55.925000','Partial','Problem','Widgit',1934)
COMMIT
INSERT INTO FIVEWIDETABLE VALUES('2013-02-27 11:27:55.925000','','Good','flashyThing',1935)
COMMIT
INSERT INTO FIVEWIDETABLE VALUES('2013-02-27 11:27:55.925000','Partial','Warning','Widgit',1936)
COMMIT
INSERT INTO FIVEWIDETABLE VALUES('2013-02-27 11:27:55.925000','WindowsME_BROKE','Problem','flashyThing',1937)
COMMIT
INSERT INTO FIVEWIDETABLE VALUES('2013-02-27 11:27:55.925000','','Good','Widgit',1938)
COMMIT
INSERT INTO FIVEWIDETABLE VALUES('2013-02-27 11:27:55.926000','WindowsME_BROKE','Warning','flashyThing',1939)
COMMIT
INSERT INTO FIVEWIDETABLE VALUES('2013-02-27 11:27:55.926000','Partial','Problem','Widgit',1940)
COMMIT
INSERT INTO FIVEWIDETABLE VALUES('2013-02-27 11:27:55.926000','','Good','flashyThing',1941)
COMMIT
INSERT INTO FIVEWIDETABLE VALUES('2013-02-27 11:27:55.926000','Partial','Warning','Widgit',1942)
COMMIT
INSERT INTO FIVEWIDETABLE VALUES('2013-02-27 11:27:55.926000','WindowsME_BROKE','Problem','flashyThing',1943)
COMMIT
INSERT INTO FIVEWIDETABLE VALUES('2013-02-27 11:27:55.926000','','Good','Widgit',1944)
COMMIT
INSERT INTO FIVEWIDETABLE VALUES('2013-02-27 11:27:55.926000','WindowsME_BROKE','Warning','flashyThing',1945)
COMMIT
INSERT INTO FIVEWIDETABLE VALUES('2013-02-27 11:27:55.926000','Partial','Problem','Widgit',1946)
COMMIT
INSERT INTO FIVEWIDETABLE VALUES('2013-02-27 11:27:55.927000','','Good','flashyThing',1947)
COMMIT
INSERT INTO FIVEWIDETABLE VALUES('2013-02-27 11:27:55.927000','Partial','Warning','Widgit',1948)
COMMIT
INSERT INTO FIVEWIDETABLE VALUES('2013-02-27 11:27:55.927000','WindowsME_BROKE','Problem','flashyThing',1949)
COMMIT
INSERT INTO FIVEWIDETABLE VALUES('2013-02-27 11:27:55.927000','','Good','Widgit',1950)
COMMIT
INSERT INTO FIVEWIDETABLE VALUES('2013-02-27 11:27:55.927000','WindowsME_BROKE','Warning','flashyThing',1951)
COMMIT
INSERT INTO FIVEWIDETABLE VALUES('2013-02-27 11:27:55.927000','Partial','Problem','Widgit',1952)
COMMIT
INSERT INTO FIVEWIDETABLE VALUES('2013-02-27 11:27:55.927000','','Good','flashyThing',1953)
COMMIT
INSERT INTO FIVEWIDETABLE VALUES('2013-02-27 11:27:55.928000','Partial','Warning','Widgit',1954)
COMMIT
INSERT INTO FIVEWIDETABLE VALUES('2013-02-27 11:27:55.928000','WindowsME_BROKE','Problem','flashyThing',1955)
COMMIT
INSERT INTO FIVEWIDETABLE VALUES('2013-02-27 11:27:55.928000','','Good','Widgit',1956)
COMMIT
INSERT INTO FIVEWIDETABLE VALUES('2013-02-27 11:27:55.928000','WindowsME_BROKE','Warning','flashyThing',1957)
COMMIT
INSERT INTO FIVEWIDETABLE VALUES('2013-02-27 11:27:55.928000','Partial','Problem','Widgit',1958)
COMMIT
INSERT INTO FIVEWIDETABLE VALUES('2013-02-27 11:27:55.928000','','Good','flashyThing',1959)
COMMIT
INSERT INTO FIVEWIDETABLE VALUES('2013-02-27 11:27:55.928000','Partial','Warning','Widgit',1960)
COMMIT
INSERT INTO FIVEWIDETABLE VALUES('2013-02-27 11:27:55.928000','WindowsME_BROKE','Problem','flashyThing',1961)
COMMIT
INSERT INTO FIVEWIDETABLE VALUES('2013-02-27 11:27:55.929000','','Good','Widgit',1962)
COMMIT
INSERT INTO FIVEWIDETABLE VALUES('2013-02-27 11:27:55.929000','WindowsME_BROKE','Warning','flashyThing',1963)
COMMIT
INSERT INTO FIVEWIDETABLE VALUES('2013-02-27 11:27:55.929000','Partial','Problem','Widgit',1964)
COMMIT
INSERT INTO FIVEWIDETABLE VALUES('2013-02-27 11:27:55.929000','','Good','flashyThing',1965)
COMMIT
INSERT INTO FIVEWIDETABLE VALUES('2013-02-27 11:27:55.929000','Partial','Warning','Widgit',1966)
COMMIT
INSERT INTO FIVEWIDETABLE VALUES('2013-02-27 11:27:55.929000','WindowsME_BROKE','Problem','flashyThing',1967)
COMMIT
INSERT INTO FIVEWIDETABLE VALUES('2013-02-27 11:27:55.929000','','Good','Widgit',1968)
COMMIT
INSERT INTO FIVEWIDETABLE VALUES('2013-02-27 11:27:55.930000','WindowsME_BROKE','Warning','flashyThing',1969)
COMMIT
INSERT INTO FIVEWIDETABLE VALUES('2013-02-27 11:27:55.930000','Partial','Problem','Widgit',1970)
COMMIT
INSERT INTO FIVEWIDETABLE VALUES('2013-02-27 11:27:55.930000','','Good','flashyThing',1971)
COMMIT
INSERT INTO FIVEWIDETABLE VALUES('2013-02-27 11:27:55.930000','Partial','Warning','Widgit',1972)
COMMIT
INSERT INTO FIVEWIDETABLE VALUES('2013-02-27 11:27:55.930000','WindowsME_BROKE','Problem','flashyThing',1973)
COMMIT
INSERT INTO FIVEWIDETABLE VALUES('2013-02-27 11:27:55.930000','','Good','Widgit',1974)
COMMIT
INSERT INTO FIVEWIDETABLE VALUES('2013-02-27 11:27:55.930000','WindowsME_BROKE','Warning','flashyThing',1975)
COMMIT
INSERT INTO FIVEWIDETABLE VALUES('2013-02-27 11:27:55.930000','Partial','Problem','Widgit',1976)
COMMIT
INSERT INTO FIVEWIDETABLE VALUES('2013-02-27 11:27:55.931000','','Good','flashyThing',1977)
COMMIT
INSERT INTO FIVEWIDETABLE VALUES('2013-02-27 11:27:55.931000','Partial','Warning','Widgit',1978)
COMMIT
INSERT INTO FIVEWIDETABLE VALUES('2013-02-27 11:27:55.931000','WindowsME_BROKE','Problem','flashyThing',1979)
COMMIT
INSERT INTO FIVEWIDETABLE VALUES('2013-02-27 11:27:55.931000','','Good','Widgit',1980)
COMMIT
INSERT INTO FIVEWIDETABLE VALUES('2013-02-27 11:27:55.931000','WindowsME_BROKE','Warning','flashyThing',1981)
COMMIT
INSERT INTO FIVEWIDETABLE VALUES('2013-02-27 11:27:55.931000','Partial','Problem','Widgit',1982)
COMMIT
INSERT INTO FIVEWIDETABLE VALUES('2013-02-27 11:27:55.931000','','Good','flashyThing',1983)
COMMIT
INSERT INTO FIVEWIDETABLE VALUES('2013-02-27 11:27:55.932000','Partial','Warning','Widgit',1984)
COMMIT
INSERT INTO FIVEWIDETABLE VALUES('2013-02-27 11:27:55.932000','WindowsME_BROKE','Problem','flashyThing',1985)
COMMIT
INSERT INTO FIVEWIDETABLE VALUES('2013-02-27 11:27:55.932000','','Good','Widgit',1986)
COMMIT
INSERT INTO FIVEWIDETABLE VALUES('2013-02-27 11:27:55.932000','WindowsME_BROKE','Warning','flashyThing',1987)
COMMIT
INSERT INTO FIVEWIDETABLE VALUES('2013-02-27 11:27:55.932000','Partial','Problem','Widgit',1988)
COMMIT
INSERT INTO FIVEWIDETABLE VALUES('2013-02-27 11:27:55.932000','','Good','flashyThing',1989)
COMMIT
INSERT INTO FIVEWIDETABLE VALUES('2013-02-27 11:27:55.933000','Partial','Warning','Widgit',1990)
COMMIT
INSERT INTO FIVEWIDETABLE VALUES('2013-02-27 11:27:55.933000','WindowsME_BROKE','Problem','flashyThing',1991)
COMMIT
INSERT INTO FIVEWIDETABLE VALUES('2013-02-27 11:27:55.933000','','Good','Widgit',1992)
COMMIT
INSERT INTO FIVEWIDETABLE VALUES('2013-02-27 11:27:55.933000','WindowsME_BROKE','Warning','flashyThing',1993)
COMMIT
INSERT INTO FIVEWIDETABLE VALUES('2013-02-27 11:27:55.933000','Partial','Problem','Widgit',1994)
COMMIT
INSERT INTO FIVEWIDETABLE VALUES('2013-02-27 11:27:55.933000','','Good','flashyThing',1995)
COMMIT
INSERT INTO FIVEWIDETABLE VALUES('2013-02-27 11:27:55.933000','Partial','Warning','Widgit',1996)
COMMIT
INSERT INTO FIVEWIDETABLE VALUES('2013-02-27 11:27:55.933000','WindowsME_BROKE','Problem','flashyThing',1997)
COMMIT
INSERT INTO FIVEWIDETABLE VALUES('2013-02-27 11:27:55.934000','','Good','Widgit',1998)
COMMIT
INSERT INTO FIVEWIDETABLE VALUES('2013-02-27 11:27:55.934000','WindowsME_BROKE','Warning','flashyThing',1999)
COMMIT
INSERT INTO FIVEWIDETABLE VALUES('2013-02-27 11:27:55.934000','Partial','Problem','Widgit',2000)
COMMIT
INSERT INTO FIVEWIDETABLE VALUES('2013-02-27 11:27:55.934000','','Good','flashyThing',2001)
COMMIT
INSERT INTO FIVEWIDETABLE VALUES('2013-02-27 11:27:55.934000','Partial','Warning','Widgit',2002)
COMMIT
INSERT INTO FIVEWIDETABLE VALUES('2013-02-27 11:27:55.934000','WindowsME_BROKE','Problem','flashyThing',2003)
COMMIT
INSERT INTO FIVEWIDETABLE VALUES('2013-02-27 11:27:55.934000','','Good','Widgit',2004)
COMMIT
INSERT INTO FIVEWIDETABLE VALUES('2013-02-27 11:27:55.935000','WindowsME_BROKE','Warning','flashyThing',2005)
COMMIT
INSERT INTO FIVEWIDETABLE VALUES('2013-02-27 11:27:55.935000','Partial','Problem','Widgit',2006)
COMMIT
INSERT INTO FIVEWIDETABLE VALUES('2013-02-27 11:27:55.935000','','Good','flashyThing',2007)
COMMIT
INSERT INTO FIVEWIDETABLE VALUES('2013-02-27 11:27:55.935000','Partial','Warning','Widgit',2008)
COMMIT
INSERT INTO FIVEWIDETABLE VALUES('2013-02-27 11:27:55.935000','WindowsME_BROKE','Problem','flashyThing',2009)
COMMIT
INSERT INTO FIVEWIDETABLE VALUES('2013-02-27 11:27:55.935000','','Good','Widgit',2010)
COMMIT
INSERT INTO FIVEWIDETABLE VALUES('2013-02-27 11:27:55.935000','WindowsME_BROKE','Warning','flashyThing',2011)
COMMIT
INSERT INTO FIVEWIDETABLE VALUES('2013-02-27 11:27:55.935000','Partial','Problem','Widgit',2012)
COMMIT
INSERT INTO FIVEWIDETABLE VALUES('2013-02-27 11:27:55.936000','','Good','flashyThing',2013)
COMMIT
INSERT INTO FIVEWIDETABLE VALUES('2013-02-27 11:27:55.936000','Partial','Warning','Widgit',2014)
COMMIT
INSERT INTO FIVEWIDETABLE VALUES('2013-02-27 11:27:55.936000','WindowsME_BROKE','Problem','flashyThing',2015)
COMMIT
INSERT INTO FIVEWIDETABLE VALUES('2013-02-27 11:27:55.936000','','Good','Widgit',2016)
COMMIT
INSERT INTO FIVEWIDETABLE VALUES('2013-02-27 11:27:55.936000','WindowsME_BROKE','Warning','flashyThing',2017)
COMMIT
INSERT INTO FIVEWIDETABLE VALUES('2013-02-27 11:27:55.936000','Partial','Problem','Widgit',2018)
COMMIT
INSERT INTO FIVEWIDETABLE VALUES('2013-02-27 11:27:55.937000','','Good','flashyThing',2019)
COMMIT
INSERT INTO FIVEWIDETABLE VALUES('2013-02-27 11:27:55.937000','Partial','Warning','Widgit',2020)
COMMIT
INSERT INTO FIVEWIDETABLE VALUES('2013-02-27 11:27:55.937000','WindowsME_BROKE','Problem','flashyThing',2021)
COMMIT
INSERT INTO FIVEWIDETABLE VALUES('2013-02-27 11:27:55.937000','','Good','Widgit',2022)
COMMIT
INSERT INTO FIVEWIDETABLE VALUES('2013-02-27 11:27:55.937000','WindowsME_BROKE','Warning','flashyThing',2023)
COMMIT
INSERT INTO FIVEWIDETABLE VALUES('2013-02-27 11:27:55.937000','Partial','Problem','Widgit',2024)
COMMIT
INSERT INTO FIVEWIDETABLE VALUES('2013-02-27 11:27:55.937000','','Good','flashyThing',2025)
COMMIT
INSERT INTO FIVEWIDETABLE VALUES('2013-02-27 11:27:55.937000','Partial','Warning','Widgit',2026)
COMMIT
INSERT INTO FIVEWIDETABLE VALUES('2013-02-27 11:27:55.938000','WindowsME_BROKE','Problem','flashyThing',2027)
COMMIT
INSERT INTO FIVEWIDETABLE VALUES('2013-02-27 11:27:55.938000','','Good','Widgit',2028)
COMMIT
INSERT INTO FIVEWIDETABLE VALUES('2013-02-27 11:27:55.938000','WindowsME_BROKE','Warning','flashyThing',2029)
COMMIT
INSERT INTO FIVEWIDETABLE VALUES('2013-02-27 11:27:55.938000','Partial','Problem','Widgit',2030)
COMMIT
INSERT INTO FIVEWIDETABLE VALUES('2013-02-27 11:27:55.938000','','Good','flashyThing',2031)
COMMIT
INSERT INTO FIVEWIDETABLE VALUES('2013-02-27 11:27:55.938000','Partial','Warning','Widgit',2032)
COMMIT
INSERT INTO FIVEWIDETABLE VALUES('2013-02-27 11:27:55.938000','WindowsME_BROKE','Problem','flashyThing',2033)
COMMIT
INSERT INTO FIVEWIDETABLE VALUES('2013-02-27 11:27:55.939000','','Good','Widgit',2034)
COMMIT
INSERT INTO FIVEWIDETABLE VALUES('2013-02-27 11:27:55.939000','WindowsME_BROKE','Warning','flashyThing',2035)
COMMIT
INSERT INTO FIVEWIDETABLE VALUES('2013-02-27 11:27:55.939000','Partial','Problem','Widgit',2036)
COMMIT
INSERT INTO FIVEWIDETABLE VALUES('2013-02-27 11:27:55.939000','','Good','flashyThing',2037)
COMMIT
INSERT INTO FIVEWIDETABLE VALUES('2013-02-27 11:27:55.939000','Partial','Warning','Widgit',2038)
COMMIT
INSERT INTO FIVEWIDETABLE VALUES('2013-02-27 11:27:55.939000','WindowsME_BROKE','Problem','flashyThing',2039)
COMMIT
INSERT INTO FIVEWIDETABLE VALUES('2013-02-27 11:27:55.939000','','Good','Widgit',2040)
COMMIT
INSERT INTO FIVEWIDETABLE VALUES('2013-02-27 11:27:55.940000','WindowsME_BROKE','Warning','flashyThing',2041)
COMMIT
INSERT INTO FIVEWIDETABLE VALUES('2013-02-27 11:27:55.940000','Partial','Problem','Widgit',2042)
COMMIT
INSERT INTO FIVEWIDETABLE VALUES('2013-02-27 11:27:55.940000','','Good','flashyThing',2043)
COMMIT
INSERT INTO FIVEWIDETABLE VALUES('2013-02-27 11:27:55.940000','Partial','Warning','Widgit',2044)
COMMIT
INSERT INTO FIVEWIDETABLE VALUES('2013-02-27 11:27:55.940000','WindowsME_BROKE','Problem','flashyThing',2045)
COMMIT
INSERT INTO FIVEWIDETABLE VALUES('2013-02-27 11:27:55.940000','','Good','Widgit',2046)
COMMIT
INSERT INTO FIVEWIDETABLE VALUES('2013-02-27 11:27:55.940000','WindowsME_BROKE','Warning','flashyThing',2047)
COMMIT
INSERT INTO FIVEWIDETABLE VALUES('2013-02-27 11:27:55.941000','Partial','Problem','Widgit',2048)
COMMIT
INSERT INTO FIVEWIDETABLE VALUES('2013-02-27 11:27:55.941000','','Good','flashyThing',2049)
COMMIT
INSERT INTO FIVEWIDETABLE VALUES('2013-02-27 11:27:55.941000','Partial','Warning','Widgit',2050)
COMMIT
INSERT INTO FIVEWIDETABLE VALUES('2013-02-27 11:27:55.941000','WindowsME_BROKE','Problem','flashyThing',2051)
COMMIT
INSERT INTO FIVEWIDETABLE VALUES('2013-02-27 11:27:55.941000','','Good','Widgit',2052)
COMMIT
INSERT INTO FIVEWIDETABLE VALUES('2013-02-27 11:27:55.941000','WindowsME_BROKE','Warning','flashyThing',2053)
COMMIT
INSERT INTO FIVEWIDETABLE VALUES('2013-02-27 11:27:55.941000','Partial','Problem','Widgit',2054)
COMMIT
INSERT INTO FIVEWIDETABLE VALUES('2013-02-27 11:27:55.941000','','Good','flashyThing',2055)
COMMIT
INSERT INTO FIVEWIDETABLE VALUES('2013-02-27 11:27:55.942000','Partial','Warning','Widgit',2056)
COMMIT
INSERT INTO FIVEWIDETABLE VALUES('2013-02-27 11:27:55.942000','WindowsME_BROKE','Problem','flashyThing',2057)
COMMIT
INSERT INTO FIVEWIDETABLE VALUES('2013-02-27 11:27:55.942000','','Good','Widgit',2058)
COMMIT
INSERT INTO FIVEWIDETABLE VALUES('2013-02-27 11:27:55.942000','WindowsME_BROKE','Warning','flashyThing',2059)
COMMIT
INSERT INTO FIVEWIDETABLE VALUES('2013-02-27 11:27:55.942000','Partial','Problem','Widgit',2060)
COMMIT
INSERT INTO FIVEWIDETABLE VALUES('2013-02-27 11:27:55.942000','','Good','flashyThing',2061)
COMMIT
INSERT INTO FIVEWIDETABLE VALUES('2013-02-27 11:27:55.942000','Partial','Warning','Widgit',2062)
COMMIT
INSERT INTO FIVEWIDETABLE VALUES('2013-02-27 11:27:55.943000','WindowsME_BROKE','Problem','flashyThing',2063)
COMMIT
INSERT INTO FIVEWIDETABLE VALUES('2013-02-27 11:27:55.943000','','Good','Widgit',2064)
COMMIT
INSERT INTO FIVEWIDETABLE VALUES('2013-02-27 11:27:55.943000','WindowsME_BROKE','Warning','flashyThing',2065)
COMMIT
INSERT INTO FIVEWIDETABLE VALUES('2013-02-27 11:27:55.943000','Partial','Problem','Widgit',2066)
COMMIT
INSERT INTO FIVEWIDETABLE VALUES('2013-02-27 11:27:55.943000','','Good','flashyThing',2067)
COMMIT
INSERT INTO FIVEWIDETABLE VALUES('2013-02-27 11:27:55.943000','Partial','Warning','Widgit',2068)
COMMIT
INSERT INTO FIVEWIDETABLE VALUES('2013-02-27 11:27:55.943000','WindowsME_BROKE','Problem','flashyThing',2069)
COMMIT
INSERT INTO FIVEWIDETABLE VALUES('2013-02-27 11:27:55.944000','','Good','Widgit',2070)
COMMIT
INSERT INTO FIVEWIDETABLE VALUES('2013-02-27 11:27:55.944000','WindowsME_BROKE','Warning','flashyThing',2071)
COMMIT
INSERT INTO FIVEWIDETABLE VALUES('2013-02-27 11:27:55.944000','Partial','Problem','Widgit',2072)
COMMIT
INSERT INTO FIVEWIDETABLE VALUES('2013-02-27 11:27:55.944000','','Good','flashyThing',2073)
COMMIT
INSERT INTO FIVEWIDETABLE VALUES('2013-02-27 11:27:55.944000','Partial','Warning','Widgit',2074)
COMMIT
INSERT INTO FIVEWIDETABLE VALUES('2013-02-27 11:27:55.944000','WindowsME_BROKE','Problem','flashyThing',2075)
COMMIT
INSERT INTO FIVEWIDETABLE VALUES('2013-02-27 11:27:55.944000','','Good','Widgit',2076)
COMMIT
INSERT INTO FIVEWIDETABLE VALUES('2013-02-27 11:27:55.944000','WindowsME_BROKE','Warning','flashyThing',2077)
COMMIT
INSERT INTO FIVEWIDETABLE VALUES('2013-02-27 11:27:55.945000','Partial','Problem','Widgit',2078)
COMMIT
INSERT INTO FIVEWIDETABLE VALUES('2013-02-27 11:27:55.945000','','Good','flashyThing',2079)
COMMIT
INSERT INTO FIVEWIDETABLE VALUES('2013-02-27 11:27:55.945000','Partial','Warning','Widgit',2080)
COMMIT
INSERT INTO FIVEWIDETABLE VALUES('2013-02-27 11:27:55.945000','WindowsME_BROKE','Problem','flashyThing',2081)
COMMIT
INSERT INTO FIVEWIDETABLE VALUES('2013-02-27 11:27:55.945000','','Good','Widgit',2082)
COMMIT
INSERT INTO FIVEWIDETABLE VALUES('2013-02-27 11:27:55.945000','WindowsME_BROKE','Warning','flashyThing',2083)
COMMIT
INSERT INTO FIVEWIDETABLE VALUES('2013-02-27 11:27:55.945000','Partial','Problem','Widgit',2084)
COMMIT
INSERT INTO FIVEWIDETABLE VALUES('2013-02-27 11:27:55.946000','','Good','flashyThing',2085)
COMMIT
INSERT INTO FIVEWIDETABLE VALUES('2013-02-27 11:27:55.946000','Partial','Warning','Widgit',2086)
COMMIT
INSERT INTO FIVEWIDETABLE VALUES('2013-02-27 11:27:55.946000','WindowsME_BROKE','Problem','flashyThing',2087)
COMMIT
INSERT INTO FIVEWIDETABLE VALUES('2013-02-27 11:27:55.946000','','Good','Widgit',2088)
COMMIT
INSERT INTO FIVEWIDETABLE VALUES('2013-02-27 11:27:55.946000','WindowsME_BROKE','Warning','flashyThing',2089)
COMMIT
INSERT INTO FIVEWIDETABLE VALUES('2013-02-27 11:27:55.946000','Partial','Problem','Widgit',2090)
COMMIT
INSERT INTO FIVEWIDETABLE VALUES('2013-02-27 11:27:55.946000','','Good','flashyThing',2091)
COMMIT
INSERT INTO FIVEWIDETABLE VALUES('2013-02-27 11:27:55.946000','Partial','Warning','Widgit',2092)
COMMIT
INSERT INTO FIVEWIDETABLE VALUES('2013-02-27 11:27:55.947000','WindowsME_BROKE','Problem','flashyThing',2093)
COMMIT
INSERT INTO FIVEWIDETABLE VALUES('2013-02-27 11:27:55.947000','','Good','Widgit',2094)
COMMIT
INSERT INTO FIVEWIDETABLE VALUES('2013-02-27 11:27:55.947000','WindowsME_BROKE','Warning','flashyThing',2095)
COMMIT
INSERT INTO FIVEWIDETABLE VALUES('2013-02-27 11:27:55.947000','Partial','Problem','Widgit',2096)
COMMIT
INSERT INTO FIVEWIDETABLE VALUES('2013-02-27 11:27:55.947000','','Good','flashyThing',2097)
COMMIT
INSERT INTO FIVEWIDETABLE VALUES('2013-02-27 11:27:55.947000','Partial','Warning','Widgit',2098)
COMMIT
INSERT INTO FIVEWIDETABLE VALUES('2013-02-27 11:27:55.947000','WindowsME_BROKE','Problem','flashyThing',2099)
COMMIT
INSERT INTO FIVEWIDETABLE VALUES('2013-02-27 11:27:55.948000','','Good','Widgit',2100)
COMMIT
INSERT INTO FIVEWIDETABLE VALUES('2013-02-27 11:27:55.948000','WindowsME_BROKE','Warning','flashyThing',2101)
COMMIT
INSERT INTO FIVEWIDETABLE VALUES('2013-02-27 11:27:55.948000','Partial','Problem','Widgit',2102)
COMMIT
INSERT INTO FIVEWIDETABLE VALUES('2013-02-27 11:27:55.948000','','Good','flashyThing',2103)
COMMIT
INSERT INTO FIVEWIDETABLE VALUES('2013-02-27 11:27:55.948000','Partial','Warning','Widgit',2104)
COMMIT
INSERT INTO FIVEWIDETABLE VALUES('2013-02-27 11:27:55.948000','WindowsME_BROKE','Problem','flashyThing',2105)
COMMIT
INSERT INTO FIVEWIDETABLE VALUES('2013-02-27 11:27:55.948000','','Good','Widgit',2106)
COMMIT
INSERT INTO FIVEWIDETABLE VALUES('2013-02-27 11:27:55.949000','WindowsME_BROKE','Warning','flashyThing',2107)
COMMIT
INSERT INTO FIVEWIDETABLE VALUES('2013-02-27 11:27:55.949000','Partial','Problem','Widgit',2108)
COMMIT
INSERT INTO FIVEWIDETABLE VALUES('2013-02-27 11:27:55.949000','','Good','flashyThing',2109)
COMMIT
INSERT INTO FIVEWIDETABLE VALUES('2013-02-27 11:27:55.949000','Partial','Warning','Widgit',2110)
COMMIT
INSERT INTO FIVEWIDETABLE VALUES('2013-02-27 11:27:55.949000','WindowsME_BROKE','Problem','flashyThing',2111)
COMMIT
INSERT INTO FIVEWIDETABLE VALUES('2013-02-27 11:27:55.949000','','Good','Widgit',2112)
COMMIT
INSERT INTO FIVEWIDETABLE VALUES('2013-02-27 11:27:55.949000','WindowsME_BROKE','Warning','flashyThing',2113)
COMMIT
INSERT INTO FIVEWIDETABLE VALUES('2013-02-27 11:27:55.949000','Partial','Problem','Widgit',2114)
COMMIT
INSERT INTO FIVEWIDETABLE VALUES('2013-02-27 11:27:55.950000','','Good','flashyThing',2115)
COMMIT
INSERT INTO FIVEWIDETABLE VALUES('2013-02-27 11:27:55.950000','Partial','Warning','Widgit',2116)
COMMIT
INSERT INTO FIVEWIDETABLE VALUES('2013-02-27 11:27:55.950000','WindowsME_BROKE','Problem','flashyThing',2117)
COMMIT
INSERT INTO FIVEWIDETABLE VALUES('2013-02-27 11:27:55.950000','','Good','Widgit',2118)
COMMIT
INSERT INTO FIVEWIDETABLE VALUES('2013-02-27 11:27:55.950000','WindowsME_BROKE','Warning','flashyThing',2119)
COMMIT
INSERT INTO FIVEWIDETABLE VALUES('2013-02-27 11:27:55.950000','Partial','Problem','Widgit',2120)
COMMIT
INSERT INTO FIVEWIDETABLE VALUES('2013-02-27 11:27:55.950000','','Good','flashyThing',2121)
COMMIT
INSERT INTO FIVEWIDETABLE VALUES('2013-02-27 11:27:55.951000','Partial','Warning','Widgit',2122)
COMMIT
INSERT INTO FIVEWIDETABLE VALUES('2013-02-27 11:27:55.951000','WindowsME_BROKE','Problem','flashyThing',2123)
COMMIT
INSERT INTO FIVEWIDETABLE VALUES('2013-02-27 11:27:55.951000','','Good','Widgit',2124)
COMMIT
INSERT INTO FIVEWIDETABLE VALUES('2013-02-27 11:27:55.951000','WindowsME_BROKE','Warning','flashyThing',2125)
COMMIT
INSERT INTO FIVEWIDETABLE VALUES('2013-02-27 11:27:55.951000','Partial','Problem','Widgit',2126)
COMMIT
INSERT INTO FIVEWIDETABLE VALUES('2013-02-27 11:27:55.951000','','Good','flashyThing',2127)
COMMIT
INSERT INTO FIVEWIDETABLE VALUES('2013-02-27 11:27:55.951000','Partial','Warning','Widgit',2128)
COMMIT
INSERT INTO FIVEWIDETABLE VALUES('2013-02-27 11:27:55.952000','WindowsME_BROKE','Problem','flashyThing',2129)
COMMIT
INSERT INTO FIVEWIDETABLE VALUES('2013-02-27 11:27:55.952000','','Good','Widgit',2130)
COMMIT
INSERT INTO FIVEWIDETABLE VALUES('2013-02-27 11:27:55.952000','WindowsME_BROKE','Warning','flashyThing',2131)
COMMIT
INSERT INTO FIVEWIDETABLE VALUES('2013-02-27 11:27:55.952000','Partial','Problem','Widgit',2132)
COMMIT
INSERT INTO FIVEWIDETABLE VALUES('2013-02-27 11:27:55.952000','','Good','flashyThing',2133)
COMMIT
INSERT INTO FIVEWIDETABLE VALUES('2013-02-27 11:27:55.952000','Partial','Warning','Widgit',2134)
COMMIT
INSERT INTO FIVEWIDETABLE VALUES('2013-02-27 11:27:55.952000','WindowsME_BROKE','Problem','flashyThing',2135)
COMMIT
INSERT INTO FIVEWIDETABLE VALUES('2013-02-27 11:27:55.952000','','Good','Widgit',2136)
COMMIT
INSERT INTO FIVEWIDETABLE VALUES('2013-02-27 11:27:55.953000','WindowsME_BROKE','Warning','flashyThing',2137)
COMMIT
INSERT INTO FIVEWIDETABLE VALUES('2013-02-27 11:27:55.953000','Partial','Problem','Widgit',2138)
COMMIT
INSERT INTO FIVEWIDETABLE VALUES('2013-02-27 11:27:55.953000','','Good','flashyThing',2139)
COMMIT
INSERT INTO FIVEWIDETABLE VALUES('2013-02-27 11:27:55.953000','Partial','Warning','Widgit',2140)
COMMIT
INSERT INTO FIVEWIDETABLE VALUES('2013-02-27 11:27:55.953000','WindowsME_BROKE','Problem','flashyThing',2141)
COMMIT
INSERT INTO FIVEWIDETABLE VALUES('2013-02-27 11:27:55.953000','','Good','Widgit',2142)
COMMIT
INSERT INTO FIVEWIDETABLE VALUES('2013-02-27 11:27:55.953000','WindowsME_BROKE','Warning','flashyThing',2143)
COMMIT
INSERT INTO FIVEWIDETABLE VALUES('2013-02-27 11:27:55.954000','Partial','Problem','Widgit',2144)
COMMIT
INSERT INTO FIVEWIDETABLE VALUES('2013-02-27 11:27:55.954000','','Good','flashyThing',2145)
COMMIT
INSERT INTO FIVEWIDETABLE VALUES('2013-02-27 11:27:55.954000','Partial','Warning','Widgit',2146)
COMMIT
INSERT INTO FIVEWIDETABLE VALUES('2013-02-27 11:27:55.954000','WindowsME_BROKE','Problem','flashyThing',2147)
COMMIT
INSERT INTO FIVEWIDETABLE VALUES('2013-02-27 11:27:55.954000','','Good','Widgit',2148)
COMMIT
INSERT INTO FIVEWIDETABLE VALUES('2013-02-27 11:27:55.954000','WindowsME_BROKE','Warning','flashyThing',2149)
COMMIT
INSERT INTO FIVEWIDETABLE VALUES('2013-02-27 11:27:55.954000','Partial','Problem','Widgit',2150)
COMMIT
INSERT INTO FIVEWIDETABLE VALUES('2013-02-27 11:27:55.955000','','Good','flashyThing',2151)
COMMIT
INSERT INTO FIVEWIDETABLE VALUES('2013-02-27 11:27:55.955000','Partial','Warning','Widgit',2152)
COMMIT
INSERT INTO FIVEWIDETABLE VALUES('2013-02-27 11:27:55.955000','WindowsME_BROKE','Problem','flashyThing',2153)
COMMIT
INSERT INTO FIVEWIDETABLE VALUES('2013-02-27 11:27:55.955000','','Good','Widgit',2154)
COMMIT
INSERT INTO FIVEWIDETABLE VALUES('2013-02-27 11:27:55.955000','WindowsME_BROKE','Warning','flashyThing',2155)
COMMIT
INSERT INTO FIVEWIDETABLE VALUES('2013-02-27 11:27:55.955000','Partial','Problem','Widgit',2156)
COMMIT
INSERT INTO FIVEWIDETABLE VALUES('2013-02-27 11:27:55.955000','','Good','flashyThing',2157)
COMMIT
INSERT INTO FIVEWIDETABLE VALUES('2013-02-27 11:27:55.956000','Partial','Warning','Widgit',2158)
COMMIT
INSERT INTO FIVEWIDETABLE VALUES('2013-02-27 11:27:55.956000','WindowsME_BROKE','Problem','flashyThing',2159)
COMMIT
INSERT INTO FIVEWIDETABLE VALUES('2013-02-27 11:27:55.956000','','Good','Widgit',2160)
COMMIT
INSERT INTO FIVEWIDETABLE VALUES('2013-02-27 11:27:55.956000','WindowsME_BROKE','Warning','flashyThing',2161)
COMMIT
INSERT INTO FIVEWIDETABLE VALUES('2013-02-27 11:27:55.956000','Partial','Problem','Widgit',2162)
COMMIT
INSERT INTO FIVEWIDETABLE VALUES('2013-02-27 11:27:55.956000','','Good','flashyThing',2163)
COMMIT
INSERT INTO FIVEWIDETABLE VALUES('2013-02-27 11:27:55.956000','Partial','Warning','Widgit',2164)
COMMIT
INSERT INTO FIVEWIDETABLE VALUES('2013-02-27 11:27:55.956000','WindowsME_BROKE','Problem','flashyThing',2165)
COMMIT
INSERT INTO FIVEWIDETABLE VALUES('2013-02-27 11:27:55.957000','','Good','Widgit',2166)
COMMIT
INSERT INTO FIVEWIDETABLE VALUES('2013-02-27 11:27:55.957000','WindowsME_BROKE','Warning','flashyThing',2167)
COMMIT
INSERT INTO FIVEWIDETABLE VALUES('2013-02-27 11:27:55.957000','Partial','Problem','Widgit',2168)
COMMIT
INSERT INTO FIVEWIDETABLE VALUES('2013-02-27 11:27:55.957000','','Good','flashyThing',2169)
COMMIT
INSERT INTO FIVEWIDETABLE VALUES('2013-02-27 11:27:55.957000','Partial','Warning','Widgit',2170)
COMMIT
INSERT INTO FIVEWIDETABLE VALUES('2013-02-27 11:27:55.957000','WindowsME_BROKE','Problem','flashyThing',2171)
COMMIT
INSERT INTO FIVEWIDETABLE VALUES('2013-02-27 11:27:55.957000','','Good','Widgit',2172)
COMMIT
INSERT INTO FIVEWIDETABLE VALUES('2013-02-27 11:27:55.958000','WindowsME_BROKE','Warning','flashyThing',2173)
COMMIT
INSERT INTO FIVEWIDETABLE VALUES('2013-02-27 11:27:55.958000','Partial','Problem','Widgit',2174)
COMMIT
INSERT INTO FIVEWIDETABLE VALUES('2013-02-27 11:27:55.958000','','Good','flashyThing',2175)
COMMIT
INSERT INTO FIVEWIDETABLE VALUES('2013-02-27 11:27:55.958000','Partial','Warning','Widgit',2176)
COMMIT
INSERT INTO FIVEWIDETABLE VALUES('2013-02-27 11:27:55.958000','WindowsME_BROKE','Problem','flashyThing',2177)
COMMIT
INSERT INTO FIVEWIDETABLE VALUES('2013-02-27 11:27:55.958000','','Good','Widgit',2178)
COMMIT
INSERT INTO FIVEWIDETABLE VALUES('2013-02-27 11:27:55.959000','WindowsME_BROKE','Warning','flashyThing',2179)
COMMIT
INSERT INTO FIVEWIDETABLE VALUES('2013-02-27 11:27:55.959000','Partial','Problem','Widgit',2180)
COMMIT
INSERT INTO FIVEWIDETABLE VALUES('2013-02-27 11:27:55.959000','','Good','flashyThing',2181)
COMMIT
INSERT INTO FIVEWIDETABLE VALUES('2013-02-27 11:27:55.959000','Partial','Warning','Widgit',2182)
COMMIT
INSERT INTO FIVEWIDETABLE VALUES('2013-02-27 11:27:55.959000','WindowsME_BROKE','Problem','flashyThing',2183)
COMMIT
INSERT INTO FIVEWIDETABLE VALUES('2013-02-27 11:27:55.959000','','Good','Widgit',2184)
COMMIT
INSERT INTO FIVEWIDETABLE VALUES('2013-02-27 11:27:55.959000','WindowsME_BROKE','Warning','flashyThing',2185)
COMMIT
INSERT INTO FIVEWIDETABLE VALUES('2013-02-27 11:27:55.960000','Partial','Problem','Widgit',2186)
COMMIT
INSERT INTO FIVEWIDETABLE VALUES('2013-02-27 11:27:55.960000','','Good','flashyThing',2187)
COMMIT
INSERT INTO FIVEWIDETABLE VALUES('2013-02-27 11:27:55.960000','Partial','Warning','Widgit',2188)
COMMIT
INSERT INTO FIVEWIDETABLE VALUES('2013-02-27 11:27:55.960000','WindowsME_BROKE','Problem','flashyThing',2189)
COMMIT
INSERT INTO FIVEWIDETABLE VALUES('2013-02-27 11:27:55.960000','','Good','Widgit',2190)
COMMIT
INSERT INTO FIVEWIDETABLE VALUES('2013-02-27 11:27:55.960000','WindowsME_BROKE','Warning','flashyThing',2191)
COMMIT
INSERT INTO FIVEWIDETABLE VALUES('2013-02-27 11:27:55.960000','Partial','Problem','Widgit',2192)
COMMIT
INSERT INTO FIVEWIDETABLE VALUES('2013-02-27 11:27:55.960000','','Good','flashyThing',2193)
COMMIT
INSERT INTO FIVEWIDETABLE VALUES('2013-02-27 11:27:55.961000','Partial','Warning','Widgit',2194)
COMMIT
INSERT INTO FIVEWIDETABLE VALUES('2013-02-27 11:27:55.961000','WindowsME_BROKE','Problem','flashyThing',2195)
COMMIT
INSERT INTO FIVEWIDETABLE VALUES('2013-02-27 11:27:55.961000','','Good','Widgit',2196)
COMMIT
INSERT INTO FIVEWIDETABLE VALUES('2013-02-27 11:27:55.961000','WindowsME_BROKE','Warning','flashyThing',2197)
COMMIT
INSERT INTO FIVEWIDETABLE VALUES('2013-02-27 11:27:55.961000','Partial','Problem','Widgit',2198)
COMMIT
INSERT INTO FIVEWIDETABLE VALUES('2013-02-27 11:27:55.961000','','Good','flashyThing',2199)
COMMIT
INSERT INTO FIVEWIDETABLE VALUES('2013-02-27 11:27:55.961000','Partial','Warning','Widgit',2200)
COMMIT
INSERT INTO FIVEWIDETABLE VALUES('2013-02-27 11:27:55.961000','WindowsME_BROKE','Problem','flashyThing',2201)
COMMIT
INSERT INTO FIVEWIDETABLE VALUES('2013-02-27 11:27:55.962000','','Good','Widgit',2202)
COMMIT
INSERT INTO FIVEWIDETABLE VALUES('2013-02-27 11:27:55.962000','WindowsME_BROKE','Warning','flashyThing',2203)
COMMIT
INSERT INTO FIVEWIDETABLE VALUES('2013-02-27 11:27:55.962000','Partial','Problem','Widgit',2204)
COMMIT
INSERT INTO FIVEWIDETABLE VALUES('2013-02-27 11:27:55.962000','','Good','flashyThing',2205)
COMMIT
INSERT INTO FIVEWIDETABLE VALUES('2013-02-27 11:27:55.962000','Partial','Warning','Widgit',2206)
COMMIT
INSERT INTO FIVEWIDETABLE VALUES('2013-02-27 11:27:55.962000','WindowsME_BROKE','Problem','flashyThing',2207)
COMMIT
INSERT INTO FIVEWIDETABLE VALUES('2013-02-27 11:27:55.962000','','Good','Widgit',2208)
COMMIT
INSERT INTO FIVEWIDETABLE VALUES('2013-02-27 11:27:55.962000','WindowsME_BROKE','Warning','flashyThing',2209)
COMMIT
INSERT INTO FIVEWIDETABLE VALUES('2013-02-27 11:27:55.963000','Partial','Problem','Widgit',2210)
COMMIT
INSERT INTO FIVEWIDETABLE VALUES('2013-02-27 11:27:55.963000','','Good','flashyThing',2211)
COMMIT
INSERT INTO FIVEWIDETABLE VALUES('2013-02-27 11:27:55.963000','Partial','Warning','Widgit',2212)
COMMIT
INSERT INTO FIVEWIDETABLE VALUES('2013-02-27 11:27:55.963000','WindowsME_BROKE','Problem','flashyThing',2213)
COMMIT
INSERT INTO FIVEWIDETABLE VALUES('2013-02-27 11:27:55.963000','','Good','Widgit',2214)
COMMIT
INSERT INTO FIVEWIDETABLE VALUES('2013-02-27 11:27:55.963000','WindowsME_BROKE','Warning','flashyThing',2215)
COMMIT
INSERT INTO FIVEWIDETABLE VALUES('2013-02-27 11:27:55.963000','Partial','Problem','Widgit',2216)
COMMIT
INSERT INTO FIVEWIDETABLE VALUES('2013-02-27 11:27:55.964000','','Good','flashyThing',2217)
COMMIT
INSERT INTO FIVEWIDETABLE VALUES('2013-02-27 11:27:55.964000','Partial','Warning','Widgit',2218)
COMMIT
INSERT INTO FIVEWIDETABLE VALUES('2013-02-27 11:27:55.964000','WindowsME_BROKE','Problem','flashyThing',2219)
COMMIT
INSERT INTO FIVEWIDETABLE VALUES('2013-02-27 11:27:55.964000','','Good','Widgit',2220)
COMMIT
INSERT INTO FIVEWIDETABLE VALUES('2013-02-27 11:27:55.964000','WindowsME_BROKE','Warning','flashyThing',2221)
COMMIT
INSERT INTO FIVEWIDETABLE VALUES('2013-02-27 11:27:55.964000','Partial','Problem','Widgit',2222)
COMMIT
INSERT INTO FIVEWIDETABLE VALUES('2013-02-27 11:27:55.964000','','Good','flashyThing',2223)
COMMIT
INSERT INTO FIVEWIDETABLE VALUES('2013-02-27 11:27:55.964000','Partial','Warning','Widgit',2224)
COMMIT
INSERT INTO FIVEWIDETABLE VALUES('2013-02-27 11:27:55.965000','WindowsME_BROKE','Problem','flashyThing',2225)
COMMIT
INSERT INTO FIVEWIDETABLE VALUES('2013-02-27 11:27:55.965000','','Good','Widgit',2226)
COMMIT
INSERT INTO FIVEWIDETABLE VALUES('2013-02-27 11:27:55.965000','WindowsME_BROKE','Warning','flashyThing',2227)
COMMIT
INSERT INTO FIVEWIDETABLE VALUES('2013-02-27 11:27:55.965000','Partial','Problem','Widgit',2228)
COMMIT
INSERT INTO FIVEWIDETABLE VALUES('2013-02-27 11:27:55.965000','','Good','flashyThing',2229)
COMMIT
INSERT INTO FIVEWIDETABLE VALUES('2013-02-27 11:27:55.965000','Partial','Warning','Widgit',2230)
COMMIT
INSERT INTO FIVEWIDETABLE VALUES('2013-02-27 11:27:55.965000','WindowsME_BROKE','Problem','flashyThing',2231)
COMMIT
INSERT INTO FIVEWIDETABLE VALUES('2013-02-27 11:27:55.966000','','Good','Widgit',2232)
COMMIT
INSERT INTO FIVEWIDETABLE VALUES('2013-02-27 11:27:55.966000','WindowsME_BROKE','Warning','flashyThing',2233)
COMMIT
INSERT INTO FIVEWIDETABLE VALUES('2013-02-27 11:27:55.966000','Partial','Problem','Widgit',2234)
COMMIT
INSERT INTO FIVEWIDETABLE VALUES('2013-02-27 11:27:55.966000','','Good','flashyThing',2235)
COMMIT
INSERT INTO FIVEWIDETABLE VALUES('2013-02-27 11:27:55.966000','Partial','Warning','Widgit',2236)
COMMIT
INSERT INTO FIVEWIDETABLE VALUES('2013-02-27 11:27:55.966000','WindowsME_BROKE','Problem','flashyThing',2237)
COMMIT
INSERT INTO FIVEWIDETABLE VALUES('2013-02-27 11:27:55.966000','','Good','Widgit',2238)
COMMIT
INSERT INTO FIVEWIDETABLE VALUES('2013-02-27 11:27:55.966000','WindowsME_BROKE','Warning','flashyThing',2239)
COMMIT
INSERT INTO FIVEWIDETABLE VALUES('2013-02-27 11:27:55.967000','Partial','Problem','Widgit',2240)
COMMIT
INSERT INTO FIVEWIDETABLE VALUES('2013-02-27 11:27:55.967000','','Good','flashyThing',2241)
COMMIT
INSERT INTO FIVEWIDETABLE VALUES('2013-02-27 11:27:55.967000','Partial','Warning','Widgit',2242)
COMMIT
INSERT INTO FIVEWIDETABLE VALUES('2013-02-27 11:27:55.967000','WindowsME_BROKE','Problem','flashyThing',2243)
COMMIT
INSERT INTO FIVEWIDETABLE VALUES('2013-02-27 11:27:55.967000','','Good','Widgit',2244)
COMMIT
INSERT INTO FIVEWIDETABLE VALUES('2013-02-27 11:27:55.967000','WindowsME_BROKE','Warning','flashyThing',2245)
COMMIT
INSERT INTO FIVEWIDETABLE VALUES('2013-02-27 11:27:55.967000','Partial','Problem','Widgit',2246)
COMMIT
INSERT INTO FIVEWIDETABLE VALUES('2013-02-27 11:27:55.968000','','Good','flashyThing',2247)
COMMIT
INSERT INTO FIVEWIDETABLE VALUES('2013-02-27 11:27:55.968000','Partial','Warning','Widgit',2248)
COMMIT
INSERT INTO FIVEWIDETABLE VALUES('2013-02-27 11:27:55.968000','WindowsME_BROKE','Problem','flashyThing',2249)
COMMIT
INSERT INTO FIVEWIDETABLE VALUES('2013-02-27 11:27:55.968000','','Good','Widgit',2250)
COMMIT
INSERT INTO FIVEWIDETABLE VALUES('2013-02-27 11:27:55.968000','WindowsME_BROKE','Warning','flashyThing',2251)
COMMIT
INSERT INTO FIVEWIDETABLE VALUES('2013-02-27 11:27:55.968000','Partial','Problem','Widgit',2252)
COMMIT
INSERT INTO FIVEWIDETABLE VALUES('2013-02-27 11:27:55.968000','','Good','flashyThing',2253)
COMMIT
INSERT INTO FIVEWIDETABLE VALUES('2013-02-27 11:27:55.969000','Partial','Warning','Widgit',2254)
COMMIT
INSERT INTO FIVEWIDETABLE VALUES('2013-02-27 11:27:55.969000','WindowsME_BROKE','Problem','flashyThing',2255)
COMMIT
INSERT INTO FIVEWIDETABLE VALUES('2013-02-27 11:27:55.969000','','Good','Widgit',2256)
COMMIT
INSERT INTO FIVEWIDETABLE VALUES('2013-02-27 11:27:55.969000','WindowsME_BROKE','Warning','flashyThing',2257)
COMMIT
INSERT INTO FIVEWIDETABLE VALUES('2013-02-27 11:27:55.969000','Partial','Problem','Widgit',2258)
COMMIT
INSERT INTO FIVEWIDETABLE VALUES('2013-02-27 11:27:55.969000','','Good','flashyThing',2259)
COMMIT
INSERT INTO FIVEWIDETABLE VALUES('2013-02-27 11:27:55.969000','Partial','Warning','Widgit',2260)
COMMIT
INSERT INTO FIVEWIDETABLE VALUES('2013-02-27 11:27:55.969000','WindowsME_BROKE','Problem','flashyThing',2261)
COMMIT
INSERT INTO FIVEWIDETABLE VALUES('2013-02-27 11:27:55.970000','','Good','Widgit',2262)
COMMIT
INSERT INTO FIVEWIDETABLE VALUES('2013-02-27 11:27:55.970000','WindowsME_BROKE','Warning','flashyThing',2263)
COMMIT
INSERT INTO FIVEWIDETABLE VALUES('2013-02-27 11:27:55.970000','Partial','Problem','Widgit',2264)
COMMIT
INSERT INTO FIVEWIDETABLE VALUES('2013-02-27 11:27:55.970000','','Good','flashyThing',2265)
COMMIT
INSERT INTO FIVEWIDETABLE VALUES('2013-02-27 11:27:55.970000','Partial','Warning','Widgit',2266)
COMMIT
INSERT INTO FIVEWIDETABLE VALUES('2013-02-27 11:27:55.970000','WindowsME_BROKE','Problem','flashyThing',2267)
COMMIT
INSERT INTO FIVEWIDETABLE VALUES('2013-02-27 11:27:55.970000','','Good','Widgit',2268)
COMMIT
INSERT INTO FIVEWIDETABLE VALUES('2013-02-27 11:27:55.970000','WindowsME_BROKE','Warning','flashyThing',2269)
COMMIT
INSERT INTO FIVEWIDETABLE VALUES('2013-02-27 11:27:55.971000','Partial','Problem','Widgit',2270)
COMMIT
INSERT INTO FIVEWIDETABLE VALUES('2013-02-27 11:27:55.971000','','Good','flashyThing',2271)
COMMIT
INSERT INTO FIVEWIDETABLE VALUES('2013-02-27 11:27:55.971000','Partial','Warning','Widgit',2272)
COMMIT
INSERT INTO FIVEWIDETABLE VALUES('2013-02-27 11:27:55.971000','WindowsME_BROKE','Problem','flashyThing',2273)
COMMIT
INSERT INTO FIVEWIDETABLE VALUES('2013-02-27 11:27:55.971000','','Good','Widgit',2274)
COMMIT
INSERT INTO FIVEWIDETABLE VALUES('2013-02-27 11:27:55.971000','WindowsME_BROKE','Warning','flashyThing',2275)
COMMIT
INSERT INTO FIVEWIDETABLE VALUES('2013-02-27 11:27:55.971000','Partial','Problem','Widgit',2276)
COMMIT
INSERT INTO FIVEWIDETABLE VALUES('2013-02-27 11:27:55.972000','','Good','flashyThing',2277)
COMMIT
INSERT INTO FIVEWIDETABLE VALUES('2013-02-27 11:27:55.972000','Partial','Warning','Widgit',2278)
COMMIT
INSERT INTO FIVEWIDETABLE VALUES('2013-02-27 11:27:55.972000','WindowsME_BROKE','Problem','flashyThing',2279)
COMMIT
INSERT INTO FIVEWIDETABLE VALUES('2013-02-27 11:27:55.972000','','Good','Widgit',2280)
COMMIT
INSERT INTO FIVEWIDETABLE VALUES('2013-02-27 11:27:55.972000','WindowsME_BROKE','Warning','flashyThing',2281)
COMMIT
INSERT INTO FIVEWIDETABLE VALUES('2013-02-27 11:27:55.972000','Partial','Problem','Widgit',2282)
COMMIT
INSERT INTO FIVEWIDETABLE VALUES('2013-02-27 11:27:55.972000','','Good','flashyThing',2283)
COMMIT
INSERT INTO FIVEWIDETABLE VALUES('2013-02-27 11:27:55.972000','Partial','Warning','Widgit',2284)
COMMIT
INSERT INTO FIVEWIDETABLE VALUES('2013-02-27 11:27:55.973000','WindowsME_BROKE','Problem','flashyThing',2285)
COMMIT
INSERT INTO FIVEWIDETABLE VALUES('2013-02-27 11:27:55.973000','','Good','Widgit',2286)
COMMIT
INSERT INTO FIVEWIDETABLE VALUES('2013-02-27 11:27:55.973000','WindowsME_BROKE','Warning','flashyThing',2287)
COMMIT
INSERT INTO FIVEWIDETABLE VALUES('2013-02-27 11:27:55.973000','Partial','Problem','Widgit',2288)
COMMIT
INSERT INTO FIVEWIDETABLE VALUES('2013-02-27 11:27:55.973000','','Good','flashyThing',2289)
COMMIT
INSERT INTO FIVEWIDETABLE VALUES('2013-02-27 11:27:55.973000','Partial','Warning','Widgit',2290)
COMMIT
INSERT INTO FIVEWIDETABLE VALUES('2013-02-27 11:27:55.973000','WindowsME_BROKE','Problem','flashyThing',2291)
COMMIT
INSERT INTO FIVEWIDETABLE VALUES('2013-02-27 11:27:55.974000','','Good','Widgit',2292)
COMMIT
INSERT INTO FIVEWIDETABLE VALUES('2013-02-27 11:27:55.974000','WindowsME_BROKE','Warning','flashyThing',2293)
COMMIT
INSERT INTO FIVEWIDETABLE VALUES('2013-02-27 11:27:55.974000','Partial','Problem','Widgit',2294)
COMMIT
INSERT INTO FIVEWIDETABLE VALUES('2013-02-27 11:27:55.974000','','Good','flashyThing',2295)
COMMIT
INSERT INTO FIVEWIDETABLE VALUES('2013-02-27 11:27:55.974000','Partial','Warning','Widgit',2296)
COMMIT
INSERT INTO FIVEWIDETABLE VALUES('2013-02-27 11:27:55.974000','WindowsME_BROKE','Problem','flashyThing',2297)
COMMIT
INSERT INTO FIVEWIDETABLE VALUES('2013-02-27 11:27:55.974000','','Good','Widgit',2298)
COMMIT
INSERT INTO FIVEWIDETABLE VALUES('2013-02-27 11:27:55.975000','WindowsME_BROKE','Warning','flashyThing',2299)
COMMIT
INSERT INTO FIVEWIDETABLE VALUES('2013-02-27 11:27:55.975000','Partial','Problem','Widgit',2300)
COMMIT
INSERT INTO FIVEWIDETABLE VALUES('2013-02-27 11:27:55.975000','','Good','flashyThing',2301)
COMMIT
INSERT INTO FIVEWIDETABLE VALUES('2013-02-27 11:27:55.975000','Partial','Warning','Widgit',2302)
COMMIT
INSERT INTO FIVEWIDETABLE VALUES('2013-02-27 11:27:55.975000','WindowsME_BROKE','Problem','flashyThing',2303)
COMMIT
INSERT INTO FIVEWIDETABLE VALUES('2013-02-27 11:27:55.975000','','Good','Widgit',2304)
COMMIT
INSERT INTO FIVEWIDETABLE VALUES('2013-02-27 11:27:55.975000','WindowsME_BROKE','Warning','flashyThing',2305)
COMMIT
INSERT INTO FIVEWIDETABLE VALUES('2013-02-27 11:27:55.976000','Partial','Problem','Widgit',2306)
COMMIT
INSERT INTO FIVEWIDETABLE VALUES('2013-02-27 11:27:55.976000','','Good','flashyThing',2307)
COMMIT
INSERT INTO FIVEWIDETABLE VALUES('2013-02-27 11:27:55.976000','Partial','Warning','Widgit',2308)
COMMIT
INSERT INTO FIVEWIDETABLE VALUES('2013-02-27 11:27:55.976000','WindowsME_BROKE','Problem','flashyThing',2309)
COMMIT
INSERT INTO FIVEWIDETABLE VALUES('2013-02-27 11:27:55.976000','','Good','Widgit',2310)
COMMIT
INSERT INTO FIVEWIDETABLE VALUES('2013-02-27 11:27:55.976000','WindowsME_BROKE','Warning','flashyThing',2311)
COMMIT
INSERT INTO FIVEWIDETABLE VALUES('2013-02-27 11:27:55.976000','Partial','Problem','Widgit',2312)
COMMIT
INSERT INTO FIVEWIDETABLE VALUES('2013-02-27 11:27:55.976000','','Good','flashyThing',2313)
COMMIT
INSERT INTO FIVEWIDETABLE VALUES('2013-02-27 11:27:55.977000','Partial','Warning','Widgit',2314)
COMMIT
INSERT INTO FIVEWIDETABLE VALUES('2013-02-27 11:27:55.977000','WindowsME_BROKE','Problem','flashyThing',2315)
COMMIT
INSERT INTO FIVEWIDETABLE VALUES('2013-02-27 11:27:55.977000','','Good','Widgit',2316)
COMMIT
INSERT INTO FIVEWIDETABLE VALUES('2013-02-27 11:27:55.977000','WindowsME_BROKE','Warning','flashyThing',2317)
COMMIT
INSERT INTO FIVEWIDETABLE VALUES('2013-02-27 11:27:55.977000','Partial','Problem','Widgit',2318)
COMMIT
INSERT INTO FIVEWIDETABLE VALUES('2013-02-27 11:27:55.977000','','Good','flashyThing',2319)
COMMIT
INSERT INTO FIVEWIDETABLE VALUES('2013-02-27 11:27:55.977000','Partial','Warning','Widgit',2320)
COMMIT
INSERT INTO FIVEWIDETABLE VALUES('2013-02-27 11:27:55.978000','WindowsME_BROKE','Problem','flashyThing',2321)
COMMIT
INSERT INTO FIVEWIDETABLE VALUES('2013-02-27 11:27:55.978000','','Good','Widgit',2322)
COMMIT
INSERT INTO FIVEWIDETABLE VALUES('2013-02-27 11:27:55.978000','WindowsME_BROKE','Warning','flashyThing',2323)
COMMIT
INSERT INTO FIVEWIDETABLE VALUES('2013-02-27 11:27:55.978000','Partial','Problem','Widgit',2324)
COMMIT
INSERT INTO FIVEWIDETABLE VALUES('2013-02-27 11:27:55.978000','','Good','flashyThing',2325)
COMMIT
INSERT INTO FIVEWIDETABLE VALUES('2013-02-27 11:27:55.978000','Partial','Warning','Widgit',2326)
COMMIT
INSERT INTO FIVEWIDETABLE VALUES('2013-02-27 11:27:55.978000','WindowsME_BROKE','Problem','flashyThing',2327)
COMMIT
INSERT INTO FIVEWIDETABLE VALUES('2013-02-27 11:27:55.979000','','Good','Widgit',2328)
COMMIT
INSERT INTO FIVEWIDETABLE VALUES('2013-02-27 11:27:55.979000','WindowsME_BROKE','Warning','flashyThing',2329)
COMMIT
INSERT INTO FIVEWIDETABLE VALUES('2013-02-27 11:27:55.979000','Partial','Problem','Widgit',2330)
COMMIT
INSERT INTO FIVEWIDETABLE VALUES('2013-02-27 11:27:55.979000','','Good','flashyThing',2331)
COMMIT
INSERT INTO FIVEWIDETABLE VALUES('2013-02-27 11:27:55.979000','Partial','Warning','Widgit',2332)
COMMIT
INSERT INTO FIVEWIDETABLE VALUES('2013-02-27 11:27:55.979000','WindowsME_BROKE','Problem','flashyThing',2333)
COMMIT
INSERT INTO FIVEWIDETABLE VALUES('2013-02-27 11:27:55.979000','','Good','Widgit',2334)
COMMIT
INSERT INTO FIVEWIDETABLE VALUES('2013-02-27 11:27:55.979000','WindowsME_BROKE','Warning','flashyThing',2335)
COMMIT
INSERT INTO FIVEWIDETABLE VALUES('2013-02-27 11:27:55.980000','Partial','Problem','Widgit',2336)
COMMIT
INSERT INTO FIVEWIDETABLE VALUES('2013-02-27 11:27:55.980000','','Good','flashyThing',2337)
COMMIT
INSERT INTO FIVEWIDETABLE VALUES('2013-02-27 11:27:55.980000','Partial','Warning','Widgit',2338)
COMMIT
INSERT INTO FIVEWIDETABLE VALUES('2013-02-27 11:27:55.980000','WindowsME_BROKE','Problem','flashyThing',2339)
COMMIT
INSERT INTO FIVEWIDETABLE VALUES('2013-02-27 11:27:55.980000','','Good','Widgit',2340)
COMMIT
INSERT INTO FIVEWIDETABLE VALUES('2013-02-27 11:27:55.980000','WindowsME_BROKE','Warning','flashyThing',2341)
COMMIT
INSERT INTO FIVEWIDETABLE VALUES('2013-02-27 11:27:55.980000','Partial','Problem','Widgit',2342)
COMMIT
INSERT INTO FIVEWIDETABLE VALUES('2013-02-27 11:27:55.980000','','Good','flashyThing',2343)
COMMIT
INSERT INTO FIVEWIDETABLE VALUES('2013-02-27 11:27:55.981000','Partial','Warning','Widgit',2344)
COMMIT
INSERT INTO FIVEWIDETABLE VALUES('2013-02-27 11:27:55.981000','WindowsME_BROKE','Problem','flashyThing',2345)
COMMIT
INSERT INTO FIVEWIDETABLE VALUES('2013-02-27 11:27:55.981000','','Good','Widgit',2346)
COMMIT
INSERT INTO FIVEWIDETABLE VALUES('2013-02-27 11:27:55.981000','WindowsME_BROKE','Warning','flashyThing',2347)
COMMIT
INSERT INTO FIVEWIDETABLE VALUES('2013-02-27 11:27:55.981000','Partial','Problem','Widgit',2348)
COMMIT
INSERT INTO FIVEWIDETABLE VALUES('2013-02-27 11:27:55.981000','','Good','flashyThing',2349)
COMMIT
INSERT INTO FIVEWIDETABLE VALUES('2013-02-27 11:27:55.981000','Partial','Warning','Widgit',2350)
COMMIT
INSERT INTO FIVEWIDETABLE VALUES('2013-02-27 11:27:55.981000','WindowsME_BROKE','Problem','flashyThing',2351)
COMMIT
INSERT INTO FIVEWIDETABLE VALUES('2013-02-27 11:27:55.982000','','Good','Widgit',2352)
COMMIT
INSERT INTO FIVEWIDETABLE VALUES('2013-02-27 11:27:55.982000','WindowsME_BROKE','Warning','flashyThing',2353)
COMMIT
INSERT INTO FIVEWIDETABLE VALUES('2013-02-27 11:27:55.982000','Partial','Problem','Widgit',2354)
COMMIT
INSERT INTO FIVEWIDETABLE VALUES('2013-02-27 11:27:55.982000','','Good','flashyThing',2355)
COMMIT
INSERT INTO FIVEWIDETABLE VALUES('2013-02-27 11:27:55.982000','Partial','Warning','Widgit',2356)
COMMIT
INSERT INTO FIVEWIDETABLE VALUES('2013-02-27 11:27:55.982000','WindowsME_BROKE','Problem','flashyThing',2357)
COMMIT
INSERT INTO FIVEWIDETABLE VALUES('2013-02-27 11:27:55.982000','','Good','Widgit',2358)
COMMIT
INSERT INTO FIVEWIDETABLE VALUES('2013-02-27 11:27:55.983000','WindowsME_BROKE','Warning','flashyThing',2359)
COMMIT
INSERT INTO FIVEWIDETABLE VALUES('2013-02-27 11:27:55.983000','Partial','Problem','Widgit',2360)
COMMIT
INSERT INTO FIVEWIDETABLE VALUES('2013-02-27 11:27:55.983000','','Good','flashyThing',2361)
COMMIT
INSERT INTO FIVEWIDETABLE VALUES('2013-02-27 11:27:55.983000','Partial','Warning','Widgit',2362)
COMMIT
INSERT INTO FIVEWIDETABLE VALUES('2013-02-27 11:27:55.983000','WindowsME_BROKE','Problem','flashyThing',2363)
COMMIT
INSERT INTO FIVEWIDETABLE VALUES('2013-02-27 11:27:55.983000','','Good','Widgit',2364)
COMMIT
INSERT INTO FIVEWIDETABLE VALUES('2013-02-27 11:27:55.983000','WindowsME_BROKE','Warning','flashyThing',2365)
COMMIT
INSERT INTO FIVEWIDETABLE VALUES('2013-02-27 11:27:55.983000','Partial','Problem','Widgit',2366)
COMMIT
INSERT INTO FIVEWIDETABLE VALUES('2013-02-27 11:27:55.984000','','Good','flashyThing',2367)
COMMIT
INSERT INTO FIVEWIDETABLE VALUES('2013-02-27 11:27:55.984000','Partial','Warning','Widgit',2368)
COMMIT
INSERT INTO FIVEWIDETABLE VALUES('2013-02-27 11:27:55.984000','WindowsME_BROKE','Problem','flashyThing',2369)
COMMIT
INSERT INTO FIVEWIDETABLE VALUES('2013-02-27 11:27:55.984000','','Good','Widgit',2370)
COMMIT
INSERT INTO FIVEWIDETABLE VALUES('2013-02-27 11:27:55.984000','WindowsME_BROKE','Warning','flashyThing',2371)
COMMIT
INSERT INTO FIVEWIDETABLE VALUES('2013-02-27 11:27:55.984000','Partial','Problem','Widgit',2372)
COMMIT
INSERT INTO FIVEWIDETABLE VALUES('2013-02-27 11:27:55.984000','','Good','flashyThing',2373)
COMMIT
INSERT INTO FIVEWIDETABLE VALUES('2013-02-27 11:27:55.984000','Partial','Warning','Widgit',2374)
COMMIT
INSERT INTO FIVEWIDETABLE VALUES('2013-02-27 11:27:55.985000','WindowsME_BROKE','Problem','flashyThing',2375)
COMMIT
INSERT INTO FIVEWIDETABLE VALUES('2013-02-27 11:27:55.985000','','Good','Widgit',2376)
COMMIT
INSERT INTO FIVEWIDETABLE VALUES('2013-02-27 11:27:55.985000','WindowsME_BROKE','Warning','flashyThing',2377)
COMMIT
INSERT INTO FIVEWIDETABLE VALUES('2013-02-27 11:27:55.985000','Partial','Problem','Widgit',2378)
COMMIT
INSERT INTO FIVEWIDETABLE VALUES('2013-02-27 11:27:55.985000','','Good','flashyThing',2379)
COMMIT
INSERT INTO FIVEWIDETABLE VALUES('2013-02-27 11:27:55.985000','Partial','Warning','Widgit',2380)
COMMIT
INSERT INTO FIVEWIDETABLE VALUES('2013-02-27 11:27:55.985000','WindowsME_BROKE','Problem','flashyThing',2381)
COMMIT
INSERT INTO FIVEWIDETABLE VALUES('2013-02-27 11:27:55.986000','','Good','Widgit',2382)
COMMIT
INSERT INTO FIVEWIDETABLE VALUES('2013-02-27 11:27:55.986000','WindowsME_BROKE','Warning','flashyThing',2383)
COMMIT
INSERT INTO FIVEWIDETABLE VALUES('2013-02-27 11:27:55.986000','Partial','Problem','Widgit',2384)
COMMIT
INSERT INTO FIVEWIDETABLE VALUES('2013-02-27 11:27:55.986000','','Good','flashyThing',2385)
COMMIT
INSERT INTO FIVEWIDETABLE VALUES('2013-02-27 11:27:55.986000','Partial','Warning','Widgit',2386)
COMMIT
INSERT INTO FIVEWIDETABLE VALUES('2013-02-27 11:27:55.986000','WindowsME_BROKE','Problem','flashyThing',2387)
COMMIT
INSERT INTO FIVEWIDETABLE VALUES('2013-02-27 11:27:55.986000','','Good','Widgit',2388)
COMMIT
INSERT INTO FIVEWIDETABLE VALUES('2013-02-27 11:27:55.987000','WindowsME_BROKE','Warning','flashyThing',2389)
COMMIT
INSERT INTO FIVEWIDETABLE VALUES('2013-02-27 11:27:55.987000','Partial','Problem','Widgit',2390)
COMMIT
INSERT INTO FIVEWIDETABLE VALUES('2013-02-27 11:27:55.987000','','Good','flashyThing',2391)
COMMIT
INSERT INTO FIVEWIDETABLE VALUES('2013-02-27 11:27:55.987000','Partial','Warning','Widgit',2392)
COMMIT
INSERT INTO FIVEWIDETABLE VALUES('2013-02-27 11:27:55.987000','WindowsME_BROKE','Problem','flashyThing',2393)
COMMIT
INSERT INTO FIVEWIDETABLE VALUES('2013-02-27 11:27:55.987000','','Good','Widgit',2394)
COMMIT
INSERT INTO FIVEWIDETABLE VALUES('2013-02-27 11:27:55.987000','WindowsME_BROKE','Warning','flashyThing',2395)
COMMIT
INSERT INTO FIVEWIDETABLE VALUES('2013-02-27 11:27:55.987000','Partial','Problem','Widgit',2396)
COMMIT
INSERT INTO FIVEWIDETABLE VALUES('2013-02-27 11:27:55.988000','','Good','flashyThing',2397)
COMMIT
INSERT INTO FIVEWIDETABLE VALUES('2013-02-27 11:27:55.988000','Partial','Warning','Widgit',2398)
COMMIT
INSERT INTO FIVEWIDETABLE VALUES('2013-02-27 11:27:55.988000','WindowsME_BROKE','Problem','flashyThing',2399)
COMMIT
INSERT INTO FIVEWIDETABLE VALUES('2013-02-27 11:27:55.988000','','Good','Widgit',2400)
COMMIT
INSERT INTO FIVEWIDETABLE VALUES('2013-02-27 11:27:55.988000','WindowsME_BROKE','Warning','flashyThing',2401)
COMMIT
INSERT INTO FIVEWIDETABLE VALUES('2013-02-27 11:27:55.988000','Partial','Problem','Widgit',2402)
COMMIT
INSERT INTO FIVEWIDETABLE VALUES('2013-02-27 11:27:55.988000','','Good','flashyThing',2403)
COMMIT
INSERT INTO FIVEWIDETABLE VALUES('2013-02-27 11:27:55.989000','Partial','Warning','Widgit',2404)
COMMIT
INSERT INTO FIVEWIDETABLE VALUES('2013-02-27 11:27:55.989000','WindowsME_BROKE','Problem','flashyThing',2405)
COMMIT
INSERT INTO FIVEWIDETABLE VALUES('2013-02-27 11:27:55.989000','','Good','Widgit',2406)
COMMIT
INSERT INTO FIVEWIDETABLE VALUES('2013-02-27 11:27:55.989000','WindowsME_BROKE','Warning','flashyThing',2407)
COMMIT
INSERT INTO FIVEWIDETABLE VALUES('2013-02-27 11:27:55.989000','Partial','Problem','Widgit',2408)
COMMIT
INSERT INTO FIVEWIDETABLE VALUES('2013-02-27 11:27:55.989000','','Good','flashyThing',2409)
COMMIT
INSERT INTO FIVEWIDETABLE VALUES('2013-02-27 11:27:55.989000','Partial','Warning','Widgit',2410)
COMMIT
INSERT INTO FIVEWIDETABLE VALUES('2013-02-27 11:27:55.990000','WindowsME_BROKE','Problem','flashyThing',2411)
COMMIT
INSERT INTO FIVEWIDETABLE VALUES('2013-02-27 11:27:55.990000','','Good','Widgit',2412)
COMMIT
INSERT INTO FIVEWIDETABLE VALUES('2013-02-27 11:27:55.990000','WindowsME_BROKE','Warning','flashyThing',2413)
COMMIT
INSERT INTO FIVEWIDETABLE VALUES('2013-02-27 11:27:55.990000','Partial','Problem','Widgit',2414)
COMMIT
INSERT INTO FIVEWIDETABLE VALUES('2013-02-27 11:27:55.990000','','Good','flashyThing',2415)
COMMIT
INSERT INTO FIVEWIDETABLE VALUES('2013-02-27 11:27:55.990000','Partial','Warning','Widgit',2416)
COMMIT
INSERT INTO FIVEWIDETABLE VALUES('2013-02-27 11:27:55.990000','WindowsME_BROKE','Problem','flashyThing',2417)
COMMIT
INSERT INTO FIVEWIDETABLE VALUES('2013-02-27 11:27:55.991000','','Good','Widgit',2418)
COMMIT
INSERT INTO FIVEWIDETABLE VALUES('2013-02-27 11:27:55.991000','WindowsME_BROKE','Warning','flashyThing',2419)
COMMIT
INSERT INTO FIVEWIDETABLE VALUES('2013-02-27 11:27:55.991000','Partial','Problem','Widgit',2420)
COMMIT
INSERT INTO FIVEWIDETABLE VALUES('2013-02-27 11:27:55.991000','','Good','flashyThing',2421)
COMMIT
INSERT INTO FIVEWIDETABLE VALUES('2013-02-27 11:27:55.991000','Partial','Warning','Widgit',2422)
COMMIT
INSERT INTO FIVEWIDETABLE VALUES('2013-02-27 11:27:55.991000','WindowsME_BROKE','Problem','flashyThing',2423)
COMMIT
INSERT INTO FIVEWIDETABLE VALUES('2013-02-27 11:27:55.991000','','Good','Widgit',2424)
COMMIT
INSERT INTO FIVEWIDETABLE VALUES('2013-02-27 11:27:55.991000','WindowsME_BROKE','Warning','flashyThing',2425)
COMMIT
INSERT INTO FIVEWIDETABLE VALUES('2013-02-27 11:27:55.992000','Partial','Problem','Widgit',2426)
COMMIT
INSERT INTO FIVEWIDETABLE VALUES('2013-02-27 11:27:55.992000','','Good','flashyThing',2427)
COMMIT
INSERT INTO FIVEWIDETABLE VALUES('2013-02-27 11:27:55.992000','Partial','Warning','Widgit',2428)
COMMIT
INSERT INTO FIVEWIDETABLE VALUES('2013-02-27 11:27:55.992000','WindowsME_BROKE','Problem','flashyThing',2429)
COMMIT
INSERT INTO FIVEWIDETABLE VALUES('2013-02-27 11:27:55.992000','','Good','Widgit',2430)
COMMIT
INSERT INTO FIVEWIDETABLE VALUES('2013-02-27 11:27:55.992000','WindowsME_BROKE','Warning','flashyThing',2431)
COMMIT
INSERT INTO FIVEWIDETABLE VALUES('2013-02-27 11:27:55.992000','Partial','Problem','Widgit',2432)
COMMIT
INSERT INTO FIVEWIDETABLE VALUES('2013-02-27 11:27:55.993000','','Good','flashyThing',2433)
COMMIT
INSERT INTO FIVEWIDETABLE VALUES('2013-02-27 11:27:55.993000','Partial','Warning','Widgit',2434)
COMMIT
INSERT INTO FIVEWIDETABLE VALUES('2013-02-27 11:27:55.993000','WindowsME_BROKE','Problem','flashyThing',2435)
COMMIT
INSERT INTO FIVEWIDETABLE VALUES('2013-02-27 11:27:55.993000','','Good','Widgit',2436)
COMMIT
INSERT INTO FIVEWIDETABLE VALUES('2013-02-27 11:27:55.993000','WindowsME_BROKE','Warning','flashyThing',2437)
COMMIT
INSERT INTO FIVEWIDETABLE VALUES('2013-02-27 11:27:55.993000','Partial','Problem','Widgit',2438)
COMMIT
INSERT INTO FIVEWIDETABLE VALUES('2013-02-27 11:27:55.993000','','Good','flashyThing',2439)
COMMIT
INSERT INTO FIVEWIDETABLE VALUES('2013-02-27 11:27:55.993000','Partial','Warning','Widgit',2440)
COMMIT
INSERT INTO FIVEWIDETABLE VALUES('2013-02-27 11:27:55.994000','WindowsME_BROKE','Problem','flashyThing',2441)
COMMIT
INSERT INTO FIVEWIDETABLE VALUES('2013-02-27 11:27:55.994000','','Good','Widgit',2442)
COMMIT
INSERT INTO FIVEWIDETABLE VALUES('2013-02-27 11:27:55.994000','WindowsME_BROKE','Warning','flashyThing',2443)
COMMIT
INSERT INTO FIVEWIDETABLE VALUES('2013-02-27 11:27:55.994000','Partial','Problem','Widgit',2444)
COMMIT
INSERT INTO FIVEWIDETABLE VALUES('2013-02-27 11:27:55.994000','','Good','flashyThing',2445)
COMMIT
INSERT INTO FIVEWIDETABLE VALUES('2013-02-27 11:27:55.994000','Partial','Warning','Widgit',2446)
COMMIT
INSERT INTO FIVEWIDETABLE VALUES('2013-02-27 11:27:55.994000','WindowsME_BROKE','Problem','flashyThing',2447)
COMMIT
INSERT INTO FIVEWIDETABLE VALUES('2013-02-27 11:27:55.994000','','Good','Widgit',2448)
COMMIT
INSERT INTO FIVEWIDETABLE VALUES('2013-02-27 11:27:55.995000','WindowsME_BROKE','Warning','flashyThing',2449)
COMMIT
INSERT INTO FIVEWIDETABLE VALUES('2013-02-27 11:27:55.995000','Partial','Problem','Widgit',2450)
COMMIT
INSERT INTO FIVEWIDETABLE VALUES('2013-02-27 11:27:55.995000','','Good','flashyThing',2451)
COMMIT
INSERT INTO FIVEWIDETABLE VALUES('2013-02-27 11:27:55.995000','Partial','Warning','Widgit',2452)
COMMIT
INSERT INTO FIVEWIDETABLE VALUES('2013-02-27 11:27:55.995000','WindowsME_BROKE','Problem','flashyThing',2453)
COMMIT
INSERT INTO FIVEWIDETABLE VALUES('2013-02-27 11:27:55.995000','','Good','Widgit',2454)
COMMIT
INSERT INTO FIVEWIDETABLE VALUES('2013-02-27 11:27:55.995000','WindowsME_BROKE','Warning','flashyThing',2455)
COMMIT
INSERT INTO FIVEWIDETABLE VALUES('2013-02-27 11:27:55.996000','Partial','Problem','Widgit',2456)
COMMIT
INSERT INTO FIVEWIDETABLE VALUES('2013-02-27 11:27:55.996000','','Good','flashyThing',2457)
COMMIT
INSERT INTO FIVEWIDETABLE VALUES('2013-02-27 11:27:55.996000','Partial','Warning','Widgit',2458)
COMMIT
INSERT INTO FIVEWIDETABLE VALUES('2013-02-27 11:27:55.996000','WindowsME_BROKE','Problem','flashyThing',2459)
COMMIT
INSERT INTO FIVEWIDETABLE VALUES('2013-02-27 11:27:55.996000','','Good','Widgit',2460)
COMMIT
INSERT INTO FIVEWIDETABLE VALUES('2013-02-27 11:27:55.996000','WindowsME_BROKE','Warning','flashyThing',2461)
COMMIT
INSERT INTO FIVEWIDETABLE VALUES('2013-02-27 11:27:55.996000','Partial','Problem','Widgit',2462)
COMMIT
INSERT INTO FIVEWIDETABLE VALUES('2013-02-27 11:27:55.996000','','Good','flashyThing',2463)
COMMIT
INSERT INTO FIVEWIDETABLE VALUES('2013-02-27 11:27:55.997000','Partial','Warning','Widgit',2464)
COMMIT
INSERT INTO FIVEWIDETABLE VALUES('2013-02-27 11:27:55.997000','WindowsME_BROKE','Problem','flashyThing',2465)
COMMIT
INSERT INTO FIVEWIDETABLE VALUES('2013-02-27 11:27:55.997000','','Good','Widgit',2466)
COMMIT
INSERT INTO FIVEWIDETABLE VALUES('2013-02-27 11:27:55.997000','WindowsME_BROKE','Warning','flashyThing',2467)
COMMIT
INSERT INTO FIVEWIDETABLE VALUES('2013-02-27 11:27:55.997000','Partial','Problem','Widgit',2468)
COMMIT
INSERT INTO FIVEWIDETABLE VALUES('2013-02-27 11:27:55.997000','','Good','flashyThing',2469)
COMMIT
INSERT INTO FIVEWIDETABLE VALUES('2013-02-27 11:27:55.997000','Partial','Warning','Widgit',2470)
COMMIT
INSERT INTO FIVEWIDETABLE VALUES('2013-02-27 11:27:55.997000','WindowsME_BROKE','Problem','flashyThing',2471)
COMMIT
INSERT INTO FIVEWIDETABLE VALUES('2013-02-27 11:27:55.998000','','Good','Widgit',2472)
COMMIT
INSERT INTO FIVEWIDETABLE VALUES('2013-02-27 11:27:55.998000','WindowsME_BROKE','Warning','flashyThing',2473)
COMMIT
INSERT INTO FIVEWIDETABLE VALUES('2013-02-27 11:27:55.998000','Partial','Problem','Widgit',2474)
COMMIT
INSERT INTO FIVEWIDETABLE VALUES('2013-02-27 11:27:55.998000','','Good','flashyThing',2475)
COMMIT
INSERT INTO FIVEWIDETABLE VALUES('2013-02-27 11:27:55.998000','Partial','Warning','Widgit',2476)
COMMIT
INSERT INTO FIVEWIDETABLE VALUES('2013-02-27 11:27:55.998000','WindowsME_BROKE','Problem','flashyThing',2477)
COMMIT
INSERT INTO FIVEWIDETABLE VALUES('2013-02-27 11:27:55.998000','','Good','Widgit',2478)
COMMIT
INSERT INTO FIVEWIDETABLE VALUES('2013-02-27 11:27:55.999000','WindowsME_BROKE','Warning','flashyThing',2479)
COMMIT
INSERT INTO FIVEWIDETABLE VALUES('2013-02-27 11:27:55.999000','Partial','Problem','Widgit',2480)
COMMIT
INSERT INTO FIVEWIDETABLE VALUES('2013-02-27 11:27:55.999000','','Good','flashyThing',2481)
COMMIT
INSERT INTO FIVEWIDETABLE VALUES('2013-02-27 11:27:55.999000','Partial','Warning','Widgit',2482)
COMMIT
INSERT INTO FIVEWIDETABLE VALUES('2013-02-27 11:27:55.999000','WindowsME_BROKE','Problem','flashyThing',2483)
COMMIT
INSERT INTO FIVEWIDETABLE VALUES('2013-02-27 11:27:55.999000','','Good','Widgit',2484)
COMMIT
INSERT INTO FIVEWIDETABLE VALUES('2013-02-27 11:27:55.999000','WindowsME_BROKE','Warning','flashyThing',2485)
COMMIT
INSERT INTO FIVEWIDETABLE VALUES('2013-02-27 11:27:55.999000','Partial','Problem','Widgit',2486)
COMMIT
INSERT INTO FIVEWIDETABLE VALUES('2013-02-27 11:27:56.000000','','Good','flashyThing',2487)
COMMIT
INSERT INTO FIVEWIDETABLE VALUES('2013-02-27 11:27:56.000000','Partial','Warning','Widgit',2488)
COMMIT
INSERT INTO FIVEWIDETABLE VALUES('2013-02-27 11:27:56.000000','WindowsME_BROKE','Problem','flashyThing',2489)
COMMIT
INSERT INTO FIVEWIDETABLE VALUES('2013-02-27 11:27:56.000000','','Good','Widgit',2490)
COMMIT
INSERT INTO FIVEWIDETABLE VALUES('2013-02-27 11:27:56.000000','WindowsME_BROKE','Warning','flashyThing',2491)
COMMIT
INSERT INTO FIVEWIDETABLE VALUES('2013-02-27 11:27:56.000000','Partial','Problem','Widgit',2492)
COMMIT
INSERT INTO FIVEWIDETABLE VALUES('2013-02-27 11:27:56.000000','','Good','flashyThing',2493)
COMMIT
INSERT INTO FIVEWIDETABLE VALUES('2013-02-27 11:27:56.000000','Partial','Warning','Widgit',2494)
COMMIT
INSERT INTO FIVEWIDETABLE VALUES('2013-02-27 11:27:56.001000','WindowsME_BROKE','Problem','flashyThing',2495)
COMMIT
INSERT INTO FIVEWIDETABLE VALUES('2013-02-27 11:27:56.001000','','Good','Widgit',2496)
COMMIT
INSERT INTO FIVEWIDETABLE VALUES('2013-02-27 11:27:56.001000','WindowsME_BROKE','Warning','flashyThing',2497)
COMMIT
INSERT INTO FIVEWIDETABLE VALUES('2013-02-27 11:27:56.001000','Partial','Problem','Widgit',2498)
COMMIT
INSERT INTO FIVEWIDETABLE VALUES('2013-02-27 11:27:56.001000','','Good','flashyThing',2499)
COMMIT
INSERT INTO FIVEWIDETABLE VALUES('2013-02-27 11:27:56.001000','Partial','Warning','Widgit',2500)
COMMIT
INSERT INTO FIVEWIDETABLE VALUES('2013-02-27 11:27:56.001000','WindowsME_BROKE','Problem','flashyThing',2501)
COMMIT
INSERT INTO FIVEWIDETABLE VALUES('2013-02-27 11:27:56.001000','','Good','Widgit',2502)
COMMIT
INSERT INTO FIVEWIDETABLE VALUES('2013-02-27 11:27:56.002000','WindowsME_BROKE','Warning','flashyThing',2503)
COMMIT
INSERT INTO FIVEWIDETABLE VALUES('2013-02-27 11:27:56.002000','Partial','Problem','Widgit',2504)
COMMIT
INSERT INTO FIVEWIDETABLE VALUES('2013-02-27 11:27:56.002000','','Good','flashyThing',2505)
COMMIT
INSERT INTO FIVEWIDETABLE VALUES('2013-02-27 11:27:56.002000','Partial','Warning','Widgit',2506)
COMMIT
INSERT INTO FIVEWIDETABLE VALUES('2013-02-27 11:27:56.002000','WindowsME_BROKE','Problem','flashyThing',2507)
COMMIT
INSERT INTO FIVEWIDETABLE VALUES('2013-02-27 11:27:56.002000','','Good','Widgit',2508)
COMMIT
INSERT INTO FIVEWIDETABLE VALUES('2013-02-27 11:27:56.002000','WindowsME_BROKE','Warning','flashyThing',2509)
COMMIT
INSERT INTO FIVEWIDETABLE VALUES('2013-02-27 11:27:56.003000','Partial','Problem','Widgit',2510)
COMMIT
INSERT INTO FIVEWIDETABLE VALUES('2013-02-27 11:27:56.003000','','Good','flashyThing',2511)
COMMIT
INSERT INTO FIVEWIDETABLE VALUES('2013-02-27 11:27:56.003000','Partial','Warning','Widgit',2512)
COMMIT
INSERT INTO FIVEWIDETABLE VALUES('2013-02-27 11:27:56.003000','WindowsME_BROKE','Problem','flashyThing',2513)
COMMIT
INSERT INTO FIVEWIDETABLE VALUES('2013-02-27 11:27:56.003000','','Good','Widgit',2514)
COMMIT
INSERT INTO FIVEWIDETABLE VALUES('2013-02-27 11:27:56.003000','WindowsME_BROKE','Warning','flashyThing',2515)
COMMIT
INSERT INTO FIVEWIDETABLE VALUES('2013-02-27 11:27:56.003000','Partial','Problem','Widgit',2516)
COMMIT
INSERT INTO FIVEWIDETABLE VALUES('2013-02-27 11:27:56.003000','','Good','flashyThing',2517)
COMMIT
INSERT INTO FIVEWIDETABLE VALUES('2013-02-27 11:27:56.004000','Partial','Warning','Widgit',2518)
COMMIT
INSERT INTO FIVEWIDETABLE VALUES('2013-02-27 11:27:56.004000','WindowsME_BROKE','Problem','flashyThing',2519)
COMMIT
INSERT INTO FIVEWIDETABLE VALUES('2013-02-27 11:27:56.004000','','Good','Widgit',2520)
COMMIT
INSERT INTO FIVEWIDETABLE VALUES('2013-02-27 11:27:56.004000','WindowsME_BROKE','Warning','flashyThing',2521)
COMMIT
INSERT INTO FIVEWIDETABLE VALUES('2013-02-27 11:27:56.004000','Partial','Problem','Widgit',2522)
COMMIT
INSERT INTO FIVEWIDETABLE VALUES('2013-02-27 11:27:56.004000','','Good','flashyThing',2523)
COMMIT
INSERT INTO FIVEWIDETABLE VALUES('2013-02-27 11:27:56.004000','Partial','Warning','Widgit',2524)
COMMIT
INSERT INTO FIVEWIDETABLE VALUES('2013-02-27 11:27:56.004000','WindowsME_BROKE','Problem','flashyThing',2525)
COMMIT
INSERT INTO FIVEWIDETABLE VALUES('2013-02-27 11:27:56.005000','','Good','Widgit',2526)
COMMIT
INSERT INTO FIVEWIDETABLE VALUES('2013-02-27 11:27:56.005000','WindowsME_BROKE','Warning','flashyThing',2527)
COMMIT
INSERT INTO FIVEWIDETABLE VALUES('2013-02-27 11:27:56.005000','Partial','Problem','Widgit',2528)
COMMIT
INSERT INTO FIVEWIDETABLE VALUES('2013-02-27 11:27:56.005000','','Good','flashyThing',2529)
COMMIT
INSERT INTO FIVEWIDETABLE VALUES('2013-02-27 11:27:56.005000','Partial','Warning','Widgit',2530)
COMMIT
INSERT INTO FIVEWIDETABLE VALUES('2013-02-27 11:27:56.005000','WindowsME_BROKE','Problem','flashyThing',2531)
COMMIT
INSERT INTO FIVEWIDETABLE VALUES('2013-02-27 11:27:56.005000','','Good','Widgit',2532)
COMMIT
INSERT INTO FIVEWIDETABLE VALUES('2013-02-27 11:27:56.005000','WindowsME_BROKE','Warning','flashyThing',2533)
COMMIT
INSERT INTO FIVEWIDETABLE VALUES('2013-02-27 11:27:56.006000','Partial','Problem','Widgit',2534)
COMMIT
INSERT INTO FIVEWIDETABLE VALUES('2013-02-27 11:27:56.006000','','Good','flashyThing',2535)
COMMIT
INSERT INTO FIVEWIDETABLE VALUES('2013-02-27 11:27:56.006000','Partial','Warning','Widgit',2536)
COMMIT
INSERT INTO FIVEWIDETABLE VALUES('2013-02-27 11:27:56.006000','WindowsME_BROKE','Problem','flashyThing',2537)
COMMIT
INSERT INTO FIVEWIDETABLE VALUES('2013-02-27 11:27:56.006000','','Good','Widgit',2538)
COMMIT
INSERT INTO FIVEWIDETABLE VALUES('2013-02-27 11:27:56.006000','WindowsME_BROKE','Warning','flashyThing',2539)
COMMIT
INSERT INTO FIVEWIDETABLE VALUES('2013-02-27 11:27:56.006000','Partial','Problem','Widgit',2540)
COMMIT
INSERT INTO FIVEWIDETABLE VALUES('2013-02-27 11:27:56.006000','','Good','flashyThing',2541)
COMMIT
INSERT INTO FIVEWIDETABLE VALUES('2013-02-27 11:27:56.007000','Partial','Warning','Widgit',2542)
COMMIT
INSERT INTO FIVEWIDETABLE VALUES('2013-02-27 11:27:56.007000','WindowsME_BROKE','Problem','flashyThing',2543)
COMMIT
INSERT INTO FIVEWIDETABLE VALUES('2013-02-27 11:27:56.007000','','Good','Widgit',2544)
COMMIT
INSERT INTO FIVEWIDETABLE VALUES('2013-02-27 11:27:56.007000','WindowsME_BROKE','Warning','flashyThing',2545)
COMMIT
INSERT INTO FIVEWIDETABLE VALUES('2013-02-27 11:27:56.007000','Partial','Problem','Widgit',2546)
COMMIT
INSERT INTO FIVEWIDETABLE VALUES('2013-02-27 11:27:56.007000','','Good','flashyThing',2547)
COMMIT
INSERT INTO FIVEWIDETABLE VALUES('2013-02-27 11:27:56.007000','Partial','Warning','Widgit',2548)
COMMIT
INSERT INTO FIVEWIDETABLE VALUES('2013-02-27 11:27:56.007000','WindowsME_BROKE','Problem','flashyThing',2549)
COMMIT
INSERT INTO FIVEWIDETABLE VALUES('2013-02-27 11:27:56.008000','','Good','Widgit',2550)
COMMIT
INSERT INTO FIVEWIDETABLE VALUES('2013-02-27 11:27:56.008000','WindowsME_BROKE','Warning','flashyThing',2551)
COMMIT
INSERT INTO FIVEWIDETABLE VALUES('2013-02-27 11:27:56.008000','Partial','Problem','Widgit',2552)
COMMIT
INSERT INTO FIVEWIDETABLE VALUES('2013-02-27 11:27:56.008000','','Good','flashyThing',2553)
COMMIT
INSERT INTO FIVEWIDETABLE VALUES('2013-02-27 11:27:56.008000','Partial','Warning','Widgit',2554)
COMMIT
INSERT INTO FIVEWIDETABLE VALUES('2013-02-27 11:27:56.008000','WindowsME_BROKE','Problem','flashyThing',2555)
COMMIT
INSERT INTO FIVEWIDETABLE VALUES('2013-02-27 11:27:56.008000','','Good','Widgit',2556)
COMMIT
INSERT INTO FIVEWIDETABLE VALUES('2013-02-27 11:27:56.009000','WindowsME_BROKE','Warning','flashyThing',2557)
COMMIT
INSERT INTO FIVEWIDETABLE VALUES('2013-02-27 11:27:56.009000','Partial','Problem','Widgit',2558)
COMMIT
INSERT INTO FIVEWIDETABLE VALUES('2013-02-27 11:27:56.009000','','Good','flashyThing',2559)
COMMIT
INSERT INTO FIVEWIDETABLE VALUES('2013-02-27 11:27:56.009000','Partial','Warning','Widgit',2560)
COMMIT
INSERT INTO FIVEWIDETABLE VALUES('2013-02-27 11:27:56.009000','WindowsME_BROKE','Problem','flashyThing',2561)
COMMIT
INSERT INTO FIVEWIDETABLE VALUES('2013-02-27 11:27:56.009000','','Good','Widgit',2562)
COMMIT
INSERT INTO FIVEWIDETABLE VALUES('2013-02-27 11:27:56.009000','WindowsME_BROKE','Warning','flashyThing',2563)
COMMIT
INSERT INTO FIVEWIDETABLE VALUES('2013-02-27 11:27:56.009000','Partial','Problem','Widgit',2564)
COMMIT
INSERT INTO FIVEWIDETABLE VALUES('2013-02-27 11:27:56.010000','','Good','flashyThing',2565)
COMMIT
INSERT INTO FIVEWIDETABLE VALUES('2013-02-27 11:27:56.010000','Partial','Warning','Widgit',2566)
COMMIT
INSERT INTO FIVEWIDETABLE VALUES('2013-02-27 11:27:56.010000','WindowsME_BROKE','Problem','flashyThing',2567)
COMMIT
INSERT INTO FIVEWIDETABLE VALUES('2013-02-27 11:27:56.010000','','Good','Widgit',2568)
COMMIT
INSERT INTO FIVEWIDETABLE VALUES('2013-02-27 11:27:56.010000','WindowsME_BROKE','Warning','flashyThing',2569)
COMMIT
INSERT INTO FIVEWIDETABLE VALUES('2013-02-27 11:27:56.010000','Partial','Problem','Widgit',2570)
COMMIT
INSERT INTO FIVEWIDETABLE VALUES('2013-02-27 11:27:56.010000','','Good','flashyThing',2571)
COMMIT
INSERT INTO FIVEWIDETABLE VALUES('2013-02-27 11:27:56.010000','Partial','Warning','Widgit',2572)
COMMIT
INSERT INTO FIVEWIDETABLE VALUES('2013-02-27 11:27:56.011000','WindowsME_BROKE','Problem','flashyThing',2573)
COMMIT
INSERT INTO FIVEWIDETABLE VALUES('2013-02-27 11:27:56.011000','','Good','Widgit',2574)
COMMIT
INSERT INTO FIVEWIDETABLE VALUES('2013-02-27 11:27:56.011000','WindowsME_BROKE','Warning','flashyThing',2575)
COMMIT
INSERT INTO FIVEWIDETABLE VALUES('2013-02-27 11:27:56.011000','Partial','Problem','Widgit',2576)
COMMIT
INSERT INTO FIVEWIDETABLE VALUES('2013-02-27 11:27:56.011000','','Good','flashyThing',2577)
COMMIT
INSERT INTO FIVEWIDETABLE VALUES('2013-02-27 11:27:56.011000','Partial','Warning','Widgit',2578)
COMMIT
INSERT INTO FIVEWIDETABLE VALUES('2013-02-27 11:27:56.011000','WindowsME_BROKE','Problem','flashyThing',2579)
COMMIT
INSERT INTO FIVEWIDETABLE VALUES('2013-02-27 11:27:56.011000','','Good','Widgit',2580)
COMMIT
INSERT INTO FIVEWIDETABLE VALUES('2013-02-27 11:27:56.012000','WindowsME_BROKE','Warning','flashyThing',2581)
COMMIT
INSERT INTO FIVEWIDETABLE VALUES('2013-02-27 11:27:56.012000','Partial','Problem','Widgit',2582)
COMMIT
INSERT INTO FIVEWIDETABLE VALUES('2013-02-27 11:27:56.012000','','Good','flashyThing',2583)
COMMIT
INSERT INTO FIVEWIDETABLE VALUES('2013-02-27 11:27:56.012000','Partial','Warning','Widgit',2584)
COMMIT
INSERT INTO FIVEWIDETABLE VALUES('2013-02-27 11:27:56.012000','WindowsME_BROKE','Problem','flashyThing',2585)
COMMIT
INSERT INTO FIVEWIDETABLE VALUES('2013-02-27 11:27:56.012000','','Good','Widgit',2586)
COMMIT
INSERT INTO FIVEWIDETABLE VALUES('2013-02-27 11:27:56.012000','WindowsME_BROKE','Warning','flashyThing',2587)
COMMIT
INSERT INTO FIVEWIDETABLE VALUES('2013-02-27 11:27:56.012000','Partial','Problem','Widgit',2588)
COMMIT
INSERT INTO FIVEWIDETABLE VALUES('2013-02-27 11:27:56.013000','','Good','flashyThing',2589)
COMMIT
INSERT INTO FIVEWIDETABLE VALUES('2013-02-27 11:27:56.013000','Partial','Warning','Widgit',2590)
COMMIT
INSERT INTO FIVEWIDETABLE VALUES('2013-02-27 11:27:56.013000','WindowsME_BROKE','Problem','flashyThing',2591)
COMMIT
INSERT INTO FIVEWIDETABLE VALUES('2013-02-27 11:27:56.013000','','Good','Widgit',2592)
COMMIT
INSERT INTO FIVEWIDETABLE VALUES('2013-02-27 11:27:56.013000','WindowsME_BROKE','Warning','flashyThing',2593)
COMMIT
INSERT INTO FIVEWIDETABLE VALUES('2013-02-27 11:27:56.013000','Partial','Problem','Widgit',2594)
COMMIT
INSERT INTO FIVEWIDETABLE VALUES('2013-02-27 11:27:56.013000','','Good','flashyThing',2595)
COMMIT
INSERT INTO FIVEWIDETABLE VALUES('2013-02-27 11:27:56.014000','Partial','Warning','Widgit',2596)
COMMIT
INSERT INTO FIVEWIDETABLE VALUES('2013-02-27 11:27:56.014000','WindowsME_BROKE','Problem','flashyThing',2597)
COMMIT
INSERT INTO FIVEWIDETABLE VALUES('2013-02-27 11:27:56.014000','','Good','Widgit',2598)
COMMIT
INSERT INTO FIVEWIDETABLE VALUES('2013-02-27 11:27:56.014000','WindowsME_BROKE','Warning','flashyThing',2599)
COMMIT
INSERT INTO FIVEWIDETABLE VALUES('2013-02-27 11:27:56.014000','Partial','Problem','Widgit',2600)
COMMIT
INSERT INTO FIVEWIDETABLE VALUES('2013-02-27 11:27:56.014000','','Good','flashyThing',2601)
COMMIT
INSERT INTO FIVEWIDETABLE VALUES('2013-02-27 11:27:56.014000','Partial','Warning','Widgit',2602)
COMMIT
INSERT INTO FIVEWIDETABLE VALUES('2013-02-27 11:27:56.015000','WindowsME_BROKE','Problem','flashyThing',2603)
COMMIT
INSERT INTO FIVEWIDETABLE VALUES('2013-02-27 11:27:56.015000','','Good','Widgit',2604)
COMMIT
INSERT INTO FIVEWIDETABLE VALUES('2013-02-27 11:27:56.015000','WindowsME_BROKE','Warning','flashyThing',2605)
COMMIT
INSERT INTO FIVEWIDETABLE VALUES('2013-02-27 11:27:56.015000','Partial','Problem','Widgit',2606)
COMMIT
INSERT INTO FIVEWIDETABLE VALUES('2013-02-27 11:27:56.015000','','Good','flashyThing',2607)
COMMIT
INSERT INTO FIVEWIDETABLE VALUES('2013-02-27 11:27:56.015000','Partial','Warning','Widgit',2608)
COMMIT
INSERT INTO FIVEWIDETABLE VALUES('2013-02-27 11:27:56.015000','WindowsME_BROKE','Problem','flashyThing',2609)
COMMIT
INSERT INTO FIVEWIDETABLE VALUES('2013-02-27 11:27:56.015000','','Good','Widgit',2610)
COMMIT
INSERT INTO FIVEWIDETABLE VALUES('2013-02-27 11:27:56.016000','WindowsME_BROKE','Warning','flashyThing',2611)
COMMIT
INSERT INTO FIVEWIDETABLE VALUES('2013-02-27 11:27:56.016000','Partial','Problem','Widgit',2612)
COMMIT
INSERT INTO FIVEWIDETABLE VALUES('2013-02-27 11:27:56.016000','','Good','flashyThing',2613)
COMMIT
INSERT INTO FIVEWIDETABLE VALUES('2013-02-27 11:27:56.016000','Partial','Warning','Widgit',2614)
COMMIT
INSERT INTO FIVEWIDETABLE VALUES('2013-02-27 11:27:56.016000','WindowsME_BROKE','Problem','flashyThing',2615)
COMMIT
INSERT INTO FIVEWIDETABLE VALUES('2013-02-27 11:27:56.016000','','Good','Widgit',2616)
COMMIT
INSERT INTO FIVEWIDETABLE VALUES('2013-02-27 11:27:56.016000','WindowsME_BROKE','Warning','flashyThing',2617)
COMMIT
INSERT INTO FIVEWIDETABLE VALUES('2013-02-27 11:27:56.016000','Partial','Problem','Widgit',2618)
COMMIT
INSERT INTO FIVEWIDETABLE VALUES('2013-02-27 11:27:56.017000','','Good','flashyThing',2619)
COMMIT
INSERT INTO FIVEWIDETABLE VALUES('2013-02-27 11:27:56.017000','Partial','Warning','Widgit',2620)
COMMIT
INSERT INTO FIVEWIDETABLE VALUES('2013-02-27 11:27:56.017000','WindowsME_BROKE','Problem','flashyThing',2621)
COMMIT
INSERT INTO FIVEWIDETABLE VALUES('2013-02-27 11:27:56.017000','','Good','Widgit',2622)
COMMIT
INSERT INTO FIVEWIDETABLE VALUES('2013-02-27 11:27:56.017000','WindowsME_BROKE','Warning','flashyThing',2623)
COMMIT
INSERT INTO FIVEWIDETABLE VALUES('2013-02-27 11:27:56.017000','Partial','Problem','Widgit',2624)
COMMIT
INSERT INTO FIVEWIDETABLE VALUES('2013-02-27 11:27:56.017000','','Good','flashyThing',2625)
COMMIT
INSERT INTO FIVEWIDETABLE VALUES('2013-02-27 11:27:56.018000','Partial','Warning','Widgit',2626)
COMMIT
INSERT INTO FIVEWIDETABLE VALUES('2013-02-27 11:27:56.018000','WindowsME_BROKE','Problem','flashyThing',2627)
COMMIT
INSERT INTO FIVEWIDETABLE VALUES('2013-02-27 11:27:56.018000','','Good','Widgit',2628)
COMMIT
INSERT INTO FIVEWIDETABLE VALUES('2013-02-27 11:27:56.018000','WindowsME_BROKE','Warning','flashyThing',2629)
COMMIT
INSERT INTO FIVEWIDETABLE VALUES('2013-02-27 11:27:56.018000','Partial','Problem','Widgit',2630)
COMMIT
INSERT INTO FIVEWIDETABLE VALUES('2013-02-27 11:27:56.018000','','Good','flashyThing',2631)
COMMIT
INSERT INTO FIVEWIDETABLE VALUES('2013-02-27 11:27:56.018000','Partial','Warning','Widgit',2632)
COMMIT
INSERT INTO FIVEWIDETABLE VALUES('2013-02-27 11:27:56.018000','WindowsME_BROKE','Problem','flashyThing',2633)
COMMIT
INSERT INTO FIVEWIDETABLE VALUES('2013-02-27 11:27:56.019000','','Good','Widgit',2634)
COMMIT
INSERT INTO FIVEWIDETABLE VALUES('2013-02-27 11:27:56.019000','WindowsME_BROKE','Warning','flashyThing',2635)
COMMIT
INSERT INTO FIVEWIDETABLE VALUES('2013-02-27 11:27:56.019000','Partial','Problem','Widgit',2636)
COMMIT
INSERT INTO FIVEWIDETABLE VALUES('2013-02-27 11:27:56.019000','','Good','flashyThing',2637)
COMMIT
INSERT INTO FIVEWIDETABLE VALUES('2013-02-27 11:27:56.019000','Partial','Warning','Widgit',2638)
COMMIT
INSERT INTO FIVEWIDETABLE VALUES('2013-02-27 11:27:56.019000','WindowsME_BROKE','Problem','flashyThing',2639)
COMMIT
INSERT INTO FIVEWIDETABLE VALUES('2013-02-27 11:27:56.019000','','Good','Widgit',2640)
COMMIT
INSERT INTO FIVEWIDETABLE VALUES('2013-02-27 11:27:56.019000','WindowsME_BROKE','Warning','flashyThing',2641)
COMMIT
INSERT INTO FIVEWIDETABLE VALUES('2013-02-27 11:27:56.020000','Partial','Problem','Widgit',2642)
COMMIT
INSERT INTO FIVEWIDETABLE VALUES('2013-02-27 11:27:56.020000','','Good','flashyThing',2643)
COMMIT
INSERT INTO FIVEWIDETABLE VALUES('2013-02-27 11:27:56.020000','Partial','Warning','Widgit',2644)
COMMIT
INSERT INTO FIVEWIDETABLE VALUES('2013-02-27 11:27:56.020000','WindowsME_BROKE','Problem','flashyThing',2645)
COMMIT
INSERT INTO FIVEWIDETABLE VALUES('2013-02-27 11:27:56.020000','','Good','Widgit',2646)
COMMIT
INSERT INTO FIVEWIDETABLE VALUES('2013-02-27 11:27:56.020000','WindowsME_BROKE','Warning','flashyThing',2647)
COMMIT
INSERT INTO FIVEWIDETABLE VALUES('2013-02-27 11:27:56.020000','Partial','Problem','Widgit',2648)
COMMIT
INSERT INTO FIVEWIDETABLE VALUES('2013-02-27 11:27:56.020000','','Good','flashyThing',2649)
COMMIT
INSERT INTO FIVEWIDETABLE VALUES('2013-02-27 11:27:56.021000','Partial','Warning','Widgit',2650)
COMMIT
INSERT INTO FIVEWIDETABLE VALUES('2013-02-27 11:27:56.021000','WindowsME_BROKE','Problem','flashyThing',2651)
COMMIT
INSERT INTO FIVEWIDETABLE VALUES('2013-02-27 11:27:56.021000','','Good','Widgit',2652)
COMMIT
INSERT INTO FIVEWIDETABLE VALUES('2013-02-27 11:27:56.021000','WindowsME_BROKE','Warning','flashyThing',2653)
COMMIT
INSERT INTO FIVEWIDETABLE VALUES('2013-02-27 11:27:56.021000','Partial','Problem','Widgit',2654)
COMMIT
INSERT INTO FIVEWIDETABLE VALUES('2013-02-27 11:27:56.021000','','Good','flashyThing',2655)
COMMIT
INSERT INTO FIVEWIDETABLE VALUES('2013-02-27 11:27:56.021000','Partial','Warning','Widgit',2656)
COMMIT
INSERT INTO FIVEWIDETABLE VALUES('2013-02-27 11:27:56.021000','WindowsME_BROKE','Problem','flashyThing',2657)
COMMIT
INSERT INTO FIVEWIDETABLE VALUES('2013-02-27 11:27:56.022000','','Good','Widgit',2658)
COMMIT
INSERT INTO FIVEWIDETABLE VALUES('2013-02-27 11:27:56.022000','WindowsME_BROKE','Warning','flashyThing',2659)
COMMIT
INSERT INTO FIVEWIDETABLE VALUES('2013-02-27 11:27:56.022000','Partial','Problem','Widgit',2660)
COMMIT
INSERT INTO FIVEWIDETABLE VALUES('2013-02-27 11:27:56.022000','','Good','flashyThing',2661)
COMMIT
INSERT INTO FIVEWIDETABLE VALUES('2013-02-27 11:27:56.022000','Partial','Warning','Widgit',2662)
COMMIT
INSERT INTO FIVEWIDETABLE VALUES('2013-02-27 11:27:56.022000','WindowsME_BROKE','Problem','flashyThing',2663)
COMMIT
INSERT INTO FIVEWIDETABLE VALUES('2013-02-27 11:27:56.022000','','Good','Widgit',2664)
COMMIT
INSERT INTO FIVEWIDETABLE VALUES('2013-02-27 11:27:56.022000','WindowsME_BROKE','Warning','flashyThing',2665)
COMMIT
INSERT INTO FIVEWIDETABLE VALUES('2013-02-27 11:27:56.023000','Partial','Problem','Widgit',2666)
COMMIT
INSERT INTO FIVEWIDETABLE VALUES('2013-02-27 11:27:56.023000','','Good','flashyThing',2667)
COMMIT
INSERT INTO FIVEWIDETABLE VALUES('2013-02-27 11:27:56.023000','Partial','Warning','Widgit',2668)
COMMIT
INSERT INTO FIVEWIDETABLE VALUES('2013-02-27 11:27:56.023000','WindowsME_BROKE','Problem','flashyThing',2669)
COMMIT
INSERT INTO FIVEWIDETABLE VALUES('2013-02-27 11:27:56.023000','','Good','Widgit',2670)
COMMIT
INSERT INTO FIVEWIDETABLE VALUES('2013-02-27 11:27:56.023000','WindowsME_BROKE','Warning','flashyThing',2671)
COMMIT
INSERT INTO FIVEWIDETABLE VALUES('2013-02-27 11:27:56.023000','Partial','Problem','Widgit',2672)
COMMIT
INSERT INTO FIVEWIDETABLE VALUES('2013-02-27 11:27:56.023000','','Good','flashyThing',2673)
COMMIT
INSERT INTO FIVEWIDETABLE VALUES('2013-02-27 11:27:56.024000','Partial','Warning','Widgit',2674)
COMMIT
INSERT INTO FIVEWIDETABLE VALUES('2013-02-27 11:27:56.024000','WindowsME_BROKE','Problem','flashyThing',2675)
COMMIT
INSERT INTO FIVEWIDETABLE VALUES('2013-02-27 11:27:56.024000','','Good','Widgit',2676)
COMMIT
INSERT INTO FIVEWIDETABLE VALUES('2013-02-27 11:27:56.024000','WindowsME_BROKE','Warning','flashyThing',2677)
COMMIT
INSERT INTO FIVEWIDETABLE VALUES('2013-02-27 11:27:56.024000','Partial','Problem','Widgit',2678)
COMMIT
INSERT INTO FIVEWIDETABLE VALUES('2013-02-27 11:27:56.024000','','Good','flashyThing',2679)
COMMIT
INSERT INTO FIVEWIDETABLE VALUES('2013-02-27 11:27:56.024000','Partial','Warning','Widgit',2680)
COMMIT
INSERT INTO FIVEWIDETABLE VALUES('2013-02-27 11:27:56.024000','WindowsME_BROKE','Problem','flashyThing',2681)
COMMIT
INSERT INTO FIVEWIDETABLE VALUES('2013-02-27 11:27:56.025000','','Good','Widgit',2682)
COMMIT
INSERT INTO FIVEWIDETABLE VALUES('2013-02-27 11:27:56.025000','WindowsME_BROKE','Warning','flashyThing',2683)
COMMIT
INSERT INTO FIVEWIDETABLE VALUES('2013-02-27 11:27:56.025000','Partial','Problem','Widgit',2684)
COMMIT
INSERT INTO FIVEWIDETABLE VALUES('2013-02-27 11:27:56.025000','','Good','flashyThing',2685)
COMMIT
INSERT INTO FIVEWIDETABLE VALUES('2013-02-27 11:27:56.025000','Partial','Warning','Widgit',2686)
COMMIT
INSERT INTO FIVEWIDETABLE VALUES('2013-02-27 11:27:56.025000','WindowsME_BROKE','Problem','flashyThing',2687)
COMMIT
INSERT INTO FIVEWIDETABLE VALUES('2013-02-27 11:27:56.025000','','Good','Widgit',2688)
COMMIT
INSERT INTO FIVEWIDETABLE VALUES('2013-02-27 11:27:56.025000','WindowsME_BROKE','Warning','flashyThing',2689)
COMMIT
INSERT INTO FIVEWIDETABLE VALUES('2013-02-27 11:27:56.026000','Partial','Problem','Widgit',2690)
COMMIT
INSERT INTO FIVEWIDETABLE VALUES('2013-02-27 11:27:56.026000','','Good','flashyThing',2691)
COMMIT
INSERT INTO FIVEWIDETABLE VALUES('2013-02-27 11:27:56.026000','Partial','Warning','Widgit',2692)
COMMIT
INSERT INTO FIVEWIDETABLE VALUES('2013-02-27 11:27:56.026000','WindowsME_BROKE','Problem','flashyThing',2693)
COMMIT
INSERT INTO FIVEWIDETABLE VALUES('2013-02-27 11:27:56.026000','','Good','Widgit',2694)
COMMIT
INSERT INTO FIVEWIDETABLE VALUES('2013-02-27 11:27:56.026000','WindowsME_BROKE','Warning','flashyThing',2695)
COMMIT
INSERT INTO FIVEWIDETABLE VALUES('2013-02-27 11:27:56.026000','Partial','Problem','Widgit',2696)
COMMIT
INSERT INTO FIVEWIDETABLE VALUES('2013-02-27 11:27:56.026000','','Good','flashyThing',2697)
COMMIT
INSERT INTO FIVEWIDETABLE VALUES('2013-02-27 11:27:56.027000','Partial','Warning','Widgit',2698)
COMMIT
INSERT INTO FIVEWIDETABLE VALUES('2013-02-27 11:27:56.027000','WindowsME_BROKE','Problem','flashyThing',2699)
COMMIT
INSERT INTO FIVEWIDETABLE VALUES('2013-02-27 11:27:56.027000','','Good','Widgit',2700)
COMMIT
INSERT INTO FIVEWIDETABLE VALUES('2013-02-27 11:27:56.027000','WindowsME_BROKE','Warning','flashyThing',2701)
COMMIT
INSERT INTO FIVEWIDETABLE VALUES('2013-02-27 11:27:56.027000','Partial','Problem','Widgit',2702)
COMMIT
INSERT INTO FIVEWIDETABLE VALUES('2013-02-27 11:27:56.027000','','Good','flashyThing',2703)
COMMIT
INSERT INTO FIVEWIDETABLE VALUES('2013-02-27 11:27:56.027000','Partial','Warning','Widgit',2704)
COMMIT
INSERT INTO FIVEWIDETABLE VALUES('2013-02-27 11:27:56.027000','WindowsME_BROKE','Problem','flashyThing',2705)
COMMIT
INSERT INTO FIVEWIDETABLE VALUES('2013-02-27 11:27:56.028000','','Good','Widgit',2706)
COMMIT
INSERT INTO FIVEWIDETABLE VALUES('2013-02-27 11:27:56.028000','WindowsME_BROKE','Warning','flashyThing',2707)
COMMIT
INSERT INTO FIVEWIDETABLE VALUES('2013-02-27 11:27:56.028000','Partial','Problem','Widgit',2708)
COMMIT
INSERT INTO FIVEWIDETABLE VALUES('2013-02-27 11:27:56.028000','','Good','flashyThing',2709)
COMMIT
INSERT INTO FIVEWIDETABLE VALUES('2013-02-27 11:27:56.028000','Partial','Warning','Widgit',2710)
COMMIT
INSERT INTO FIVEWIDETABLE VALUES('2013-02-27 11:27:56.028000','WindowsME_BROKE','Problem','flashyThing',2711)
COMMIT
INSERT INTO FIVEWIDETABLE VALUES('2013-02-27 11:27:56.028000','','Good','Widgit',2712)
COMMIT
INSERT INTO FIVEWIDETABLE VALUES('2013-02-27 11:27:56.028000','WindowsME_BROKE','Warning','flashyThing',2713)
COMMIT
INSERT INTO FIVEWIDETABLE VALUES('2013-02-27 11:27:56.028000','Partial','Problem','Widgit',2714)
COMMIT
INSERT INTO FIVEWIDETABLE VALUES('2013-02-27 11:27:56.029000','','Good','flashyThing',2715)
COMMIT
INSERT INTO FIVEWIDETABLE VALUES('2013-02-27 11:27:56.029000','Partial','Warning','Widgit',2716)
COMMIT
INSERT INTO FIVEWIDETABLE VALUES('2013-02-27 11:27:56.029000','WindowsME_BROKE','Problem','flashyThing',2717)
COMMIT
INSERT INTO FIVEWIDETABLE VALUES('2013-02-27 11:27:56.029000','','Good','Widgit',2718)
COMMIT
INSERT INTO FIVEWIDETABLE VALUES('2013-02-27 11:27:56.029000','WindowsME_BROKE','Warning','flashyThing',2719)
COMMIT
INSERT INTO FIVEWIDETABLE VALUES('2013-02-27 11:27:56.029000','Partial','Problem','Widgit',2720)
COMMIT
INSERT INTO FIVEWIDETABLE VALUES('2013-02-27 11:27:56.029000','','Good','flashyThing',2721)
COMMIT
INSERT INTO FIVEWIDETABLE VALUES('2013-02-27 11:27:56.029000','Partial','Warning','Widgit',2722)
COMMIT
INSERT INTO FIVEWIDETABLE VALUES('2013-02-27 11:27:56.030000','WindowsME_BROKE','Problem','flashyThing',2723)
COMMIT
INSERT INTO FIVEWIDETABLE VALUES('2013-02-27 11:27:56.030000','','Good','Widgit',2724)
COMMIT
INSERT INTO FIVEWIDETABLE VALUES('2013-02-27 11:27:56.030000','WindowsME_BROKE','Warning','flashyThing',2725)
COMMIT
INSERT INTO FIVEWIDETABLE VALUES('2013-02-27 11:27:56.030000','Partial','Problem','Widgit',2726)
COMMIT
INSERT INTO FIVEWIDETABLE VALUES('2013-02-27 11:27:56.030000','','Good','flashyThing',2727)
COMMIT
INSERT INTO FIVEWIDETABLE VALUES('2013-02-27 11:27:56.030000','Partial','Warning','Widgit',2728)
COMMIT
INSERT INTO FIVEWIDETABLE VALUES('2013-02-27 11:27:56.030000','WindowsME_BROKE','Problem','flashyThing',2729)
COMMIT
INSERT INTO FIVEWIDETABLE VALUES('2013-02-27 11:27:56.030000','','Good','Widgit',2730)
COMMIT
INSERT INTO FIVEWIDETABLE VALUES('2013-02-27 11:27:56.031000','WindowsME_BROKE','Warning','flashyThing',2731)
COMMIT
INSERT INTO FIVEWIDETABLE VALUES('2013-02-27 11:27:56.031000','Partial','Problem','Widgit',2732)
COMMIT
INSERT INTO FIVEWIDETABLE VALUES('2013-02-27 11:27:56.031000','','Good','flashyThing',2733)
COMMIT
INSERT INTO FIVEWIDETABLE VALUES('2013-02-27 11:27:56.031000','Partial','Warning','Widgit',2734)
COMMIT
INSERT INTO FIVEWIDETABLE VALUES('2013-02-27 11:27:56.031000','WindowsME_BROKE','Problem','flashyThing',2735)
COMMIT
INSERT INTO FIVEWIDETABLE VALUES('2013-02-27 11:27:56.031000','','Good','Widgit',2736)
COMMIT
INSERT INTO FIVEWIDETABLE VALUES('2013-02-27 11:27:56.031000','WindowsME_BROKE','Warning','flashyThing',2737)
COMMIT
INSERT INTO FIVEWIDETABLE VALUES('2013-02-27 11:27:56.031000','Partial','Problem','Widgit',2738)
COMMIT
INSERT INTO FIVEWIDETABLE VALUES('2013-02-27 11:27:56.032000','','Good','flashyThing',2739)
COMMIT
INSERT INTO FIVEWIDETABLE VALUES('2013-02-27 11:27:56.032000','Partial','Warning','Widgit',2740)
COMMIT
INSERT INTO FIVEWIDETABLE VALUES('2013-02-27 11:27:56.032000','WindowsME_BROKE','Problem','flashyThing',2741)
COMMIT
INSERT INTO FIVEWIDETABLE VALUES('2013-02-27 11:27:56.032000','','Good','Widgit',2742)
COMMIT
INSERT INTO FIVEWIDETABLE VALUES('2013-02-27 11:27:56.032000','WindowsME_BROKE','Warning','flashyThing',2743)
COMMIT
INSERT INTO FIVEWIDETABLE VALUES('2013-02-27 11:27:56.032000','Partial','Problem','Widgit',2744)
COMMIT
INSERT INTO FIVEWIDETABLE VALUES('2013-02-27 11:27:56.032000','','Good','flashyThing',2745)
COMMIT
INSERT INTO FIVEWIDETABLE VALUES('2013-02-27 11:27:56.032000','Partial','Warning','Widgit',2746)
COMMIT
INSERT INTO FIVEWIDETABLE VALUES('2013-02-27 11:27:56.033000','WindowsME_BROKE','Problem','flashyThing',2747)
COMMIT
INSERT INTO FIVEWIDETABLE VALUES('2013-02-27 11:27:56.033000','','Good','Widgit',2748)
COMMIT
INSERT INTO FIVEWIDETABLE VALUES('2013-02-27 11:27:56.033000','WindowsME_BROKE','Warning','flashyThing',2749)
COMMIT
INSERT INTO FIVEWIDETABLE VALUES('2013-02-27 11:27:56.033000','Partial','Problem','Widgit',2750)
COMMIT
INSERT INTO FIVEWIDETABLE VALUES('2013-02-27 11:27:56.033000','','Good','flashyThing',2751)
COMMIT
INSERT INTO FIVEWIDETABLE VALUES('2013-02-27 11:27:56.033000','Partial','Warning','Widgit',2752)
COMMIT
INSERT INTO FIVEWIDETABLE VALUES('2013-02-27 11:27:56.033000','WindowsME_BROKE','Problem','flashyThing',2753)
COMMIT
INSERT INTO FIVEWIDETABLE VALUES('2013-02-27 11:27:56.033000','','Good','Widgit',2754)
COMMIT
INSERT INTO FIVEWIDETABLE VALUES('2013-02-27 11:27:56.033000','WindowsME_BROKE','Warning','flashyThing',2755)
COMMIT
INSERT INTO FIVEWIDETABLE VALUES('2013-02-27 11:27:56.034000','Partial','Problem','Widgit',2756)
COMMIT
INSERT INTO FIVEWIDETABLE VALUES('2013-02-27 11:27:56.034000','','Good','flashyThing',2757)
COMMIT
INSERT INTO FIVEWIDETABLE VALUES('2013-02-27 11:27:56.034000','Partial','Warning','Widgit',2758)
COMMIT
INSERT INTO FIVEWIDETABLE VALUES('2013-02-27 11:27:56.034000','WindowsME_BROKE','Problem','flashyThing',2759)
COMMIT
INSERT INTO FIVEWIDETABLE VALUES('2013-02-27 11:27:56.034000','','Good','Widgit',2760)
COMMIT
INSERT INTO FIVEWIDETABLE VALUES('2013-02-27 11:27:56.034000','WindowsME_BROKE','Warning','flashyThing',2761)
COMMIT
INSERT INTO FIVEWIDETABLE VALUES('2013-02-27 11:27:56.034000','Partial','Problem','Widgit',2762)
COMMIT
INSERT INTO FIVEWIDETABLE VALUES('2013-02-27 11:27:56.034000','','Good','flashyThing',2763)
COMMIT
INSERT INTO FIVEWIDETABLE VALUES('2013-02-27 11:27:56.035000','Partial','Warning','Widgit',2764)
COMMIT
INSERT INTO FIVEWIDETABLE VALUES('2013-02-27 11:27:56.035000','WindowsME_BROKE','Problem','flashyThing',2765)
COMMIT
INSERT INTO FIVEWIDETABLE VALUES('2013-02-27 11:27:56.035000','','Good','Widgit',2766)
COMMIT
INSERT INTO FIVEWIDETABLE VALUES('2013-02-27 11:27:56.035000','WindowsME_BROKE','Warning','flashyThing',2767)
COMMIT
INSERT INTO FIVEWIDETABLE VALUES('2013-02-27 11:27:56.035000','Partial','Problem','Widgit',2768)
COMMIT
INSERT INTO FIVEWIDETABLE VALUES('2013-02-27 11:27:56.035000','','Good','flashyThing',2769)
COMMIT
INSERT INTO FIVEWIDETABLE VALUES('2013-02-27 11:27:56.035000','Partial','Warning','Widgit',2770)
COMMIT
INSERT INTO FIVEWIDETABLE VALUES('2013-02-27 11:27:56.035000','WindowsME_BROKE','Problem','flashyThing',2771)
COMMIT
INSERT INTO FIVEWIDETABLE VALUES('2013-02-27 11:27:56.036000','','Good','Widgit',2772)
COMMIT
INSERT INTO FIVEWIDETABLE VALUES('2013-02-27 11:27:56.036000','WindowsME_BROKE','Warning','flashyThing',2773)
COMMIT
INSERT INTO FIVEWIDETABLE VALUES('2013-02-27 11:27:56.036000','Partial','Problem','Widgit',2774)
COMMIT
INSERT INTO FIVEWIDETABLE VALUES('2013-02-27 11:27:56.037000','','Good','flashyThing',2775)
COMMIT
INSERT INTO FIVEWIDETABLE VALUES('2013-02-27 11:27:56.037000','Partial','Warning','Widgit',2776)
COMMIT
INSERT INTO FIVEWIDETABLE VALUES('2013-02-27 11:27:56.037000','WindowsME_BROKE','Problem','flashyThing',2777)
COMMIT
INSERT INTO FIVEWIDETABLE VALUES('2013-02-27 11:27:56.037000','','Good','Widgit',2778)
COMMIT
INSERT INTO FIVEWIDETABLE VALUES('2013-02-27 11:27:56.037000','WindowsME_BROKE','Warning','flashyThing',2779)
COMMIT
INSERT INTO FIVEWIDETABLE VALUES('2013-02-27 11:27:56.037000','Partial','Problem','Widgit',2780)
COMMIT
INSERT INTO FIVEWIDETABLE VALUES('2013-02-27 11:27:56.037000','','Good','flashyThing',2781)
COMMIT
INSERT INTO FIVEWIDETABLE VALUES('2013-02-27 11:27:56.037000','Partial','Warning','Widgit',2782)
COMMIT
INSERT INTO FIVEWIDETABLE VALUES('2013-02-27 11:27:56.037000','WindowsME_BROKE','Problem','flashyThing',2783)
COMMIT
INSERT INTO FIVEWIDETABLE VALUES('2013-02-27 11:27:56.038000','','Good','Widgit',2784)
COMMIT
INSERT INTO FIVEWIDETABLE VALUES('2013-02-27 11:27:56.038000','WindowsME_BROKE','Warning','flashyThing',2785)
COMMIT
INSERT INTO FIVEWIDETABLE VALUES('2013-02-27 11:27:56.038000','Partial','Problem','Widgit',2786)
COMMIT
INSERT INTO FIVEWIDETABLE VALUES('2013-02-27 11:27:56.038000','','Good','flashyThing',2787)
COMMIT
INSERT INTO FIVEWIDETABLE VALUES('2013-02-27 11:27:56.038000','Partial','Warning','Widgit',2788)
COMMIT
INSERT INTO FIVEWIDETABLE VALUES('2013-02-27 11:27:56.038000','WindowsME_BROKE','Problem','flashyThing',2789)
COMMIT
INSERT INTO FIVEWIDETABLE VALUES('2013-02-27 11:27:56.038000','','Good','Widgit',2790)
COMMIT
INSERT INTO FIVEWIDETABLE VALUES('2013-02-27 11:27:56.038000','WindowsME_BROKE','Warning','flashyThing',2791)
COMMIT
INSERT INTO FIVEWIDETABLE VALUES('2013-02-27 11:27:56.039000','Partial','Problem','Widgit',2792)
COMMIT
INSERT INTO FIVEWIDETABLE VALUES('2013-02-27 11:27:56.039000','','Good','flashyThing',2793)
COMMIT
INSERT INTO FIVEWIDETABLE VALUES('2013-02-27 11:27:56.039000','Partial','Warning','Widgit',2794)
COMMIT
INSERT INTO FIVEWIDETABLE VALUES('2013-02-27 11:27:56.039000','WindowsME_BROKE','Problem','flashyThing',2795)
COMMIT
INSERT INTO FIVEWIDETABLE VALUES('2013-02-27 11:27:56.039000','','Good','Widgit',2796)
COMMIT
INSERT INTO FIVEWIDETABLE VALUES('2013-02-27 11:27:56.039000','WindowsME_BROKE','Warning','flashyThing',2797)
COMMIT
INSERT INTO FIVEWIDETABLE VALUES('2013-02-27 11:27:56.039000','Partial','Problem','Widgit',2798)
COMMIT
INSERT INTO FIVEWIDETABLE VALUES('2013-02-27 11:27:56.039000','','Good','flashyThing',2799)
COMMIT
INSERT INTO FIVEWIDETABLE VALUES('2013-02-27 11:27:56.039000','Partial','Warning','Widgit',2800)
COMMIT
INSERT INTO FIVEWIDETABLE VALUES('2013-02-27 11:27:56.040000','WindowsME_BROKE','Problem','flashyThing',2801)
COMMIT
INSERT INTO FIVEWIDETABLE VALUES('2013-02-27 11:27:56.040000','','Good','Widgit',2802)
COMMIT
INSERT INTO FIVEWIDETABLE VALUES('2013-02-27 11:27:56.040000','WindowsME_BROKE','Warning','flashyThing',2803)
COMMIT
INSERT INTO FIVEWIDETABLE VALUES('2013-02-27 11:27:56.040000','Partial','Problem','Widgit',2804)
COMMIT
INSERT INTO FIVEWIDETABLE VALUES('2013-02-27 11:27:56.040000','','Good','flashyThing',2805)
COMMIT
INSERT INTO FIVEWIDETABLE VALUES('2013-02-27 11:27:56.040000','Partial','Warning','Widgit',2806)
COMMIT
INSERT INTO FIVEWIDETABLE VALUES('2013-02-27 11:27:56.040000','WindowsME_BROKE','Problem','flashyThing',2807)
COMMIT
INSERT INTO FIVEWIDETABLE VALUES('2013-02-27 11:27:56.040000','','Good','Widgit',2808)
COMMIT
INSERT INTO FIVEWIDETABLE VALUES('2013-02-27 11:27:56.041000','WindowsME_BROKE','Warning','flashyThing',2809)
COMMIT
INSERT INTO FIVEWIDETABLE VALUES('2013-02-27 11:27:56.041000','Partial','Problem','Widgit',2810)
COMMIT
INSERT INTO FIVEWIDETABLE VALUES('2013-02-27 11:27:56.041000','','Good','flashyThing',2811)
COMMIT
INSERT INTO FIVEWIDETABLE VALUES('2013-02-27 11:27:56.041000','Partial','Warning','Widgit',2812)
COMMIT
INSERT INTO FIVEWIDETABLE VALUES('2013-02-27 11:27:56.041000','WindowsME_BROKE','Problem','flashyThing',2813)
COMMIT
INSERT INTO FIVEWIDETABLE VALUES('2013-02-27 11:27:56.041000','','Good','Widgit',2814)
COMMIT
INSERT INTO FIVEWIDETABLE VALUES('2013-02-27 11:27:56.041000','WindowsME_BROKE','Warning','flashyThing',2815)
COMMIT
INSERT INTO FIVEWIDETABLE VALUES('2013-02-27 11:27:56.041000','Partial','Problem','Widgit',2816)
COMMIT
INSERT INTO FIVEWIDETABLE VALUES('2013-02-27 11:27:56.041000','','Good','flashyThing',2817)
COMMIT
INSERT INTO FIVEWIDETABLE VALUES('2013-02-27 11:27:56.042000','Partial','Warning','Widgit',2818)
COMMIT
INSERT INTO FIVEWIDETABLE VALUES('2013-02-27 11:27:56.042000','WindowsME_BROKE','Problem','flashyThing',2819)
COMMIT
INSERT INTO FIVEWIDETABLE VALUES('2013-02-27 11:27:56.042000','','Good','Widgit',2820)
COMMIT
INSERT INTO FIVEWIDETABLE VALUES('2013-02-27 11:27:56.042000','WindowsME_BROKE','Warning','flashyThing',2821)
COMMIT
INSERT INTO FIVEWIDETABLE VALUES('2013-02-27 11:27:56.042000','Partial','Problem','Widgit',2822)
COMMIT
INSERT INTO FIVEWIDETABLE VALUES('2013-02-27 11:27:56.042000','','Good','flashyThing',2823)
COMMIT
INSERT INTO FIVEWIDETABLE VALUES('2013-02-27 11:27:56.042000','Partial','Warning','Widgit',2824)
COMMIT
INSERT INTO FIVEWIDETABLE VALUES('2013-02-27 11:27:56.042000','WindowsME_BROKE','Problem','flashyThing',2825)
COMMIT
INSERT INTO FIVEWIDETABLE VALUES('2013-02-27 11:27:56.042000','','Good','Widgit',2826)
COMMIT
INSERT INTO FIVEWIDETABLE VALUES('2013-02-27 11:27:56.043000','WindowsME_BROKE','Warning','flashyThing',2827)
COMMIT
INSERT INTO FIVEWIDETABLE VALUES('2013-02-27 11:27:56.043000','Partial','Problem','Widgit',2828)
COMMIT
INSERT INTO FIVEWIDETABLE VALUES('2013-02-27 11:27:56.043000','','Good','flashyThing',2829)
COMMIT
INSERT INTO FIVEWIDETABLE VALUES('2013-02-27 11:27:56.043000','Partial','Warning','Widgit',2830)
COMMIT
INSERT INTO FIVEWIDETABLE VALUES('2013-02-27 11:27:56.043000','WindowsME_BROKE','Problem','flashyThing',2831)
COMMIT
INSERT INTO FIVEWIDETABLE VALUES('2013-02-27 11:27:56.043000','','Good','Widgit',2832)
COMMIT
INSERT INTO FIVEWIDETABLE VALUES('2013-02-27 11:27:56.043000','WindowsME_BROKE','Warning','flashyThing',2833)
COMMIT
INSERT INTO FIVEWIDETABLE VALUES('2013-02-27 11:27:56.043000','Partial','Problem','Widgit',2834)
COMMIT
INSERT INTO FIVEWIDETABLE VALUES('2013-02-27 11:27:56.043000','','Good','flashyThing',2835)
COMMIT
INSERT INTO FIVEWIDETABLE VALUES('2013-02-27 11:27:56.044000','Partial','Warning','Widgit',2836)
COMMIT
INSERT INTO FIVEWIDETABLE VALUES('2013-02-27 11:27:56.044000','WindowsME_BROKE','Problem','flashyThing',2837)
COMMIT
INSERT INTO FIVEWIDETABLE VALUES('2013-02-27 11:27:56.044000','','Good','Widgit',2838)
COMMIT
INSERT INTO FIVEWIDETABLE VALUES('2013-02-27 11:27:56.044000','WindowsME_BROKE','Warning','flashyThing',2839)
COMMIT
INSERT INTO FIVEWIDETABLE VALUES('2013-02-27 11:27:56.044000','Partial','Problem','Widgit',2840)
COMMIT
INSERT INTO FIVEWIDETABLE VALUES('2013-02-27 11:27:56.044000','','Good','flashyThing',2841)
COMMIT
INSERT INTO FIVEWIDETABLE VALUES('2013-02-27 11:27:56.044000','Partial','Warning','Widgit',2842)
COMMIT
INSERT INTO FIVEWIDETABLE VALUES('2013-02-27 11:27:56.044000','WindowsME_BROKE','Problem','flashyThing',2843)
COMMIT
INSERT INTO FIVEWIDETABLE VALUES('2013-02-27 11:27:56.044000','','Good','Widgit',2844)
COMMIT
INSERT INTO FIVEWIDETABLE VALUES('2013-02-27 11:27:56.045000','WindowsME_BROKE','Warning','flashyThing',2845)
COMMIT
INSERT INTO FIVEWIDETABLE VALUES('2013-02-27 11:27:56.045000','Partial','Problem','Widgit',2846)
COMMIT
INSERT INTO FIVEWIDETABLE VALUES('2013-02-27 11:27:56.045000','','Good','flashyThing',2847)
COMMIT
INSERT INTO FIVEWIDETABLE VALUES('2013-02-27 11:27:56.045000','Partial','Warning','Widgit',2848)
COMMIT
INSERT INTO FIVEWIDETABLE VALUES('2013-02-27 11:27:56.045000','WindowsME_BROKE','Problem','flashyThing',2849)
COMMIT
INSERT INTO FIVEWIDETABLE VALUES('2013-02-27 11:27:56.045000','','Good','Widgit',2850)
COMMIT
INSERT INTO FIVEWIDETABLE VALUES('2013-02-27 11:27:56.045000','WindowsME_BROKE','Warning','flashyThing',2851)
COMMIT
INSERT INTO FIVEWIDETABLE VALUES('2013-02-27 11:27:56.045000','Partial','Problem','Widgit',2852)
COMMIT
INSERT INTO FIVEWIDETABLE VALUES('2013-02-27 11:27:56.046000','','Good','flashyThing',2853)
COMMIT
INSERT INTO FIVEWIDETABLE VALUES('2013-02-27 11:27:56.046000','Partial','Warning','Widgit',2854)
COMMIT
INSERT INTO FIVEWIDETABLE VALUES('2013-02-27 11:27:56.046000','WindowsME_BROKE','Problem','flashyThing',2855)
COMMIT
INSERT INTO FIVEWIDETABLE VALUES('2013-02-27 11:27:56.046000','','Good','Widgit',2856)
COMMIT
INSERT INTO FIVEWIDETABLE VALUES('2013-02-27 11:27:56.046000','WindowsME_BROKE','Warning','flashyThing',2857)
COMMIT
INSERT INTO FIVEWIDETABLE VALUES('2013-02-27 11:27:56.046000','Partial','Problem','Widgit',2858)
COMMIT
INSERT INTO FIVEWIDETABLE VALUES('2013-02-27 11:27:56.046000','','Good','flashyThing',2859)
COMMIT
INSERT INTO FIVEWIDETABLE VALUES('2013-02-27 11:27:56.046000','Partial','Warning','Widgit',2860)
COMMIT
INSERT INTO FIVEWIDETABLE VALUES('2013-02-27 11:27:56.046000','WindowsME_BROKE','Problem','flashyThing',2861)
COMMIT
INSERT INTO FIVEWIDETABLE VALUES('2013-02-27 11:27:56.047000','','Good','Widgit',2862)
COMMIT
INSERT INTO FIVEWIDETABLE VALUES('2013-02-27 11:27:56.047000','WindowsME_BROKE','Warning','flashyThing',2863)
COMMIT
INSERT INTO FIVEWIDETABLE VALUES('2013-02-27 11:27:56.047000','Partial','Problem','Widgit',2864)
COMMIT
INSERT INTO FIVEWIDETABLE VALUES('2013-02-27 11:27:56.047000','','Good','flashyThing',2865)
COMMIT
INSERT INTO FIVEWIDETABLE VALUES('2013-02-27 11:27:56.047000','Partial','Warning','Widgit',2866)
COMMIT
INSERT INTO FIVEWIDETABLE VALUES('2013-02-27 11:27:56.047000','WindowsME_BROKE','Problem','flashyThing',2867)
COMMIT
INSERT INTO FIVEWIDETABLE VALUES('2013-02-27 11:27:56.047000','','Good','Widgit',2868)
COMMIT
INSERT INTO FIVEWIDETABLE VALUES('2013-02-27 11:27:56.047000','WindowsME_BROKE','Warning','flashyThing',2869)
COMMIT
INSERT INTO FIVEWIDETABLE VALUES('2013-02-27 11:27:56.047000','Partial','Problem','Widgit',2870)
COMMIT
INSERT INTO FIVEWIDETABLE VALUES('2013-02-27 11:27:56.048000','','Good','flashyThing',2871)
COMMIT
INSERT INTO FIVEWIDETABLE VALUES('2013-02-27 11:27:56.048000','Partial','Warning','Widgit',2872)
COMMIT
INSERT INTO FIVEWIDETABLE VALUES('2013-02-27 11:27:56.048000','WindowsME_BROKE','Problem','flashyThing',2873)
COMMIT
INSERT INTO FIVEWIDETABLE VALUES('2013-02-27 11:27:56.048000','','Good','Widgit',2874)
COMMIT
INSERT INTO FIVEWIDETABLE VALUES('2013-02-27 11:27:56.048000','WindowsME_BROKE','Warning','flashyThing',2875)
COMMIT
INSERT INTO FIVEWIDETABLE VALUES('2013-02-27 11:27:56.048000','Partial','Problem','Widgit',2876)
COMMIT
INSERT INTO FIVEWIDETABLE VALUES('2013-02-27 11:27:56.048000','','Good','flashyThing',2877)
COMMIT
INSERT INTO FIVEWIDETABLE VALUES('2013-02-27 11:27:56.048000','Partial','Warning','Widgit',2878)
COMMIT
INSERT INTO FIVEWIDETABLE VALUES('2013-02-27 11:27:56.048000','WindowsME_BROKE','Problem','flashyThing',2879)
COMMIT
INSERT INTO FIVEWIDETABLE VALUES('2013-02-27 11:27:56.049000','','Good','Widgit',2880)
COMMIT
INSERT INTO FIVEWIDETABLE VALUES('2013-02-27 11:27:56.049000','WindowsME_BROKE','Warning','flashyThing',2881)
COMMIT
INSERT INTO FIVEWIDETABLE VALUES('2013-02-27 11:27:56.049000','Partial','Problem','Widgit',2882)
COMMIT
INSERT INTO FIVEWIDETABLE VALUES('2013-02-27 11:27:56.049000','','Good','flashyThing',2883)
COMMIT
INSERT INTO FIVEWIDETABLE VALUES('2013-02-27 11:27:56.049000','Partial','Warning','Widgit',2884)
COMMIT
INSERT INTO FIVEWIDETABLE VALUES('2013-02-27 11:27:56.049000','WindowsME_BROKE','Problem','flashyThing',2885)
COMMIT
INSERT INTO FIVEWIDETABLE VALUES('2013-02-27 11:27:56.049000','','Good','Widgit',2886)
COMMIT
INSERT INTO FIVEWIDETABLE VALUES('2013-02-27 11:27:56.049000','WindowsME_BROKE','Warning','flashyThing',2887)
COMMIT
INSERT INTO FIVEWIDETABLE VALUES('2013-02-27 11:27:56.049000','Partial','Problem','Widgit',2888)
COMMIT
INSERT INTO FIVEWIDETABLE VALUES('2013-02-27 11:27:56.050000','','Good','flashyThing',2889)
COMMIT
INSERT INTO FIVEWIDETABLE VALUES('2013-02-27 11:27:56.050000','Partial','Warning','Widgit',2890)
COMMIT
INSERT INTO FIVEWIDETABLE VALUES('2013-02-27 11:27:56.050000','WindowsME_BROKE','Problem','flashyThing',2891)
COMMIT
INSERT INTO FIVEWIDETABLE VALUES('2013-02-27 11:27:56.050000','','Good','Widgit',2892)
COMMIT
INSERT INTO FIVEWIDETABLE VALUES('2013-02-27 11:27:56.050000','WindowsME_BROKE','Warning','flashyThing',2893)
COMMIT
INSERT INTO FIVEWIDETABLE VALUES('2013-02-27 11:27:56.050000','Partial','Problem','Widgit',2894)
COMMIT
INSERT INTO FIVEWIDETABLE VALUES('2013-02-27 11:27:56.050000','','Good','flashyThing',2895)
COMMIT
INSERT INTO FIVEWIDETABLE VALUES('2013-02-27 11:27:56.050000','Partial','Warning','Widgit',2896)
COMMIT
INSERT INTO FIVEWIDETABLE VALUES('2013-02-27 11:27:56.051000','WindowsME_BROKE','Problem','flashyThing',2897)
COMMIT
INSERT INTO FIVEWIDETABLE VALUES('2013-02-27 11:27:56.051000','','Good','Widgit',2898)
COMMIT
INSERT INTO FIVEWIDETABLE VALUES('2013-02-27 11:27:56.051000','WindowsME_BROKE','Warning','flashyThing',2899)
COMMIT
INSERT INTO FIVEWIDETABLE VALUES('2013-02-27 11:27:56.051000','Partial','Problem','Widgit',2900)
COMMIT
INSERT INTO FIVEWIDETABLE VALUES('2013-02-27 11:27:56.051000','','Good','flashyThing',2901)
COMMIT
INSERT INTO FIVEWIDETABLE VALUES('2013-02-27 11:27:56.051000','Partial','Warning','Widgit',2902)
COMMIT
INSERT INTO FIVEWIDETABLE VALUES('2013-02-27 11:27:56.051000','WindowsME_BROKE','Problem','flashyThing',2903)
COMMIT
INSERT INTO FIVEWIDETABLE VALUES('2013-02-27 11:27:56.051000','','Good','Widgit',2904)
COMMIT
INSERT INTO FIVEWIDETABLE VALUES('2013-02-27 11:27:56.051000','WindowsME_BROKE','Warning','flashyThing',2905)
COMMIT
INSERT INTO FIVEWIDETABLE VALUES('2013-02-27 11:27:56.052000','Partial','Problem','Widgit',2906)
COMMIT
INSERT INTO FIVEWIDETABLE VALUES('2013-02-27 11:27:56.052000','','Good','flashyThing',2907)
COMMIT
INSERT INTO FIVEWIDETABLE VALUES('2013-02-27 11:27:56.052000','Partial','Warning','Widgit',2908)
COMMIT
INSERT INTO FIVEWIDETABLE VALUES('2013-02-27 11:27:56.052000','WindowsME_BROKE','Problem','flashyThing',2909)
COMMIT
INSERT INTO FIVEWIDETABLE VALUES('2013-02-27 11:27:56.052000','','Good','Widgit',2910)
COMMIT
INSERT INTO FIVEWIDETABLE VALUES('2013-02-27 11:27:56.052000','WindowsME_BROKE','Warning','flashyThing',2911)
COMMIT
INSERT INTO FIVEWIDETABLE VALUES('2013-02-27 11:27:56.052000','Partial','Problem','Widgit',2912)
COMMIT
INSERT INTO FIVEWIDETABLE VALUES('2013-02-27 11:27:56.052000','','Good','flashyThing',2913)
COMMIT
INSERT INTO FIVEWIDETABLE VALUES('2013-02-27 11:27:56.053000','Partial','Warning','Widgit',2914)
COMMIT
INSERT INTO FIVEWIDETABLE VALUES('2013-02-27 11:27:56.053000','WindowsME_BROKE','Problem','flashyThing',2915)
COMMIT
INSERT INTO FIVEWIDETABLE VALUES('2013-02-27 11:27:56.053000','','Good','Widgit',2916)
COMMIT
INSERT INTO FIVEWIDETABLE VALUES('2013-02-27 11:27:56.053000','WindowsME_BROKE','Warning','flashyThing',2917)
COMMIT
INSERT INTO FIVEWIDETABLE VALUES('2013-02-27 11:27:56.053000','Partial','Problem','Widgit',2918)
COMMIT
INSERT INTO FIVEWIDETABLE VALUES('2013-02-27 11:27:56.053000','','Good','flashyThing',2919)
COMMIT
INSERT INTO FIVEWIDETABLE VALUES('2013-02-27 11:27:56.053000','Partial','Warning','Widgit',2920)
COMMIT
INSERT INTO FIVEWIDETABLE VALUES('2013-02-27 11:27:56.053000','WindowsME_BROKE','Problem','flashyThing',2921)
COMMIT
INSERT INTO FIVEWIDETABLE VALUES('2013-02-27 11:27:56.053000','','Good','Widgit',2922)
COMMIT
INSERT INTO FIVEWIDETABLE VALUES('2013-02-27 11:27:56.054000','WindowsME_BROKE','Warning','flashyThing',2923)
COMMIT
INSERT INTO FIVEWIDETABLE VALUES('2013-02-27 11:27:56.054000','Partial','Problem','Widgit',2924)
COMMIT
INSERT INTO FIVEWIDETABLE VALUES('2013-02-27 11:27:56.054000','','Good','flashyThing',2925)
COMMIT
INSERT INTO FIVEWIDETABLE VALUES('2013-02-27 11:27:56.054000','Partial','Warning','Widgit',2926)
COMMIT
INSERT INTO FIVEWIDETABLE VALUES('2013-02-27 11:27:56.054000','WindowsME_BROKE','Problem','flashyThing',2927)
COMMIT
INSERT INTO FIVEWIDETABLE VALUES('2013-02-27 11:27:56.054000','','Good','Widgit',2928)
COMMIT
INSERT INTO FIVEWIDETABLE VALUES('2013-02-27 11:27:56.054000','WindowsME_BROKE','Warning','flashyThing',2929)
COMMIT
INSERT INTO FIVEWIDETABLE VALUES('2013-02-27 11:27:56.054000','Partial','Problem','Widgit',2930)
COMMIT
INSERT INTO FIVEWIDETABLE VALUES('2013-02-27 11:27:56.054000','','Good','flashyThing',2931)
COMMIT
INSERT INTO FIVEWIDETABLE VALUES('2013-02-27 11:27:56.055000','Partial','Warning','Widgit',2932)
COMMIT
INSERT INTO FIVEWIDETABLE VALUES('2013-02-27 11:27:56.055000','WindowsME_BROKE','Problem','flashyThing',2933)
COMMIT
INSERT INTO FIVEWIDETABLE VALUES('2013-02-27 11:27:56.055000','','Good','Widgit',2934)
COMMIT
INSERT INTO FIVEWIDETABLE VALUES('2013-02-27 11:27:56.055000','WindowsME_BROKE','Warning','flashyThing',2935)
COMMIT
INSERT INTO FIVEWIDETABLE VALUES('2013-02-27 11:27:56.055000','Partial','Problem','Widgit',2936)
COMMIT
INSERT INTO FIVEWIDETABLE VALUES('2013-02-27 11:27:56.055000','','Good','flashyThing',2937)
COMMIT
INSERT INTO FIVEWIDETABLE VALUES('2013-02-27 11:27:56.055000','Partial','Warning','Widgit',2938)
COMMIT
INSERT INTO FIVEWIDETABLE VALUES('2013-02-27 11:27:56.055000','WindowsME_BROKE','Problem','flashyThing',2939)
COMMIT
INSERT INTO FIVEWIDETABLE VALUES('2013-02-27 11:27:56.055000','','Good','Widgit',2940)
COMMIT
INSERT INTO FIVEWIDETABLE VALUES('2013-02-27 11:27:56.056000','WindowsME_BROKE','Warning','flashyThing',2941)
COMMIT
INSERT INTO FIVEWIDETABLE VALUES('2013-02-27 11:27:56.056000','Partial','Problem','Widgit',2942)
COMMIT
INSERT INTO FIVEWIDETABLE VALUES('2013-02-27 11:27:56.056000','','Good','flashyThing',2943)
COMMIT
INSERT INTO FIVEWIDETABLE VALUES('2013-02-27 11:27:56.056000','Partial','Warning','Widgit',2944)
COMMIT
INSERT INTO FIVEWIDETABLE VALUES('2013-02-27 11:27:56.056000','WindowsME_BROKE','Problem','flashyThing',2945)
COMMIT
INSERT INTO FIVEWIDETABLE VALUES('2013-02-27 11:27:56.056000','','Good','Widgit',2946)
COMMIT
INSERT INTO FIVEWIDETABLE VALUES('2013-02-27 11:27:56.056000','WindowsME_BROKE','Warning','flashyThing',2947)
COMMIT
INSERT INTO FIVEWIDETABLE VALUES('2013-02-27 11:27:56.056000','Partial','Problem','Widgit',2948)
COMMIT
INSERT INTO FIVEWIDETABLE VALUES('2013-02-27 11:27:56.056000','','Good','flashyThing',2949)
COMMIT
INSERT INTO FIVEWIDETABLE VALUES('2013-02-27 11:27:56.057000','Partial','Warning','Widgit',2950)
COMMIT
INSERT INTO FIVEWIDETABLE VALUES('2013-02-27 11:27:56.057000','WindowsME_BROKE','Problem','flashyThing',2951)
COMMIT
INSERT INTO FIVEWIDETABLE VALUES('2013-02-27 11:27:56.057000','','Good','Widgit',2952)
COMMIT
INSERT INTO FIVEWIDETABLE VALUES('2013-02-27 11:27:56.057000','WindowsME_BROKE','Warning','flashyThing',2953)
COMMIT
INSERT INTO FIVEWIDETABLE VALUES('2013-02-27 11:27:56.057000','Partial','Problem','Widgit',2954)
COMMIT
INSERT INTO FIVEWIDETABLE VALUES('2013-02-27 11:27:56.057000','','Good','flashyThing',2955)
COMMIT
INSERT INTO FIVEWIDETABLE VALUES('2013-02-27 11:27:56.057000','Partial','Warning','Widgit',2956)
COMMIT
INSERT INTO FIVEWIDETABLE VALUES('2013-02-27 11:27:56.057000','WindowsME_BROKE','Problem','flashyThing',2957)
COMMIT
INSERT INTO FIVEWIDETABLE VALUES('2013-02-27 11:27:56.057000','','Good','Widgit',2958)
COMMIT
INSERT INTO FIVEWIDETABLE VALUES('2013-02-27 11:27:56.058000','WindowsME_BROKE','Warning','flashyThing',2959)
COMMIT
INSERT INTO FIVEWIDETABLE VALUES('2013-02-27 11:27:56.058000','Partial','Problem','Widgit',2960)
COMMIT
INSERT INTO FIVEWIDETABLE VALUES('2013-02-27 11:27:56.058000','','Good','flashyThing',2961)
COMMIT
INSERT INTO FIVEWIDETABLE VALUES('2013-02-27 11:27:56.058000','Partial','Warning','Widgit',2962)
COMMIT
INSERT INTO FIVEWIDETABLE VALUES('2013-02-27 11:27:56.058000','WindowsME_BROKE','Problem','flashyThing',2963)
COMMIT
INSERT INTO FIVEWIDETABLE VALUES('2013-02-27 11:27:56.058000','','Good','Widgit',2964)
COMMIT
INSERT INTO FIVEWIDETABLE VALUES('2013-02-27 11:27:56.058000','WindowsME_BROKE','Warning','flashyThing',2965)
COMMIT
INSERT INTO FIVEWIDETABLE VALUES('2013-02-27 11:27:56.058000','Partial','Problem','Widgit',2966)
COMMIT
INSERT INTO FIVEWIDETABLE VALUES('2013-02-27 11:27:56.058000','','Good','flashyThing',2967)
COMMIT
INSERT INTO FIVEWIDETABLE VALUES('2013-02-27 11:27:56.059000','Partial','Warning','Widgit',2968)
COMMIT
INSERT INTO FIVEWIDETABLE VALUES('2013-02-27 11:27:56.059000','WindowsME_BROKE','Problem','flashyThing',2969)
COMMIT
INSERT INTO FIVEWIDETABLE VALUES('2013-02-27 11:27:56.059000','','Good','Widgit',2970)
COMMIT
INSERT INTO FIVEWIDETABLE VALUES('2013-02-27 11:27:56.059000','WindowsME_BROKE','Warning','flashyThing',2971)
COMMIT
INSERT INTO FIVEWIDETABLE VALUES('2013-02-27 11:27:56.059000','Partial','Problem','Widgit',2972)
COMMIT
INSERT INTO FIVEWIDETABLE VALUES('2013-02-27 11:27:56.059000','','Good','flashyThing',2973)
COMMIT
INSERT INTO FIVEWIDETABLE VALUES('2013-02-27 11:27:56.059000','Partial','Warning','Widgit',2974)
COMMIT
INSERT INTO FIVEWIDETABLE VALUES('2013-02-27 11:27:56.059000','WindowsME_BROKE','Problem','flashyThing',2975)
COMMIT
INSERT INTO FIVEWIDETABLE VALUES('2013-02-27 11:27:56.059000','','Good','Widgit',2976)
COMMIT
INSERT INTO FIVEWIDETABLE VALUES('2013-02-27 11:27:56.060000','WindowsME_BROKE','Warning','flashyThing',2977)
COMMIT
INSERT INTO FIVEWIDETABLE VALUES('2013-02-27 11:27:56.060000','Partial','Problem','Widgit',2978)
COMMIT
INSERT INTO FIVEWIDETABLE VALUES('2013-02-27 11:27:56.060000','','Good','flashyThing',2979)
COMMIT
INSERT INTO FIVEWIDETABLE VALUES('2013-02-27 11:27:56.060000','Partial','Warning','Widgit',2980)
COMMIT
INSERT INTO FIVEWIDETABLE VALUES('2013-02-27 11:27:56.060000','WindowsME_BROKE','Problem','flashyThing',2981)
COMMIT
INSERT INTO FIVEWIDETABLE VALUES('2013-02-27 11:27:56.060000','','Good','Widgit',2982)
COMMIT
INSERT INTO FIVEWIDETABLE VALUES('2013-02-27 11:27:56.060000','WindowsME_BROKE','Warning','flashyThing',2983)
COMMIT
INSERT INTO FIVEWIDETABLE VALUES('2013-02-27 11:27:56.060000','Partial','Problem','Widgit',2984)
COMMIT
INSERT INTO FIVEWIDETABLE VALUES('2013-02-27 11:27:56.060000','','Good','flashyThing',2985)
COMMIT
INSERT INTO FIVEWIDETABLE VALUES('2013-02-27 11:27:56.061000','Partial','Warning','Widgit',2986)
COMMIT
INSERT INTO FIVEWIDETABLE VALUES('2013-02-27 11:27:56.061000','WindowsME_BROKE','Problem','flashyThing',2987)
COMMIT
INSERT INTO FIVEWIDETABLE VALUES('2013-02-27 11:27:56.061000','','Good','Widgit',2988)
COMMIT
INSERT INTO FIVEWIDETABLE VALUES('2013-02-27 11:27:56.061000','WindowsME_BROKE','Warning','flashyThing',2989)
COMMIT
INSERT INTO FIVEWIDETABLE VALUES('2013-02-27 11:27:56.061000','Partial','Problem','Widgit',2990)
COMMIT
INSERT INTO FIVEWIDETABLE VALUES('2013-02-27 11:27:56.061000','','Good','flashyThing',2991)
COMMIT
INSERT INTO FIVEWIDETABLE VALUES('2013-02-27 11:27:56.061000','Partial','Warning','Widgit',2992)
COMMIT
INSERT INTO FIVEWIDETABLE VALUES('2013-02-27 11:27:56.061000','WindowsME_BROKE','Problem','flashyThing',2993)
COMMIT
INSERT INTO FIVEWIDETABLE VALUES('2013-02-27 11:27:56.061000','','Good','Widgit',2994)
COMMIT
INSERT INTO FIVEWIDETABLE VALUES('2013-02-27 11:27:56.062000','WindowsME_BROKE','Warning','flashyThing',2995)
COMMIT
INSERT INTO FIVEWIDETABLE VALUES('2013-02-27 11:27:56.062000','Partial','Problem','Widgit',2996)
COMMIT
INSERT INTO FIVEWIDETABLE VALUES('2013-02-27 11:27:56.062000','','Good','flashyThing',2997)
COMMIT
INSERT INTO FIVEWIDETABLE VALUES('2013-02-27 11:27:56.062000','Partial','Warning','Widgit',2998)
COMMIT
INSERT INTO FIVEWIDETABLE VALUES('2013-02-27 11:27:56.062000','WindowsME_BROKE','Problem','flashyThing',2999)
COMMIT
INSERT INTO FIVEWIDETABLE VALUES('2013-02-27 11:27:56.062000','','Good','Widgit',3000)
COMMIT
INSERT INTO FIVEWIDETABLE VALUES('2013-02-27 11:27:56.062000','WindowsME_BROKE','Warning','flashyThing',3001)
COMMIT
INSERT INTO FIVEWIDETABLE VALUES('2013-02-27 11:27:56.062000','Partial','Problem','Widgit',3002)
COMMIT
INSERT INTO FIVEWIDETABLE VALUES('2013-02-27 11:27:56.063000','','Good','flashyThing',3003)
COMMIT
INSERT INTO FIVEWIDETABLE VALUES('2013-02-27 11:27:56.063000','Partial','Warning','Widgit',3004)
COMMIT
INSERT INTO FIVEWIDETABLE VALUES('2013-02-27 11:27:56.063000','WindowsME_BROKE','Problem','flashyThing',3005)
COMMIT
INSERT INTO FIVEWIDETABLE VALUES('2013-02-27 11:27:56.063000','','Good','Widgit',3006)
COMMIT
INSERT INTO FIVEWIDETABLE VALUES('2013-02-27 11:27:56.063000','WindowsME_BROKE','Warning','flashyThing',3007)
COMMIT
INSERT INTO FIVEWIDETABLE VALUES('2013-02-27 11:27:56.063000','Partial','Problem','Widgit',3008)
COMMIT
INSERT INTO FIVEWIDETABLE VALUES('2013-02-27 11:27:56.063000','','Good','flashyThing',3009)
COMMIT
INSERT INTO FIVEWIDETABLE VALUES('2013-02-27 11:27:56.063000','Partial','Warning','Widgit',3010)
COMMIT
INSERT INTO FIVEWIDETABLE VALUES('2013-02-27 11:27:56.063000','WindowsME_BROKE','Problem','flashyThing',3011)
COMMIT
INSERT INTO FIVEWIDETABLE VALUES('2013-02-27 11:27:56.064000','','Good','Widgit',3012)
COMMIT
INSERT INTO FIVEWIDETABLE VALUES('2013-02-27 11:27:56.064000','WindowsME_BROKE','Warning','flashyThing',3013)
COMMIT
INSERT INTO FIVEWIDETABLE VALUES('2013-02-27 11:27:56.064000','Partial','Problem','Widgit',3014)
COMMIT
INSERT INTO FIVEWIDETABLE VALUES('2013-02-27 11:27:56.064000','','Good','flashyThing',3015)
COMMIT
INSERT INTO FIVEWIDETABLE VALUES('2013-02-27 11:27:56.064000','Partial','Warning','Widgit',3016)
COMMIT
INSERT INTO FIVEWIDETABLE VALUES('2013-02-27 11:27:56.064000','WindowsME_BROKE','Problem','flashyThing',3017)
COMMIT
INSERT INTO FIVEWIDETABLE VALUES('2013-02-27 11:27:56.064000','','Good','Widgit',3018)
COMMIT
INSERT INTO FIVEWIDETABLE VALUES('2013-02-27 11:27:56.064000','WindowsME_BROKE','Warning','flashyThing',3019)
COMMIT
INSERT INTO FIVEWIDETABLE VALUES('2013-02-27 11:27:56.064000','Partial','Problem','Widgit',3020)
COMMIT
INSERT INTO FIVEWIDETABLE VALUES('2013-02-27 11:27:56.065000','','Good','flashyThing',3021)
COMMIT
INSERT INTO FIVEWIDETABLE VALUES('2013-02-27 11:27:56.065000','Partial','Warning','Widgit',3022)
COMMIT
INSERT INTO FIVEWIDETABLE VALUES('2013-02-27 11:27:56.065000','WindowsME_BROKE','Problem','flashyThing',3023)
COMMIT
INSERT INTO FIVEWIDETABLE VALUES('2013-02-27 11:27:56.065000','','Good','Widgit',3024)
COMMIT
INSERT INTO FIVEWIDETABLE VALUES('2013-02-27 11:27:56.065000','WindowsME_BROKE','Warning','flashyThing',3025)
COMMIT
INSERT INTO FIVEWIDETABLE VALUES('2013-02-27 11:27:56.065000','Partial','Problem','Widgit',3026)
COMMIT
INSERT INTO FIVEWIDETABLE VALUES('2013-02-27 11:27:56.065000','','Good','flashyThing',3027)
COMMIT
INSERT INTO FIVEWIDETABLE VALUES('2013-02-27 11:27:56.065000','Partial','Warning','Widgit',3028)
COMMIT
INSERT INTO FIVEWIDETABLE VALUES('2013-02-27 11:27:56.066000','WindowsME_BROKE','Problem','flashyThing',3029)
COMMIT
INSERT INTO FIVEWIDETABLE VALUES('2013-02-27 11:27:56.066000','','Good','Widgit',3030)
COMMIT
INSERT INTO FIVEWIDETABLE VALUES('2013-02-27 11:27:56.066000','WindowsME_BROKE','Warning','flashyThing',3031)
COMMIT
INSERT INTO FIVEWIDETABLE VALUES('2013-02-27 11:27:56.066000','Partial','Problem','Widgit',3032)
COMMIT
INSERT INTO FIVEWIDETABLE VALUES('2013-02-27 11:27:56.066000','','Good','flashyThing',3033)
COMMIT
INSERT INTO FIVEWIDETABLE VALUES('2013-02-27 11:27:56.066000','Partial','Warning','Widgit',3034)
COMMIT
INSERT INTO FIVEWIDETABLE VALUES('2013-02-27 11:27:56.066000','WindowsME_BROKE','Problem','flashyThing',3035)
COMMIT
INSERT INTO FIVEWIDETABLE VALUES('2013-02-27 11:27:56.066000','','Good','Widgit',3036)
COMMIT
INSERT INTO FIVEWIDETABLE VALUES('2013-02-27 11:27:56.066000','WindowsME_BROKE','Warning','flashyThing',3037)
COMMIT
INSERT INTO FIVEWIDETABLE VALUES('2013-02-27 11:27:56.067000','Partial','Problem','Widgit',3038)
COMMIT
INSERT INTO FIVEWIDETABLE VALUES('2013-02-27 11:27:56.067000','','Good','flashyThing',3039)
COMMIT
INSERT INTO FIVEWIDETABLE VALUES('2013-02-27 11:27:56.067000','Partial','Warning','Widgit',3040)
COMMIT
INSERT INTO FIVEWIDETABLE VALUES('2013-02-27 11:27:56.067000','WindowsME_BROKE','Problem','flashyThing',3041)
COMMIT
INSERT INTO FIVEWIDETABLE VALUES('2013-02-27 11:27:56.067000','','Good','Widgit',3042)
COMMIT
INSERT INTO FIVEWIDETABLE VALUES('2013-02-27 11:27:56.067000','WindowsME_BROKE','Warning','flashyThing',3043)
COMMIT
INSERT INTO FIVEWIDETABLE VALUES('2013-02-27 11:27:56.067000','Partial','Problem','Widgit',3044)
COMMIT
INSERT INTO FIVEWIDETABLE VALUES('2013-02-27 11:27:56.067000','','Good','flashyThing',3045)
COMMIT
INSERT INTO FIVEWIDETABLE VALUES('2013-02-27 11:27:56.067000','Partial','Warning','Widgit',3046)
COMMIT
INSERT INTO FIVEWIDETABLE VALUES('2013-02-27 11:27:56.068000','WindowsME_BROKE','Problem','flashyThing',3047)
COMMIT
INSERT INTO FIVEWIDETABLE VALUES('2013-02-27 11:27:56.068000','','Good','Widgit',3048)
COMMIT
INSERT INTO FIVEWIDETABLE VALUES('2013-02-27 11:27:56.068000','WindowsME_BROKE','Warning','flashyThing',3049)
COMMIT
INSERT INTO FIVEWIDETABLE VALUES('2013-02-27 11:27:56.068000','Partial','Problem','Widgit',3050)
COMMIT
INSERT INTO FIVEWIDETABLE VALUES('2013-02-27 11:27:56.068000','','Good','flashyThing',3051)
COMMIT
INSERT INTO FIVEWIDETABLE VALUES('2013-02-27 11:27:56.068000','Partial','Warning','Widgit',3052)
COMMIT
INSERT INTO FIVEWIDETABLE VALUES('2013-02-27 11:27:56.068000','WindowsME_BROKE','Problem','flashyThing',3053)
COMMIT
INSERT INTO FIVEWIDETABLE VALUES('2013-02-27 11:27:56.068000','','Good','Widgit',3054)
COMMIT
INSERT INTO FIVEWIDETABLE VALUES('2013-02-27 11:27:56.069000','WindowsME_BROKE','Warning','flashyThing',3055)
COMMIT
INSERT INTO FIVEWIDETABLE VALUES('2013-02-27 11:27:56.069000','Partial','Problem','Widgit',3056)
COMMIT
INSERT INTO FIVEWIDETABLE VALUES('2013-02-27 11:27:56.069000','','Good','flashyThing',3057)
COMMIT
INSERT INTO FIVEWIDETABLE VALUES('2013-02-27 11:27:56.069000','Partial','Warning','Widgit',3058)
COMMIT
INSERT INTO FIVEWIDETABLE VALUES('2013-02-27 11:27:56.069000','WindowsME_BROKE','Problem','flashyThing',3059)
COMMIT
INSERT INTO FIVEWIDETABLE VALUES('2013-02-27 11:27:56.069000','','Good','Widgit',3060)
COMMIT
INSERT INTO FIVEWIDETABLE VALUES('2013-02-27 11:27:56.069000','WindowsME_BROKE','Warning','flashyThing',3061)
COMMIT
INSERT INTO FIVEWIDETABLE VALUES('2013-02-27 11:27:56.069000','Partial','Problem','Widgit',3062)
COMMIT
INSERT INTO FIVEWIDETABLE VALUES('2013-02-27 11:27:56.070000','','Good','flashyThing',3063)
COMMIT
INSERT INTO FIVEWIDETABLE VALUES('2013-02-27 11:27:56.070000','Partial','Warning','Widgit',3064)
COMMIT
INSERT INTO FIVEWIDETABLE VALUES('2013-02-27 11:27:56.070000','WindowsME_BROKE','Problem','flashyThing',3065)
COMMIT
INSERT INTO FIVEWIDETABLE VALUES('2013-02-27 11:27:56.070000','','Good','Widgit',3066)
COMMIT
INSERT INTO FIVEWIDETABLE VALUES('2013-02-27 11:27:56.070000','WindowsME_BROKE','Warning','flashyThing',3067)
COMMIT
INSERT INTO FIVEWIDETABLE VALUES('2013-02-27 11:27:56.070000','Partial','Problem','Widgit',3068)
COMMIT
INSERT INTO FIVEWIDETABLE VALUES('2013-02-27 11:27:56.070000','','Good','flashyThing',3069)
COMMIT
INSERT INTO FIVEWIDETABLE VALUES('2013-02-27 11:27:56.070000','Partial','Warning','Widgit',3070)
COMMIT
INSERT INTO FIVEWIDETABLE VALUES('2013-02-27 11:27:56.071000','WindowsME_BROKE','Problem','flashyThing',3071)
COMMIT
INSERT INTO FIVEWIDETABLE VALUES('2013-02-27 11:27:56.071000','','Good','Widgit',3072)
COMMIT
INSERT INTO FIVEWIDETABLE VALUES('2013-02-27 11:27:56.071000','WindowsME_BROKE','Warning','flashyThing',3073)
COMMIT
INSERT INTO FIVEWIDETABLE VALUES('2013-02-27 11:27:56.071000','Partial','Problem','Widgit',3074)
COMMIT
INSERT INTO FIVEWIDETABLE VALUES('2013-02-27 11:27:56.071000','','Good','flashyThing',3075)
COMMIT
INSERT INTO FIVEWIDETABLE VALUES('2013-02-27 11:27:56.071000','Partial','Warning','Widgit',3076)
COMMIT
INSERT INTO FIVEWIDETABLE VALUES('2013-02-27 11:27:56.071000','WindowsME_BROKE','Problem','flashyThing',3077)
COMMIT
INSERT INTO FIVEWIDETABLE VALUES('2013-02-27 11:27:56.071000','','Good','Widgit',3078)
COMMIT
INSERT INTO FIVEWIDETABLE VALUES('2013-02-27 11:27:56.072000','WindowsME_BROKE','Warning','flashyThing',3079)
COMMIT
INSERT INTO FIVEWIDETABLE VALUES('2013-02-27 11:27:56.072000','Partial','Problem','Widgit',3080)
COMMIT
INSERT INTO FIVEWIDETABLE VALUES('2013-02-27 11:27:56.072000','','Good','flashyThing',3081)
COMMIT
INSERT INTO FIVEWIDETABLE VALUES('2013-02-27 11:27:56.072000','Partial','Warning','Widgit',3082)
COMMIT
INSERT INTO FIVEWIDETABLE VALUES('2013-02-27 11:27:56.072000','WindowsME_BROKE','Problem','flashyThing',3083)
COMMIT
INSERT INTO FIVEWIDETABLE VALUES('2013-02-27 11:27:56.072000','','Good','Widgit',3084)
COMMIT
INSERT INTO FIVEWIDETABLE VALUES('2013-02-27 11:27:56.072000','WindowsME_BROKE','Warning','flashyThing',3085)
COMMIT
INSERT INTO FIVEWIDETABLE VALUES('2013-02-27 11:27:56.072000','Partial','Problem','Widgit',3086)
COMMIT
INSERT INTO FIVEWIDETABLE VALUES('2013-02-27 11:27:56.072000','','Good','flashyThing',3087)
COMMIT
INSERT INTO FIVEWIDETABLE VALUES('2013-02-27 11:27:56.073000','Partial','Warning','Widgit',3088)
COMMIT
INSERT INTO FIVEWIDETABLE VALUES('2013-02-27 11:27:56.073000','WindowsME_BROKE','Problem','flashyThing',3089)
COMMIT
INSERT INTO FIVEWIDETABLE VALUES('2013-02-27 11:27:56.073000','','Good','Widgit',3090)
COMMIT
INSERT INTO FIVEWIDETABLE VALUES('2013-02-27 11:27:56.073000','WindowsME_BROKE','Warning','flashyThing',3091)
COMMIT
INSERT INTO FIVEWIDETABLE VALUES('2013-02-27 11:27:56.073000','Partial','Problem','Widgit',3092)
COMMIT
INSERT INTO FIVEWIDETABLE VALUES('2013-02-27 11:27:56.073000','','Good','flashyThing',3093)
COMMIT
INSERT INTO FIVEWIDETABLE VALUES('2013-02-27 11:27:56.073000','Partial','Warning','Widgit',3094)
COMMIT
INSERT INTO FIVEWIDETABLE VALUES('2013-02-27 11:27:56.073000','WindowsME_BROKE','Problem','flashyThing',3095)
COMMIT
INSERT INTO FIVEWIDETABLE VALUES('2013-02-27 11:27:56.074000','','Good','Widgit',3096)
COMMIT
INSERT INTO FIVEWIDETABLE VALUES('2013-02-27 11:27:56.074000','WindowsME_BROKE','Warning','flashyThing',3097)
COMMIT
INSERT INTO FIVEWIDETABLE VALUES('2013-02-27 11:27:56.074000','Partial','Problem','Widgit',3098)
COMMIT
INSERT INTO FIVEWIDETABLE VALUES('2013-02-27 11:27:56.074000','','Good','flashyThing',3099)
COMMIT
INSERT INTO FIVEWIDETABLE VALUES('2013-02-27 11:27:56.074000','Partial','Warning','Widgit',3100)
COMMIT
INSERT INTO FIVEWIDETABLE VALUES('2013-02-27 11:27:56.074000','WindowsME_BROKE','Problem','flashyThing',3101)
COMMIT
INSERT INTO FIVEWIDETABLE VALUES('2013-02-27 11:27:56.074000','','Good','Widgit',3102)
COMMIT
INSERT INTO FIVEWIDETABLE VALUES('2013-02-27 11:27:56.074000','WindowsME_BROKE','Warning','flashyThing',3103)
COMMIT
INSERT INTO FIVEWIDETABLE VALUES('2013-02-27 11:27:56.074000','Partial','Problem','Widgit',3104)
COMMIT
INSERT INTO FIVEWIDETABLE VALUES('2013-02-27 11:27:56.075000','','Good','flashyThing',3105)
COMMIT
INSERT INTO FIVEWIDETABLE VALUES('2013-02-27 11:27:56.075000','Partial','Warning','Widgit',3106)
COMMIT
INSERT INTO FIVEWIDETABLE VALUES('2013-02-27 11:27:56.075000','WindowsME_BROKE','Problem','flashyThing',3107)
COMMIT
INSERT INTO FIVEWIDETABLE VALUES('2013-02-27 11:27:56.075000','','Good','Widgit',3108)
COMMIT
INSERT INTO FIVEWIDETABLE VALUES('2013-02-27 11:27:56.075000','WindowsME_BROKE','Warning','flashyThing',3109)
COMMIT
INSERT INTO FIVEWIDETABLE VALUES('2013-02-27 11:27:56.075000','Partial','Problem','Widgit',3110)
COMMIT
INSERT INTO FIVEWIDETABLE VALUES('2013-02-27 11:27:56.075000','','Good','flashyThing',3111)
COMMIT
INSERT INTO FIVEWIDETABLE VALUES('2013-02-27 11:27:56.075000','Partial','Warning','Widgit',3112)
COMMIT
INSERT INTO FIVEWIDETABLE VALUES('2013-02-27 11:27:56.076000','WindowsME_BROKE','Problem','flashyThing',3113)
COMMIT
INSERT INTO FIVEWIDETABLE VALUES('2013-02-27 11:27:56.076000','','Good','Widgit',3114)
COMMIT
INSERT INTO FIVEWIDETABLE VALUES('2013-02-27 11:27:56.076000','WindowsME_BROKE','Warning','flashyThing',3115)
COMMIT
INSERT INTO FIVEWIDETABLE VALUES('2013-02-27 11:27:56.076000','Partial','Problem','Widgit',3116)
COMMIT
INSERT INTO FIVEWIDETABLE VALUES('2013-02-27 11:27:56.076000','','Good','flashyThing',3117)
COMMIT
INSERT INTO FIVEWIDETABLE VALUES('2013-02-27 11:27:56.076000','Partial','Warning','Widgit',3118)
COMMIT
INSERT INTO FIVEWIDETABLE VALUES('2013-02-27 11:27:56.076000','WindowsME_BROKE','Problem','flashyThing',3119)
COMMIT
INSERT INTO FIVEWIDETABLE VALUES('2013-02-27 11:27:56.076000','','Good','Widgit',3120)
COMMIT
INSERT INTO FIVEWIDETABLE VALUES('2013-02-27 11:27:56.077000','WindowsME_BROKE','Warning','flashyThing',3121)
COMMIT
INSERT INTO FIVEWIDETABLE VALUES('2013-02-27 11:27:56.077000','Partial','Problem','Widgit',3122)
COMMIT
INSERT INTO FIVEWIDETABLE VALUES('2013-02-27 11:27:56.077000','','Good','flashyThing',3123)
COMMIT
INSERT INTO FIVEWIDETABLE VALUES('2013-02-27 11:27:56.077000','Partial','Warning','Widgit',3124)
COMMIT
INSERT INTO FIVEWIDETABLE VALUES('2013-02-27 11:27:56.077000','WindowsME_BROKE','Problem','flashyThing',3125)
COMMIT
INSERT INTO FIVEWIDETABLE VALUES('2013-02-27 11:27:56.077000','','Good','Widgit',3126)
COMMIT
INSERT INTO FIVEWIDETABLE VALUES('2013-02-27 11:27:56.077000','WindowsME_BROKE','Warning','flashyThing',3127)
COMMIT
INSERT INTO FIVEWIDETABLE VALUES('2013-02-27 11:27:56.077000','Partial','Problem','Widgit',3128)
COMMIT
INSERT INTO FIVEWIDETABLE VALUES('2013-02-27 11:27:56.077000','','Good','flashyThing',3129)
COMMIT
INSERT INTO FIVEWIDETABLE VALUES('2013-02-27 11:27:56.078000','Partial','Warning','Widgit',3130)
COMMIT
INSERT INTO FIVEWIDETABLE VALUES('2013-02-27 11:27:56.078000','WindowsME_BROKE','Problem','flashyThing',3131)
COMMIT
INSERT INTO FIVEWIDETABLE VALUES('2013-02-27 11:27:56.078000','','Good','Widgit',3132)
COMMIT
INSERT INTO FIVEWIDETABLE VALUES('2013-02-27 11:27:56.078000','WindowsME_BROKE','Warning','flashyThing',3133)
COMMIT
INSERT INTO FIVEWIDETABLE VALUES('2013-02-27 11:27:56.078000','Partial','Problem','Widgit',3134)
COMMIT
INSERT INTO FIVEWIDETABLE VALUES('2013-02-27 11:27:56.078000','','Good','flashyThing',3135)
COMMIT
INSERT INTO FIVEWIDETABLE VALUES('2013-02-27 11:27:56.078000','Partial','Warning','Widgit',3136)
COMMIT
INSERT INTO FIVEWIDETABLE VALUES('2013-02-27 11:27:56.078000','WindowsME_BROKE','Problem','flashyThing',3137)
COMMIT
INSERT INTO FIVEWIDETABLE VALUES('2013-02-27 11:27:56.078000','','Good','Widgit',3138)
COMMIT
INSERT INTO FIVEWIDETABLE VALUES('2013-02-27 11:27:56.079000','WindowsME_BROKE','Warning','flashyThing',3139)
COMMIT
INSERT INTO FIVEWIDETABLE VALUES('2013-02-27 11:27:56.079000','Partial','Problem','Widgit',3140)
COMMIT
INSERT INTO FIVEWIDETABLE VALUES('2013-02-27 11:27:56.079000','','Good','flashyThing',3141)
COMMIT
INSERT INTO FIVEWIDETABLE VALUES('2013-02-27 11:27:56.079000','Partial','Warning','Widgit',3142)
COMMIT
INSERT INTO FIVEWIDETABLE VALUES('2013-02-27 11:27:56.079000','WindowsME_BROKE','Problem','flashyThing',3143)
COMMIT
INSERT INTO FIVEWIDETABLE VALUES('2013-02-27 11:27:56.079000','','Good','Widgit',3144)
COMMIT
INSERT INTO FIVEWIDETABLE VALUES('2013-02-27 11:27:56.079000','WindowsME_BROKE','Warning','flashyThing',3145)
COMMIT
INSERT INTO FIVEWIDETABLE VALUES('2013-02-27 11:27:56.079000','Partial','Problem','Widgit',3146)
COMMIT
INSERT INTO FIVEWIDETABLE VALUES('2013-02-27 11:27:56.079000','','Good','flashyThing',3147)
COMMIT
INSERT INTO FIVEWIDETABLE VALUES('2013-02-27 11:27:56.080000','Partial','Warning','Widgit',3148)
COMMIT
INSERT INTO FIVEWIDETABLE VALUES('2013-02-27 11:27:56.080000','WindowsME_BROKE','Problem','flashyThing',3149)
COMMIT
INSERT INTO FIVEWIDETABLE VALUES('2013-02-27 11:27:56.080000','','Good','Widgit',3150)
COMMIT
INSERT INTO FIVEWIDETABLE VALUES('2013-02-27 11:27:56.080000','WindowsME_BROKE','Warning','flashyThing',3151)
COMMIT
INSERT INTO FIVEWIDETABLE VALUES('2013-02-27 11:27:56.080000','Partial','Problem','Widgit',3152)
COMMIT
INSERT INTO FIVEWIDETABLE VALUES('2013-02-27 11:27:56.080000','','Good','flashyThing',3153)
COMMIT
INSERT INTO FIVEWIDETABLE VALUES('2013-02-27 11:27:56.080000','Partial','Warning','Widgit',3154)
COMMIT
INSERT INTO FIVEWIDETABLE VALUES('2013-02-27 11:27:56.080000','WindowsME_BROKE','Problem','flashyThing',3155)
COMMIT
INSERT INTO FIVEWIDETABLE VALUES('2013-02-27 11:27:56.081000','','Good','Widgit',3156)
COMMIT
INSERT INTO FIVEWIDETABLE VALUES('2013-02-27 11:27:56.081000','WindowsME_BROKE','Warning','flashyThing',3157)
COMMIT
INSERT INTO FIVEWIDETABLE VALUES('2013-02-27 11:27:56.081000','Partial','Problem','Widgit',3158)
COMMIT
INSERT INTO FIVEWIDETABLE VALUES('2013-02-27 11:27:56.081000','','Good','flashyThing',3159)
COMMIT
INSERT INTO FIVEWIDETABLE VALUES('2013-02-27 11:27:56.081000','Partial','Warning','Widgit',3160)
COMMIT
INSERT INTO FIVEWIDETABLE VALUES('2013-02-27 11:27:56.081000','WindowsME_BROKE','Problem','flashyThing',3161)
COMMIT
INSERT INTO FIVEWIDETABLE VALUES('2013-02-27 11:27:56.081000','','Good','Widgit',3162)
COMMIT
INSERT INTO FIVEWIDETABLE VALUES('2013-02-27 11:27:56.081000','WindowsME_BROKE','Warning','flashyThing',3163)
COMMIT
INSERT INTO FIVEWIDETABLE VALUES('2013-02-27 11:27:56.081000','Partial','Problem','Widgit',3164)
COMMIT
INSERT INTO FIVEWIDETABLE VALUES('2013-02-27 11:27:56.082000','','Good','flashyThing',3165)
COMMIT
INSERT INTO FIVEWIDETABLE VALUES('2013-02-27 11:27:56.082000','Partial','Warning','Widgit',3166)
COMMIT
INSERT INTO FIVEWIDETABLE VALUES('2013-02-27 11:27:56.082000','WindowsME_BROKE','Problem','flashyThing',3167)
COMMIT
INSERT INTO FIVEWIDETABLE VALUES('2013-02-27 11:27:56.082000','','Good','Widgit',3168)
COMMIT
INSERT INTO FIVEWIDETABLE VALUES('2013-02-27 11:27:56.082000','WindowsME_BROKE','Warning','flashyThing',3169)
COMMIT
INSERT INTO FIVEWIDETABLE VALUES('2013-02-27 11:27:56.082000','Partial','Problem','Widgit',3170)
COMMIT
INSERT INTO FIVEWIDETABLE VALUES('2013-02-27 11:27:56.082000','','Good','flashyThing',3171)
COMMIT
INSERT INTO FIVEWIDETABLE VALUES('2013-02-27 11:27:56.082000','Partial','Warning','Widgit',3172)
COMMIT
INSERT INTO FIVEWIDETABLE VALUES('2013-02-27 11:27:56.082000','WindowsME_BROKE','Problem','flashyThing',3173)
COMMIT
INSERT INTO FIVEWIDETABLE VALUES('2013-02-27 11:27:56.083000','','Good','Widgit',3174)
COMMIT
INSERT INTO FIVEWIDETABLE VALUES('2013-02-27 11:27:56.083000','WindowsME_BROKE','Warning','flashyThing',3175)
COMMIT
INSERT INTO FIVEWIDETABLE VALUES('2013-02-27 11:27:56.083000','Partial','Problem','Widgit',3176)
COMMIT
INSERT INTO FIVEWIDETABLE VALUES('2013-02-27 11:27:56.083000','','Good','flashyThing',3177)
COMMIT
INSERT INTO FIVEWIDETABLE VALUES('2013-02-27 11:27:56.083000','Partial','Warning','Widgit',3178)
COMMIT
INSERT INTO FIVEWIDETABLE VALUES('2013-02-27 11:27:56.083000','WindowsME_BROKE','Problem','flashyThing',3179)
COMMIT
INSERT INTO FIVEWIDETABLE VALUES('2013-02-27 11:27:56.083000','','Good','Widgit',3180)
COMMIT
INSERT INTO FIVEWIDETABLE VALUES('2013-02-27 11:27:56.083000','WindowsME_BROKE','Warning','flashyThing',3181)
COMMIT
INSERT INTO FIVEWIDETABLE VALUES('2013-02-27 11:27:56.083000','Partial','Problem','Widgit',3182)
COMMIT
INSERT INTO FIVEWIDETABLE VALUES('2013-02-27 11:27:56.084000','','Good','flashyThing',3183)
COMMIT
INSERT INTO FIVEWIDETABLE VALUES('2013-02-27 11:27:56.084000','Partial','Warning','Widgit',3184)
COMMIT
INSERT INTO FIVEWIDETABLE VALUES('2013-02-27 11:27:56.084000','WindowsME_BROKE','Problem','flashyThing',3185)
COMMIT
INSERT INTO FIVEWIDETABLE VALUES('2013-02-27 11:27:56.084000','','Good','Widgit',3186)
COMMIT
INSERT INTO FIVEWIDETABLE VALUES('2013-02-27 11:27:56.084000','WindowsME_BROKE','Warning','flashyThing',3187)
COMMIT
INSERT INTO FIVEWIDETABLE VALUES('2013-02-27 11:27:56.084000','Partial','Problem','Widgit',3188)
COMMIT
INSERT INTO FIVEWIDETABLE VALUES('2013-02-27 11:27:56.084000','','Good','flashyThing',3189)
COMMIT
INSERT INTO FIVEWIDETABLE VALUES('2013-02-27 11:27:56.084000','Partial','Warning','Widgit',3190)
COMMIT
INSERT INTO FIVEWIDETABLE VALUES('2013-02-27 11:27:56.084000','WindowsME_BROKE','Problem','flashyThing',3191)
COMMIT
INSERT INTO FIVEWIDETABLE VALUES('2013-02-27 11:27:56.085000','','Good','Widgit',3192)
COMMIT
INSERT INTO FIVEWIDETABLE VALUES('2013-02-27 11:27:56.085000','WindowsME_BROKE','Warning','flashyThing',3193)
COMMIT
INSERT INTO FIVEWIDETABLE VALUES('2013-02-27 11:27:56.085000','Partial','Problem','Widgit',3194)
COMMIT
INSERT INTO FIVEWIDETABLE VALUES('2013-02-27 11:27:56.085000','','Good','flashyThing',3195)
COMMIT
INSERT INTO FIVEWIDETABLE VALUES('2013-02-27 11:27:56.085000','Partial','Warning','Widgit',3196)
COMMIT
INSERT INTO FIVEWIDETABLE VALUES('2013-02-27 11:27:56.085000','WindowsME_BROKE','Problem','flashyThing',3197)
COMMIT
INSERT INTO FIVEWIDETABLE VALUES('2013-02-27 11:27:56.085000','','Good','Widgit',3198)
COMMIT
INSERT INTO FIVEWIDETABLE VALUES('2013-02-27 11:27:56.085000','WindowsME_BROKE','Warning','flashyThing',3199)
COMMIT
INSERT INTO FIVEWIDETABLE VALUES('2013-02-27 11:27:56.086000','Partial','Problem','Widgit',3200)
COMMIT
INSERT INTO FIVEWIDETABLE VALUES('2013-02-27 11:27:56.086000','','Good','flashyThing',3201)
COMMIT
INSERT INTO FIVEWIDETABLE VALUES('2013-02-27 11:27:56.086000','Partial','Warning','Widgit',3202)
COMMIT
INSERT INTO FIVEWIDETABLE VALUES('2013-02-27 11:27:56.086000','WindowsME_BROKE','Problem','flashyThing',3203)
COMMIT
INSERT INTO FIVEWIDETABLE VALUES('2013-02-27 11:27:56.086000','','Good','Widgit',3204)
COMMIT
INSERT INTO FIVEWIDETABLE VALUES('2013-02-27 11:27:56.086000','WindowsME_BROKE','Warning','flashyThing',3205)
COMMIT
INSERT INTO FIVEWIDETABLE VALUES('2013-02-27 11:27:56.086000','Partial','Problem','Widgit',3206)
COMMIT
INSERT INTO FIVEWIDETABLE VALUES('2013-02-27 11:27:56.086000','','Good','flashyThing',3207)
COMMIT
INSERT INTO FIVEWIDETABLE VALUES('2013-02-27 11:27:56.086000','Partial','Warning','Widgit',3208)
COMMIT
INSERT INTO FIVEWIDETABLE VALUES('2013-02-27 11:27:56.087000','WindowsME_BROKE','Problem','flashyThing',3209)
COMMIT
INSERT INTO FIVEWIDETABLE VALUES('2013-02-27 11:27:56.087000','','Good','Widgit',3210)
COMMIT
INSERT INTO FIVEWIDETABLE VALUES('2013-02-27 11:27:56.087000','WindowsME_BROKE','Warning','flashyThing',3211)
COMMIT
INSERT INTO FIVEWIDETABLE VALUES('2013-02-27 11:27:56.087000','Partial','Problem','Widgit',3212)
COMMIT
INSERT INTO FIVEWIDETABLE VALUES('2013-02-27 11:27:56.087000','','Good','flashyThing',3213)
COMMIT
INSERT INTO FIVEWIDETABLE VALUES('2013-02-27 11:27:56.087000','Partial','Warning','Widgit',3214)
COMMIT
INSERT INTO FIVEWIDETABLE VALUES('2013-02-27 11:27:56.087000','WindowsME_BROKE','Problem','flashyThing',3215)
COMMIT
INSERT INTO FIVEWIDETABLE VALUES('2013-02-27 11:27:56.087000','','Good','Widgit',3216)
COMMIT
INSERT INTO FIVEWIDETABLE VALUES('2013-02-27 11:27:56.087000','WindowsME_BROKE','Warning','flashyThing',3217)
COMMIT
INSERT INTO FIVEWIDETABLE VALUES('2013-02-27 11:27:56.088000','Partial','Problem','Widgit',3218)
COMMIT
INSERT INTO FIVEWIDETABLE VALUES('2013-02-27 11:27:56.088000','','Good','flashyThing',3219)
COMMIT
INSERT INTO FIVEWIDETABLE VALUES('2013-02-27 11:27:56.088000','Partial','Warning','Widgit',3220)
COMMIT
INSERT INTO FIVEWIDETABLE VALUES('2013-02-27 11:27:56.088000','WindowsME_BROKE','Problem','flashyThing',3221)
COMMIT
INSERT INTO FIVEWIDETABLE VALUES('2013-02-27 11:27:56.088000','','Good','Widgit',3222)
COMMIT
INSERT INTO FIVEWIDETABLE VALUES('2013-02-27 11:27:56.088000','WindowsME_BROKE','Warning','flashyThing',3223)
COMMIT
INSERT INTO FIVEWIDETABLE VALUES('2013-02-27 11:27:56.088000','Partial','Problem','Widgit',3224)
COMMIT
INSERT INTO FIVEWIDETABLE VALUES('2013-02-27 11:27:56.088000','','Good','flashyThing',3225)
COMMIT
INSERT INTO FIVEWIDETABLE VALUES('2013-02-27 11:27:56.088000','Partial','Warning','Widgit',3226)
COMMIT
INSERT INTO FIVEWIDETABLE VALUES('2013-02-27 11:27:56.089000','WindowsME_BROKE','Problem','flashyThing',3227)
COMMIT
INSERT INTO FIVEWIDETABLE VALUES('2013-02-27 11:27:56.089000','','Good','Widgit',3228)
COMMIT
INSERT INTO FIVEWIDETABLE VALUES('2013-02-27 11:27:56.089000','WindowsME_BROKE','Warning','flashyThing',3229)
COMMIT
INSERT INTO FIVEWIDETABLE VALUES('2013-02-27 11:27:56.089000','Partial','Problem','Widgit',3230)
COMMIT
INSERT INTO FIVEWIDETABLE VALUES('2013-02-27 11:27:56.089000','','Good','flashyThing',3231)
COMMIT
INSERT INTO FIVEWIDETABLE VALUES('2013-02-27 11:27:56.089000','Partial','Warning','Widgit',3232)
COMMIT
INSERT INTO FIVEWIDETABLE VALUES('2013-02-27 11:27:56.089000','WindowsME_BROKE','Problem','flashyThing',3233)
COMMIT
INSERT INTO FIVEWIDETABLE VALUES('2013-02-27 11:27:56.089000','','Good','Widgit',3234)
COMMIT
INSERT INTO FIVEWIDETABLE VALUES('2013-02-27 11:27:56.089000','WindowsME_BROKE','Warning','flashyThing',3235)
COMMIT
INSERT INTO FIVEWIDETABLE VALUES('2013-02-27 11:27:56.090000','Partial','Problem','Widgit',3236)
COMMIT
INSERT INTO FIVEWIDETABLE VALUES('2013-02-27 11:27:56.090000','','Good','flashyThing',3237)
COMMIT
INSERT INTO FIVEWIDETABLE VALUES('2013-02-27 11:27:56.090000','Partial','Warning','Widgit',3238)
COMMIT
INSERT INTO FIVEWIDETABLE VALUES('2013-02-27 11:27:56.090000','WindowsME_BROKE','Problem','flashyThing',3239)
COMMIT
INSERT INTO FIVEWIDETABLE VALUES('2013-02-27 11:27:56.090000','','Good','Widgit',3240)
COMMIT
INSERT INTO FIVEWIDETABLE VALUES('2013-02-27 11:27:56.090000','WindowsME_BROKE','Warning','flashyThing',3241)
COMMIT
INSERT INTO FIVEWIDETABLE VALUES('2013-02-27 11:27:56.090000','Partial','Problem','Widgit',3242)
COMMIT
INSERT INTO FIVEWIDETABLE VALUES('2013-02-27 11:27:56.090000','','Good','flashyThing',3243)
COMMIT
INSERT INTO FIVEWIDETABLE VALUES('2013-02-27 11:27:56.090000','Partial','Warning','Widgit',3244)
COMMIT
INSERT INTO FIVEWIDETABLE VALUES('2013-02-27 11:27:56.091000','WindowsME_BROKE','Problem','flashyThing',3245)
COMMIT
INSERT INTO FIVEWIDETABLE VALUES('2013-02-27 11:27:56.091000','','Good','Widgit',3246)
COMMIT
INSERT INTO FIVEWIDETABLE VALUES('2013-02-27 11:27:56.091000','WindowsME_BROKE','Warning','flashyThing',3247)
COMMIT
INSERT INTO FIVEWIDETABLE VALUES('2013-02-27 11:27:56.091000','Partial','Problem','Widgit',3248)
COMMIT
INSERT INTO FIVEWIDETABLE VALUES('2013-02-27 11:27:56.091000','','Good','flashyThing',3249)
COMMIT
INSERT INTO FIVEWIDETABLE VALUES('2013-02-27 11:27:56.091000','Partial','Warning','Widgit',3250)
COMMIT
INSERT INTO FIVEWIDETABLE VALUES('2013-02-27 11:27:56.091000','WindowsME_BROKE','Problem','flashyThing',3251)
COMMIT
INSERT INTO FIVEWIDETABLE VALUES('2013-02-27 11:27:56.091000','','Good','Widgit',3252)
COMMIT
INSERT INTO FIVEWIDETABLE VALUES('2013-02-27 11:27:56.091000','WindowsME_BROKE','Warning','flashyThing',3253)
COMMIT
INSERT INTO FIVEWIDETABLE VALUES('2013-02-27 11:27:56.092000','Partial','Problem','Widgit',3254)
COMMIT
INSERT INTO FIVEWIDETABLE VALUES('2013-02-27 11:27:56.092000','','Good','flashyThing',3255)
COMMIT
INSERT INTO FIVEWIDETABLE VALUES('2013-02-27 11:27:56.092000','Partial','Warning','Widgit',3256)
COMMIT
INSERT INTO FIVEWIDETABLE VALUES('2013-02-27 11:27:56.092000','WindowsME_BROKE','Problem','flashyThing',3257)
COMMIT
INSERT INTO FIVEWIDETABLE VALUES('2013-02-27 11:27:56.092000','','Good','Widgit',3258)
COMMIT
INSERT INTO FIVEWIDETABLE VALUES('2013-02-27 11:27:56.092000','WindowsME_BROKE','Warning','flashyThing',3259)
COMMIT
INSERT INTO FIVEWIDETABLE VALUES('2013-02-27 11:27:56.092000','Partial','Problem','Widgit',3260)
COMMIT
INSERT INTO FIVEWIDETABLE VALUES('2013-02-27 11:27:56.092000','','Good','flashyThing',3261)
COMMIT
INSERT INTO FIVEWIDETABLE VALUES('2013-02-27 11:27:56.093000','Partial','Warning','Widgit',3262)
COMMIT
INSERT INTO FIVEWIDETABLE VALUES('2013-02-27 11:27:56.093000','WindowsME_BROKE','Problem','flashyThing',3263)
COMMIT
INSERT INTO FIVEWIDETABLE VALUES('2013-02-27 11:27:56.093000','','Good','Widgit',3264)
COMMIT
INSERT INTO FIVEWIDETABLE VALUES('2013-02-27 11:27:56.093000','WindowsME_BROKE','Warning','flashyThing',3265)
COMMIT
INSERT INTO FIVEWIDETABLE VALUES('2013-02-27 11:27:56.093000','Partial','Problem','Widgit',3266)
COMMIT
INSERT INTO FIVEWIDETABLE VALUES('2013-02-27 11:27:56.093000','','Good','flashyThing',3267)
COMMIT
INSERT INTO FIVEWIDETABLE VALUES('2013-02-27 11:27:56.093000','Partial','Warning','Widgit',3268)
COMMIT
INSERT INTO FIVEWIDETABLE VALUES('2013-02-27 11:27:56.093000','WindowsME_BROKE','Problem','flashyThing',3269)
COMMIT
INSERT INTO FIVEWIDETABLE VALUES('2013-02-27 11:27:56.093000','','Good','Widgit',3270)
COMMIT
INSERT INTO FIVEWIDETABLE VALUES('2013-02-27 11:27:56.094000','WindowsME_BROKE','Warning','flashyThing',3271)
COMMIT
INSERT INTO FIVEWIDETABLE VALUES('2013-02-27 11:27:56.094000','Partial','Problem','Widgit',3272)
COMMIT
INSERT INTO FIVEWIDETABLE VALUES('2013-02-27 11:27:56.094000','','Good','flashyThing',3273)
COMMIT
INSERT INTO FIVEWIDETABLE VALUES('2013-02-27 11:27:56.094000','Partial','Warning','Widgit',3274)
COMMIT
INSERT INTO FIVEWIDETABLE VALUES('2013-02-27 11:27:56.094000','WindowsME_BROKE','Problem','flashyThing',3275)
COMMIT
INSERT INTO FIVEWIDETABLE VALUES('2013-02-27 11:27:56.094000','','Good','Widgit',3276)
COMMIT
INSERT INTO FIVEWIDETABLE VALUES('2013-02-27 11:27:56.094000','WindowsME_BROKE','Warning','flashyThing',3277)
COMMIT
INSERT INTO FIVEWIDETABLE VALUES('2013-02-27 11:27:56.094000','Partial','Problem','Widgit',3278)
COMMIT
INSERT INTO FIVEWIDETABLE VALUES('2013-02-27 11:27:56.094000','','Good','flashyThing',3279)
COMMIT
INSERT INTO FIVEWIDETABLE VALUES('2013-02-27 11:27:56.095000','Partial','Warning','Widgit',3280)
COMMIT
INSERT INTO FIVEWIDETABLE VALUES('2013-02-27 11:27:56.095000','WindowsME_BROKE','Problem','flashyThing',3281)
COMMIT
INSERT INTO FIVEWIDETABLE VALUES('2013-02-27 11:27:56.095000','','Good','Widgit',3282)
COMMIT
INSERT INTO FIVEWIDETABLE VALUES('2013-02-27 11:27:56.095000','WindowsME_BROKE','Warning','flashyThing',3283)
COMMIT
INSERT INTO FIVEWIDETABLE VALUES('2013-02-27 11:27:56.095000','Partial','Problem','Widgit',3284)
COMMIT
INSERT INTO FIVEWIDETABLE VALUES('2013-02-27 11:27:56.095000','','Good','flashyThing',3285)
COMMIT
INSERT INTO FIVEWIDETABLE VALUES('2013-02-27 11:27:56.095000','Partial','Warning','Widgit',3286)
COMMIT
INSERT INTO FIVEWIDETABLE VALUES('2013-02-27 11:27:56.095000','WindowsME_BROKE','Problem','flashyThing',3287)
COMMIT
INSERT INTO FIVEWIDETABLE VALUES('2013-02-27 11:27:56.095000','','Good','Widgit',3288)
COMMIT
INSERT INTO FIVEWIDETABLE VALUES('2013-02-27 11:27:56.096000','WindowsME_BROKE','Warning','flashyThing',3289)
COMMIT
INSERT INTO FIVEWIDETABLE VALUES('2013-02-27 11:27:56.096000','Partial','Problem','Widgit',3290)
COMMIT
INSERT INTO FIVEWIDETABLE VALUES('2013-02-27 11:27:56.096000','','Good','flashyThing',3291)
COMMIT
INSERT INTO FIVEWIDETABLE VALUES('2013-02-27 11:27:56.096000','Partial','Warning','Widgit',3292)
COMMIT
INSERT INTO FIVEWIDETABLE VALUES('2013-02-27 11:27:56.096000','WindowsME_BROKE','Problem','flashyThing',3293)
COMMIT
INSERT INTO FIVEWIDETABLE VALUES('2013-02-27 11:27:56.096000','','Good','Widgit',3294)
COMMIT
INSERT INTO FIVEWIDETABLE VALUES('2013-02-27 11:27:56.096000','WindowsME_BROKE','Warning','flashyThing',3295)
COMMIT
INSERT INTO FIVEWIDETABLE VALUES('2013-02-27 11:27:56.096000','Partial','Problem','Widgit',3296)
COMMIT
INSERT INTO FIVEWIDETABLE VALUES('2013-02-27 11:27:56.096000','','Good','flashyThing',3297)
COMMIT
INSERT INTO FIVEWIDETABLE VALUES('2013-02-27 11:27:56.097000','Partial','Warning','Widgit',3298)
COMMIT
INSERT INTO FIVEWIDETABLE VALUES('2013-02-27 11:27:56.097000','WindowsME_BROKE','Problem','flashyThing',3299)
COMMIT
INSERT INTO FIVEWIDETABLE VALUES('2013-02-27 11:27:56.097000','','Good','Widgit',3300)
COMMIT
INSERT INTO FIVEWIDETABLE VALUES('2013-02-27 11:27:56.097000','WindowsME_BROKE','Warning','flashyThing',3301)
COMMIT
INSERT INTO FIVEWIDETABLE VALUES('2013-02-27 11:27:56.097000','Partial','Problem','Widgit',3302)
COMMIT
INSERT INTO FIVEWIDETABLE VALUES('2013-02-27 11:27:56.097000','','Good','flashyThing',3303)
COMMIT
INSERT INTO FIVEWIDETABLE VALUES('2013-02-27 11:27:56.097000','Partial','Warning','Widgit',3304)
COMMIT
INSERT INTO FIVEWIDETABLE VALUES('2013-02-27 11:27:56.098000','WindowsME_BROKE','Problem','flashyThing',3305)
COMMIT
INSERT INTO FIVEWIDETABLE VALUES('2013-02-27 11:27:56.098000','','Good','Widgit',3306)
COMMIT
INSERT INTO FIVEWIDETABLE VALUES('2013-02-27 11:27:56.098000','WindowsME_BROKE','Warning','flashyThing',3307)
COMMIT
INSERT INTO FIVEWIDETABLE VALUES('2013-02-27 11:27:56.098000','Partial','Problem','Widgit',3308)
COMMIT
INSERT INTO FIVEWIDETABLE VALUES('2013-02-27 11:27:56.098000','','Good','flashyThing',3309)
COMMIT
INSERT INTO FIVEWIDETABLE VALUES('2013-02-27 11:27:56.098000','Partial','Warning','Widgit',3310)
COMMIT
INSERT INTO FIVEWIDETABLE VALUES('2013-02-27 11:27:56.098000','WindowsME_BROKE','Problem','flashyThing',3311)
COMMIT
INSERT INTO FIVEWIDETABLE VALUES('2013-02-27 11:27:56.098000','','Good','Widgit',3312)
COMMIT
INSERT INTO FIVEWIDETABLE VALUES('2013-02-27 11:27:56.098000','WindowsME_BROKE','Warning','flashyThing',3313)
COMMIT
INSERT INTO FIVEWIDETABLE VALUES('2013-02-27 11:27:56.099000','Partial','Problem','Widgit',3314)
COMMIT
INSERT INTO FIVEWIDETABLE VALUES('2013-02-27 11:27:56.099000','','Good','flashyThing',3315)
COMMIT
INSERT INTO FIVEWIDETABLE VALUES('2013-02-27 11:27:56.099000','Partial','Warning','Widgit',3316)
COMMIT
INSERT INTO FIVEWIDETABLE VALUES('2013-02-27 11:27:56.099000','WindowsME_BROKE','Problem','flashyThing',3317)
COMMIT
INSERT INTO FIVEWIDETABLE VALUES('2013-02-27 11:27:56.099000','','Good','Widgit',3318)
COMMIT
INSERT INTO FIVEWIDETABLE VALUES('2013-02-27 11:27:56.099000','WindowsME_BROKE','Warning','flashyThing',3319)
COMMIT
INSERT INTO FIVEWIDETABLE VALUES('2013-02-27 11:27:56.099000','Partial','Problem','Widgit',3320)
COMMIT
INSERT INTO FIVEWIDETABLE VALUES('2013-02-27 11:27:56.099000','','Good','flashyThing',3321)
COMMIT
INSERT INTO FIVEWIDETABLE VALUES('2013-02-27 11:27:56.099000','Partial','Warning','Widgit',3322)
COMMIT
INSERT INTO FIVEWIDETABLE VALUES('2013-02-27 11:27:56.100000','WindowsME_BROKE','Problem','flashyThing',3323)
COMMIT
INSERT INTO FIVEWIDETABLE VALUES('2013-02-27 11:27:56.100000','','Good','Widgit',3324)
COMMIT
INSERT INTO FIVEWIDETABLE VALUES('2013-02-27 11:27:56.100000','WindowsME_BROKE','Warning','flashyThing',3325)
COMMIT
INSERT INTO FIVEWIDETABLE VALUES('2013-02-27 11:27:56.100000','Partial','Problem','Widgit',3326)
COMMIT
INSERT INTO FIVEWIDETABLE VALUES('2013-02-27 11:27:56.100000','','Good','flashyThing',3327)
COMMIT
INSERT INTO FIVEWIDETABLE VALUES('2013-02-27 11:27:56.100000','Partial','Warning','Widgit',3328)
COMMIT
INSERT INTO FIVEWIDETABLE VALUES('2013-02-27 11:27:56.100000','WindowsME_BROKE','Problem','flashyThing',3329)
COMMIT
INSERT INTO FIVEWIDETABLE VALUES('2013-02-27 11:27:56.100000','','Good','Widgit',3330)
COMMIT
INSERT INTO FIVEWIDETABLE VALUES('2013-02-27 11:27:56.100000','WindowsME_BROKE','Warning','flashyThing',3331)
COMMIT
INSERT INTO FIVEWIDETABLE VALUES('2013-02-27 11:27:56.100000','Partial','Problem','Widgit',3332)
COMMIT
INSERT INTO FIVEWIDETABLE VALUES('2013-02-27 11:27:56.101000','','Good','flashyThing',3333)
COMMIT
INSERT INTO FIVEWIDETABLE VALUES('2013-02-27 11:27:56.101000','Partial','Warning','Widgit',3334)
COMMIT
INSERT INTO FIVEWIDETABLE VALUES('2013-02-27 11:27:56.101000','WindowsME_BROKE','Problem','flashyThing',3335)
COMMIT
INSERT INTO FIVEWIDETABLE VALUES('2013-02-27 11:27:56.101000','','Good','Widgit',3336)
COMMIT
INSERT INTO FIVEWIDETABLE VALUES('2013-02-27 11:27:56.101000','WindowsME_BROKE','Warning','flashyThing',3337)
COMMIT
INSERT INTO FIVEWIDETABLE VALUES('2013-02-27 11:27:56.101000','Partial','Problem','Widgit',3338)
COMMIT
INSERT INTO FIVEWIDETABLE VALUES('2013-02-27 11:27:56.101000','','Good','flashyThing',3339)
COMMIT
INSERT INTO FIVEWIDETABLE VALUES('2013-02-27 11:27:56.101000','Partial','Warning','Widgit',3340)
COMMIT
INSERT INTO FIVEWIDETABLE VALUES('2013-02-27 11:27:56.101000','WindowsME_BROKE','Problem','flashyThing',3341)
COMMIT
INSERT INTO FIVEWIDETABLE VALUES('2013-02-27 11:27:56.102000','','Good','Widgit',3342)
COMMIT
INSERT INTO FIVEWIDETABLE VALUES('2013-02-27 11:27:56.102000','WindowsME_BROKE','Warning','flashyThing',3343)
COMMIT
INSERT INTO FIVEWIDETABLE VALUES('2013-02-27 11:27:56.102000','Partial','Problem','Widgit',3344)
COMMIT
INSERT INTO FIVEWIDETABLE VALUES('2013-02-27 11:27:56.102000','','Good','flashyThing',3345)
COMMIT
INSERT INTO FIVEWIDETABLE VALUES('2013-02-27 11:27:56.102000','Partial','Warning','Widgit',3346)
COMMIT
INSERT INTO FIVEWIDETABLE VALUES('2013-02-27 11:27:56.102000','WindowsME_BROKE','Problem','flashyThing',3347)
COMMIT
INSERT INTO FIVEWIDETABLE VALUES('2013-02-27 11:27:56.102000','','Good','Widgit',3348)
COMMIT
INSERT INTO FIVEWIDETABLE VALUES('2013-02-27 11:27:56.102000','WindowsME_BROKE','Warning','flashyThing',3349)
COMMIT
INSERT INTO FIVEWIDETABLE VALUES('2013-02-27 11:27:56.102000','Partial','Problem','Widgit',3350)
COMMIT
INSERT INTO FIVEWIDETABLE VALUES('2013-02-27 11:27:56.103000','','Good','flashyThing',3351)
COMMIT
INSERT INTO FIVEWIDETABLE VALUES('2013-02-27 11:27:56.103000','Partial','Warning','Widgit',3352)
COMMIT
INSERT INTO FIVEWIDETABLE VALUES('2013-02-27 11:27:56.103000','WindowsME_BROKE','Problem','flashyThing',3353)
COMMIT
INSERT INTO FIVEWIDETABLE VALUES('2013-02-27 11:27:56.103000','','Good','Widgit',3354)
COMMIT
INSERT INTO FIVEWIDETABLE VALUES('2013-02-27 11:27:56.103000','WindowsME_BROKE','Warning','flashyThing',3355)
COMMIT
INSERT INTO FIVEWIDETABLE VALUES('2013-02-27 11:27:56.103000','Partial','Problem','Widgit',3356)
COMMIT
INSERT INTO FIVEWIDETABLE VALUES('2013-02-27 11:27:56.103000','','Good','flashyThing',3357)
COMMIT
INSERT INTO FIVEWIDETABLE VALUES('2013-02-27 11:27:56.103000','Partial','Warning','Widgit',3358)
COMMIT
INSERT INTO FIVEWIDETABLE VALUES('2013-02-27 11:27:56.103000','WindowsME_BROKE','Problem','flashyThing',3359)
COMMIT
INSERT INTO FIVEWIDETABLE VALUES('2013-02-27 11:27:56.103000','','Good','Widgit',3360)
COMMIT
INSERT INTO FIVEWIDETABLE VALUES('2013-02-27 11:27:56.104000','WindowsME_BROKE','Warning','flashyThing',3361)
COMMIT
INSERT INTO FIVEWIDETABLE VALUES('2013-02-27 11:27:56.104000','Partial','Problem','Widgit',3362)
COMMIT
INSERT INTO FIVEWIDETABLE VALUES('2013-02-27 11:27:56.104000','','Good','flashyThing',3363)
COMMIT
INSERT INTO FIVEWIDETABLE VALUES('2013-02-27 11:27:56.104000','Partial','Warning','Widgit',3364)
COMMIT
INSERT INTO FIVEWIDETABLE VALUES('2013-02-27 11:27:56.104000','WindowsME_BROKE','Problem','flashyThing',3365)
COMMIT
INSERT INTO FIVEWIDETABLE VALUES('2013-02-27 11:27:56.104000','','Good','Widgit',3366)
COMMIT
INSERT INTO FIVEWIDETABLE VALUES('2013-02-27 11:27:56.104000','WindowsME_BROKE','Warning','flashyThing',3367)
COMMIT
INSERT INTO FIVEWIDETABLE VALUES('2013-02-27 11:27:56.104000','Partial','Problem','Widgit',3368)
COMMIT
INSERT INTO FIVEWIDETABLE VALUES('2013-02-27 11:27:56.104000','','Good','flashyThing',3369)
COMMIT
INSERT INTO FIVEWIDETABLE VALUES('2013-02-27 11:27:56.105000','Partial','Warning','Widgit',3370)
COMMIT
INSERT INTO FIVEWIDETABLE VALUES('2013-02-27 11:27:56.105000','WindowsME_BROKE','Problem','flashyThing',3371)
COMMIT
INSERT INTO FIVEWIDETABLE VALUES('2013-02-27 11:27:56.105000','','Good','Widgit',3372)
COMMIT
INSERT INTO FIVEWIDETABLE VALUES('2013-02-27 11:27:56.105000','WindowsME_BROKE','Warning','flashyThing',3373)
COMMIT
INSERT INTO FIVEWIDETABLE VALUES('2013-02-27 11:27:56.105000','Partial','Problem','Widgit',3374)
COMMIT
INSERT INTO FIVEWIDETABLE VALUES('2013-02-27 11:27:56.105000','','Good','flashyThing',3375)
COMMIT
INSERT INTO FIVEWIDETABLE VALUES('2013-02-27 11:27:56.105000','Partial','Warning','Widgit',3376)
COMMIT
INSERT INTO FIVEWIDETABLE VALUES('2013-02-27 11:27:56.105000','WindowsME_BROKE','Problem','flashyThing',3377)
COMMIT
INSERT INTO FIVEWIDETABLE VALUES('2013-02-27 11:27:56.105000','','Good','Widgit',3378)
COMMIT
INSERT INTO FIVEWIDETABLE VALUES('2013-02-27 11:27:56.105000','WindowsME_BROKE','Warning','flashyThing',3379)
COMMIT
INSERT INTO FIVEWIDETABLE VALUES('2013-02-27 11:27:56.106000','Partial','Problem','Widgit',3380)
COMMIT
INSERT INTO FIVEWIDETABLE VALUES('2013-02-27 11:27:56.106000','','Good','flashyThing',3381)
COMMIT
INSERT INTO FIVEWIDETABLE VALUES('2013-02-27 11:27:56.106000','Partial','Warning','Widgit',3382)
COMMIT
INSERT INTO FIVEWIDETABLE VALUES('2013-02-27 11:27:56.106000','WindowsME_BROKE','Problem','flashyThing',3383)
COMMIT
INSERT INTO FIVEWIDETABLE VALUES('2013-02-27 11:27:56.106000','','Good','Widgit',3384)
COMMIT
INSERT INTO FIVEWIDETABLE VALUES('2013-02-27 11:27:56.106000','WindowsME_BROKE','Warning','flashyThing',3385)
COMMIT
INSERT INTO FIVEWIDETABLE VALUES('2013-02-27 11:27:56.106000','Partial','Problem','Widgit',3386)
COMMIT
INSERT INTO FIVEWIDETABLE VALUES('2013-02-27 11:27:56.106000','','Good','flashyThing',3387)
COMMIT
INSERT INTO FIVEWIDETABLE VALUES('2013-02-27 11:27:56.106000','Partial','Warning','Widgit',3388)
COMMIT
INSERT INTO FIVEWIDETABLE VALUES('2013-02-27 11:27:56.107000','WindowsME_BROKE','Problem','flashyThing',3389)
COMMIT
INSERT INTO FIVEWIDETABLE VALUES('2013-02-27 11:27:56.107000','','Good','Widgit',3390)
COMMIT
INSERT INTO FIVEWIDETABLE VALUES('2013-02-27 11:27:56.107000','WindowsME_BROKE','Warning','flashyThing',3391)
COMMIT
INSERT INTO FIVEWIDETABLE VALUES('2013-02-27 11:27:56.107000','Partial','Problem','Widgit',3392)
COMMIT
INSERT INTO FIVEWIDETABLE VALUES('2013-02-27 11:27:56.107000','','Good','flashyThing',3393)
COMMIT
INSERT INTO FIVEWIDETABLE VALUES('2013-02-27 11:27:56.107000','Partial','Warning','Widgit',3394)
COMMIT
INSERT INTO FIVEWIDETABLE VALUES('2013-02-27 11:27:56.107000','WindowsME_BROKE','Problem','flashyThing',3395)
COMMIT
INSERT INTO FIVEWIDETABLE VALUES('2013-02-27 11:27:56.107000','','Good','Widgit',3396)
COMMIT
INSERT INTO FIVEWIDETABLE VALUES('2013-02-27 11:27:56.107000','WindowsME_BROKE','Warning','flashyThing',3397)
COMMIT
INSERT INTO FIVEWIDETABLE VALUES('2013-02-27 11:27:56.107000','Partial','Problem','Widgit',3398)
COMMIT
INSERT INTO FIVEWIDETABLE VALUES('2013-02-27 11:27:56.108000','','Good','flashyThing',3399)
COMMIT
INSERT INTO FIVEWIDETABLE VALUES('2013-02-27 11:27:56.108000','Partial','Warning','Widgit',3400)
COMMIT
INSERT INTO FIVEWIDETABLE VALUES('2013-02-27 11:27:56.108000','WindowsME_BROKE','Problem','flashyThing',3401)
COMMIT
INSERT INTO FIVEWIDETABLE VALUES('2013-02-27 11:27:56.108000','','Good','Widgit',3402)
COMMIT
INSERT INTO FIVEWIDETABLE VALUES('2013-02-27 11:27:56.108000','WindowsME_BROKE','Warning','flashyThing',3403)
COMMIT
INSERT INTO FIVEWIDETABLE VALUES('2013-02-27 11:27:56.108000','Partial','Problem','Widgit',3404)
COMMIT
INSERT INTO FIVEWIDETABLE VALUES('2013-02-27 11:27:56.108000','','Good','flashyThing',3405)
COMMIT
INSERT INTO FIVEWIDETABLE VALUES('2013-02-27 11:27:56.108000','Partial','Warning','Widgit',3406)
COMMIT
INSERT INTO FIVEWIDETABLE VALUES('2013-02-27 11:27:56.108000','WindowsME_BROKE','Problem','flashyThing',3407)
COMMIT
INSERT INTO FIVEWIDETABLE VALUES('2013-02-27 11:27:56.108000','','Good','Widgit',3408)
COMMIT
INSERT INTO FIVEWIDETABLE VALUES('2013-02-27 11:27:56.109000','WindowsME_BROKE','Warning','flashyThing',3409)
COMMIT
INSERT INTO FIVEWIDETABLE VALUES('2013-02-27 11:27:56.109000','Partial','Problem','Widgit',3410)
COMMIT
INSERT INTO FIVEWIDETABLE VALUES('2013-02-27 11:27:56.109000','','Good','flashyThing',3411)
COMMIT
INSERT INTO FIVEWIDETABLE VALUES('2013-02-27 11:27:56.109000','Partial','Warning','Widgit',3412)
COMMIT
INSERT INTO FIVEWIDETABLE VALUES('2013-02-27 11:27:56.109000','WindowsME_BROKE','Problem','flashyThing',3413)
COMMIT
INSERT INTO FIVEWIDETABLE VALUES('2013-02-27 11:27:56.109000','','Good','Widgit',3414)
COMMIT
INSERT INTO FIVEWIDETABLE VALUES('2013-02-27 11:27:56.109000','WindowsME_BROKE','Warning','flashyThing',3415)
COMMIT
INSERT INTO FIVEWIDETABLE VALUES('2013-02-27 11:27:56.110000','Partial','Problem','Widgit',3416)
COMMIT
INSERT INTO FIVEWIDETABLE VALUES('2013-02-27 11:27:56.110000','','Good','flashyThing',3417)
COMMIT
INSERT INTO FIVEWIDETABLE VALUES('2013-02-27 11:27:56.110000','Partial','Warning','Widgit',3418)
COMMIT
INSERT INTO FIVEWIDETABLE VALUES('2013-02-27 11:27:56.110000','WindowsME_BROKE','Problem','flashyThing',3419)
COMMIT
INSERT INTO FIVEWIDETABLE VALUES('2013-02-27 11:27:56.110000','','Good','Widgit',3420)
COMMIT
INSERT INTO FIVEWIDETABLE VALUES('2013-02-27 11:27:56.110000','WindowsME_BROKE','Warning','flashyThing',3421)
COMMIT
INSERT INTO FIVEWIDETABLE VALUES('2013-02-27 11:27:56.110000','Partial','Problem','Widgit',3422)
COMMIT
INSERT INTO FIVEWIDETABLE VALUES('2013-02-27 11:27:56.110000','','Good','flashyThing',3423)
COMMIT
INSERT INTO FIVEWIDETABLE VALUES('2013-02-27 11:27:56.110000','Partial','Warning','Widgit',3424)
COMMIT
INSERT INTO FIVEWIDETABLE VALUES('2013-02-27 11:27:56.110000','WindowsME_BROKE','Problem','flashyThing',3425)
COMMIT
INSERT INTO FIVEWIDETABLE VALUES('2013-02-27 11:27:56.111000','','Good','Widgit',3426)
COMMIT
INSERT INTO FIVEWIDETABLE VALUES('2013-02-27 11:27:56.111000','WindowsME_BROKE','Warning','flashyThing',3427)
COMMIT
INSERT INTO FIVEWIDETABLE VALUES('2013-02-27 11:27:56.111000','Partial','Problem','Widgit',3428)
COMMIT
INSERT INTO FIVEWIDETABLE VALUES('2013-02-27 11:27:56.111000','','Good','flashyThing',3429)
COMMIT
INSERT INTO FIVEWIDETABLE VALUES('2013-02-27 11:27:56.111000','Partial','Warning','Widgit',3430)
COMMIT
INSERT INTO FIVEWIDETABLE VALUES('2013-02-27 11:27:56.111000','WindowsME_BROKE','Problem','flashyThing',3431)
COMMIT
INSERT INTO FIVEWIDETABLE VALUES('2013-02-27 11:27:56.111000','','Good','Widgit',3432)
COMMIT
INSERT INTO FIVEWIDETABLE VALUES('2013-02-27 11:27:56.111000','WindowsME_BROKE','Warning','flashyThing',3433)
COMMIT
INSERT INTO FIVEWIDETABLE VALUES('2013-02-27 11:27:56.111000','Partial','Problem','Widgit',3434)
COMMIT
INSERT INTO FIVEWIDETABLE VALUES('2013-02-27 11:27:56.112000','','Good','flashyThing',3435)
COMMIT
INSERT INTO FIVEWIDETABLE VALUES('2013-02-27 11:27:56.112000','Partial','Warning','Widgit',3436)
COMMIT
INSERT INTO FIVEWIDETABLE VALUES('2013-02-27 11:27:56.112000','WindowsME_BROKE','Problem','flashyThing',3437)
COMMIT
INSERT INTO FIVEWIDETABLE VALUES('2013-02-27 11:27:56.112000','','Good','Widgit',3438)
COMMIT
INSERT INTO FIVEWIDETABLE VALUES('2013-02-27 11:27:56.112000','WindowsME_BROKE','Warning','flashyThing',3439)
COMMIT
INSERT INTO FIVEWIDETABLE VALUES('2013-02-27 11:27:56.112000','Partial','Problem','Widgit',3440)
COMMIT
INSERT INTO FIVEWIDETABLE VALUES('2013-02-27 11:27:56.112000','','Good','flashyThing',3441)
COMMIT
INSERT INTO FIVEWIDETABLE VALUES('2013-02-27 11:27:56.112000','Partial','Warning','Widgit',3442)
COMMIT
INSERT INTO FIVEWIDETABLE VALUES('2013-02-27 11:27:56.112000','WindowsME_BROKE','Problem','flashyThing',3443)
COMMIT
INSERT INTO FIVEWIDETABLE VALUES('2013-02-27 11:27:56.112000','','Good','Widgit',3444)
COMMIT
INSERT INTO FIVEWIDETABLE VALUES('2013-02-27 11:27:56.113000','WindowsME_BROKE','Warning','flashyThing',3445)
COMMIT
INSERT INTO FIVEWIDETABLE VALUES('2013-02-27 11:27:56.113000','Partial','Problem','Widgit',3446)
COMMIT
INSERT INTO FIVEWIDETABLE VALUES('2013-02-27 11:27:56.113000','','Good','flashyThing',3447)
COMMIT
INSERT INTO FIVEWIDETABLE VALUES('2013-02-27 11:27:56.113000','Partial','Warning','Widgit',3448)
COMMIT
INSERT INTO FIVEWIDETABLE VALUES('2013-02-27 11:27:56.113000','WindowsME_BROKE','Problem','flashyThing',3449)
COMMIT
INSERT INTO FIVEWIDETABLE VALUES('2013-02-27 11:27:56.113000','','Good','Widgit',3450)
COMMIT
INSERT INTO FIVEWIDETABLE VALUES('2013-02-27 11:27:56.113000','WindowsME_BROKE','Warning','flashyThing',3451)
COMMIT
INSERT INTO FIVEWIDETABLE VALUES('2013-02-27 11:27:56.113000','Partial','Problem','Widgit',3452)
COMMIT
INSERT INTO FIVEWIDETABLE VALUES('2013-02-27 11:27:56.113000','','Good','flashyThing',3453)
COMMIT
INSERT INTO FIVEWIDETABLE VALUES('2013-02-27 11:27:56.114000','Partial','Warning','Widgit',3454)
COMMIT
INSERT INTO FIVEWIDETABLE VALUES('2013-02-27 11:27:56.114000','WindowsME_BROKE','Problem','flashyThing',3455)
COMMIT
INSERT INTO FIVEWIDETABLE VALUES('2013-02-27 11:27:56.114000','','Good','Widgit',3456)
COMMIT
INSERT INTO FIVEWIDETABLE VALUES('2013-02-27 11:27:56.114000','WindowsME_BROKE','Warning','flashyThing',3457)
COMMIT
INSERT INTO FIVEWIDETABLE VALUES('2013-02-27 11:27:56.114000','Partial','Problem','Widgit',3458)
COMMIT
INSERT INTO FIVEWIDETABLE VALUES('2013-02-27 11:27:56.114000','','Good','flashyThing',3459)
COMMIT
INSERT INTO FIVEWIDETABLE VALUES('2013-02-27 11:27:56.114000','Partial','Warning','Widgit',3460)
COMMIT
INSERT INTO FIVEWIDETABLE VALUES('2013-02-27 11:27:56.114000','WindowsME_BROKE','Problem','flashyThing',3461)
COMMIT
INSERT INTO FIVEWIDETABLE VALUES('2013-02-27 11:27:56.114000','','Good','Widgit',3462)
COMMIT
INSERT INTO FIVEWIDETABLE VALUES('2013-02-27 11:27:56.114000','WindowsME_BROKE','Warning','flashyThing',3463)
COMMIT
INSERT INTO FIVEWIDETABLE VALUES('2013-02-27 11:27:56.115000','Partial','Problem','Widgit',3464)
COMMIT
INSERT INTO FIVEWIDETABLE VALUES('2013-02-27 11:27:56.115000','','Good','flashyThing',3465)
COMMIT
INSERT INTO FIVEWIDETABLE VALUES('2013-02-27 11:27:56.115000','Partial','Warning','Widgit',3466)
COMMIT
INSERT INTO FIVEWIDETABLE VALUES('2013-02-27 11:27:56.115000','WindowsME_BROKE','Problem','flashyThing',3467)
COMMIT
INSERT INTO FIVEWIDETABLE VALUES('2013-02-27 11:27:56.115000','','Good','Widgit',3468)
COMMIT
INSERT INTO FIVEWIDETABLE VALUES('2013-02-27 11:27:56.115000','WindowsME_BROKE','Warning','flashyThing',3469)
COMMIT
INSERT INTO FIVEWIDETABLE VALUES('2013-02-27 11:27:56.115000','Partial','Problem','Widgit',3470)
COMMIT
INSERT INTO FIVEWIDETABLE VALUES('2013-02-27 11:27:56.115000','','Good','flashyThing',3471)
COMMIT
INSERT INTO FIVEWIDETABLE VALUES('2013-02-27 11:27:56.115000','Partial','Warning','Widgit',3472)
COMMIT
INSERT INTO FIVEWIDETABLE VALUES('2013-02-27 11:27:56.116000','WindowsME_BROKE','Problem','flashyThing',3473)
COMMIT
INSERT INTO FIVEWIDETABLE VALUES('2013-02-27 11:27:56.116000','','Good','Widgit',3474)
COMMIT
INSERT INTO FIVEWIDETABLE VALUES('2013-02-27 11:27:56.116000','WindowsME_BROKE','Warning','flashyThing',3475)
COMMIT
INSERT INTO FIVEWIDETABLE VALUES('2013-02-27 11:27:56.116000','Partial','Problem','Widgit',3476)
COMMIT
INSERT INTO FIVEWIDETABLE VALUES('2013-02-27 11:27:56.116000','','Good','flashyThing',3477)
COMMIT
INSERT INTO FIVEWIDETABLE VALUES('2013-02-27 11:27:56.116000','Partial','Warning','Widgit',3478)
COMMIT
INSERT INTO FIVEWIDETABLE VALUES('2013-02-27 11:27:56.116000','WindowsME_BROKE','Problem','flashyThing',3479)
COMMIT
INSERT INTO FIVEWIDETABLE VALUES('2013-02-27 11:27:56.116000','','Good','Widgit',3480)
COMMIT
INSERT INTO FIVEWIDETABLE VALUES('2013-02-27 11:27:56.116000','WindowsME_BROKE','Warning','flashyThing',3481)
COMMIT
INSERT INTO FIVEWIDETABLE VALUES('2013-02-27 11:27:56.116000','Partial','Problem','Widgit',3482)
COMMIT
INSERT INTO FIVEWIDETABLE VALUES('2013-02-27 11:27:56.117000','','Good','flashyThing',3483)
COMMIT
INSERT INTO FIVEWIDETABLE VALUES('2013-02-27 11:27:56.117000','Partial','Warning','Widgit',3484)
COMMIT
INSERT INTO FIVEWIDETABLE VALUES('2013-02-27 11:27:56.117000','WindowsME_BROKE','Problem','flashyThing',3485)
COMMIT
INSERT INTO FIVEWIDETABLE VALUES('2013-02-27 11:27:56.117000','','Good','Widgit',3486)
COMMIT
INSERT INTO FIVEWIDETABLE VALUES('2013-02-27 11:27:56.117000','WindowsME_BROKE','Warning','flashyThing',3487)
COMMIT
INSERT INTO FIVEWIDETABLE VALUES('2013-02-27 11:27:56.117000','Partial','Problem','Widgit',3488)
COMMIT
INSERT INTO FIVEWIDETABLE VALUES('2013-02-27 11:27:56.117000','','Good','flashyThing',3489)
COMMIT
INSERT INTO FIVEWIDETABLE VALUES('2013-02-27 11:27:56.117000','Partial','Warning','Widgit',3490)
COMMIT
INSERT INTO FIVEWIDETABLE VALUES('2013-02-27 11:27:56.117000','WindowsME_BROKE','Problem','flashyThing',3491)
COMMIT
INSERT INTO FIVEWIDETABLE VALUES('2013-02-27 11:27:56.117000','','Good','Widgit',3492)
COMMIT
INSERT INTO FIVEWIDETABLE VALUES('2013-02-27 11:27:56.118000','WindowsME_BROKE','Warning','flashyThing',3493)
COMMIT
INSERT INTO FIVEWIDETABLE VALUES('2013-02-27 11:27:56.118000','Partial','Problem','Widgit',3494)
COMMIT
INSERT INTO FIVEWIDETABLE VALUES('2013-02-27 11:27:56.118000','','Good','flashyThing',3495)
COMMIT
INSERT INTO FIVEWIDETABLE VALUES('2013-02-27 11:27:56.118000','Partial','Warning','Widgit',3496)
COMMIT
INSERT INTO FIVEWIDETABLE VALUES('2013-02-27 11:27:56.118000','WindowsME_BROKE','Problem','flashyThing',3497)
COMMIT
INSERT INTO FIVEWIDETABLE VALUES('2013-02-27 11:27:56.118000','','Good','Widgit',3498)
COMMIT
INSERT INTO FIVEWIDETABLE VALUES('2013-02-27 11:27:56.118000','WindowsME_BROKE','Warning','flashyThing',3499)
COMMIT
INSERT INTO FIVEWIDETABLE VALUES('2013-02-27 11:27:56.118000','Partial','Problem','Widgit',3500)
COMMIT
INSERT INTO FIVEWIDETABLE VALUES('2013-02-27 11:27:56.118000','','Good','flashyThing',3501)
COMMIT
INSERT INTO FIVEWIDETABLE VALUES('2013-02-27 11:27:56.119000','Partial','Warning','Widgit',3502)
COMMIT
INSERT INTO FIVEWIDETABLE VALUES('2013-02-27 11:27:56.119000','WindowsME_BROKE','Problem','flashyThing',3503)
COMMIT
INSERT INTO FIVEWIDETABLE VALUES('2013-02-27 11:27:56.119000','','Good','Widgit',3504)
COMMIT
INSERT INTO FIVEWIDETABLE VALUES('2013-02-27 11:27:56.119000','WindowsME_BROKE','Warning','flashyThing',3505)
COMMIT
INSERT INTO FIVEWIDETABLE VALUES('2013-02-27 11:27:56.119000','Partial','Problem','Widgit',3506)
COMMIT
INSERT INTO FIVEWIDETABLE VALUES('2013-02-27 11:27:56.119000','','Good','flashyThing',3507)
COMMIT
INSERT INTO FIVEWIDETABLE VALUES('2013-02-27 11:27:56.119000','Partial','Warning','Widgit',3508)
COMMIT
INSERT INTO FIVEWIDETABLE VALUES('2013-02-27 11:27:56.119000','WindowsME_BROKE','Problem','flashyThing',3509)
COMMIT
INSERT INTO FIVEWIDETABLE VALUES('2013-02-27 11:27:56.119000','','Good','Widgit',3510)
COMMIT
INSERT INTO FIVEWIDETABLE VALUES('2013-02-27 11:27:56.119000','WindowsME_BROKE','Warning','flashyThing',3511)
COMMIT
INSERT INTO FIVEWIDETABLE VALUES('2013-02-27 11:27:56.120000','Partial','Problem','Widgit',3512)
COMMIT
INSERT INTO FIVEWIDETABLE VALUES('2013-02-27 11:27:56.120000','','Good','flashyThing',3513)
COMMIT
INSERT INTO FIVEWIDETABLE VALUES('2013-02-27 11:27:56.120000','Partial','Warning','Widgit',3514)
COMMIT
INSERT INTO FIVEWIDETABLE VALUES('2013-02-27 11:27:56.120000','WindowsME_BROKE','Problem','flashyThing',3515)
COMMIT
INSERT INTO FIVEWIDETABLE VALUES('2013-02-27 11:27:56.120000','','Good','Widgit',3516)
COMMIT
INSERT INTO FIVEWIDETABLE VALUES('2013-02-27 11:27:56.120000','WindowsME_BROKE','Warning','flashyThing',3517)
COMMIT
INSERT INTO FIVEWIDETABLE VALUES('2013-02-27 11:27:56.120000','Partial','Problem','Widgit',3518)
COMMIT
INSERT INTO FIVEWIDETABLE VALUES('2013-02-27 11:27:56.120000','','Good','flashyThing',3519)
COMMIT
INSERT INTO FIVEWIDETABLE VALUES('2013-02-27 11:27:56.121000','Partial','Warning','Widgit',3520)
COMMIT
INSERT INTO FIVEWIDETABLE VALUES('2013-02-27 11:27:56.121000','WindowsME_BROKE','Problem','flashyThing',3521)
COMMIT
INSERT INTO FIVEWIDETABLE VALUES('2013-02-27 11:27:56.121000','','Good','Widgit',3522)
COMMIT
INSERT INTO FIVEWIDETABLE VALUES('2013-02-27 11:27:56.121000','WindowsME_BROKE','Warning','flashyThing',3523)
COMMIT
INSERT INTO FIVEWIDETABLE VALUES('2013-02-27 11:27:56.121000','Partial','Problem','Widgit',3524)
COMMIT
INSERT INTO FIVEWIDETABLE VALUES('2013-02-27 11:27:56.121000','','Good','flashyThing',3525)
COMMIT
INSERT INTO FIVEWIDETABLE VALUES('2013-02-27 11:27:56.121000','Partial','Warning','Widgit',3526)
COMMIT
INSERT INTO FIVEWIDETABLE VALUES('2013-02-27 11:27:56.121000','WindowsME_BROKE','Problem','flashyThing',3527)
COMMIT
INSERT INTO FIVEWIDETABLE VALUES('2013-02-27 11:27:56.121000','','Good','Widgit',3528)
COMMIT
INSERT INTO FIVEWIDETABLE VALUES('2013-02-27 11:27:56.121000','WindowsME_BROKE','Warning','flashyThing',3529)
COMMIT
INSERT INTO FIVEWIDETABLE VALUES('2013-02-27 11:27:56.122000','Partial','Problem','Widgit',3530)
COMMIT
INSERT INTO FIVEWIDETABLE VALUES('2013-02-27 11:27:56.122000','','Good','flashyThing',3531)
COMMIT
INSERT INTO FIVEWIDETABLE VALUES('2013-02-27 11:27:56.122000','Partial','Warning','Widgit',3532)
COMMIT
INSERT INTO FIVEWIDETABLE VALUES('2013-02-27 11:27:56.122000','WindowsME_BROKE','Problem','flashyThing',3533)
COMMIT
INSERT INTO FIVEWIDETABLE VALUES('2013-02-27 11:27:56.122000','','Good','Widgit',3534)
COMMIT
INSERT INTO FIVEWIDETABLE VALUES('2013-02-27 11:27:56.122000','WindowsME_BROKE','Warning','flashyThing',3535)
COMMIT
INSERT INTO FIVEWIDETABLE VALUES('2013-02-27 11:27:56.122000','Partial','Problem','Widgit',3536)
COMMIT
INSERT INTO FIVEWIDETABLE VALUES('2013-02-27 11:27:56.122000','','Good','flashyThing',3537)
COMMIT
INSERT INTO FIVEWIDETABLE VALUES('2013-02-27 11:27:56.122000','Partial','Warning','Widgit',3538)
COMMIT
INSERT INTO FIVEWIDETABLE VALUES('2013-02-27 11:27:56.122000','WindowsME_BROKE','Problem','flashyThing',3539)
COMMIT
INSERT INTO FIVEWIDETABLE VALUES('2013-02-27 11:27:56.123000','','Good','Widgit',3540)
COMMIT
INSERT INTO FIVEWIDETABLE VALUES('2013-02-27 11:27:56.123000','WindowsME_BROKE','Warning','flashyThing',3541)
COMMIT
INSERT INTO FIVEWIDETABLE VALUES('2013-02-27 11:27:56.123000','Partial','Problem','Widgit',3542)
COMMIT
INSERT INTO FIVEWIDETABLE VALUES('2013-02-27 11:27:56.123000','','Good','flashyThing',3543)
COMMIT
INSERT INTO FIVEWIDETABLE VALUES('2013-02-27 11:27:56.123000','Partial','Warning','Widgit',3544)
COMMIT
INSERT INTO FIVEWIDETABLE VALUES('2013-02-27 11:27:56.123000','WindowsME_BROKE','Problem','flashyThing',3545)
COMMIT
INSERT INTO FIVEWIDETABLE VALUES('2013-02-27 11:27:56.123000','','Good','Widgit',3546)
COMMIT
INSERT INTO FIVEWIDETABLE VALUES('2013-02-27 11:27:56.123000','WindowsME_BROKE','Warning','flashyThing',3547)
COMMIT
INSERT INTO FIVEWIDETABLE VALUES('2013-02-27 11:27:56.123000','Partial','Problem','Widgit',3548)
COMMIT
INSERT INTO FIVEWIDETABLE VALUES('2013-02-27 11:27:56.123000','','Good','flashyThing',3549)
COMMIT
INSERT INTO FIVEWIDETABLE VALUES('2013-02-27 11:27:56.124000','Partial','Warning','Widgit',3550)
COMMIT
INSERT INTO FIVEWIDETABLE VALUES('2013-02-27 11:27:56.124000','WindowsME_BROKE','Problem','flashyThing',3551)
COMMIT
INSERT INTO FIVEWIDETABLE VALUES('2013-02-27 11:27:56.124000','','Good','Widgit',3552)
COMMIT
INSERT INTO FIVEWIDETABLE VALUES('2013-02-27 11:27:56.124000','WindowsME_BROKE','Warning','flashyThing',3553)
COMMIT
INSERT INTO FIVEWIDETABLE VALUES('2013-02-27 11:27:56.124000','Partial','Problem','Widgit',3554)
COMMIT
INSERT INTO FIVEWIDETABLE VALUES('2013-02-27 11:27:56.124000','','Good','flashyThing',3555)
COMMIT
INSERT INTO FIVEWIDETABLE VALUES('2013-02-27 11:27:56.124000','Partial','Warning','Widgit',3556)
COMMIT
INSERT INTO FIVEWIDETABLE VALUES('2013-02-27 11:27:56.124000','WindowsME_BROKE','Problem','flashyThing',3557)
COMMIT
INSERT INTO FIVEWIDETABLE VALUES('2013-02-27 11:27:56.124000','','Good','Widgit',3558)
COMMIT
INSERT INTO FIVEWIDETABLE VALUES('2013-02-27 11:27:56.125000','WindowsME_BROKE','Warning','flashyThing',3559)
COMMIT
INSERT INTO FIVEWIDETABLE VALUES('2013-02-27 11:27:56.125000','Partial','Problem','Widgit',3560)
COMMIT
INSERT INTO FIVEWIDETABLE VALUES('2013-02-27 11:27:56.125000','','Good','flashyThing',3561)
COMMIT
INSERT INTO FIVEWIDETABLE VALUES('2013-02-27 11:27:56.125000','Partial','Warning','Widgit',3562)
COMMIT
INSERT INTO FIVEWIDETABLE VALUES('2013-02-27 11:27:56.125000','WindowsME_BROKE','Problem','flashyThing',3563)
COMMIT
INSERT INTO FIVEWIDETABLE VALUES('2013-02-27 11:27:56.125000','','Good','Widgit',3564)
COMMIT
INSERT INTO FIVEWIDETABLE VALUES('2013-02-27 11:27:56.125000','WindowsME_BROKE','Warning','flashyThing',3565)
COMMIT
INSERT INTO FIVEWIDETABLE VALUES('2013-02-27 11:27:56.125000','Partial','Problem','Widgit',3566)
COMMIT
INSERT INTO FIVEWIDETABLE VALUES('2013-02-27 11:27:56.125000','','Good','flashyThing',3567)
COMMIT
INSERT INTO FIVEWIDETABLE VALUES('2013-02-27 11:27:56.125000','Partial','Warning','Widgit',3568)
COMMIT
INSERT INTO FIVEWIDETABLE VALUES('2013-02-27 11:27:56.126000','WindowsME_BROKE','Problem','flashyThing',3569)
COMMIT
INSERT INTO FIVEWIDETABLE VALUES('2013-02-27 11:27:56.126000','','Good','Widgit',3570)
COMMIT
INSERT INTO FIVEWIDETABLE VALUES('2013-02-27 11:27:56.126000','WindowsME_BROKE','Warning','flashyThing',3571)
COMMIT
INSERT INTO FIVEWIDETABLE VALUES('2013-02-27 11:27:56.126000','Partial','Problem','Widgit',3572)
COMMIT
INSERT INTO FIVEWIDETABLE VALUES('2013-02-27 11:27:56.126000','','Good','flashyThing',3573)
COMMIT
INSERT INTO FIVEWIDETABLE VALUES('2013-02-27 11:27:56.126000','Partial','Warning','Widgit',3574)
COMMIT
INSERT INTO FIVEWIDETABLE VALUES('2013-02-27 11:27:56.126000','WindowsME_BROKE','Problem','flashyThing',3575)
COMMIT
INSERT INTO FIVEWIDETABLE VALUES('2013-02-27 11:27:56.126000','','Good','Widgit',3576)
COMMIT
INSERT INTO FIVEWIDETABLE VALUES('2013-02-27 11:27:56.126000','WindowsME_BROKE','Warning','flashyThing',3577)
COMMIT
INSERT INTO FIVEWIDETABLE VALUES('2013-02-27 11:27:56.127000','Partial','Problem','Widgit',3578)
COMMIT
INSERT INTO FIVEWIDETABLE VALUES('2013-02-27 11:27:56.127000','','Good','flashyThing',3579)
COMMIT
INSERT INTO FIVEWIDETABLE VALUES('2013-02-27 11:27:56.127000','Partial','Warning','Widgit',3580)
COMMIT
INSERT INTO FIVEWIDETABLE VALUES('2013-02-27 11:27:56.127000','WindowsME_BROKE','Problem','flashyThing',3581)
COMMIT
INSERT INTO FIVEWIDETABLE VALUES('2013-02-27 11:27:56.127000','','Good','Widgit',3582)
COMMIT
INSERT INTO FIVEWIDETABLE VALUES('2013-02-27 11:27:56.127000','WindowsME_BROKE','Warning','flashyThing',3583)
COMMIT
INSERT INTO FIVEWIDETABLE VALUES('2013-02-27 11:27:56.127000','Partial','Problem','Widgit',3584)
COMMIT
INSERT INTO FIVEWIDETABLE VALUES('2013-02-27 11:27:56.127000','','Good','flashyThing',3585)
COMMIT
INSERT INTO FIVEWIDETABLE VALUES('2013-02-27 11:27:56.127000','Partial','Warning','Widgit',3586)
COMMIT
INSERT INTO FIVEWIDETABLE VALUES('2013-02-27 11:27:56.127000','WindowsME_BROKE','Problem','flashyThing',3587)
COMMIT
INSERT INTO FIVEWIDETABLE VALUES('2013-02-27 11:27:56.128000','','Good','Widgit',3588)
COMMIT
INSERT INTO FIVEWIDETABLE VALUES('2013-02-27 11:27:56.128000','WindowsME_BROKE','Warning','flashyThing',3589)
COMMIT
INSERT INTO FIVEWIDETABLE VALUES('2013-02-27 11:27:56.128000','Partial','Problem','Widgit',3590)
COMMIT
INSERT INTO FIVEWIDETABLE VALUES('2013-02-27 11:27:56.128000','','Good','flashyThing',3591)
COMMIT
INSERT INTO FIVEWIDETABLE VALUES('2013-02-27 11:27:56.128000','Partial','Warning','Widgit',3592)
COMMIT
INSERT INTO FIVEWIDETABLE VALUES('2013-02-27 11:27:56.128000','WindowsME_BROKE','Problem','flashyThing',3593)
COMMIT
INSERT INTO FIVEWIDETABLE VALUES('2013-02-27 11:27:56.128000','','Good','Widgit',3594)
COMMIT
INSERT INTO FIVEWIDETABLE VALUES('2013-02-27 11:27:56.128000','WindowsME_BROKE','Warning','flashyThing',3595)
COMMIT
INSERT INTO FIVEWIDETABLE VALUES('2013-02-27 11:27:56.128000','Partial','Problem','Widgit',3596)
COMMIT
INSERT INTO FIVEWIDETABLE VALUES('2013-02-27 11:27:56.128000','','Good','flashyThing',3597)
COMMIT
INSERT INTO FIVEWIDETABLE VALUES('2013-02-27 11:27:56.129000','Partial','Warning','Widgit',3598)
COMMIT
INSERT INTO FIVEWIDETABLE VALUES('2013-02-27 11:27:56.129000','WindowsME_BROKE','Problem','flashyThing',3599)
COMMIT
INSERT INTO FIVEWIDETABLE VALUES('2013-02-27 11:27:56.129000','','Good','Widgit',3600)
COMMIT
INSERT INTO FIVEWIDETABLE VALUES('2013-02-27 11:27:56.129000','WindowsME_BROKE','Warning','flashyThing',3601)
COMMIT
INSERT INTO FIVEWIDETABLE VALUES('2013-02-27 11:27:56.129000','Partial','Problem','Widgit',3602)
COMMIT
INSERT INTO FIVEWIDETABLE VALUES('2013-02-27 11:27:56.129000','','Good','flashyThing',3603)
COMMIT
INSERT INTO FIVEWIDETABLE VALUES('2013-02-27 11:27:56.129000','Partial','Warning','Widgit',3604)
COMMIT
INSERT INTO FIVEWIDETABLE VALUES('2013-02-27 11:27:56.129000','WindowsME_BROKE','Problem','flashyThing',3605)
COMMIT
INSERT INTO FIVEWIDETABLE VALUES('2013-02-27 11:27:56.129000','','Good','Widgit',3606)
COMMIT
INSERT INTO FIVEWIDETABLE VALUES('2013-02-27 11:27:56.130000','WindowsME_BROKE','Warning','flashyThing',3607)
COMMIT
INSERT INTO FIVEWIDETABLE VALUES('2013-02-27 11:27:56.130000','Partial','Problem','Widgit',3608)
COMMIT
INSERT INTO FIVEWIDETABLE VALUES('2013-02-27 11:27:56.130000','','Good','flashyThing',3609)
COMMIT
INSERT INTO FIVEWIDETABLE VALUES('2013-02-27 11:27:56.130000','Partial','Warning','Widgit',3610)
COMMIT
INSERT INTO FIVEWIDETABLE VALUES('2013-02-27 11:27:56.130000','WindowsME_BROKE','Problem','flashyThing',3611)
COMMIT
INSERT INTO FIVEWIDETABLE VALUES('2013-02-27 11:27:56.130000','','Good','Widgit',3612)
COMMIT
INSERT INTO FIVEWIDETABLE VALUES('2013-02-27 11:27:56.130000','WindowsME_BROKE','Warning','flashyThing',3613)
COMMIT
INSERT INTO FIVEWIDETABLE VALUES('2013-02-27 11:27:56.130000','Partial','Problem','Widgit',3614)
COMMIT
INSERT INTO FIVEWIDETABLE VALUES('2013-02-27 11:27:56.130000','','Good','flashyThing',3615)
COMMIT
INSERT INTO FIVEWIDETABLE VALUES('2013-02-27 11:27:56.130000','Partial','Warning','Widgit',3616)
COMMIT
INSERT INTO FIVEWIDETABLE VALUES('2013-02-27 11:27:56.131000','WindowsME_BROKE','Problem','flashyThing',3617)
COMMIT
INSERT INTO FIVEWIDETABLE VALUES('2013-02-27 11:27:56.131000','','Good','Widgit',3618)
COMMIT
INSERT INTO FIVEWIDETABLE VALUES('2013-02-27 11:27:56.131000','WindowsME_BROKE','Warning','flashyThing',3619)
COMMIT
INSERT INTO FIVEWIDETABLE VALUES('2013-02-27 11:27:56.131000','Partial','Problem','Widgit',3620)
COMMIT
INSERT INTO FIVEWIDETABLE VALUES('2013-02-27 11:27:56.131000','','Good','flashyThing',3621)
COMMIT
INSERT INTO FIVEWIDETABLE VALUES('2013-02-27 11:27:56.131000','Partial','Warning','Widgit',3622)
COMMIT
INSERT INTO FIVEWIDETABLE VALUES('2013-02-27 11:27:56.131000','WindowsME_BROKE','Problem','flashyThing',3623)
COMMIT
INSERT INTO FIVEWIDETABLE VALUES('2013-02-27 11:27:56.131000','','Good','Widgit',3624)
COMMIT
INSERT INTO FIVEWIDETABLE VALUES('2013-02-27 11:27:56.131000','WindowsME_BROKE','Warning','flashyThing',3625)
COMMIT
INSERT INTO FIVEWIDETABLE VALUES('2013-02-27 11:27:56.131000','Partial','Problem','Widgit',3626)
COMMIT
INSERT INTO FIVEWIDETABLE VALUES('2013-02-27 11:27:56.132000','','Good','flashyThing',3627)
COMMIT
INSERT INTO FIVEWIDETABLE VALUES('2013-02-27 11:27:56.132000','Partial','Warning','Widgit',3628)
COMMIT
INSERT INTO FIVEWIDETABLE VALUES('2013-02-27 11:27:56.132000','WindowsME_BROKE','Problem','flashyThing',3629)
COMMIT
INSERT INTO FIVEWIDETABLE VALUES('2013-02-27 11:27:56.132000','','Good','Widgit',3630)
COMMIT
INSERT INTO FIVEWIDETABLE VALUES('2013-02-27 11:27:56.132000','WindowsME_BROKE','Warning','flashyThing',3631)
COMMIT
INSERT INTO FIVEWIDETABLE VALUES('2013-02-27 11:27:56.132000','Partial','Problem','Widgit',3632)
COMMIT
INSERT INTO FIVEWIDETABLE VALUES('2013-02-27 11:27:56.132000','','Good','flashyThing',3633)
COMMIT
INSERT INTO FIVEWIDETABLE VALUES('2013-02-27 11:27:56.132000','Partial','Warning','Widgit',3634)
COMMIT
INSERT INTO FIVEWIDETABLE VALUES('2013-02-27 11:27:56.132000','WindowsME_BROKE','Problem','flashyThing',3635)
COMMIT
INSERT INTO FIVEWIDETABLE VALUES('2013-02-27 11:27:56.132000','','Good','Widgit',3636)
COMMIT
INSERT INTO FIVEWIDETABLE VALUES('2013-02-27 11:27:56.133000','WindowsME_BROKE','Warning','flashyThing',3637)
COMMIT
INSERT INTO FIVEWIDETABLE VALUES('2013-02-27 11:27:56.133000','Partial','Problem','Widgit',3638)
COMMIT
INSERT INTO FIVEWIDETABLE VALUES('2013-02-27 11:27:56.133000','','Good','flashyThing',3639)
COMMIT
INSERT INTO FIVEWIDETABLE VALUES('2013-02-27 11:27:56.133000','Partial','Warning','Widgit',3640)
COMMIT
INSERT INTO FIVEWIDETABLE VALUES('2013-02-27 11:27:56.133000','WindowsME_BROKE','Problem','flashyThing',3641)
COMMIT
INSERT INTO FIVEWIDETABLE VALUES('2013-02-27 11:27:56.133000','','Good','Widgit',3642)
COMMIT
INSERT INTO FIVEWIDETABLE VALUES('2013-02-27 11:27:56.133000','WindowsME_BROKE','Warning','flashyThing',3643)
COMMIT
INSERT INTO FIVEWIDETABLE VALUES('2013-02-27 11:27:56.133000','Partial','Problem','Widgit',3644)
COMMIT
INSERT INTO FIVEWIDETABLE VALUES('2013-02-27 11:27:56.133000','','Good','flashyThing',3645)
COMMIT
INSERT INTO FIVEWIDETABLE VALUES('2013-02-27 11:27:56.134000','Partial','Warning','Widgit',3646)
COMMIT
INSERT INTO FIVEWIDETABLE VALUES('2013-02-27 11:27:56.134000','WindowsME_BROKE','Problem','flashyThing',3647)
COMMIT
INSERT INTO FIVEWIDETABLE VALUES('2013-02-27 11:27:56.134000','','Good','Widgit',3648)
COMMIT
INSERT INTO FIVEWIDETABLE VALUES('2013-02-27 11:27:56.134000','WindowsME_BROKE','Warning','flashyThing',3649)
COMMIT
INSERT INTO FIVEWIDETABLE VALUES('2013-02-27 11:27:56.134000','Partial','Problem','Widgit',3650)
COMMIT
INSERT INTO FIVEWIDETABLE VALUES('2013-02-27 11:27:56.134000','','Good','flashyThing',3651)
COMMIT
INSERT INTO FIVEWIDETABLE VALUES('2013-02-27 11:27:56.134000','Partial','Warning','Widgit',3652)
COMMIT
INSERT INTO FIVEWIDETABLE VALUES('2013-02-27 11:27:56.134000','WindowsME_BROKE','Problem','flashyThing',3653)
COMMIT
INSERT INTO FIVEWIDETABLE VALUES('2013-02-27 11:27:56.134000','','Good','Widgit',3654)
COMMIT
INSERT INTO FIVEWIDETABLE VALUES('2013-02-27 11:27:56.135000','WindowsME_BROKE','Warning','flashyThing',3655)
COMMIT
INSERT INTO FIVEWIDETABLE VALUES('2013-02-27 11:27:56.135000','Partial','Problem','Widgit',3656)
COMMIT
INSERT INTO FIVEWIDETABLE VALUES('2013-02-27 11:27:56.135000','','Good','flashyThing',3657)
COMMIT
INSERT INTO FIVEWIDETABLE VALUES('2013-02-27 11:27:56.135000','Partial','Warning','Widgit',3658)
COMMIT
INSERT INTO FIVEWIDETABLE VALUES('2013-02-27 11:27:56.135000','WindowsME_BROKE','Problem','flashyThing',3659)
COMMIT
INSERT INTO FIVEWIDETABLE VALUES('2013-02-27 11:27:56.135000','','Good','Widgit',3660)
COMMIT
INSERT INTO FIVEWIDETABLE VALUES('2013-02-27 11:27:56.135000','WindowsME_BROKE','Warning','flashyThing',3661)
COMMIT
INSERT INTO FIVEWIDETABLE VALUES('2013-02-27 11:27:56.135000','Partial','Problem','Widgit',3662)
COMMIT
INSERT INTO FIVEWIDETABLE VALUES('2013-02-27 11:27:56.136000','','Good','flashyThing',3663)
COMMIT
INSERT INTO FIVEWIDETABLE VALUES('2013-02-27 11:27:56.136000','Partial','Warning','Widgit',3664)
COMMIT
INSERT INTO FIVEWIDETABLE VALUES('2013-02-27 11:27:56.136000','WindowsME_BROKE','Problem','flashyThing',3665)
COMMIT
INSERT INTO FIVEWIDETABLE VALUES('2013-02-27 11:27:56.136000','','Good','Widgit',3666)
COMMIT
INSERT INTO FIVEWIDETABLE VALUES('2013-02-27 11:27:56.136000','WindowsME_BROKE','Warning','flashyThing',3667)
COMMIT
INSERT INTO FIVEWIDETABLE VALUES('2013-02-27 11:27:56.136000','Partial','Problem','Widgit',3668)
COMMIT
INSERT INTO FIVEWIDETABLE VALUES('2013-02-27 11:27:56.136000','','Good','flashyThing',3669)
COMMIT
INSERT INTO FIVEWIDETABLE VALUES('2013-02-27 11:27:56.136000','Partial','Warning','Widgit',3670)
COMMIT
INSERT INTO FIVEWIDETABLE VALUES('2013-02-27 11:27:56.136000','WindowsME_BROKE','Problem','flashyThing',3671)
COMMIT
INSERT INTO FIVEWIDETABLE VALUES('2013-02-27 11:27:56.136000','','Good','Widgit',3672)
COMMIT
INSERT INTO FIVEWIDETABLE VALUES('2013-02-27 11:27:56.137000','WindowsME_BROKE','Warning','flashyThing',3673)
COMMIT
INSERT INTO FIVEWIDETABLE VALUES('2013-02-27 11:27:56.137000','Partial','Problem','Widgit',3674)
COMMIT
INSERT INTO FIVEWIDETABLE VALUES('2013-02-27 11:27:56.137000','','Good','flashyThing',3675)
COMMIT
INSERT INTO FIVEWIDETABLE VALUES('2013-02-27 11:27:56.137000','Partial','Warning','Widgit',3676)
COMMIT
INSERT INTO FIVEWIDETABLE VALUES('2013-02-27 11:27:56.137000','WindowsME_BROKE','Problem','flashyThing',3677)
COMMIT
INSERT INTO FIVEWIDETABLE VALUES('2013-02-27 11:27:56.137000','','Good','Widgit',3678)
COMMIT
INSERT INTO FIVEWIDETABLE VALUES('2013-02-27 11:27:56.137000','WindowsME_BROKE','Warning','flashyThing',3679)
COMMIT
INSERT INTO FIVEWIDETABLE VALUES('2013-02-27 11:27:56.137000','Partial','Problem','Widgit',3680)
COMMIT
INSERT INTO FIVEWIDETABLE VALUES('2013-02-27 11:27:56.137000','','Good','flashyThing',3681)
COMMIT
INSERT INTO FIVEWIDETABLE VALUES('2013-02-27 11:27:56.137000','Partial','Warning','Widgit',3682)
COMMIT
INSERT INTO FIVEWIDETABLE VALUES('2013-02-27 11:27:56.138000','WindowsME_BROKE','Problem','flashyThing',3683)
COMMIT
INSERT INTO FIVEWIDETABLE VALUES('2013-02-27 11:27:56.138000','','Good','Widgit',3684)
COMMIT
INSERT INTO FIVEWIDETABLE VALUES('2013-02-27 11:27:56.138000','WindowsME_BROKE','Warning','flashyThing',3685)
COMMIT
INSERT INTO FIVEWIDETABLE VALUES('2013-02-27 11:27:56.138000','Partial','Problem','Widgit',3686)
COMMIT
INSERT INTO FIVEWIDETABLE VALUES('2013-02-27 11:27:56.138000','','Good','flashyThing',3687)
COMMIT
INSERT INTO FIVEWIDETABLE VALUES('2013-02-27 11:27:56.138000','Partial','Warning','Widgit',3688)
COMMIT
INSERT INTO FIVEWIDETABLE VALUES('2013-02-27 11:27:56.138000','WindowsME_BROKE','Problem','flashyThing',3689)
COMMIT
INSERT INTO FIVEWIDETABLE VALUES('2013-02-27 11:27:56.138000','','Good','Widgit',3690)
COMMIT
INSERT INTO FIVEWIDETABLE VALUES('2013-02-27 11:27:56.138000','WindowsME_BROKE','Warning','flashyThing',3691)
COMMIT
INSERT INTO FIVEWIDETABLE VALUES('2013-02-27 11:27:56.138000','Partial','Problem','Widgit',3692)
COMMIT
INSERT INTO FIVEWIDETABLE VALUES('2013-02-27 11:27:56.139000','','Good','flashyThing',3693)
COMMIT
INSERT INTO FIVEWIDETABLE VALUES('2013-02-27 11:27:56.139000','Partial','Warning','Widgit',3694)
COMMIT
INSERT INTO FIVEWIDETABLE VALUES('2013-02-27 11:27:56.139000','WindowsME_BROKE','Problem','flashyThing',3695)
COMMIT
INSERT INTO FIVEWIDETABLE VALUES('2013-02-27 11:27:56.139000','','Good','Widgit',3696)
COMMIT
INSERT INTO FIVEWIDETABLE VALUES('2013-02-27 11:27:56.139000','WindowsME_BROKE','Warning','flashyThing',3697)
COMMIT
INSERT INTO FIVEWIDETABLE VALUES('2013-02-27 11:27:56.139000','Partial','Problem','Widgit',3698)
COMMIT
INSERT INTO FIVEWIDETABLE VALUES('2013-02-27 11:27:56.139000','','Good','flashyThing',3699)
COMMIT
INSERT INTO FIVEWIDETABLE VALUES('2013-02-27 11:27:56.139000','Partial','Warning','Widgit',3700)
COMMIT
INSERT INTO FIVEWIDETABLE VALUES('2013-02-27 11:27:56.139000','WindowsME_BROKE','Problem','flashyThing',3701)
COMMIT
INSERT INTO FIVEWIDETABLE VALUES('2013-02-27 11:27:56.139000','','Good','Widgit',3702)
COMMIT
INSERT INTO FIVEWIDETABLE VALUES('2013-02-27 11:27:56.140000','WindowsME_BROKE','Warning','flashyThing',3703)
COMMIT
INSERT INTO FIVEWIDETABLE VALUES('2013-02-27 11:27:56.140000','Partial','Problem','Widgit',3704)
COMMIT
INSERT INTO FIVEWIDETABLE VALUES('2013-02-27 11:27:56.140000','','Good','flashyThing',3705)
COMMIT
INSERT INTO FIVEWIDETABLE VALUES('2013-02-27 11:27:56.140000','Partial','Warning','Widgit',3706)
COMMIT
INSERT INTO FIVEWIDETABLE VALUES('2013-02-27 11:27:56.140000','WindowsME_BROKE','Problem','flashyThing',3707)
COMMIT
INSERT INTO FIVEWIDETABLE VALUES('2013-02-27 11:27:56.140000','','Good','Widgit',3708)
COMMIT
INSERT INTO FIVEWIDETABLE VALUES('2013-02-27 11:27:56.140000','WindowsME_BROKE','Warning','flashyThing',3709)
COMMIT
INSERT INTO FIVEWIDETABLE VALUES('2013-02-27 11:27:56.140000','Partial','Problem','Widgit',3710)
COMMIT
INSERT INTO FIVEWIDETABLE VALUES('2013-02-27 11:27:56.140000','','Good','flashyThing',3711)
COMMIT
INSERT INTO FIVEWIDETABLE VALUES('2013-02-27 11:27:56.140000','Partial','Warning','Widgit',3712)
COMMIT
INSERT INTO FIVEWIDETABLE VALUES('2013-02-27 11:27:56.141000','WindowsME_BROKE','Problem','flashyThing',3713)
COMMIT
INSERT INTO FIVEWIDETABLE VALUES('2013-02-27 11:27:56.141000','','Good','Widgit',3714)
COMMIT
INSERT INTO FIVEWIDETABLE VALUES('2013-02-27 11:27:56.141000','WindowsME_BROKE','Warning','flashyThing',3715)
COMMIT
INSERT INTO FIVEWIDETABLE VALUES('2013-02-27 11:27:56.141000','Partial','Problem','Widgit',3716)
COMMIT
INSERT INTO FIVEWIDETABLE VALUES('2013-02-27 11:27:56.141000','','Good','flashyThing',3717)
COMMIT
INSERT INTO FIVEWIDETABLE VALUES('2013-02-27 11:27:56.141000','Partial','Warning','Widgit',3718)
COMMIT
INSERT INTO FIVEWIDETABLE VALUES('2013-02-27 11:27:56.141000','WindowsME_BROKE','Problem','flashyThing',3719)
COMMIT
INSERT INTO FIVEWIDETABLE VALUES('2013-02-27 11:27:56.141000','','Good','Widgit',3720)
COMMIT
INSERT INTO FIVEWIDETABLE VALUES('2013-02-27 11:27:56.141000','WindowsME_BROKE','Warning','flashyThing',3721)
COMMIT
INSERT INTO FIVEWIDETABLE VALUES('2013-02-27 11:27:56.141000','Partial','Problem','Widgit',3722)
COMMIT
INSERT INTO FIVEWIDETABLE VALUES('2013-02-27 11:27:56.142000','','Good','flashyThing',3723)
COMMIT
INSERT INTO FIVEWIDETABLE VALUES('2013-02-27 11:27:56.142000','Partial','Warning','Widgit',3724)
COMMIT
INSERT INTO FIVEWIDETABLE VALUES('2013-02-27 11:27:56.142000','WindowsME_BROKE','Problem','flashyThing',3725)
COMMIT
INSERT INTO FIVEWIDETABLE VALUES('2013-02-27 11:27:56.142000','','Good','Widgit',3726)
COMMIT
INSERT INTO FIVEWIDETABLE VALUES('2013-02-27 11:27:56.142000','WindowsME_BROKE','Warning','flashyThing',3727)
COMMIT
INSERT INTO FIVEWIDETABLE VALUES('2013-02-27 11:27:56.142000','Partial','Problem','Widgit',3728)
COMMIT
INSERT INTO FIVEWIDETABLE VALUES('2013-02-27 11:27:56.142000','','Good','flashyThing',3729)
COMMIT
INSERT INTO FIVEWIDETABLE VALUES('2013-02-27 11:27:56.142000','Partial','Warning','Widgit',3730)
COMMIT
INSERT INTO FIVEWIDETABLE VALUES('2013-02-27 11:27:56.142000','WindowsME_BROKE','Problem','flashyThing',3731)
COMMIT
INSERT INTO FIVEWIDETABLE VALUES('2013-02-27 11:27:56.142000','','Good','Widgit',3732)
COMMIT
INSERT INTO FIVEWIDETABLE VALUES('2013-02-27 11:27:56.143000','WindowsME_BROKE','Warning','flashyThing',3733)
COMMIT
INSERT INTO FIVEWIDETABLE VALUES('2013-02-27 11:27:56.143000','Partial','Problem','Widgit',3734)
COMMIT
INSERT INTO FIVEWIDETABLE VALUES('2013-02-27 11:27:56.143000','','Good','flashyThing',3735)
COMMIT
INSERT INTO FIVEWIDETABLE VALUES('2013-02-27 11:27:56.143000','Partial','Warning','Widgit',3736)
COMMIT
INSERT INTO FIVEWIDETABLE VALUES('2013-02-27 11:27:56.143000','WindowsME_BROKE','Problem','flashyThing',3737)
COMMIT
INSERT INTO FIVEWIDETABLE VALUES('2013-02-27 11:27:56.143000','','Good','Widgit',3738)
COMMIT
INSERT INTO FIVEWIDETABLE VALUES('2013-02-27 11:27:56.143000','WindowsME_BROKE','Warning','flashyThing',3739)
COMMIT
INSERT INTO FIVEWIDETABLE VALUES('2013-02-27 11:27:56.143000','Partial','Problem','Widgit',3740)
COMMIT
INSERT INTO FIVEWIDETABLE VALUES('2013-02-27 11:27:56.143000','','Good','flashyThing',3741)
COMMIT
INSERT INTO FIVEWIDETABLE VALUES('2013-02-27 11:27:56.143000','Partial','Warning','Widgit',3742)
COMMIT
INSERT INTO FIVEWIDETABLE VALUES('2013-02-27 11:27:56.144000','WindowsME_BROKE','Problem','flashyThing',3743)
COMMIT
INSERT INTO FIVEWIDETABLE VALUES('2013-02-27 11:27:56.144000','','Good','Widgit',3744)
COMMIT
INSERT INTO FIVEWIDETABLE VALUES('2013-02-27 11:27:56.144000','WindowsME_BROKE','Warning','flashyThing',3745)
COMMIT
INSERT INTO FIVEWIDETABLE VALUES('2013-02-27 11:27:56.144000','Partial','Problem','Widgit',3746)
COMMIT
INSERT INTO FIVEWIDETABLE VALUES('2013-02-27 11:27:56.144000','','Good','flashyThing',3747)
COMMIT
INSERT INTO FIVEWIDETABLE VALUES('2013-02-27 11:27:56.144000','Partial','Warning','Widgit',3748)
COMMIT
INSERT INTO FIVEWIDETABLE VALUES('2013-02-27 11:27:56.144000','WindowsME_BROKE','Problem','flashyThing',3749)
COMMIT
INSERT INTO FIVEWIDETABLE VALUES('2013-02-27 11:27:56.144000','','Good','Widgit',3750)
COMMIT
INSERT INTO FIVEWIDETABLE VALUES('2013-02-27 11:27:56.144000','WindowsME_BROKE','Warning','flashyThing',3751)
COMMIT
INSERT INTO FIVEWIDETABLE VALUES('2013-02-27 11:27:56.144000','Partial','Problem','Widgit',3752)
COMMIT
INSERT INTO FIVEWIDETABLE VALUES('2013-02-27 11:27:56.145000','','Good','flashyThing',3753)
COMMIT
INSERT INTO FIVEWIDETABLE VALUES('2013-02-27 11:27:56.145000','Partial','Warning','Widgit',3754)
COMMIT
INSERT INTO FIVEWIDETABLE VALUES('2013-02-27 11:27:56.145000','WindowsME_BROKE','Problem','flashyThing',3755)
COMMIT
INSERT INTO FIVEWIDETABLE VALUES('2013-02-27 11:27:56.145000','','Good','Widgit',3756)
COMMIT
INSERT INTO FIVEWIDETABLE VALUES('2013-02-27 11:27:56.145000','WindowsME_BROKE','Warning','flashyThing',3757)
COMMIT
INSERT INTO FIVEWIDETABLE VALUES('2013-02-27 11:27:56.145000','Partial','Problem','Widgit',3758)
COMMIT
INSERT INTO FIVEWIDETABLE VALUES('2013-02-27 11:27:56.145000','','Good','flashyThing',3759)
COMMIT
INSERT INTO FIVEWIDETABLE VALUES('2013-02-27 11:27:56.145000','Partial','Warning','Widgit',3760)
COMMIT
INSERT INTO FIVEWIDETABLE VALUES('2013-02-27 11:27:56.145000','WindowsME_BROKE','Problem','flashyThing',3761)
COMMIT
INSERT INTO FIVEWIDETABLE VALUES('2013-02-27 11:27:56.145000','','Good','Widgit',3762)
COMMIT
INSERT INTO FIVEWIDETABLE VALUES('2013-02-27 11:27:56.146000','WindowsME_BROKE','Warning','flashyThing',3763)
COMMIT
INSERT INTO FIVEWIDETABLE VALUES('2013-02-27 11:27:56.146000','Partial','Problem','Widgit',3764)
COMMIT
INSERT INTO FIVEWIDETABLE VALUES('2013-02-27 11:27:56.146000','','Good','flashyThing',3765)
COMMIT
INSERT INTO FIVEWIDETABLE VALUES('2013-02-27 11:27:56.146000','Partial','Warning','Widgit',3766)
COMMIT
INSERT INTO FIVEWIDETABLE VALUES('2013-02-27 11:27:56.146000','WindowsME_BROKE','Problem','flashyThing',3767)
COMMIT
INSERT INTO FIVEWIDETABLE VALUES('2013-02-27 11:27:56.146000','','Good','Widgit',3768)
COMMIT
INSERT INTO FIVEWIDETABLE VALUES('2013-02-27 11:27:56.146000','WindowsME_BROKE','Warning','flashyThing',3769)
COMMIT
INSERT INTO FIVEWIDETABLE VALUES('2013-02-27 11:27:56.146000','Partial','Problem','Widgit',3770)
COMMIT
INSERT INTO FIVEWIDETABLE VALUES('2013-02-27 11:27:56.146000','','Good','flashyThing',3771)
COMMIT
INSERT INTO FIVEWIDETABLE VALUES('2013-02-27 11:27:56.147000','Partial','Warning','Widgit',3772)
COMMIT
INSERT INTO FIVEWIDETABLE VALUES('2013-02-27 11:27:56.147000','WindowsME_BROKE','Problem','flashyThing',3773)
COMMIT
INSERT INTO FIVEWIDETABLE VALUES('2013-02-27 11:27:56.147000','','Good','Widgit',3774)
COMMIT
INSERT INTO FIVEWIDETABLE VALUES('2013-02-27 11:27:56.147000','WindowsME_BROKE','Warning','flashyThing',3775)
COMMIT
INSERT INTO FIVEWIDETABLE VALUES('2013-02-27 11:27:56.147000','Partial','Problem','Widgit',3776)
COMMIT
INSERT INTO FIVEWIDETABLE VALUES('2013-02-27 11:27:56.147000','','Good','flashyThing',3777)
COMMIT
INSERT INTO FIVEWIDETABLE VALUES('2013-02-27 11:27:56.147000','Partial','Warning','Widgit',3778)
COMMIT
INSERT INTO FIVEWIDETABLE VALUES('2013-02-27 11:27:56.147000','WindowsME_BROKE','Problem','flashyThing',3779)
COMMIT
INSERT INTO FIVEWIDETABLE VALUES('2013-02-27 11:27:56.147000','','Good','Widgit',3780)
COMMIT
INSERT INTO FIVEWIDETABLE VALUES('2013-02-27 11:27:56.147000','WindowsME_BROKE','Warning','flashyThing',3781)
COMMIT
INSERT INTO FIVEWIDETABLE VALUES('2013-02-27 11:27:56.147000','Partial','Problem','Widgit',3782)
COMMIT
INSERT INTO FIVEWIDETABLE VALUES('2013-02-27 11:27:56.148000','','Good','flashyThing',3783)
COMMIT
INSERT INTO FIVEWIDETABLE VALUES('2013-02-27 11:27:56.148000','Partial','Warning','Widgit',3784)
COMMIT
INSERT INTO FIVEWIDETABLE VALUES('2013-02-27 11:27:56.148000','WindowsME_BROKE','Problem','flashyThing',3785)
COMMIT
INSERT INTO FIVEWIDETABLE VALUES('2013-02-27 11:27:56.148000','','Good','Widgit',3786)
COMMIT
INSERT INTO FIVEWIDETABLE VALUES('2013-02-27 11:27:56.148000','WindowsME_BROKE','Warning','flashyThing',3787)
COMMIT
INSERT INTO FIVEWIDETABLE VALUES('2013-02-27 11:27:56.148000','Partial','Problem','Widgit',3788)
COMMIT
INSERT INTO FIVEWIDETABLE VALUES('2013-02-27 11:27:56.148000','','Good','flashyThing',3789)
COMMIT
INSERT INTO FIVEWIDETABLE VALUES('2013-02-27 11:27:56.148000','Partial','Warning','Widgit',3790)
COMMIT
INSERT INTO FIVEWIDETABLE VALUES('2013-02-27 11:27:56.148000','WindowsME_BROKE','Problem','flashyThing',3791)
COMMIT
INSERT INTO FIVEWIDETABLE VALUES('2013-02-27 11:27:56.148000','','Good','Widgit',3792)
COMMIT
INSERT INTO FIVEWIDETABLE VALUES('2013-02-27 11:27:56.149000','WindowsME_BROKE','Warning','flashyThing',3793)
COMMIT
INSERT INTO FIVEWIDETABLE VALUES('2013-02-27 11:27:56.149000','Partial','Problem','Widgit',3794)
COMMIT
INSERT INTO FIVEWIDETABLE VALUES('2013-02-27 11:27:56.149000','','Good','flashyThing',3795)
COMMIT
INSERT INTO FIVEWIDETABLE VALUES('2013-02-27 11:27:56.149000','Partial','Warning','Widgit',3796)
COMMIT
INSERT INTO FIVEWIDETABLE VALUES('2013-02-27 11:27:56.149000','WindowsME_BROKE','Problem','flashyThing',3797)
COMMIT
INSERT INTO FIVEWIDETABLE VALUES('2013-02-27 11:27:56.149000','','Good','Widgit',3798)
COMMIT
INSERT INTO FIVEWIDETABLE VALUES('2013-02-27 11:27:56.149000','WindowsME_BROKE','Warning','flashyThing',3799)
COMMIT
INSERT INTO FIVEWIDETABLE VALUES('2013-02-27 11:27:56.149000','Partial','Problem','Widgit',3800)
COMMIT
INSERT INTO FIVEWIDETABLE VALUES('2013-02-27 11:27:56.149000','','Good','flashyThing',3801)
COMMIT
INSERT INTO FIVEWIDETABLE VALUES('2013-02-27 11:27:56.150000','Partial','Warning','Widgit',3802)
COMMIT
INSERT INTO FIVEWIDETABLE VALUES('2013-02-27 11:27:56.150000','WindowsME_BROKE','Problem','flashyThing',3803)
COMMIT
INSERT INTO FIVEWIDETABLE VALUES('2013-02-27 11:27:56.150000','','Good','Widgit',3804)
COMMIT
INSERT INTO FIVEWIDETABLE VALUES('2013-02-27 11:27:56.150000','WindowsME_BROKE','Warning','flashyThing',3805)
COMMIT
INSERT INTO FIVEWIDETABLE VALUES('2013-02-27 11:27:56.150000','Partial','Problem','Widgit',3806)
COMMIT
INSERT INTO FIVEWIDETABLE VALUES('2013-02-27 11:27:56.150000','','Good','flashyThing',3807)
COMMIT
INSERT INTO FIVEWIDETABLE VALUES('2013-02-27 11:27:56.150000','Partial','Warning','Widgit',3808)
COMMIT
INSERT INTO FIVEWIDETABLE VALUES('2013-02-27 11:27:56.150000','WindowsME_BROKE','Problem','flashyThing',3809)
COMMIT
INSERT INTO FIVEWIDETABLE VALUES('2013-02-27 11:27:56.150000','','Good','Widgit',3810)
COMMIT
INSERT INTO FIVEWIDETABLE VALUES('2013-02-27 11:27:56.151000','WindowsME_BROKE','Warning','flashyThing',3811)
COMMIT
INSERT INTO FIVEWIDETABLE VALUES('2013-02-27 11:27:56.151000','Partial','Problem','Widgit',3812)
COMMIT
INSERT INTO FIVEWIDETABLE VALUES('2013-02-27 11:27:56.151000','','Good','flashyThing',3813)
COMMIT
INSERT INTO FIVEWIDETABLE VALUES('2013-02-27 11:27:56.151000','Partial','Warning','Widgit',3814)
COMMIT
INSERT INTO FIVEWIDETABLE VALUES('2013-02-27 11:27:56.151000','WindowsME_BROKE','Problem','flashyThing',3815)
COMMIT
INSERT INTO FIVEWIDETABLE VALUES('2013-02-27 11:27:56.151000','','Good','Widgit',3816)
COMMIT
INSERT INTO FIVEWIDETABLE VALUES('2013-02-27 11:27:56.151000','WindowsME_BROKE','Warning','flashyThing',3817)
COMMIT
INSERT INTO FIVEWIDETABLE VALUES('2013-02-27 11:27:56.151000','Partial','Problem','Widgit',3818)
COMMIT
INSERT INTO FIVEWIDETABLE VALUES('2013-02-27 11:27:56.151000','','Good','flashyThing',3819)
COMMIT
INSERT INTO FIVEWIDETABLE VALUES('2013-02-27 11:27:56.151000','Partial','Warning','Widgit',3820)
COMMIT
INSERT INTO FIVEWIDETABLE VALUES('2013-02-27 11:27:56.152000','WindowsME_BROKE','Problem','flashyThing',3821)
COMMIT
INSERT INTO FIVEWIDETABLE VALUES('2013-02-27 11:27:56.152000','','Good','Widgit',3822)
COMMIT
INSERT INTO FIVEWIDETABLE VALUES('2013-02-27 11:27:56.152000','WindowsME_BROKE','Warning','flashyThing',3823)
COMMIT
INSERT INTO FIVEWIDETABLE VALUES('2013-02-27 11:27:56.152000','Partial','Problem','Widgit',3824)
COMMIT
INSERT INTO FIVEWIDETABLE VALUES('2013-02-27 11:27:56.152000','','Good','flashyThing',3825)
COMMIT
INSERT INTO FIVEWIDETABLE VALUES('2013-02-27 11:27:56.152000','Partial','Warning','Widgit',3826)
COMMIT
INSERT INTO FIVEWIDETABLE VALUES('2013-02-27 11:27:56.152000','WindowsME_BROKE','Problem','flashyThing',3827)
COMMIT
INSERT INTO FIVEWIDETABLE VALUES('2013-02-27 11:27:56.152000','','Good','Widgit',3828)
COMMIT
INSERT INTO FIVEWIDETABLE VALUES('2013-02-27 11:27:56.152000','WindowsME_BROKE','Warning','flashyThing',3829)
COMMIT
INSERT INTO FIVEWIDETABLE VALUES('2013-02-27 11:27:56.152000','Partial','Problem','Widgit',3830)
COMMIT
INSERT INTO FIVEWIDETABLE VALUES('2013-02-27 11:27:56.153000','','Good','flashyThing',3831)
COMMIT
INSERT INTO FIVEWIDETABLE VALUES('2013-02-27 11:27:56.153000','Partial','Warning','Widgit',3832)
COMMIT
INSERT INTO FIVEWIDETABLE VALUES('2013-02-27 11:27:56.153000','WindowsME_BROKE','Problem','flashyThing',3833)
COMMIT
INSERT INTO FIVEWIDETABLE VALUES('2013-02-27 11:27:56.153000','','Good','Widgit',3834)
COMMIT
INSERT INTO FIVEWIDETABLE VALUES('2013-02-27 11:27:56.153000','WindowsME_BROKE','Warning','flashyThing',3835)
COMMIT
INSERT INTO FIVEWIDETABLE VALUES('2013-02-27 11:27:56.153000','Partial','Problem','Widgit',3836)
COMMIT
INSERT INTO FIVEWIDETABLE VALUES('2013-02-27 11:27:56.153000','','Good','flashyThing',3837)
COMMIT
INSERT INTO FIVEWIDETABLE VALUES('2013-02-27 11:27:56.153000','Partial','Warning','Widgit',3838)
COMMIT
INSERT INTO FIVEWIDETABLE VALUES('2013-02-27 11:27:56.153000','WindowsME_BROKE','Problem','flashyThing',3839)
COMMIT
INSERT INTO FIVEWIDETABLE VALUES('2013-02-27 11:27:56.153000','','Good','Widgit',3840)
COMMIT
INSERT INTO FIVEWIDETABLE VALUES('2013-02-27 11:27:56.154000','WindowsME_BROKE','Warning','flashyThing',3841)
COMMIT
INSERT INTO FIVEWIDETABLE VALUES('2013-02-27 11:27:56.154000','Partial','Problem','Widgit',3842)
COMMIT
INSERT INTO FIVEWIDETABLE VALUES('2013-02-27 11:27:56.154000','','Good','flashyThing',3843)
COMMIT
INSERT INTO FIVEWIDETABLE VALUES('2013-02-27 11:27:56.154000','Partial','Warning','Widgit',3844)
COMMIT
INSERT INTO FIVEWIDETABLE VALUES('2013-02-27 11:27:56.154000','WindowsME_BROKE','Problem','flashyThing',3845)
COMMIT
INSERT INTO FIVEWIDETABLE VALUES('2013-02-27 11:27:56.154000','','Good','Widgit',3846)
COMMIT
INSERT INTO FIVEWIDETABLE VALUES('2013-02-27 11:27:56.154000','WindowsME_BROKE','Warning','flashyThing',3847)
COMMIT
INSERT INTO FIVEWIDETABLE VALUES('2013-02-27 11:27:56.154000','Partial','Problem','Widgit',3848)
COMMIT
INSERT INTO FIVEWIDETABLE VALUES('2013-02-27 11:27:56.154000','','Good','flashyThing',3849)
COMMIT
INSERT INTO FIVEWIDETABLE VALUES('2013-02-27 11:27:56.154000','Partial','Warning','Widgit',3850)
COMMIT
INSERT INTO FIVEWIDETABLE VALUES('2013-02-27 11:27:56.155000','WindowsME_BROKE','Problem','flashyThing',3851)
COMMIT
INSERT INTO FIVEWIDETABLE VALUES('2013-02-27 11:27:56.155000','','Good','Widgit',3852)
COMMIT
INSERT INTO FIVEWIDETABLE VALUES('2013-02-27 11:27:56.155000','WindowsME_BROKE','Warning','flashyThing',3853)
COMMIT
INSERT INTO FIVEWIDETABLE VALUES('2013-02-27 11:27:56.155000','Partial','Problem','Widgit',3854)
COMMIT
INSERT INTO FIVEWIDETABLE VALUES('2013-02-27 11:27:56.155000','','Good','flashyThing',3855)
COMMIT
INSERT INTO FIVEWIDETABLE VALUES('2013-02-27 11:27:56.155000','Partial','Warning','Widgit',3856)
COMMIT
INSERT INTO FIVEWIDETABLE VALUES('2013-02-27 11:27:56.155000','WindowsME_BROKE','Problem','flashyThing',3857)
COMMIT
INSERT INTO FIVEWIDETABLE VALUES('2013-02-27 11:27:56.155000','','Good','Widgit',3858)
COMMIT
INSERT INTO FIVEWIDETABLE VALUES('2013-02-27 11:27:56.155000','WindowsME_BROKE','Warning','flashyThing',3859)
COMMIT
INSERT INTO FIVEWIDETABLE VALUES('2013-02-27 11:27:56.155000','Partial','Problem','Widgit',3860)
COMMIT
INSERT INTO FIVEWIDETABLE VALUES('2013-02-27 11:27:56.155000','','Good','flashyThing',3861)
COMMIT
INSERT INTO FIVEWIDETABLE VALUES('2013-02-27 11:27:56.156000','Partial','Warning','Widgit',3862)
COMMIT
INSERT INTO FIVEWIDETABLE VALUES('2013-02-27 11:27:56.156000','WindowsME_BROKE','Problem','flashyThing',3863)
COMMIT
INSERT INTO FIVEWIDETABLE VALUES('2013-02-27 11:27:56.156000','','Good','Widgit',3864)
COMMIT
INSERT INTO FIVEWIDETABLE VALUES('2013-02-27 11:27:56.156000','WindowsME_BROKE','Warning','flashyThing',3865)
COMMIT
INSERT INTO FIVEWIDETABLE VALUES('2013-02-27 11:27:56.156000','Partial','Problem','Widgit',3866)
COMMIT
INSERT INTO FIVEWIDETABLE VALUES('2013-02-27 11:27:56.156000','','Good','flashyThing',3867)
COMMIT
INSERT INTO FIVEWIDETABLE VALUES('2013-02-27 11:27:56.156000','Partial','Warning','Widgit',3868)
COMMIT
INSERT INTO FIVEWIDETABLE VALUES('2013-02-27 11:27:56.156000','WindowsME_BROKE','Problem','flashyThing',3869)
COMMIT
INSERT INTO FIVEWIDETABLE VALUES('2013-02-27 11:27:56.156000','','Good','Widgit',3870)
COMMIT
INSERT INTO FIVEWIDETABLE VALUES('2013-02-27 11:27:56.156000','WindowsME_BROKE','Warning','flashyThing',3871)
COMMIT
INSERT INTO FIVEWIDETABLE VALUES('2013-02-27 11:27:56.157000','Partial','Problem','Widgit',3872)
COMMIT
INSERT INTO FIVEWIDETABLE VALUES('2013-02-27 11:27:56.157000','','Good','flashyThing',3873)
COMMIT
INSERT INTO FIVEWIDETABLE VALUES('2013-02-27 11:27:56.157000','Partial','Warning','Widgit',3874)
COMMIT
INSERT INTO FIVEWIDETABLE VALUES('2013-02-27 11:27:56.157000','WindowsME_BROKE','Problem','flashyThing',3875)
COMMIT
INSERT INTO FIVEWIDETABLE VALUES('2013-02-27 11:27:56.157000','','Good','Widgit',3876)
COMMIT
INSERT INTO FIVEWIDETABLE VALUES('2013-02-27 11:27:56.157000','WindowsME_BROKE','Warning','flashyThing',3877)
COMMIT
INSERT INTO FIVEWIDETABLE VALUES('2013-02-27 11:27:56.157000','Partial','Problem','Widgit',3878)
COMMIT
INSERT INTO FIVEWIDETABLE VALUES('2013-02-27 11:27:56.157000','','Good','flashyThing',3879)
COMMIT
INSERT INTO FIVEWIDETABLE VALUES('2013-02-27 11:27:56.157000','Partial','Warning','Widgit',3880)
COMMIT
INSERT INTO FIVEWIDETABLE VALUES('2013-02-27 11:27:56.157000','WindowsME_BROKE','Problem','flashyThing',3881)
COMMIT
INSERT INTO FIVEWIDETABLE VALUES('2013-02-27 11:27:56.157000','','Good','Widgit',3882)
COMMIT
INSERT INTO FIVEWIDETABLE VALUES('2013-02-27 11:27:56.158000','WindowsME_BROKE','Warning','flashyThing',3883)
COMMIT
INSERT INTO FIVEWIDETABLE VALUES('2013-02-27 11:27:56.158000','Partial','Problem','Widgit',3884)
COMMIT
INSERT INTO FIVEWIDETABLE VALUES('2013-02-27 11:27:56.158000','','Good','flashyThing',3885)
COMMIT
INSERT INTO FIVEWIDETABLE VALUES('2013-02-27 11:27:56.158000','Partial','Warning','Widgit',3886)
COMMIT
INSERT INTO FIVEWIDETABLE VALUES('2013-02-27 11:27:56.158000','WindowsME_BROKE','Problem','flashyThing',3887)
COMMIT
INSERT INTO FIVEWIDETABLE VALUES('2013-02-27 11:27:56.158000','','Good','Widgit',3888)
COMMIT
INSERT INTO FIVEWIDETABLE VALUES('2013-02-27 11:27:56.158000','WindowsME_BROKE','Warning','flashyThing',3889)
COMMIT
INSERT INTO FIVEWIDETABLE VALUES('2013-02-27 11:27:56.158000','Partial','Problem','Widgit',3890)
COMMIT
INSERT INTO FIVEWIDETABLE VALUES('2013-02-27 11:27:56.158000','','Good','flashyThing',3891)
COMMIT
INSERT INTO FIVEWIDETABLE VALUES('2013-02-27 11:27:56.158000','Partial','Warning','Widgit',3892)
COMMIT
INSERT INTO FIVEWIDETABLE VALUES('2013-02-27 11:27:56.158000','WindowsME_BROKE','Problem','flashyThing',3893)
COMMIT
INSERT INTO FIVEWIDETABLE VALUES('2013-02-27 11:27:56.159000','','Good','Widgit',3894)
COMMIT
INSERT INTO FIVEWIDETABLE VALUES('2013-02-27 11:27:56.159000','WindowsME_BROKE','Warning','flashyThing',3895)
COMMIT
INSERT INTO FIVEWIDETABLE VALUES('2013-02-27 11:27:56.159000','Partial','Problem','Widgit',3896)
COMMIT
INSERT INTO FIVEWIDETABLE VALUES('2013-02-27 11:27:56.159000','','Good','flashyThing',3897)
COMMIT
INSERT INTO FIVEWIDETABLE VALUES('2013-02-27 11:27:56.159000','Partial','Warning','Widgit',3898)
COMMIT
INSERT INTO FIVEWIDETABLE VALUES('2013-02-27 11:27:56.159000','WindowsME_BROKE','Problem','flashyThing',3899)
COMMIT
INSERT INTO FIVEWIDETABLE VALUES('2013-02-27 11:27:56.159000','','Good','Widgit',3900)
COMMIT
INSERT INTO FIVEWIDETABLE VALUES('2013-02-27 11:27:56.159000','WindowsME_BROKE','Warning','flashyThing',3901)
COMMIT
INSERT INTO FIVEWIDETABLE VALUES('2013-02-27 11:27:56.159000','Partial','Problem','Widgit',3902)
COMMIT
INSERT INTO FIVEWIDETABLE VALUES('2013-02-27 11:27:56.160000','','Good','flashyThing',3903)
COMMIT
INSERT INTO FIVEWIDETABLE VALUES('2013-02-27 11:27:56.160000','Partial','Warning','Widgit',3904)
COMMIT
INSERT INTO FIVEWIDETABLE VALUES('2013-02-27 11:27:56.160000','WindowsME_BROKE','Problem','flashyThing',3905)
COMMIT
INSERT INTO FIVEWIDETABLE VALUES('2013-02-27 11:27:56.160000','','Good','Widgit',3906)
COMMIT
INSERT INTO FIVEWIDETABLE VALUES('2013-02-27 11:27:56.160000','WindowsME_BROKE','Warning','flashyThing',3907)
COMMIT
INSERT INTO FIVEWIDETABLE VALUES('2013-02-27 11:27:56.160000','Partial','Problem','Widgit',3908)
COMMIT
INSERT INTO FIVEWIDETABLE VALUES('2013-02-27 11:27:56.160000','','Good','flashyThing',3909)
COMMIT
INSERT INTO FIVEWIDETABLE VALUES('2013-02-27 11:27:56.160000','Partial','Warning','Widgit',3910)
COMMIT
INSERT INTO FIVEWIDETABLE VALUES('2013-02-27 11:27:56.160000','WindowsME_BROKE','Problem','flashyThing',3911)
COMMIT
INSERT INTO FIVEWIDETABLE VALUES('2013-02-27 11:27:56.160000','','Good','Widgit',3912)
COMMIT
INSERT INTO FIVEWIDETABLE VALUES('2013-02-27 11:27:56.160000','WindowsME_BROKE','Warning','flashyThing',3913)
COMMIT
INSERT INTO FIVEWIDETABLE VALUES('2013-02-27 11:27:56.161000','Partial','Problem','Widgit',3914)
COMMIT
INSERT INTO FIVEWIDETABLE VALUES('2013-02-27 11:27:56.161000','','Good','flashyThing',3915)
COMMIT
INSERT INTO FIVEWIDETABLE VALUES('2013-02-27 11:27:56.161000','Partial','Warning','Widgit',3916)
COMMIT
INSERT INTO FIVEWIDETABLE VALUES('2013-02-27 11:27:56.161000','WindowsME_BROKE','Problem','flashyThing',3917)
COMMIT
INSERT INTO FIVEWIDETABLE VALUES('2013-02-27 11:27:56.161000','','Good','Widgit',3918)
COMMIT
INSERT INTO FIVEWIDETABLE VALUES('2013-02-27 11:27:56.161000','WindowsME_BROKE','Warning','flashyThing',3919)
COMMIT
INSERT INTO FIVEWIDETABLE VALUES('2013-02-27 11:27:56.161000','Partial','Problem','Widgit',3920)
COMMIT
INSERT INTO FIVEWIDETABLE VALUES('2013-02-27 11:27:56.161000','','Good','flashyThing',3921)
COMMIT
INSERT INTO FIVEWIDETABLE VALUES('2013-02-27 11:27:56.161000','Partial','Warning','Widgit',3922)
COMMIT
INSERT INTO FIVEWIDETABLE VALUES('2013-02-27 11:27:56.161000','WindowsME_BROKE','Problem','flashyThing',3923)
COMMIT
INSERT INTO FIVEWIDETABLE VALUES('2013-02-27 11:27:56.161000','','Good','Widgit',3924)
COMMIT
INSERT INTO FIVEWIDETABLE VALUES('2013-02-27 11:27:56.162000','WindowsME_BROKE','Warning','flashyThing',3925)
COMMIT
INSERT INTO FIVEWIDETABLE VALUES('2013-02-27 11:27:56.162000','Partial','Problem','Widgit',3926)
COMMIT
INSERT INTO FIVEWIDETABLE VALUES('2013-02-27 11:27:56.162000','','Good','flashyThing',3927)
COMMIT
INSERT INTO FIVEWIDETABLE VALUES('2013-02-27 11:27:56.162000','Partial','Warning','Widgit',3928)
COMMIT
INSERT INTO FIVEWIDETABLE VALUES('2013-02-27 11:27:56.162000','WindowsME_BROKE','Problem','flashyThing',3929)
COMMIT
INSERT INTO FIVEWIDETABLE VALUES('2013-02-27 11:27:56.162000','','Good','Widgit',3930)
COMMIT
INSERT INTO FIVEWIDETABLE VALUES('2013-02-27 11:27:56.162000','WindowsME_BROKE','Warning','flashyThing',3931)
COMMIT
INSERT INTO FIVEWIDETABLE VALUES('2013-02-27 11:27:56.162000','Partial','Problem','Widgit',3932)
COMMIT
INSERT INTO FIVEWIDETABLE VALUES('2013-02-27 11:27:56.162000','','Good','flashyThing',3933)
COMMIT
INSERT INTO FIVEWIDETABLE VALUES('2013-02-27 11:27:56.163000','Partial','Warning','Widgit',3934)
COMMIT
INSERT INTO FIVEWIDETABLE VALUES('2013-02-27 11:27:56.163000','WindowsME_BROKE','Problem','flashyThing',3935)
COMMIT
INSERT INTO FIVEWIDETABLE VALUES('2013-02-27 11:27:56.163000','','Good','Widgit',3936)
COMMIT
INSERT INTO FIVEWIDETABLE VALUES('2013-02-27 11:27:56.163000','WindowsME_BROKE','Warning','flashyThing',3937)
COMMIT
INSERT INTO FIVEWIDETABLE VALUES('2013-02-27 11:27:56.163000','Partial','Problem','Widgit',3938)
COMMIT
INSERT INTO FIVEWIDETABLE VALUES('2013-02-27 11:27:56.163000','','Good','flashyThing',3939)
COMMIT
INSERT INTO FIVEWIDETABLE VALUES('2013-02-27 11:27:56.163000','Partial','Warning','Widgit',3940)
COMMIT
INSERT INTO FIVEWIDETABLE VALUES('2013-02-27 11:27:56.163000','WindowsME_BROKE','Problem','flashyThing',3941)
COMMIT
INSERT INTO FIVEWIDETABLE VALUES('2013-02-27 11:27:56.163000','','Good','Widgit',3942)
COMMIT
INSERT INTO FIVEWIDETABLE VALUES('2013-02-27 11:27:56.163000','WindowsME_BROKE','Warning','flashyThing',3943)
COMMIT
INSERT INTO FIVEWIDETABLE VALUES('2013-02-27 11:27:56.163000','Partial','Problem','Widgit',3944)
COMMIT
INSERT INTO FIVEWIDETABLE VALUES('2013-02-27 11:27:56.164000','','Good','flashyThing',3945)
COMMIT
INSERT INTO FIVEWIDETABLE VALUES('2013-02-27 11:27:56.164000','Partial','Warning','Widgit',3946)
COMMIT
INSERT INTO FIVEWIDETABLE VALUES('2013-02-27 11:27:56.164000','WindowsME_BROKE','Problem','flashyThing',3947)
COMMIT
INSERT INTO FIVEWIDETABLE VALUES('2013-02-27 11:27:56.164000','','Good','Widgit',3948)
COMMIT
INSERT INTO FIVEWIDETABLE VALUES('2013-02-27 11:27:56.164000','WindowsME_BROKE','Warning','flashyThing',3949)
COMMIT
INSERT INTO FIVEWIDETABLE VALUES('2013-02-27 11:27:56.164000','Partial','Problem','Widgit',3950)
COMMIT
INSERT INTO FIVEWIDETABLE VALUES('2013-02-27 11:27:56.164000','','Good','flashyThing',3951)
COMMIT
INSERT INTO FIVEWIDETABLE VALUES('2013-02-27 11:27:56.164000','Partial','Warning','Widgit',3952)
COMMIT
INSERT INTO FIVEWIDETABLE VALUES('2013-02-27 11:27:56.164000','WindowsME_BROKE','Problem','flashyThing',3953)
COMMIT
INSERT INTO FIVEWIDETABLE VALUES('2013-02-27 11:27:56.164000','','Good','Widgit',3954)
COMMIT
INSERT INTO FIVEWIDETABLE VALUES('2013-02-27 11:27:56.165000','WindowsME_BROKE','Warning','flashyThing',3955)
COMMIT
INSERT INTO FIVEWIDETABLE VALUES('2013-02-27 11:27:56.165000','Partial','Problem','Widgit',3956)
COMMIT
INSERT INTO FIVEWIDETABLE VALUES('2013-02-27 11:27:56.165000','','Good','flashyThing',3957)
COMMIT
INSERT INTO FIVEWIDETABLE VALUES('2013-02-27 11:27:56.165000','Partial','Warning','Widgit',3958)
COMMIT
INSERT INTO FIVEWIDETABLE VALUES('2013-02-27 11:27:56.165000','WindowsME_BROKE','Problem','flashyThing',3959)
COMMIT
INSERT INTO FIVEWIDETABLE VALUES('2013-02-27 11:27:56.165000','','Good','Widgit',3960)
COMMIT
INSERT INTO FIVEWIDETABLE VALUES('2013-02-27 11:27:56.165000','WindowsME_BROKE','Warning','flashyThing',3961)
COMMIT
INSERT INTO FIVEWIDETABLE VALUES('2013-02-27 11:27:56.165000','Partial','Problem','Widgit',3962)
COMMIT
INSERT INTO FIVEWIDETABLE VALUES('2013-02-27 11:27:56.165000','','Good','flashyThing',3963)
COMMIT
INSERT INTO FIVEWIDETABLE VALUES('2013-02-27 11:27:56.165000','Partial','Warning','Widgit',3964)
COMMIT
INSERT INTO FIVEWIDETABLE VALUES('2013-02-27 11:27:56.166000','WindowsME_BROKE','Problem','flashyThing',3965)
COMMIT
INSERT INTO FIVEWIDETABLE VALUES('2013-02-27 11:27:56.166000','','Good','Widgit',3966)
COMMIT
INSERT INTO FIVEWIDETABLE VALUES('2013-02-27 11:27:56.166000','WindowsME_BROKE','Warning','flashyThing',3967)
COMMIT
INSERT INTO FIVEWIDETABLE VALUES('2013-02-27 11:27:56.166000','Partial','Problem','Widgit',3968)
COMMIT
INSERT INTO FIVEWIDETABLE VALUES('2013-02-27 11:27:56.166000','','Good','flashyThing',3969)
COMMIT
INSERT INTO FIVEWIDETABLE VALUES('2013-02-27 11:27:56.166000','Partial','Warning','Widgit',3970)
COMMIT
INSERT INTO FIVEWIDETABLE VALUES('2013-02-27 11:27:56.166000','WindowsME_BROKE','Problem','flashyThing',3971)
COMMIT
INSERT INTO FIVEWIDETABLE VALUES('2013-02-27 11:27:56.166000','','Good','Widgit',3972)
COMMIT
INSERT INTO FIVEWIDETABLE VALUES('2013-02-27 11:27:56.166000','WindowsME_BROKE','Warning','flashyThing',3973)
COMMIT
INSERT INTO FIVEWIDETABLE VALUES('2013-02-27 11:27:56.167000','Partial','Problem','Widgit',3974)
COMMIT
INSERT INTO FIVEWIDETABLE VALUES('2013-02-27 11:27:56.167000','','Good','flashyThing',3975)
COMMIT
INSERT INTO FIVEWIDETABLE VALUES('2013-02-27 11:27:56.167000','Partial','Warning','Widgit',3976)
COMMIT
INSERT INTO FIVEWIDETABLE VALUES('2013-02-27 11:27:56.167000','WindowsME_BROKE','Problem','flashyThing',3977)
COMMIT
INSERT INTO FIVEWIDETABLE VALUES('2013-02-27 11:27:56.167000','','Good','Widgit',3978)
COMMIT
INSERT INTO FIVEWIDETABLE VALUES('2013-02-27 11:27:56.167000','WindowsME_BROKE','Warning','flashyThing',3979)
COMMIT
INSERT INTO FIVEWIDETABLE VALUES('2013-02-27 11:27:56.167000','Partial','Problem','Widgit',3980)
COMMIT
INSERT INTO FIVEWIDETABLE VALUES('2013-02-27 11:27:56.167000','','Good','flashyThing',3981)
COMMIT
INSERT INTO FIVEWIDETABLE VALUES('2013-02-27 11:27:56.167000','Partial','Warning','Widgit',3982)
COMMIT
INSERT INTO FIVEWIDETABLE VALUES('2013-02-27 11:27:56.167000','WindowsME_BROKE','Problem','flashyThing',3983)
COMMIT
INSERT INTO FIVEWIDETABLE VALUES('2013-02-27 11:27:56.168000','','Good','Widgit',3984)
COMMIT
INSERT INTO FIVEWIDETABLE VALUES('2013-02-27 11:27:56.168000','WindowsME_BROKE','Warning','flashyThing',3985)
COMMIT
INSERT INTO FIVEWIDETABLE VALUES('2013-02-27 11:27:56.168000','Partial','Problem','Widgit',3986)
COMMIT
INSERT INTO FIVEWIDETABLE VALUES('2013-02-27 11:27:56.168000','','Good','flashyThing',3987)
COMMIT
INSERT INTO FIVEWIDETABLE VALUES('2013-02-27 11:27:56.168000','Partial','Warning','Widgit',3988)
COMMIT
INSERT INTO FIVEWIDETABLE VALUES('2013-02-27 11:27:56.168000','WindowsME_BROKE','Problem','flashyThing',3989)
COMMIT
INSERT INTO FIVEWIDETABLE VALUES('2013-02-27 11:27:56.168000','','Good','Widgit',3990)
COMMIT
INSERT INTO FIVEWIDETABLE VALUES('2013-02-27 11:27:56.168000','WindowsME_BROKE','Warning','flashyThing',3991)
COMMIT
INSERT INTO FIVEWIDETABLE VALUES('2013-02-27 11:27:56.168000','Partial','Problem','Widgit',3992)
COMMIT
INSERT INTO FIVEWIDETABLE VALUES('2013-02-27 11:27:56.169000','','Good','flashyThing',3993)
COMMIT
INSERT INTO FIVEWIDETABLE VALUES('2013-02-27 11:27:56.169000','Partial','Warning','Widgit',3994)
COMMIT
INSERT INTO FIVEWIDETABLE VALUES('2013-02-27 11:27:56.169000','WindowsME_BROKE','Problem','flashyThing',3995)
COMMIT
INSERT INTO FIVEWIDETABLE VALUES('2013-02-27 11:27:56.169000','','Good','Widgit',3996)
COMMIT
INSERT INTO FIVEWIDETABLE VALUES('2013-02-27 11:27:56.169000','WindowsME_BROKE','Warning','flashyThing',3997)
COMMIT
INSERT INTO FIVEWIDETABLE VALUES('2013-02-27 11:27:56.169000','Partial','Problem','Widgit',3998)
COMMIT
INSERT INTO FIVEWIDETABLE VALUES('2013-02-27 11:27:56.169000','','Good','flashyThing',3999)
COMMIT
INSERT INTO FIVEWIDETABLE VALUES('2013-02-27 11:27:56.169000','Partial','Warning','Widgit',4000)
COMMIT
INSERT INTO FIVEWIDETABLE VALUES('2013-02-27 11:27:56.169000','WindowsME_BROKE','Problem','flashyThing',4001)
COMMIT
INSERT INTO FIVEWIDETABLE VALUES('2013-02-27 11:27:56.170000','','Good','Widgit',4002)
COMMIT
INSERT INTO FIVEWIDETABLE VALUES('2013-02-27 11:27:56.170000','WindowsME_BROKE','Warning','flashyThing',4003)
COMMIT
INSERT INTO FIVEWIDETABLE VALUES('2013-02-27 11:27:56.170000','Partial','Problem','Widgit',4004)
COMMIT
INSERT INTO FIVEWIDETABLE VALUES('2013-02-27 11:27:56.170000','','Good','flashyThing',4005)
COMMIT
INSERT INTO FIVEWIDETABLE VALUES('2013-02-27 11:27:56.170000','Partial','Warning','Widgit',4006)
COMMIT
INSERT INTO FIVEWIDETABLE VALUES('2013-02-27 11:27:56.170000','WindowsME_BROKE','Problem','flashyThing',4007)
COMMIT
INSERT INTO FIVEWIDETABLE VALUES('2013-02-27 11:27:56.170000','','Good','Widgit',4008)
COMMIT
INSERT INTO FIVEWIDETABLE VALUES('2013-02-27 11:27:56.170000','WindowsME_BROKE','Warning','flashyThing',4009)
COMMIT
INSERT INTO FIVEWIDETABLE VALUES('2013-02-27 11:27:56.170000','Partial','Problem','Widgit',4010)
COMMIT
INSERT INTO FIVEWIDETABLE VALUES('2013-02-27 11:27:56.170000','','Good','flashyThing',4011)
COMMIT
INSERT INTO FIVEWIDETABLE VALUES('2013-02-27 11:27:56.171000','Partial','Warning','Widgit',4012)
COMMIT
INSERT INTO FIVEWIDETABLE VALUES('2013-02-27 11:27:56.278000','WindowsME_BROKE','Problem','flashyThing',4013)
COMMIT
INSERT INTO FIVEWIDETABLE VALUES('2013-02-27 11:27:56.278000','','Good','Widgit',4014)
COMMIT
INSERT INTO FIVEWIDETABLE VALUES('2013-02-27 11:27:56.278000','WindowsME_BROKE','Warning','flashyThing',4015)
COMMIT
INSERT INTO FIVEWIDETABLE VALUES('2013-02-27 11:27:56.278000','Partial','Problem','Widgit',4016)
COMMIT
INSERT INTO FIVEWIDETABLE VALUES('2013-02-27 11:27:56.278000','','Good','flashyThing',4017)
COMMIT
INSERT INTO FIVEWIDETABLE VALUES('2013-02-27 11:27:56.278000','Partial','Warning','Widgit',4018)
COMMIT
INSERT INTO FIVEWIDETABLE VALUES('2013-02-27 11:27:56.278000','WindowsME_BROKE','Problem','flashyThing',4019)
COMMIT
INSERT INTO FIVEWIDETABLE VALUES('2013-02-27 11:27:56.278000','','Good','Widgit',4020)
COMMIT
INSERT INTO FIVEWIDETABLE VALUES('2013-02-27 11:27:56.279000','WindowsME_BROKE','Warning','flashyThing',4021)
COMMIT
INSERT INTO FIVEWIDETABLE VALUES('2013-02-27 11:27:56.279000','Partial','Problem','Widgit',4022)
COMMIT
INSERT INTO FIVEWIDETABLE VALUES('2013-02-27 11:27:56.279000','','Good','flashyThing',4023)
COMMIT
INSERT INTO FIVEWIDETABLE VALUES('2013-02-27 11:27:56.279000','Partial','Warning','Widgit',4024)
COMMIT
INSERT INTO FIVEWIDETABLE VALUES('2013-02-27 11:27:56.279000','WindowsME_BROKE','Problem','flashyThing',4025)
COMMIT
INSERT INTO FIVEWIDETABLE VALUES('2013-02-27 11:27:56.279000','','Good','Widgit',4026)
COMMIT
INSERT INTO FIVEWIDETABLE VALUES('2013-02-27 11:27:56.279000','WindowsME_BROKE','Warning','flashyThing',4027)
COMMIT
INSERT INTO FIVEWIDETABLE VALUES('2013-02-27 11:27:56.279000','Partial','Problem','Widgit',4028)
COMMIT
INSERT INTO FIVEWIDETABLE VALUES('2013-02-27 11:27:56.279000','','Good','flashyThing',4029)
COMMIT
INSERT INTO FIVEWIDETABLE VALUES('2013-02-27 11:27:56.279000','Partial','Warning','Widgit',4030)
COMMIT
INSERT INTO FIVEWIDETABLE VALUES('2013-02-27 11:27:56.279000','WindowsME_BROKE','Problem','flashyThing',4031)
COMMIT
INSERT INTO FIVEWIDETABLE VALUES('2013-02-27 11:27:56.279000','','Good','Widgit',4032)
COMMIT
INSERT INTO FIVEWIDETABLE VALUES('2013-02-27 11:27:56.279000','WindowsME_BROKE','Warning','flashyThing',4033)
COMMIT
INSERT INTO FIVEWIDETABLE VALUES('2013-02-27 11:27:56.279000','Partial','Problem','Widgit',4034)
COMMIT
INSERT INTO FIVEWIDETABLE VALUES('2013-02-27 11:27:56.279000','','Good','flashyThing',4035)
COMMIT
INSERT INTO FIVEWIDETABLE VALUES('2013-02-27 11:27:56.280000','Partial','Warning','Widgit',4036)
COMMIT
INSERT INTO FIVEWIDETABLE VALUES('2013-02-27 11:27:56.280000','WindowsME_BROKE','Problem','flashyThing',4037)
COMMIT
INSERT INTO FIVEWIDETABLE VALUES('2013-02-27 11:27:56.280000','','Good','Widgit',4038)
COMMIT
INSERT INTO FIVEWIDETABLE VALUES('2013-02-27 11:27:56.280000','WindowsME_BROKE','Warning','flashyThing',4039)
COMMIT
INSERT INTO FIVEWIDETABLE VALUES('2013-02-27 11:27:56.280000','Partial','Problem','Widgit',4040)
COMMIT
INSERT INTO FIVEWIDETABLE VALUES('2013-02-27 11:27:56.280000','','Good','flashyThing',4041)
COMMIT
INSERT INTO FIVEWIDETABLE VALUES('2013-02-27 11:27:56.280000','Partial','Warning','Widgit',4042)
COMMIT
INSERT INTO FIVEWIDETABLE VALUES('2013-02-27 11:27:56.280000','WindowsME_BROKE','Problem','flashyThing',4043)
COMMIT
INSERT INTO FIVEWIDETABLE VALUES('2013-02-27 11:27:56.280000','','Good','Widgit',4044)
COMMIT
INSERT INTO FIVEWIDETABLE VALUES('2013-02-27 11:27:56.280000','WindowsME_BROKE','Warning','flashyThing',4045)
COMMIT
INSERT INTO FIVEWIDETABLE VALUES('2013-02-27 11:27:56.280000','Partial','Problem','Widgit',4046)
COMMIT
INSERT INTO FIVEWIDETABLE VALUES('2013-02-27 11:27:56.280000','','Good','flashyThing',4047)
COMMIT
INSERT INTO FIVEWIDETABLE VALUES('2013-02-27 11:27:56.280000','Partial','Warning','Widgit',4048)
COMMIT
INSERT INTO FIVEWIDETABLE VALUES('2013-02-27 11:27:56.280000','WindowsME_BROKE','Problem','flashyThing',4049)
COMMIT
INSERT INTO FIVEWIDETABLE VALUES('2013-02-27 11:27:56.280000','','Good','Widgit',4050)
COMMIT
INSERT INTO FIVEWIDETABLE VALUES('2013-02-27 11:27:56.281000','WindowsME_BROKE','Warning','flashyThing',4051)
COMMIT
INSERT INTO FIVEWIDETABLE VALUES('2013-02-27 11:27:56.281000','Partial','Problem','Widgit',4052)
COMMIT
INSERT INTO FIVEWIDETABLE VALUES('2013-02-27 11:27:56.281000','','Good','flashyThing',4053)
COMMIT
INSERT INTO FIVEWIDETABLE VALUES('2013-02-27 11:27:56.281000','Partial','Warning','Widgit',4054)
COMMIT
INSERT INTO FIVEWIDETABLE VALUES('2013-02-27 11:27:56.281000','WindowsME_BROKE','Problem','flashyThing',4055)
COMMIT
INSERT INTO FIVEWIDETABLE VALUES('2013-02-27 11:27:56.281000','','Good','Widgit',4056)
COMMIT
INSERT INTO FIVEWIDETABLE VALUES('2013-02-27 11:27:56.281000','WindowsME_BROKE','Warning','flashyThing',4057)
COMMIT
INSERT INTO FIVEWIDETABLE VALUES('2013-02-27 11:27:56.281000','Partial','Problem','Widgit',4058)
COMMIT
INSERT INTO FIVEWIDETABLE VALUES('2013-02-27 11:27:56.281000','','Good','flashyThing',4059)
COMMIT
INSERT INTO FIVEWIDETABLE VALUES('2013-02-27 11:27:56.281000','Partial','Warning','Widgit',4060)
COMMIT
INSERT INTO FIVEWIDETABLE VALUES('2013-02-27 11:27:56.281000','WindowsME_BROKE','Problem','flashyThing',4061)
COMMIT
INSERT INTO FIVEWIDETABLE VALUES('2013-02-27 11:27:56.281000','','Good','Widgit',4062)
COMMIT
INSERT INTO FIVEWIDETABLE VALUES('2013-02-27 11:27:56.281000','WindowsME_BROKE','Warning','flashyThing',4063)
COMMIT
INSERT INTO FIVEWIDETABLE VALUES('2013-02-27 11:27:56.281000','Partial','Problem','Widgit',4064)
COMMIT
INSERT INTO FIVEWIDETABLE VALUES('2013-02-27 11:27:56.281000','','Good','flashyThing',4065)
COMMIT
INSERT INTO FIVEWIDETABLE VALUES('2013-02-27 11:27:56.282000','Partial','Warning','Widgit',4066)
COMMIT
INSERT INTO FIVEWIDETABLE VALUES('2013-02-27 11:27:56.282000','WindowsME_BROKE','Problem','flashyThing',4067)
COMMIT
INSERT INTO FIVEWIDETABLE VALUES('2013-02-27 11:27:56.282000','','Good','Widgit',4068)
COMMIT
INSERT INTO FIVEWIDETABLE VALUES('2013-02-27 11:27:56.282000','WindowsME_BROKE','Warning','flashyThing',4069)
COMMIT
INSERT INTO FIVEWIDETABLE VALUES('2013-02-27 11:27:56.282000','Partial','Problem','Widgit',4070)
COMMIT
INSERT INTO FIVEWIDETABLE VALUES('2013-02-27 11:27:56.282000','','Good','flashyThing',4071)
COMMIT
INSERT INTO FIVEWIDETABLE VALUES('2013-02-27 11:27:56.282000','Partial','Warning','Widgit',4072)
COMMIT
INSERT INTO FIVEWIDETABLE VALUES('2013-02-27 11:27:56.282000','WindowsME_BROKE','Problem','flashyThing',4073)
COMMIT
INSERT INTO FIVEWIDETABLE VALUES('2013-02-27 11:27:56.282000','','Good','Widgit',4074)
COMMIT
INSERT INTO FIVEWIDETABLE VALUES('2013-02-27 11:27:56.282000','WindowsME_BROKE','Warning','flashyThing',4075)
COMMIT
INSERT INTO FIVEWIDETABLE VALUES('2013-02-27 11:27:56.282000','Partial','Problem','Widgit',4076)
COMMIT
INSERT INTO FIVEWIDETABLE VALUES('2013-02-27 11:27:56.282000','','Good','flashyThing',4077)
COMMIT
INSERT INTO FIVEWIDETABLE VALUES('2013-02-27 11:27:56.282000','Partial','Warning','Widgit',4078)
COMMIT
INSERT INTO FIVEWIDETABLE VALUES('2013-02-27 11:27:56.282000','WindowsME_BROKE','Problem','flashyThing',4079)
COMMIT
INSERT INTO FIVEWIDETABLE VALUES('2013-02-27 11:27:56.282000','','Good','Widgit',4080)
COMMIT
INSERT INTO FIVEWIDETABLE VALUES('2013-02-27 11:27:56.283000','WindowsME_BROKE','Warning','flashyThing',4081)
COMMIT
INSERT INTO FIVEWIDETABLE VALUES('2013-02-27 11:27:56.283000','Partial','Problem','Widgit',4082)
COMMIT
INSERT INTO FIVEWIDETABLE VALUES('2013-02-27 11:27:56.283000','','Good','flashyThing',4083)
COMMIT
INSERT INTO FIVEWIDETABLE VALUES('2013-02-27 11:27:56.283000','Partial','Warning','Widgit',4084)
COMMIT
INSERT INTO FIVEWIDETABLE VALUES('2013-02-27 11:27:56.283000','WindowsME_BROKE','Problem','flashyThing',4085)
COMMIT
INSERT INTO FIVEWIDETABLE VALUES('2013-02-27 11:27:56.283000','','Good','Widgit',4086)
COMMIT
INSERT INTO FIVEWIDETABLE VALUES('2013-02-27 11:27:56.283000','WindowsME_BROKE','Warning','flashyThing',4087)
COMMIT
INSERT INTO FIVEWIDETABLE VALUES('2013-02-27 11:27:56.283000','Partial','Problem','Widgit',4088)
COMMIT
INSERT INTO FIVEWIDETABLE VALUES('2013-02-27 11:27:56.283000','','Good','flashyThing',4089)
COMMIT
INSERT INTO FIVEWIDETABLE VALUES('2013-02-27 11:27:56.283000','Partial','Warning','Widgit',4090)
COMMIT
INSERT INTO FIVEWIDETABLE VALUES('2013-02-27 11:27:56.283000','WindowsME_BROKE','Problem','flashyThing',4091)
COMMIT
INSERT INTO FIVEWIDETABLE VALUES('2013-02-27 11:27:56.283000','','Good','Widgit',4092)
COMMIT
INSERT INTO FIVEWIDETABLE VALUES('2013-02-27 11:27:56.283000','WindowsME_BROKE','Warning','flashyThing',4093)
COMMIT
INSERT INTO FIVEWIDETABLE VALUES('2013-02-27 11:27:56.283000','Partial','Problem','Widgit',4094)
COMMIT
INSERT INTO FIVEWIDETABLE VALUES('2013-02-27 11:27:56.283000','','Good','flashyThing',4095)
COMMIT
INSERT INTO FIVEWIDETABLE VALUES('2013-02-27 11:27:56.284000','Partial','Warning','Widgit',4096)
COMMIT
INSERT INTO FIVEWIDETABLE VALUES('2013-02-27 11:27:56.284000','WindowsME_BROKE','Problem','flashyThing',4097)
COMMIT
INSERT INTO FIVEWIDETABLE VALUES('2013-02-27 11:27:56.284000','','Good','Widgit',4098)
COMMIT
INSERT INTO FIVEWIDETABLE VALUES('2013-02-27 11:27:56.284000','WindowsME_BROKE','Warning','flashyThing',4099)
COMMIT
INSERT INTO FIVEWIDETABLE VALUES('2013-02-27 11:27:56.284000','Partial','Problem','Widgit',4100)
COMMIT
INSERT INTO FIVEWIDETABLE VALUES('2013-02-27 11:27:56.284000','','Good','flashyThing',4101)
COMMIT
INSERT INTO FIVEWIDETABLE VALUES('2013-02-27 11:27:56.284000','Partial','Warning','Widgit',4102)
COMMIT
INSERT INTO FIVEWIDETABLE VALUES('2013-02-27 11:27:56.284000','WindowsME_BROKE','Problem','flashyThing',4103)
COMMIT
INSERT INTO FIVEWIDETABLE VALUES('2013-02-27 11:27:56.284000','','Good','Widgit',4104)
COMMIT
INSERT INTO FIVEWIDETABLE VALUES('2013-02-27 11:27:56.284000','WindowsME_BROKE','Warning','flashyThing',4105)
COMMIT
INSERT INTO FIVEWIDETABLE VALUES('2013-02-27 11:27:56.284000','Partial','Problem','Widgit',4106)
COMMIT
INSERT INTO FIVEWIDETABLE VALUES('2013-02-27 11:27:56.284000','','Good','flashyThing',4107)
COMMIT
INSERT INTO FIVEWIDETABLE VALUES('2013-02-27 11:27:56.284000','Partial','Warning','Widgit',4108)
COMMIT
INSERT INTO FIVEWIDETABLE VALUES('2013-02-27 11:27:56.284000','WindowsME_BROKE','Problem','flashyThing',4109)
COMMIT
INSERT INTO FIVEWIDETABLE VALUES('2013-02-27 11:27:56.284000','','Good','Widgit',4110)
COMMIT
INSERT INTO FIVEWIDETABLE VALUES('2013-02-27 11:27:56.285000','WindowsME_BROKE','Warning','flashyThing',4111)
COMMIT
INSERT INTO FIVEWIDETABLE VALUES('2013-02-27 11:27:56.285000','Partial','Problem','Widgit',4112)
COMMIT
INSERT INTO FIVEWIDETABLE VALUES('2013-02-27 11:27:56.285000','','Good','flashyThing',4113)
COMMIT
INSERT INTO FIVEWIDETABLE VALUES('2013-02-27 11:27:56.285000','Partial','Warning','Widgit',4114)
COMMIT
INSERT INTO FIVEWIDETABLE VALUES('2013-02-27 11:27:56.285000','WindowsME_BROKE','Problem','flashyThing',4115)
COMMIT
INSERT INTO FIVEWIDETABLE VALUES('2013-02-27 11:27:56.285000','','Good','Widgit',4116)
COMMIT
INSERT INTO FIVEWIDETABLE VALUES('2013-02-27 11:27:56.285000','WindowsME_BROKE','Warning','flashyThing',4117)
COMMIT
INSERT INTO FIVEWIDETABLE VALUES('2013-02-27 11:27:56.285000','Partial','Problem','Widgit',4118)
COMMIT
INSERT INTO FIVEWIDETABLE VALUES('2013-02-27 11:27:56.285000','','Good','flashyThing',4119)
COMMIT
INSERT INTO FIVEWIDETABLE VALUES('2013-02-27 11:27:56.285000','Partial','Warning','Widgit',4120)
COMMIT
INSERT INTO FIVEWIDETABLE VALUES('2013-02-27 11:27:56.285000','WindowsME_BROKE','Problem','flashyThing',4121)
COMMIT
INSERT INTO FIVEWIDETABLE VALUES('2013-02-27 11:27:56.285000','','Good','Widgit',4122)
COMMIT
INSERT INTO FIVEWIDETABLE VALUES('2013-02-27 11:27:56.285000','WindowsME_BROKE','Warning','flashyThing',4123)
COMMIT
INSERT INTO FIVEWIDETABLE VALUES('2013-02-27 11:27:56.285000','Partial','Problem','Widgit',4124)
COMMIT
INSERT INTO FIVEWIDETABLE VALUES('2013-02-27 11:27:56.285000','','Good','flashyThing',4125)
COMMIT
INSERT INTO FIVEWIDETABLE VALUES('2013-02-27 11:27:56.286000','Partial','Warning','Widgit',4126)
COMMIT
INSERT INTO FIVEWIDETABLE VALUES('2013-02-27 11:27:56.286000','WindowsME_BROKE','Problem','flashyThing',4127)
COMMIT
INSERT INTO FIVEWIDETABLE VALUES('2013-02-27 11:27:56.286000','','Good','Widgit',4128)
COMMIT
INSERT INTO FIVEWIDETABLE VALUES('2013-02-27 11:27:56.286000','WindowsME_BROKE','Warning','flashyThing',4129)
COMMIT
INSERT INTO FIVEWIDETABLE VALUES('2013-02-27 11:27:56.286000','Partial','Problem','Widgit',4130)
COMMIT
INSERT INTO FIVEWIDETABLE VALUES('2013-02-27 11:27:56.286000','','Good','flashyThing',4131)
COMMIT
INSERT INTO FIVEWIDETABLE VALUES('2013-02-27 11:27:56.286000','Partial','Warning','Widgit',4132)
COMMIT
INSERT INTO FIVEWIDETABLE VALUES('2013-02-27 11:27:56.286000','WindowsME_BROKE','Problem','flashyThing',4133)
COMMIT
INSERT INTO FIVEWIDETABLE VALUES('2013-02-27 11:27:56.286000','','Good','Widgit',4134)
COMMIT
INSERT INTO FIVEWIDETABLE VALUES('2013-02-27 11:27:56.286000','WindowsME_BROKE','Warning','flashyThing',4135)
COMMIT
INSERT INTO FIVEWIDETABLE VALUES('2013-02-27 11:27:56.286000','Partial','Problem','Widgit',4136)
COMMIT
INSERT INTO FIVEWIDETABLE VALUES('2013-02-27 11:27:56.286000','','Good','flashyThing',4137)
COMMIT
INSERT INTO FIVEWIDETABLE VALUES('2013-02-27 11:27:56.286000','Partial','Warning','Widgit',4138)
COMMIT
INSERT INTO FIVEWIDETABLE VALUES('2013-02-27 11:27:56.286000','WindowsME_BROKE','Problem','flashyThing',4139)
COMMIT
INSERT INTO FIVEWIDETABLE VALUES('2013-02-27 11:27:56.287000','','Good','Widgit',4140)
COMMIT
INSERT INTO FIVEWIDETABLE VALUES('2013-02-27 11:27:56.287000','WindowsME_BROKE','Warning','flashyThing',4141)
COMMIT
INSERT INTO FIVEWIDETABLE VALUES('2013-02-27 11:27:56.287000','Partial','Problem','Widgit',4142)
COMMIT
INSERT INTO FIVEWIDETABLE VALUES('2013-02-27 11:27:56.287000','','Good','flashyThing',4143)
COMMIT
INSERT INTO FIVEWIDETABLE VALUES('2013-02-27 11:27:56.287000','Partial','Warning','Widgit',4144)
COMMIT
INSERT INTO FIVEWIDETABLE VALUES('2013-02-27 11:27:56.287000','WindowsME_BROKE','Problem','flashyThing',4145)
COMMIT
INSERT INTO FIVEWIDETABLE VALUES('2013-02-27 11:27:56.287000','','Good','Widgit',4146)
COMMIT
INSERT INTO FIVEWIDETABLE VALUES('2013-02-27 11:27:56.287000','WindowsME_BROKE','Warning','flashyThing',4147)
COMMIT
INSERT INTO FIVEWIDETABLE VALUES('2013-02-27 11:27:56.287000','Partial','Problem','Widgit',4148)
COMMIT
INSERT INTO FIVEWIDETABLE VALUES('2013-02-27 11:27:56.287000','','Good','flashyThing',4149)
COMMIT
INSERT INTO FIVEWIDETABLE VALUES('2013-02-27 11:27:56.287000','Partial','Warning','Widgit',4150)
COMMIT
INSERT INTO FIVEWIDETABLE VALUES('2013-02-27 11:27:56.287000','WindowsME_BROKE','Problem','flashyThing',4151)
COMMIT
INSERT INTO FIVEWIDETABLE VALUES('2013-02-27 11:27:56.287000','','Good','Widgit',4152)
COMMIT
INSERT INTO FIVEWIDETABLE VALUES('2013-02-27 11:27:56.287000','WindowsME_BROKE','Warning','flashyThing',4153)
COMMIT
INSERT INTO FIVEWIDETABLE VALUES('2013-02-27 11:27:56.287000','Partial','Problem','Widgit',4154)
COMMIT
INSERT INTO FIVEWIDETABLE VALUES('2013-02-27 11:27:56.288000','','Good','flashyThing',4155)
COMMIT
INSERT INTO FIVEWIDETABLE VALUES('2013-02-27 11:27:56.288000','Partial','Warning','Widgit',4156)
COMMIT
INSERT INTO FIVEWIDETABLE VALUES('2013-02-27 11:27:56.288000','WindowsME_BROKE','Problem','flashyThing',4157)
COMMIT
INSERT INTO FIVEWIDETABLE VALUES('2013-02-27 11:27:56.288000','','Good','Widgit',4158)
COMMIT
INSERT INTO FIVEWIDETABLE VALUES('2013-02-27 11:27:56.288000','WindowsME_BROKE','Warning','flashyThing',4159)
COMMIT
INSERT INTO FIVEWIDETABLE VALUES('2013-02-27 11:27:56.288000','Partial','Problem','Widgit',4160)
COMMIT
INSERT INTO FIVEWIDETABLE VALUES('2013-02-27 11:27:56.288000','','Good','flashyThing',4161)
COMMIT
INSERT INTO FIVEWIDETABLE VALUES('2013-02-27 11:27:56.288000','Partial','Warning','Widgit',4162)
COMMIT
INSERT INTO FIVEWIDETABLE VALUES('2013-02-27 11:27:56.288000','WindowsME_BROKE','Problem','flashyThing',4163)
COMMIT
INSERT INTO FIVEWIDETABLE VALUES('2013-02-27 11:27:56.288000','','Good','Widgit',4164)
COMMIT
INSERT INTO FIVEWIDETABLE VALUES('2013-02-27 11:27:56.288000','WindowsME_BROKE','Warning','flashyThing',4165)
COMMIT
INSERT INTO FIVEWIDETABLE VALUES('2013-02-27 11:27:56.288000','Partial','Problem','Widgit',4166)
COMMIT
INSERT INTO FIVEWIDETABLE VALUES('2013-02-27 11:27:56.288000','','Good','flashyThing',4167)
COMMIT
INSERT INTO FIVEWIDETABLE VALUES('2013-02-27 11:27:56.288000','Partial','Warning','Widgit',4168)
COMMIT
INSERT INTO FIVEWIDETABLE VALUES('2013-02-27 11:27:56.289000','WindowsME_BROKE','Problem','flashyThing',4169)
COMMIT
INSERT INTO FIVEWIDETABLE VALUES('2013-02-27 11:27:56.289000','','Good','Widgit',4170)
COMMIT
INSERT INTO FIVEWIDETABLE VALUES('2013-02-27 11:27:56.289000','WindowsME_BROKE','Warning','flashyThing',4171)
COMMIT
INSERT INTO FIVEWIDETABLE VALUES('2013-02-27 11:27:56.289000','Partial','Problem','Widgit',4172)
COMMIT
INSERT INTO FIVEWIDETABLE VALUES('2013-02-27 11:27:56.289000','','Good','flashyThing',4173)
COMMIT
INSERT INTO FIVEWIDETABLE VALUES('2013-02-27 11:27:56.289000','Partial','Warning','Widgit',4174)
COMMIT
INSERT INTO FIVEWIDETABLE VALUES('2013-02-27 11:27:56.289000','WindowsME_BROKE','Problem','flashyThing',4175)
COMMIT
INSERT INTO FIVEWIDETABLE VALUES('2013-02-27 11:27:56.289000','','Good','Widgit',4176)
COMMIT
INSERT INTO FIVEWIDETABLE VALUES('2013-02-27 11:27:56.289000','WindowsME_BROKE','Warning','flashyThing',4177)
COMMIT
INSERT INTO FIVEWIDETABLE VALUES('2013-02-27 11:27:56.289000','Partial','Problem','Widgit',4178)
COMMIT
INSERT INTO FIVEWIDETABLE VALUES('2013-02-27 11:27:56.289000','','Good','flashyThing',4179)
COMMIT
INSERT INTO FIVEWIDETABLE VALUES('2013-02-27 11:27:56.289000','Partial','Warning','Widgit',4180)
COMMIT
INSERT INTO FIVEWIDETABLE VALUES('2013-02-27 11:27:56.289000','WindowsME_BROKE','Problem','flashyThing',4181)
COMMIT
INSERT INTO FIVEWIDETABLE VALUES('2013-02-27 11:27:56.289000','','Good','Widgit',4182)
COMMIT
INSERT INTO FIVEWIDETABLE VALUES('2013-02-27 11:27:56.289000','WindowsME_BROKE','Warning','flashyThing',4183)
COMMIT
INSERT INTO FIVEWIDETABLE VALUES('2013-02-27 11:27:56.290000','Partial','Problem','Widgit',4184)
COMMIT
INSERT INTO FIVEWIDETABLE VALUES('2013-02-27 11:27:56.290000','','Good','flashyThing',4185)
COMMIT
INSERT INTO FIVEWIDETABLE VALUES('2013-02-27 11:27:56.290000','Partial','Warning','Widgit',4186)
COMMIT
INSERT INTO FIVEWIDETABLE VALUES('2013-02-27 11:27:56.290000','WindowsME_BROKE','Problem','flashyThing',4187)
COMMIT
INSERT INTO FIVEWIDETABLE VALUES('2013-02-27 11:27:56.290000','','Good','Widgit',4188)
COMMIT
INSERT INTO FIVEWIDETABLE VALUES('2013-02-27 11:27:56.290000','WindowsME_BROKE','Warning','flashyThing',4189)
COMMIT
INSERT INTO FIVEWIDETABLE VALUES('2013-02-27 11:27:56.290000','Partial','Problem','Widgit',4190)
COMMIT
INSERT INTO FIVEWIDETABLE VALUES('2013-02-27 11:27:56.290000','','Good','flashyThing',4191)
COMMIT
INSERT INTO FIVEWIDETABLE VALUES('2013-02-27 11:27:56.290000','Partial','Warning','Widgit',4192)
COMMIT
INSERT INTO FIVEWIDETABLE VALUES('2013-02-27 11:27:56.290000','WindowsME_BROKE','Problem','flashyThing',4193)
COMMIT
INSERT INTO FIVEWIDETABLE VALUES('2013-02-27 11:27:56.290000','','Good','Widgit',4194)
COMMIT
INSERT INTO FIVEWIDETABLE VALUES('2013-02-27 11:27:56.290000','WindowsME_BROKE','Warning','flashyThing',4195)
COMMIT
INSERT INTO FIVEWIDETABLE VALUES('2013-02-27 11:27:56.290000','Partial','Problem','Widgit',4196)
COMMIT
INSERT INTO FIVEWIDETABLE VALUES('2013-02-27 11:27:56.290000','','Good','flashyThing',4197)
COMMIT
INSERT INTO FIVEWIDETABLE VALUES('2013-02-27 11:27:56.290000','Partial','Warning','Widgit',4198)
COMMIT
INSERT INTO FIVEWIDETABLE VALUES('2013-02-27 11:27:56.291000','WindowsME_BROKE','Problem','flashyThing',4199)
COMMIT
INSERT INTO FIVEWIDETABLE VALUES('2013-02-27 11:27:56.291000','','Good','Widgit',4200)
COMMIT
INSERT INTO FIVEWIDETABLE VALUES('2013-02-27 11:27:56.291000','WindowsME_BROKE','Warning','flashyThing',4201)
COMMIT
INSERT INTO FIVEWIDETABLE VALUES('2013-02-27 11:27:56.291000','Partial','Problem','Widgit',4202)
COMMIT
INSERT INTO FIVEWIDETABLE VALUES('2013-02-27 11:27:56.291000','','Good','flashyThing',4203)
COMMIT
INSERT INTO FIVEWIDETABLE VALUES('2013-02-27 11:27:56.291000','Partial','Warning','Widgit',4204)
COMMIT
INSERT INTO FIVEWIDETABLE VALUES('2013-02-27 11:27:56.291000','WindowsME_BROKE','Problem','flashyThing',4205)
COMMIT
INSERT INTO FIVEWIDETABLE VALUES('2013-02-27 11:27:56.291000','','Good','Widgit',4206)
COMMIT
INSERT INTO FIVEWIDETABLE VALUES('2013-02-27 11:27:56.291000','WindowsME_BROKE','Warning','flashyThing',4207)
COMMIT
INSERT INTO FIVEWIDETABLE VALUES('2013-02-27 11:27:56.291000','Partial','Problem','Widgit',4208)
COMMIT
INSERT INTO FIVEWIDETABLE VALUES('2013-02-27 11:27:56.291000','','Good','flashyThing',4209)
COMMIT
INSERT INTO FIVEWIDETABLE VALUES('2013-02-27 11:27:56.291000','Partial','Warning','Widgit',4210)
COMMIT
INSERT INTO FIVEWIDETABLE VALUES('2013-02-27 11:27:56.291000','WindowsME_BROKE','Problem','flashyThing',4211)
COMMIT
INSERT INTO FIVEWIDETABLE VALUES('2013-02-27 11:27:56.291000','','Good','Widgit',4212)
COMMIT
INSERT INTO FIVEWIDETABLE VALUES('2013-02-27 11:27:56.291000','WindowsME_BROKE','Warning','flashyThing',4213)
COMMIT
INSERT INTO FIVEWIDETABLE VALUES('2013-02-27 11:27:56.292000','Partial','Problem','Widgit',4214)
COMMIT
INSERT INTO FIVEWIDETABLE VALUES('2013-02-27 11:27:56.292000','','Good','flashyThing',4215)
COMMIT
INSERT INTO FIVEWIDETABLE VALUES('2013-02-27 11:27:56.292000','Partial','Warning','Widgit',4216)
COMMIT
INSERT INTO FIVEWIDETABLE VALUES('2013-02-27 11:27:56.292000','WindowsME_BROKE','Problem','flashyThing',4217)
COMMIT
INSERT INTO FIVEWIDETABLE VALUES('2013-02-27 11:27:56.292000','','Good','Widgit',4218)
COMMIT
INSERT INTO FIVEWIDETABLE VALUES('2013-02-27 11:27:56.292000','WindowsME_BROKE','Warning','flashyThing',4219)
COMMIT
INSERT INTO FIVEWIDETABLE VALUES('2013-02-27 11:27:56.292000','Partial','Problem','Widgit',4220)
COMMIT
INSERT INTO FIVEWIDETABLE VALUES('2013-02-27 11:27:56.292000','','Good','flashyThing',4221)
COMMIT
INSERT INTO FIVEWIDETABLE VALUES('2013-02-27 11:27:56.292000','Partial','Warning','Widgit',4222)
COMMIT
INSERT INTO FIVEWIDETABLE VALUES('2013-02-27 11:27:56.292000','WindowsME_BROKE','Problem','flashyThing',4223)
COMMIT
INSERT INTO FIVEWIDETABLE VALUES('2013-02-27 11:27:56.292000','','Good','Widgit',4224)
COMMIT
INSERT INTO FIVEWIDETABLE VALUES('2013-02-27 11:27:56.292000','WindowsME_BROKE','Warning','flashyThing',4225)
COMMIT
INSERT INTO FIVEWIDETABLE VALUES('2013-02-27 11:27:56.292000','Partial','Problem','Widgit',4226)
COMMIT
INSERT INTO FIVEWIDETABLE VALUES('2013-02-27 11:27:56.292000','','Good','flashyThing',4227)
COMMIT
INSERT INTO FIVEWIDETABLE VALUES('2013-02-27 11:27:56.292000','Partial','Warning','Widgit',4228)
COMMIT
INSERT INTO FIVEWIDETABLE VALUES('2013-02-27 11:27:56.293000','WindowsME_BROKE','Problem','flashyThing',4229)
COMMIT
INSERT INTO FIVEWIDETABLE VALUES('2013-02-27 11:27:56.293000','','Good','Widgit',4230)
COMMIT
INSERT INTO FIVEWIDETABLE VALUES('2013-02-27 11:27:56.293000','WindowsME_BROKE','Warning','flashyThing',4231)
COMMIT
INSERT INTO FIVEWIDETABLE VALUES('2013-02-27 11:27:56.293000','Partial','Problem','Widgit',4232)
COMMIT
INSERT INTO FIVEWIDETABLE VALUES('2013-02-27 11:27:56.293000','','Good','flashyThing',4233)
COMMIT
INSERT INTO FIVEWIDETABLE VALUES('2013-02-27 11:27:56.293000','Partial','Warning','Widgit',4234)
COMMIT
INSERT INTO FIVEWIDETABLE VALUES('2013-02-27 11:27:56.293000','WindowsME_BROKE','Problem','flashyThing',4235)
COMMIT
INSERT INTO FIVEWIDETABLE VALUES('2013-02-27 11:27:56.293000','','Good','Widgit',4236)
COMMIT
INSERT INTO FIVEWIDETABLE VALUES('2013-02-27 11:27:56.293000','WindowsME_BROKE','Warning','flashyThing',4237)
COMMIT
INSERT INTO FIVEWIDETABLE VALUES('2013-02-27 11:27:56.293000','Partial','Problem','Widgit',4238)
COMMIT
INSERT INTO FIVEWIDETABLE VALUES('2013-02-27 11:27:56.293000','','Good','flashyThing',4239)
COMMIT
INSERT INTO FIVEWIDETABLE VALUES('2013-02-27 11:27:56.293000','Partial','Warning','Widgit',4240)
COMMIT
INSERT INTO FIVEWIDETABLE VALUES('2013-02-27 11:27:56.293000','WindowsME_BROKE','Problem','flashyThing',4241)
COMMIT
INSERT INTO FIVEWIDETABLE VALUES('2013-02-27 11:27:56.293000','','Good','Widgit',4242)
COMMIT
INSERT INTO FIVEWIDETABLE VALUES('2013-02-27 11:27:56.293000','WindowsME_BROKE','Warning','flashyThing',4243)
COMMIT
INSERT INTO FIVEWIDETABLE VALUES('2013-02-27 11:27:56.294000','Partial','Problem','Widgit',4244)
COMMIT
INSERT INTO FIVEWIDETABLE VALUES('2013-02-27 11:27:56.294000','','Good','flashyThing',4245)
COMMIT
INSERT INTO FIVEWIDETABLE VALUES('2013-02-27 11:27:56.294000','Partial','Warning','Widgit',4246)
COMMIT
INSERT INTO FIVEWIDETABLE VALUES('2013-02-27 11:27:56.294000','WindowsME_BROKE','Problem','flashyThing',4247)
COMMIT
INSERT INTO FIVEWIDETABLE VALUES('2013-02-27 11:27:56.294000','','Good','Widgit',4248)
COMMIT
INSERT INTO FIVEWIDETABLE VALUES('2013-02-27 11:27:56.294000','WindowsME_BROKE','Warning','flashyThing',4249)
COMMIT
INSERT INTO FIVEWIDETABLE VALUES('2013-02-27 11:27:56.294000','Partial','Problem','Widgit',4250)
COMMIT
INSERT INTO FIVEWIDETABLE VALUES('2013-02-27 11:27:56.294000','','Good','flashyThing',4251)
COMMIT
INSERT INTO FIVEWIDETABLE VALUES('2013-02-27 11:27:56.294000','Partial','Warning','Widgit',4252)
COMMIT
INSERT INTO FIVEWIDETABLE VALUES('2013-02-27 11:27:56.294000','WindowsME_BROKE','Problem','flashyThing',4253)
COMMIT
INSERT INTO FIVEWIDETABLE VALUES('2013-02-27 11:27:56.294000','','Good','Widgit',4254)
COMMIT
INSERT INTO FIVEWIDETABLE VALUES('2013-02-27 11:27:56.294000','WindowsME_BROKE','Warning','flashyThing',4255)
COMMIT
INSERT INTO FIVEWIDETABLE VALUES('2013-02-27 11:27:56.294000','Partial','Problem','Widgit',4256)
COMMIT
INSERT INTO FIVEWIDETABLE VALUES('2013-02-27 11:27:56.294000','','Good','flashyThing',4257)
COMMIT
INSERT INTO FIVEWIDETABLE VALUES('2013-02-27 11:27:56.294000','Partial','Warning','Widgit',4258)
COMMIT
INSERT INTO FIVEWIDETABLE VALUES('2013-02-27 11:27:56.295000','WindowsME_BROKE','Problem','flashyThing',4259)
COMMIT
INSERT INTO FIVEWIDETABLE VALUES('2013-02-27 11:27:56.295000','','Good','Widgit',4260)
COMMIT
INSERT INTO FIVEWIDETABLE VALUES('2013-02-27 11:27:56.295000','WindowsME_BROKE','Warning','flashyThing',4261)
COMMIT
INSERT INTO FIVEWIDETABLE VALUES('2013-02-27 11:27:56.295000','Partial','Problem','Widgit',4262)
COMMIT
INSERT INTO FIVEWIDETABLE VALUES('2013-02-27 11:27:56.295000','','Good','flashyThing',4263)
COMMIT
INSERT INTO FIVEWIDETABLE VALUES('2013-02-27 11:27:56.295000','Partial','Warning','Widgit',4264)
COMMIT
INSERT INTO FIVEWIDETABLE VALUES('2013-02-27 11:27:56.295000','WindowsME_BROKE','Problem','flashyThing',4265)
COMMIT
INSERT INTO FIVEWIDETABLE VALUES('2013-02-27 11:27:56.295000','','Good','Widgit',4266)
COMMIT
INSERT INTO FIVEWIDETABLE VALUES('2013-02-27 11:27:56.295000','WindowsME_BROKE','Warning','flashyThing',4267)
COMMIT
INSERT INTO FIVEWIDETABLE VALUES('2013-02-27 11:27:56.295000','Partial','Problem','Widgit',4268)
COMMIT
INSERT INTO FIVEWIDETABLE VALUES('2013-02-27 11:27:56.295000','','Good','flashyThing',4269)
COMMIT
INSERT INTO FIVEWIDETABLE VALUES('2013-02-27 11:27:56.295000','Partial','Warning','Widgit',4270)
COMMIT
INSERT INTO FIVEWIDETABLE VALUES('2013-02-27 11:27:56.295000','WindowsME_BROKE','Problem','flashyThing',4271)
COMMIT
INSERT INTO FIVEWIDETABLE VALUES('2013-02-27 11:27:56.295000','','Good','Widgit',4272)
COMMIT
INSERT INTO FIVEWIDETABLE VALUES('2013-02-27 11:27:56.296000','WindowsME_BROKE','Warning','flashyThing',4273)
COMMIT
INSERT INTO FIVEWIDETABLE VALUES('2013-02-27 11:27:56.296000','Partial','Problem','Widgit',4274)
COMMIT
INSERT INTO FIVEWIDETABLE VALUES('2013-02-27 11:27:56.296000','','Good','flashyThing',4275)
COMMIT
INSERT INTO FIVEWIDETABLE VALUES('2013-02-27 11:27:56.296000','Partial','Warning','Widgit',4276)
COMMIT
INSERT INTO FIVEWIDETABLE VALUES('2013-02-27 11:27:56.296000','WindowsME_BROKE','Problem','flashyThing',4277)
COMMIT
INSERT INTO FIVEWIDETABLE VALUES('2013-02-27 11:27:56.296000','','Good','Widgit',4278)
COMMIT
INSERT INTO FIVEWIDETABLE VALUES('2013-02-27 11:27:56.296000','WindowsME_BROKE','Warning','flashyThing',4279)
COMMIT
INSERT INTO FIVEWIDETABLE VALUES('2013-02-27 11:27:56.296000','Partial','Problem','Widgit',4280)
COMMIT
INSERT INTO FIVEWIDETABLE VALUES('2013-02-27 11:27:56.296000','','Good','flashyThing',4281)
COMMIT
INSERT INTO FIVEWIDETABLE VALUES('2013-02-27 11:27:56.296000','Partial','Warning','Widgit',4282)
COMMIT
INSERT INTO FIVEWIDETABLE VALUES('2013-02-27 11:27:56.296000','WindowsME_BROKE','Problem','flashyThing',4283)
COMMIT
INSERT INTO FIVEWIDETABLE VALUES('2013-02-27 11:27:56.296000','','Good','Widgit',4284)
COMMIT
INSERT INTO FIVEWIDETABLE VALUES('2013-02-27 11:27:56.296000','WindowsME_BROKE','Warning','flashyThing',4285)
COMMIT
INSERT INTO FIVEWIDETABLE VALUES('2013-02-27 11:27:56.296000','Partial','Problem','Widgit',4286)
COMMIT
INSERT INTO FIVEWIDETABLE VALUES('2013-02-27 11:27:56.296000','','Good','flashyThing',4287)
COMMIT
INSERT INTO FIVEWIDETABLE VALUES('2013-02-27 11:27:56.297000','Partial','Warning','Widgit',4288)
COMMIT
INSERT INTO FIVEWIDETABLE VALUES('2013-02-27 11:27:56.297000','WindowsME_BROKE','Problem','flashyThing',4289)
COMMIT
INSERT INTO FIVEWIDETABLE VALUES('2013-02-27 11:27:56.297000','','Good','Widgit',4290)
COMMIT
INSERT INTO FIVEWIDETABLE VALUES('2013-02-27 11:27:56.297000','WindowsME_BROKE','Warning','flashyThing',4291)
COMMIT
INSERT INTO FIVEWIDETABLE VALUES('2013-02-27 11:27:56.297000','Partial','Problem','Widgit',4292)
COMMIT
INSERT INTO FIVEWIDETABLE VALUES('2013-02-27 11:27:56.297000','','Good','flashyThing',4293)
COMMIT
INSERT INTO FIVEWIDETABLE VALUES('2013-02-27 11:27:56.297000','Partial','Warning','Widgit',4294)
COMMIT
INSERT INTO FIVEWIDETABLE VALUES('2013-02-27 11:27:56.297000','WindowsME_BROKE','Problem','flashyThing',4295)
COMMIT
INSERT INTO FIVEWIDETABLE VALUES('2013-02-27 11:27:56.297000','','Good','Widgit',4296)
COMMIT
INSERT INTO FIVEWIDETABLE VALUES('2013-02-27 11:27:56.297000','WindowsME_BROKE','Warning','flashyThing',4297)
COMMIT
INSERT INTO FIVEWIDETABLE VALUES('2013-02-27 11:27:56.297000','Partial','Problem','Widgit',4298)
COMMIT
INSERT INTO FIVEWIDETABLE VALUES('2013-02-27 11:27:56.297000','','Good','flashyThing',4299)
COMMIT
INSERT INTO FIVEWIDETABLE VALUES('2013-02-27 11:27:56.297000','Partial','Warning','Widgit',4300)
COMMIT
INSERT INTO FIVEWIDETABLE VALUES('2013-02-27 11:27:56.297000','WindowsME_BROKE','Problem','flashyThing',4301)
COMMIT
INSERT INTO FIVEWIDETABLE VALUES('2013-02-27 11:27:56.297000','','Good','Widgit',4302)
COMMIT
INSERT INTO FIVEWIDETABLE VALUES('2013-02-27 11:27:56.298000','WindowsME_BROKE','Warning','flashyThing',4303)
COMMIT
INSERT INTO FIVEWIDETABLE VALUES('2013-02-27 11:27:56.298000','Partial','Problem','Widgit',4304)
COMMIT
INSERT INTO FIVEWIDETABLE VALUES('2013-02-27 11:27:56.298000','','Good','flashyThing',4305)
COMMIT
INSERT INTO FIVEWIDETABLE VALUES('2013-02-27 11:27:56.298000','Partial','Warning','Widgit',4306)
COMMIT
INSERT INTO FIVEWIDETABLE VALUES('2013-02-27 11:27:56.298000','WindowsME_BROKE','Problem','flashyThing',4307)
COMMIT
INSERT INTO FIVEWIDETABLE VALUES('2013-02-27 11:27:56.298000','','Good','Widgit',4308)
COMMIT
INSERT INTO FIVEWIDETABLE VALUES('2013-02-27 11:27:56.298000','WindowsME_BROKE','Warning','flashyThing',4309)
COMMIT
INSERT INTO FIVEWIDETABLE VALUES('2013-02-27 11:27:56.298000','Partial','Problem','Widgit',4310)
COMMIT
INSERT INTO FIVEWIDETABLE VALUES('2013-02-27 11:27:56.298000','','Good','flashyThing',4311)
COMMIT
INSERT INTO FIVEWIDETABLE VALUES('2013-02-27 11:27:56.298000','Partial','Warning','Widgit',4312)
COMMIT
INSERT INTO FIVEWIDETABLE VALUES('2013-02-27 11:27:56.298000','WindowsME_BROKE','Problem','flashyThing',4313)
COMMIT
INSERT INTO FIVEWIDETABLE VALUES('2013-02-27 11:27:56.298000','','Good','Widgit',4314)
COMMIT
INSERT INTO FIVEWIDETABLE VALUES('2013-02-27 11:27:56.298000','WindowsME_BROKE','Warning','flashyThing',4315)
COMMIT
INSERT INTO FIVEWIDETABLE VALUES('2013-02-27 11:27:56.298000','Partial','Problem','Widgit',4316)
COMMIT
INSERT INTO FIVEWIDETABLE VALUES('2013-02-27 11:27:56.298000','','Good','flashyThing',4317)
COMMIT
INSERT INTO FIVEWIDETABLE VALUES('2013-02-27 11:27:56.299000','Partial','Warning','Widgit',4318)
COMMIT
INSERT INTO FIVEWIDETABLE VALUES('2013-02-27 11:27:56.299000','WindowsME_BROKE','Problem','flashyThing',4319)
COMMIT
INSERT INTO FIVEWIDETABLE VALUES('2013-02-27 11:27:56.299000','','Good','Widgit',4320)
COMMIT
INSERT INTO FIVEWIDETABLE VALUES('2013-02-27 11:27:56.299000','WindowsME_BROKE','Warning','flashyThing',4321)
COMMIT
INSERT INTO FIVEWIDETABLE VALUES('2013-02-27 11:27:56.299000','Partial','Problem','Widgit',4322)
COMMIT
INSERT INTO FIVEWIDETABLE VALUES('2013-02-27 11:27:56.299000','','Good','flashyThing',4323)
COMMIT
INSERT INTO FIVEWIDETABLE VALUES('2013-02-27 11:27:56.299000','Partial','Warning','Widgit',4324)
COMMIT
INSERT INTO FIVEWIDETABLE VALUES('2013-02-27 11:27:56.299000','WindowsME_BROKE','Problem','flashyThing',4325)
COMMIT
INSERT INTO FIVEWIDETABLE VALUES('2013-02-27 11:27:56.299000','','Good','Widgit',4326)
COMMIT
INSERT INTO FIVEWIDETABLE VALUES('2013-02-27 11:27:56.299000','WindowsME_BROKE','Warning','flashyThing',4327)
COMMIT
INSERT INTO FIVEWIDETABLE VALUES('2013-02-27 11:27:56.299000','Partial','Problem','Widgit',4328)
COMMIT
INSERT INTO FIVEWIDETABLE VALUES('2013-02-27 11:27:56.299000','','Good','flashyThing',4329)
COMMIT
INSERT INTO FIVEWIDETABLE VALUES('2013-02-27 11:27:56.299000','Partial','Warning','Widgit',4330)
COMMIT
INSERT INTO FIVEWIDETABLE VALUES('2013-02-27 11:27:56.299000','WindowsME_BROKE','Problem','flashyThing',4331)
COMMIT
INSERT INTO FIVEWIDETABLE VALUES('2013-02-27 11:27:56.299000','','Good','Widgit',4332)
COMMIT
INSERT INTO FIVEWIDETABLE VALUES('2013-02-27 11:27:56.300000','WindowsME_BROKE','Warning','flashyThing',4333)
COMMIT
INSERT INTO FIVEWIDETABLE VALUES('2013-02-27 11:27:56.300000','Partial','Problem','Widgit',4334)
COMMIT
INSERT INTO FIVEWIDETABLE VALUES('2013-02-27 11:27:56.300000','','Good','flashyThing',4335)
COMMIT
INSERT INTO FIVEWIDETABLE VALUES('2013-02-27 11:27:56.300000','Partial','Warning','Widgit',4336)
COMMIT
INSERT INTO FIVEWIDETABLE VALUES('2013-02-27 11:27:56.300000','WindowsME_BROKE','Problem','flashyThing',4337)
COMMIT
INSERT INTO FIVEWIDETABLE VALUES('2013-02-27 11:27:56.300000','','Good','Widgit',4338)
COMMIT
INSERT INTO FIVEWIDETABLE VALUES('2013-02-27 11:27:56.300000','WindowsME_BROKE','Warning','flashyThing',4339)
COMMIT
INSERT INTO FIVEWIDETABLE VALUES('2013-02-27 11:27:56.300000','Partial','Problem','Widgit',4340)
COMMIT
INSERT INTO FIVEWIDETABLE VALUES('2013-02-27 11:27:56.300000','','Good','flashyThing',4341)
COMMIT
INSERT INTO FIVEWIDETABLE VALUES('2013-02-27 11:27:56.300000','Partial','Warning','Widgit',4342)
COMMIT
INSERT INTO FIVEWIDETABLE VALUES('2013-02-27 11:27:56.300000','WindowsME_BROKE','Problem','flashyThing',4343)
COMMIT
INSERT INTO FIVEWIDETABLE VALUES('2013-02-27 11:27:56.300000','','Good','Widgit',4344)
COMMIT
INSERT INTO FIVEWIDETABLE VALUES('2013-02-27 11:27:56.300000','WindowsME_BROKE','Warning','flashyThing',4345)
COMMIT
INSERT INTO FIVEWIDETABLE VALUES('2013-02-27 11:27:56.300000','Partial','Problem','Widgit',4346)
COMMIT
INSERT INTO FIVEWIDETABLE VALUES('2013-02-27 11:27:56.300000','','Good','flashyThing',4347)
COMMIT
INSERT INTO FIVEWIDETABLE VALUES('2013-02-27 11:27:56.301000','Partial','Warning','Widgit',4348)
COMMIT
INSERT INTO FIVEWIDETABLE VALUES('2013-02-27 11:27:56.301000','WindowsME_BROKE','Problem','flashyThing',4349)
COMMIT
INSERT INTO FIVEWIDETABLE VALUES('2013-02-27 11:27:56.301000','','Good','Widgit',4350)
COMMIT
INSERT INTO FIVEWIDETABLE VALUES('2013-02-27 11:27:56.301000','WindowsME_BROKE','Warning','flashyThing',4351)
COMMIT
INSERT INTO FIVEWIDETABLE VALUES('2013-02-27 11:27:56.301000','Partial','Problem','Widgit',4352)
COMMIT
INSERT INTO FIVEWIDETABLE VALUES('2013-02-27 11:27:56.301000','','Good','flashyThing',4353)
COMMIT
INSERT INTO FIVEWIDETABLE VALUES('2013-02-27 11:27:56.301000','Partial','Warning','Widgit',4354)
COMMIT
INSERT INTO FIVEWIDETABLE VALUES('2013-02-27 11:27:56.301000','WindowsME_BROKE','Problem','flashyThing',4355)
COMMIT
INSERT INTO FIVEWIDETABLE VALUES('2013-02-27 11:27:56.301000','','Good','Widgit',4356)
COMMIT
INSERT INTO FIVEWIDETABLE VALUES('2013-02-27 11:27:56.301000','WindowsME_BROKE','Warning','flashyThing',4357)
COMMIT
INSERT INTO FIVEWIDETABLE VALUES('2013-02-27 11:27:56.301000','Partial','Problem','Widgit',4358)
COMMIT
INSERT INTO FIVEWIDETABLE VALUES('2013-02-27 11:27:56.301000','','Good','flashyThing',4359)
COMMIT
INSERT INTO FIVEWIDETABLE VALUES('2013-02-27 11:27:56.301000','Partial','Warning','Widgit',4360)
COMMIT
INSERT INTO FIVEWIDETABLE VALUES('2013-02-27 11:27:56.301000','WindowsME_BROKE','Problem','flashyThing',4361)
COMMIT
INSERT INTO FIVEWIDETABLE VALUES('2013-02-27 11:27:56.301000','','Good','Widgit',4362)
COMMIT
INSERT INTO FIVEWIDETABLE VALUES('2013-02-27 11:27:56.302000','WindowsME_BROKE','Warning','flashyThing',4363)
COMMIT
INSERT INTO FIVEWIDETABLE VALUES('2013-02-27 11:27:56.302000','Partial','Problem','Widgit',4364)
COMMIT
INSERT INTO FIVEWIDETABLE VALUES('2013-02-27 11:27:56.302000','','Good','flashyThing',4365)
COMMIT
INSERT INTO FIVEWIDETABLE VALUES('2013-02-27 11:27:56.302000','Partial','Warning','Widgit',4366)
COMMIT
INSERT INTO FIVEWIDETABLE VALUES('2013-02-27 11:27:56.302000','WindowsME_BROKE','Problem','flashyThing',4367)
COMMIT
INSERT INTO FIVEWIDETABLE VALUES('2013-02-27 11:27:56.302000','','Good','Widgit',4368)
COMMIT
INSERT INTO FIVEWIDETABLE VALUES('2013-02-27 11:27:56.302000','WindowsME_BROKE','Warning','flashyThing',4369)
COMMIT
INSERT INTO FIVEWIDETABLE VALUES('2013-02-27 11:27:56.302000','Partial','Problem','Widgit',4370)
COMMIT
INSERT INTO FIVEWIDETABLE VALUES('2013-02-27 11:27:56.302000','','Good','flashyThing',4371)
COMMIT
INSERT INTO FIVEWIDETABLE VALUES('2013-02-27 11:27:56.302000','Partial','Warning','Widgit',4372)
COMMIT
INSERT INTO FIVEWIDETABLE VALUES('2013-02-27 11:27:56.302000','WindowsME_BROKE','Problem','flashyThing',4373)
COMMIT
INSERT INTO FIVEWIDETABLE VALUES('2013-02-27 11:27:56.302000','','Good','Widgit',4374)
COMMIT
INSERT INTO FIVEWIDETABLE VALUES('2013-02-27 11:27:56.302000','WindowsME_BROKE','Warning','flashyThing',4375)
COMMIT
INSERT INTO FIVEWIDETABLE VALUES('2013-02-27 11:27:56.302000','Partial','Problem','Widgit',4376)
COMMIT
INSERT INTO FIVEWIDETABLE VALUES('2013-02-27 11:27:56.303000','','Good','flashyThing',4377)
COMMIT
INSERT INTO FIVEWIDETABLE VALUES('2013-02-27 11:27:56.303000','Partial','Warning','Widgit',4378)
COMMIT
INSERT INTO FIVEWIDETABLE VALUES('2013-02-27 11:27:56.303000','WindowsME_BROKE','Problem','flashyThing',4379)
COMMIT
INSERT INTO FIVEWIDETABLE VALUES('2013-02-27 11:27:56.303000','','Good','Widgit',4380)
COMMIT
INSERT INTO FIVEWIDETABLE VALUES('2013-02-27 11:27:56.303000','WindowsME_BROKE','Warning','flashyThing',4381)
COMMIT
INSERT INTO FIVEWIDETABLE VALUES('2013-02-27 11:27:56.303000','Partial','Problem','Widgit',4382)
COMMIT
INSERT INTO FIVEWIDETABLE VALUES('2013-02-27 11:27:56.303000','','Good','flashyThing',4383)
COMMIT
INSERT INTO FIVEWIDETABLE VALUES('2013-02-27 11:27:56.303000','Partial','Warning','Widgit',4384)
COMMIT
INSERT INTO FIVEWIDETABLE VALUES('2013-02-27 11:27:56.303000','WindowsME_BROKE','Problem','flashyThing',4385)
COMMIT
INSERT INTO FIVEWIDETABLE VALUES('2013-02-27 11:27:56.303000','','Good','Widgit',4386)
COMMIT
INSERT INTO FIVEWIDETABLE VALUES('2013-02-27 11:27:56.303000','WindowsME_BROKE','Warning','flashyThing',4387)
COMMIT
INSERT INTO FIVEWIDETABLE VALUES('2013-02-27 11:27:56.303000','Partial','Problem','Widgit',4388)
COMMIT
INSERT INTO FIVEWIDETABLE VALUES('2013-02-27 11:27:56.303000','','Good','flashyThing',4389)
COMMIT
INSERT INTO FIVEWIDETABLE VALUES('2013-02-27 11:27:56.303000','Partial','Warning','Widgit',4390)
COMMIT
INSERT INTO FIVEWIDETABLE VALUES('2013-02-27 11:27:56.303000','WindowsME_BROKE','Problem','flashyThing',4391)
COMMIT
INSERT INTO FIVEWIDETABLE VALUES('2013-02-27 11:27:56.304000','','Good','Widgit',4392)
COMMIT
INSERT INTO FIVEWIDETABLE VALUES('2013-02-27 11:27:56.304000','WindowsME_BROKE','Warning','flashyThing',4393)
COMMIT
INSERT INTO FIVEWIDETABLE VALUES('2013-02-27 11:27:56.304000','Partial','Problem','Widgit',4394)
COMMIT
INSERT INTO FIVEWIDETABLE VALUES('2013-02-27 11:27:56.304000','','Good','flashyThing',4395)
COMMIT
INSERT INTO FIVEWIDETABLE VALUES('2013-02-27 11:27:56.304000','Partial','Warning','Widgit',4396)
COMMIT
INSERT INTO FIVEWIDETABLE VALUES('2013-02-27 11:27:56.304000','WindowsME_BROKE','Problem','flashyThing',4397)
COMMIT
INSERT INTO FIVEWIDETABLE VALUES('2013-02-27 11:27:56.304000','','Good','Widgit',4398)
COMMIT
INSERT INTO FIVEWIDETABLE VALUES('2013-02-27 11:27:56.304000','WindowsME_BROKE','Warning','flashyThing',4399)
COMMIT
INSERT INTO FIVEWIDETABLE VALUES('2013-02-27 11:27:56.304000','Partial','Problem','Widgit',4400)
COMMIT
INSERT INTO FIVEWIDETABLE VALUES('2013-02-27 11:27:56.304000','','Good','flashyThing',4401)
COMMIT
INSERT INTO FIVEWIDETABLE VALUES('2013-02-27 11:27:56.304000','Partial','Warning','Widgit',4402)
COMMIT
INSERT INTO FIVEWIDETABLE VALUES('2013-02-27 11:27:56.304000','WindowsME_BROKE','Problem','flashyThing',4403)
COMMIT
INSERT INTO FIVEWIDETABLE VALUES('2013-02-27 11:27:56.304000','','Good','Widgit',4404)
COMMIT
INSERT INTO FIVEWIDETABLE VALUES('2013-02-27 11:27:56.304000','WindowsME_BROKE','Warning','flashyThing',4405)
COMMIT
INSERT INTO FIVEWIDETABLE VALUES('2013-02-27 11:27:56.304000','Partial','Problem','Widgit',4406)
COMMIT
INSERT INTO FIVEWIDETABLE VALUES('2013-02-27 11:27:56.305000','','Good','flashyThing',4407)
COMMIT
INSERT INTO FIVEWIDETABLE VALUES('2013-02-27 11:27:56.305000','Partial','Warning','Widgit',4408)
COMMIT
INSERT INTO FIVEWIDETABLE VALUES('2013-02-27 11:27:56.305000','WindowsME_BROKE','Problem','flashyThing',4409)
COMMIT
INSERT INTO FIVEWIDETABLE VALUES('2013-02-27 11:27:56.305000','','Good','Widgit',4410)
COMMIT
INSERT INTO FIVEWIDETABLE VALUES('2013-02-27 11:27:56.305000','WindowsME_BROKE','Warning','flashyThing',4411)
COMMIT
INSERT INTO FIVEWIDETABLE VALUES('2013-02-27 11:27:56.305000','Partial','Problem','Widgit',4412)
COMMIT
INSERT INTO FIVEWIDETABLE VALUES('2013-02-27 11:27:56.305000','','Good','flashyThing',4413)
COMMIT
INSERT INTO FIVEWIDETABLE VALUES('2013-02-27 11:27:56.305000','Partial','Warning','Widgit',4414)
COMMIT
INSERT INTO FIVEWIDETABLE VALUES('2013-02-27 11:27:56.305000','WindowsME_BROKE','Problem','flashyThing',4415)
COMMIT
INSERT INTO FIVEWIDETABLE VALUES('2013-02-27 11:27:56.305000','','Good','Widgit',4416)
COMMIT
INSERT INTO FIVEWIDETABLE VALUES('2013-02-27 11:27:56.305000','WindowsME_BROKE','Warning','flashyThing',4417)
COMMIT
INSERT INTO FIVEWIDETABLE VALUES('2013-02-27 11:27:56.305000','Partial','Problem','Widgit',4418)
COMMIT
INSERT INTO FIVEWIDETABLE VALUES('2013-02-27 11:27:56.305000','','Good','flashyThing',4419)
COMMIT
INSERT INTO FIVEWIDETABLE VALUES('2013-02-27 11:27:56.305000','Partial','Warning','Widgit',4420)
COMMIT
INSERT INTO FIVEWIDETABLE VALUES('2013-02-27 11:27:56.305000','WindowsME_BROKE','Problem','flashyThing',4421)
COMMIT
INSERT INTO FIVEWIDETABLE VALUES('2013-02-27 11:27:56.306000','','Good','Widgit',4422)
COMMIT
INSERT INTO FIVEWIDETABLE VALUES('2013-02-27 11:27:56.306000','WindowsME_BROKE','Warning','flashyThing',4423)
COMMIT
INSERT INTO FIVEWIDETABLE VALUES('2013-02-27 11:27:56.306000','Partial','Problem','Widgit',4424)
COMMIT
INSERT INTO FIVEWIDETABLE VALUES('2013-02-27 11:27:56.306000','','Good','flashyThing',4425)
COMMIT
INSERT INTO FIVEWIDETABLE VALUES('2013-02-27 11:27:56.306000','Partial','Warning','Widgit',4426)
COMMIT
INSERT INTO FIVEWIDETABLE VALUES('2013-02-27 11:27:56.306000','WindowsME_BROKE','Problem','flashyThing',4427)
COMMIT
INSERT INTO FIVEWIDETABLE VALUES('2013-02-27 11:27:56.306000','','Good','Widgit',4428)
COMMIT
INSERT INTO FIVEWIDETABLE VALUES('2013-02-27 11:27:56.306000','WindowsME_BROKE','Warning','flashyThing',4429)
COMMIT
INSERT INTO FIVEWIDETABLE VALUES('2013-02-27 11:27:56.306000','Partial','Problem','Widgit',4430)
COMMIT
INSERT INTO FIVEWIDETABLE VALUES('2013-02-27 11:27:56.306000','','Good','flashyThing',4431)
COMMIT
INSERT INTO FIVEWIDETABLE VALUES('2013-02-27 11:27:56.306000','Partial','Warning','Widgit',4432)
COMMIT
INSERT INTO FIVEWIDETABLE VALUES('2013-02-27 11:27:56.306000','WindowsME_BROKE','Problem','flashyThing',4433)
COMMIT
INSERT INTO FIVEWIDETABLE VALUES('2013-02-27 11:27:56.306000','','Good','Widgit',4434)
COMMIT
INSERT INTO FIVEWIDETABLE VALUES('2013-02-27 11:27:56.306000','WindowsME_BROKE','Warning','flashyThing',4435)
COMMIT
INSERT INTO FIVEWIDETABLE VALUES('2013-02-27 11:27:56.306000','Partial','Problem','Widgit',4436)
COMMIT
INSERT INTO FIVEWIDETABLE VALUES('2013-02-27 11:27:56.307000','','Good','flashyThing',4437)
COMMIT
INSERT INTO FIVEWIDETABLE VALUES('2013-02-27 11:27:56.307000','Partial','Warning','Widgit',4438)
COMMIT
INSERT INTO FIVEWIDETABLE VALUES('2013-02-27 11:27:56.307000','WindowsME_BROKE','Problem','flashyThing',4439)
COMMIT
INSERT INTO FIVEWIDETABLE VALUES('2013-02-27 11:27:56.307000','','Good','Widgit',4440)
COMMIT
INSERT INTO FIVEWIDETABLE VALUES('2013-02-27 11:27:56.307000','WindowsME_BROKE','Warning','flashyThing',4441)
COMMIT
INSERT INTO FIVEWIDETABLE VALUES('2013-02-27 11:27:56.307000','Partial','Problem','Widgit',4442)
COMMIT
INSERT INTO FIVEWIDETABLE VALUES('2013-02-27 11:27:56.307000','','Good','flashyThing',4443)
COMMIT
INSERT INTO FIVEWIDETABLE VALUES('2013-02-27 11:27:56.307000','Partial','Warning','Widgit',4444)
COMMIT
INSERT INTO FIVEWIDETABLE VALUES('2013-02-27 11:27:56.307000','WindowsME_BROKE','Problem','flashyThing',4445)
COMMIT
INSERT INTO FIVEWIDETABLE VALUES('2013-02-27 11:27:56.307000','','Good','Widgit',4446)
COMMIT
INSERT INTO FIVEWIDETABLE VALUES('2013-02-27 11:27:56.307000','WindowsME_BROKE','Warning','flashyThing',4447)
COMMIT
INSERT INTO FIVEWIDETABLE VALUES('2013-02-27 11:27:56.307000','Partial','Problem','Widgit',4448)
COMMIT
INSERT INTO FIVEWIDETABLE VALUES('2013-02-27 11:27:56.307000','','Good','flashyThing',4449)
COMMIT
INSERT INTO FIVEWIDETABLE VALUES('2013-02-27 11:27:56.307000','Partial','Warning','Widgit',4450)
COMMIT
INSERT INTO FIVEWIDETABLE VALUES('2013-02-27 11:27:56.307000','WindowsME_BROKE','Problem','flashyThing',4451)
COMMIT
INSERT INTO FIVEWIDETABLE VALUES('2013-02-27 11:27:56.308000','','Good','Widgit',4452)
COMMIT
INSERT INTO FIVEWIDETABLE VALUES('2013-02-27 11:27:56.308000','WindowsME_BROKE','Warning','flashyThing',4453)
COMMIT
INSERT INTO FIVEWIDETABLE VALUES('2013-02-27 11:27:56.308000','Partial','Problem','Widgit',4454)
COMMIT
INSERT INTO FIVEWIDETABLE VALUES('2013-02-27 11:27:56.308000','','Good','flashyThing',4455)
COMMIT
INSERT INTO FIVEWIDETABLE VALUES('2013-02-27 11:27:56.308000','Partial','Warning','Widgit',4456)
COMMIT
INSERT INTO FIVEWIDETABLE VALUES('2013-02-27 11:27:56.308000','WindowsME_BROKE','Problem','flashyThing',4457)
COMMIT
INSERT INTO FIVEWIDETABLE VALUES('2013-02-27 11:27:56.308000','','Good','Widgit',4458)
COMMIT
INSERT INTO FIVEWIDETABLE VALUES('2013-02-27 11:27:56.308000','WindowsME_BROKE','Warning','flashyThing',4459)
COMMIT
INSERT INTO FIVEWIDETABLE VALUES('2013-02-27 11:27:56.308000','Partial','Problem','Widgit',4460)
COMMIT
INSERT INTO FIVEWIDETABLE VALUES('2013-02-27 11:27:56.308000','','Good','flashyThing',4461)
COMMIT
INSERT INTO FIVEWIDETABLE VALUES('2013-02-27 11:27:56.308000','Partial','Warning','Widgit',4462)
COMMIT
INSERT INTO FIVEWIDETABLE VALUES('2013-02-27 11:27:56.308000','WindowsME_BROKE','Problem','flashyThing',4463)
COMMIT
INSERT INTO FIVEWIDETABLE VALUES('2013-02-27 11:27:56.308000','','Good','Widgit',4464)
COMMIT
INSERT INTO FIVEWIDETABLE VALUES('2013-02-27 11:27:56.308000','WindowsME_BROKE','Warning','flashyThing',4465)
COMMIT
INSERT INTO FIVEWIDETABLE VALUES('2013-02-27 11:27:56.308000','Partial','Problem','Widgit',4466)
COMMIT
INSERT INTO FIVEWIDETABLE VALUES('2013-02-27 11:27:56.309000','','Good','flashyThing',4467)
COMMIT
INSERT INTO FIVEWIDETABLE VALUES('2013-02-27 11:27:56.309000','Partial','Warning','Widgit',4468)
COMMIT
INSERT INTO FIVEWIDETABLE VALUES('2013-02-27 11:27:56.309000','WindowsME_BROKE','Problem','flashyThing',4469)
COMMIT
INSERT INTO FIVEWIDETABLE VALUES('2013-02-27 11:27:56.309000','','Good','Widgit',4470)
COMMIT
INSERT INTO FIVEWIDETABLE VALUES('2013-02-27 11:27:56.309000','WindowsME_BROKE','Warning','flashyThing',4471)
COMMIT
INSERT INTO FIVEWIDETABLE VALUES('2013-02-27 11:27:56.309000','Partial','Problem','Widgit',4472)
COMMIT
INSERT INTO FIVEWIDETABLE VALUES('2013-02-27 11:27:56.309000','','Good','flashyThing',4473)
COMMIT
INSERT INTO FIVEWIDETABLE VALUES('2013-02-27 11:27:56.309000','Partial','Warning','Widgit',4474)
COMMIT
INSERT INTO FIVEWIDETABLE VALUES('2013-02-27 11:27:56.309000','WindowsME_BROKE','Problem','flashyThing',4475)
COMMIT
INSERT INTO FIVEWIDETABLE VALUES('2013-02-27 11:27:56.309000','','Good','Widgit',4476)
COMMIT
INSERT INTO FIVEWIDETABLE VALUES('2013-02-27 11:27:56.309000','WindowsME_BROKE','Warning','flashyThing',4477)
COMMIT
INSERT INTO FIVEWIDETABLE VALUES('2013-02-27 11:27:56.309000','Partial','Problem','Widgit',4478)
COMMIT
INSERT INTO FIVEWIDETABLE VALUES('2013-02-27 11:27:56.309000','','Good','flashyThing',4479)
COMMIT
INSERT INTO FIVEWIDETABLE VALUES('2013-02-27 11:27:56.309000','Partial','Warning','Widgit',4480)
COMMIT
INSERT INTO FIVEWIDETABLE VALUES('2013-02-27 11:27:56.310000','WindowsME_BROKE','Problem','flashyThing',4481)
COMMIT
INSERT INTO FIVEWIDETABLE VALUES('2013-02-27 11:27:56.310000','','Good','Widgit',4482)
COMMIT
INSERT INTO FIVEWIDETABLE VALUES('2013-02-27 11:27:56.310000','WindowsME_BROKE','Warning','flashyThing',4483)
COMMIT
INSERT INTO FIVEWIDETABLE VALUES('2013-02-27 11:27:56.310000','Partial','Problem','Widgit',4484)
COMMIT
INSERT INTO FIVEWIDETABLE VALUES('2013-02-27 11:27:56.310000','','Good','flashyThing',4485)
COMMIT
INSERT INTO FIVEWIDETABLE VALUES('2013-02-27 11:27:56.310000','Partial','Warning','Widgit',4486)
COMMIT
INSERT INTO FIVEWIDETABLE VALUES('2013-02-27 11:27:56.310000','WindowsME_BROKE','Problem','flashyThing',4487)
COMMIT
INSERT INTO FIVEWIDETABLE VALUES('2013-02-27 11:27:56.310000','','Good','Widgit',4488)
COMMIT
INSERT INTO FIVEWIDETABLE VALUES('2013-02-27 11:27:56.310000','WindowsME_BROKE','Warning','flashyThing',4489)
COMMIT
INSERT INTO FIVEWIDETABLE VALUES('2013-02-27 11:27:56.310000','Partial','Problem','Widgit',4490)
COMMIT
INSERT INTO FIVEWIDETABLE VALUES('2013-02-27 11:27:56.310000','','Good','flashyThing',4491)
COMMIT
INSERT INTO FIVEWIDETABLE VALUES('2013-02-27 11:27:56.310000','Partial','Warning','Widgit',4492)
COMMIT
INSERT INTO FIVEWIDETABLE VALUES('2013-02-27 11:27:56.310000','WindowsME_BROKE','Problem','flashyThing',4493)
COMMIT
INSERT INTO FIVEWIDETABLE VALUES('2013-02-27 11:27:56.310000','','Good','Widgit',4494)
COMMIT
INSERT INTO FIVEWIDETABLE VALUES('2013-02-27 11:27:56.310000','WindowsME_BROKE','Warning','flashyThing',4495)
COMMIT
INSERT INTO FIVEWIDETABLE VALUES('2013-02-27 11:27:56.311000','Partial','Problem','Widgit',4496)
COMMIT
INSERT INTO FIVEWIDETABLE VALUES('2013-02-27 11:27:56.311000','','Good','flashyThing',4497)
COMMIT
INSERT INTO FIVEWIDETABLE VALUES('2013-02-27 11:27:56.311000','Partial','Warning','Widgit',4498)
COMMIT
INSERT INTO FIVEWIDETABLE VALUES('2013-02-27 11:27:56.311000','WindowsME_BROKE','Problem','flashyThing',4499)
COMMIT
INSERT INTO FIVEWIDETABLE VALUES('2013-02-27 11:27:56.311000','','Good','Widgit',4500)
COMMIT
INSERT INTO FIVEWIDETABLE VALUES('2013-02-27 11:27:56.311000','WindowsME_BROKE','Warning','flashyThing',4501)
COMMIT
INSERT INTO FIVEWIDETABLE VALUES('2013-02-27 11:27:56.311000','Partial','Problem','Widgit',4502)
COMMIT
INSERT INTO FIVEWIDETABLE VALUES('2013-02-27 11:27:56.311000','','Good','flashyThing',4503)
COMMIT
INSERT INTO FIVEWIDETABLE VALUES('2013-02-27 11:27:56.311000','Partial','Warning','Widgit',4504)
COMMIT
INSERT INTO FIVEWIDETABLE VALUES('2013-02-27 11:27:56.311000','WindowsME_BROKE','Problem','flashyThing',4505)
COMMIT
INSERT INTO FIVEWIDETABLE VALUES('2013-02-27 11:27:56.311000','','Good','Widgit',4506)
COMMIT
INSERT INTO FIVEWIDETABLE VALUES('2013-02-27 11:27:56.311000','WindowsME_BROKE','Warning','flashyThing',4507)
COMMIT
INSERT INTO FIVEWIDETABLE VALUES('2013-02-27 11:27:56.311000','Partial','Problem','Widgit',4508)
COMMIT
INSERT INTO FIVEWIDETABLE VALUES('2013-02-27 11:27:56.311000','','Good','flashyThing',4509)
COMMIT
INSERT INTO FIVEWIDETABLE VALUES('2013-02-27 11:27:56.311000','Partial','Warning','Widgit',4510)
COMMIT
INSERT INTO FIVEWIDETABLE VALUES('2013-02-27 11:27:56.312000','WindowsME_BROKE','Problem','flashyThing',4511)
COMMIT
INSERT INTO FIVEWIDETABLE VALUES('2013-02-27 11:27:56.312000','','Good','Widgit',4512)
COMMIT
INSERT INTO FIVEWIDETABLE VALUES('2013-02-27 11:27:56.312000','WindowsME_BROKE','Warning','flashyThing',4513)
COMMIT
INSERT INTO FIVEWIDETABLE VALUES('2013-02-27 11:27:56.312000','Partial','Problem','Widgit',4514)
COMMIT
INSERT INTO FIVEWIDETABLE VALUES('2013-02-27 11:27:56.312000','','Good','flashyThing',4515)
COMMIT
INSERT INTO FIVEWIDETABLE VALUES('2013-02-27 11:27:56.312000','Partial','Warning','Widgit',4516)
COMMIT
INSERT INTO FIVEWIDETABLE VALUES('2013-02-27 11:27:56.312000','WindowsME_BROKE','Problem','flashyThing',4517)
COMMIT
INSERT INTO FIVEWIDETABLE VALUES('2013-02-27 11:27:56.312000','','Good','Widgit',4518)
COMMIT
INSERT INTO FIVEWIDETABLE VALUES('2013-02-27 11:27:56.312000','WindowsME_BROKE','Warning','flashyThing',4519)
COMMIT
INSERT INTO FIVEWIDETABLE VALUES('2013-02-27 11:27:56.312000','Partial','Problem','Widgit',4520)
COMMIT
INSERT INTO FIVEWIDETABLE VALUES('2013-02-27 11:27:56.312000','','Good','flashyThing',4521)
COMMIT
INSERT INTO FIVEWIDETABLE VALUES('2013-02-27 11:27:56.312000','Partial','Warning','Widgit',4522)
COMMIT
INSERT INTO FIVEWIDETABLE VALUES('2013-02-27 11:27:56.312000','WindowsME_BROKE','Problem','flashyThing',4523)
COMMIT
INSERT INTO FIVEWIDETABLE VALUES('2013-02-27 11:27:56.312000','','Good','Widgit',4524)
COMMIT
INSERT INTO FIVEWIDETABLE VALUES('2013-02-27 11:27:56.313000','WindowsME_BROKE','Warning','flashyThing',4525)
COMMIT
INSERT INTO FIVEWIDETABLE VALUES('2013-02-27 11:27:56.313000','Partial','Problem','Widgit',4526)
COMMIT
INSERT INTO FIVEWIDETABLE VALUES('2013-02-27 11:27:56.313000','','Good','flashyThing',4527)
COMMIT
INSERT INTO FIVEWIDETABLE VALUES('2013-02-27 11:27:56.313000','Partial','Warning','Widgit',4528)
COMMIT
INSERT INTO FIVEWIDETABLE VALUES('2013-02-27 11:27:56.313000','WindowsME_BROKE','Problem','flashyThing',4529)
COMMIT
INSERT INTO FIVEWIDETABLE VALUES('2013-02-27 11:27:56.313000','','Good','Widgit',4530)
COMMIT
INSERT INTO FIVEWIDETABLE VALUES('2013-02-27 11:27:56.313000','WindowsME_BROKE','Warning','flashyThing',4531)
COMMIT
INSERT INTO FIVEWIDETABLE VALUES('2013-02-27 11:27:56.313000','Partial','Problem','Widgit',4532)
COMMIT
INSERT INTO FIVEWIDETABLE VALUES('2013-02-27 11:27:56.313000','','Good','flashyThing',4533)
COMMIT
INSERT INTO FIVEWIDETABLE VALUES('2013-02-27 11:27:56.313000','Partial','Warning','Widgit',4534)
COMMIT
INSERT INTO FIVEWIDETABLE VALUES('2013-02-27 11:27:56.313000','WindowsME_BROKE','Problem','flashyThing',4535)
COMMIT
INSERT INTO FIVEWIDETABLE VALUES('2013-02-27 11:27:56.313000','','Good','Widgit',4536)
COMMIT
INSERT INTO FIVEWIDETABLE VALUES('2013-02-27 11:27:56.313000','WindowsME_BROKE','Warning','flashyThing',4537)
COMMIT
INSERT INTO FIVEWIDETABLE VALUES('2013-02-27 11:27:56.313000','Partial','Problem','Widgit',4538)
COMMIT
INSERT INTO FIVEWIDETABLE VALUES('2013-02-27 11:27:56.313000','','Good','flashyThing',4539)
COMMIT
INSERT INTO FIVEWIDETABLE VALUES('2013-02-27 11:27:56.314000','Partial','Warning','Widgit',4540)
COMMIT
INSERT INTO FIVEWIDETABLE VALUES('2013-02-27 11:27:56.314000','WindowsME_BROKE','Problem','flashyThing',4541)
COMMIT
INSERT INTO FIVEWIDETABLE VALUES('2013-02-27 11:27:56.314000','','Good','Widgit',4542)
COMMIT
INSERT INTO FIVEWIDETABLE VALUES('2013-02-27 11:27:56.314000','WindowsME_BROKE','Warning','flashyThing',4543)
COMMIT
INSERT INTO FIVEWIDETABLE VALUES('2013-02-27 11:27:56.314000','Partial','Problem','Widgit',4544)
COMMIT
INSERT INTO FIVEWIDETABLE VALUES('2013-02-27 11:27:56.314000','','Good','flashyThing',4545)
COMMIT
INSERT INTO FIVEWIDETABLE VALUES('2013-02-27 11:27:56.314000','Partial','Warning','Widgit',4546)
COMMIT
INSERT INTO FIVEWIDETABLE VALUES('2013-02-27 11:27:56.314000','WindowsME_BROKE','Problem','flashyThing',4547)
COMMIT
INSERT INTO FIVEWIDETABLE VALUES('2013-02-27 11:27:56.314000','','Good','Widgit',4548)
COMMIT
INSERT INTO FIVEWIDETABLE VALUES('2013-02-27 11:27:56.314000','WindowsME_BROKE','Warning','flashyThing',4549)
COMMIT
INSERT INTO FIVEWIDETABLE VALUES('2013-02-27 11:27:56.314000','Partial','Problem','Widgit',4550)
COMMIT
INSERT INTO FIVEWIDETABLE VALUES('2013-02-27 11:27:56.314000','','Good','flashyThing',4551)
COMMIT
INSERT INTO FIVEWIDETABLE VALUES('2013-02-27 11:27:56.314000','Partial','Warning','Widgit',4552)
COMMIT
INSERT INTO FIVEWIDETABLE VALUES('2013-02-27 11:27:56.314000','WindowsME_BROKE','Problem','flashyThing',4553)
COMMIT
INSERT INTO FIVEWIDETABLE VALUES('2013-02-27 11:27:56.314000','','Good','Widgit',4554)
COMMIT
INSERT INTO FIVEWIDETABLE VALUES('2013-02-27 11:27:56.315000','WindowsME_BROKE','Warning','flashyThing',4555)
COMMIT
INSERT INTO FIVEWIDETABLE VALUES('2013-02-27 11:27:56.315000','Partial','Problem','Widgit',4556)
COMMIT
INSERT INTO FIVEWIDETABLE VALUES('2013-02-27 11:27:56.315000','','Good','flashyThing',4557)
COMMIT
INSERT INTO FIVEWIDETABLE VALUES('2013-02-27 11:27:56.315000','Partial','Warning','Widgit',4558)
COMMIT
INSERT INTO FIVEWIDETABLE VALUES('2013-02-27 11:27:56.315000','WindowsME_BROKE','Problem','flashyThing',4559)
COMMIT
INSERT INTO FIVEWIDETABLE VALUES('2013-02-27 11:27:56.315000','','Good','Widgit',4560)
COMMIT
INSERT INTO FIVEWIDETABLE VALUES('2013-02-27 11:27:56.315000','WindowsME_BROKE','Warning','flashyThing',4561)
COMMIT
INSERT INTO FIVEWIDETABLE VALUES('2013-02-27 11:27:56.315000','Partial','Problem','Widgit',4562)
COMMIT
INSERT INTO FIVEWIDETABLE VALUES('2013-02-27 11:27:56.315000','','Good','flashyThing',4563)
COMMIT
INSERT INTO FIVEWIDETABLE VALUES('2013-02-27 11:27:56.315000','Partial','Warning','Widgit',4564)
COMMIT
INSERT INTO FIVEWIDETABLE VALUES('2013-02-27 11:27:56.315000','WindowsME_BROKE','Problem','flashyThing',4565)
COMMIT
INSERT INTO FIVEWIDETABLE VALUES('2013-02-27 11:27:56.315000','','Good','Widgit',4566)
COMMIT
INSERT INTO FIVEWIDETABLE VALUES('2013-02-27 11:27:56.315000','WindowsME_BROKE','Warning','flashyThing',4567)
COMMIT
INSERT INTO FIVEWIDETABLE VALUES('2013-02-27 11:27:56.315000','Partial','Problem','Widgit',4568)
COMMIT
INSERT INTO FIVEWIDETABLE VALUES('2013-02-27 11:27:56.315000','','Good','flashyThing',4569)
COMMIT
INSERT INTO FIVEWIDETABLE VALUES('2013-02-27 11:27:56.316000','Partial','Warning','Widgit',4570)
COMMIT
INSERT INTO FIVEWIDETABLE VALUES('2013-02-27 11:27:56.316000','WindowsME_BROKE','Problem','flashyThing',4571)
COMMIT
INSERT INTO FIVEWIDETABLE VALUES('2013-02-27 11:27:56.316000','','Good','Widgit',4572)
COMMIT
INSERT INTO FIVEWIDETABLE VALUES('2013-02-27 11:27:56.316000','WindowsME_BROKE','Warning','flashyThing',4573)
COMMIT
INSERT INTO FIVEWIDETABLE VALUES('2013-02-27 11:27:56.316000','Partial','Problem','Widgit',4574)
COMMIT
INSERT INTO FIVEWIDETABLE VALUES('2013-02-27 11:27:56.316000','','Good','flashyThing',4575)
COMMIT
INSERT INTO FIVEWIDETABLE VALUES('2013-02-27 11:27:56.316000','Partial','Warning','Widgit',4576)
COMMIT
INSERT INTO FIVEWIDETABLE VALUES('2013-02-27 11:27:56.316000','WindowsME_BROKE','Problem','flashyThing',4577)
COMMIT
INSERT INTO FIVEWIDETABLE VALUES('2013-02-27 11:27:56.316000','','Good','Widgit',4578)
COMMIT
INSERT INTO FIVEWIDETABLE VALUES('2013-02-27 11:27:56.316000','WindowsME_BROKE','Warning','flashyThing',4579)
COMMIT
INSERT INTO FIVEWIDETABLE VALUES('2013-02-27 11:27:56.316000','Partial','Problem','Widgit',4580)
COMMIT
INSERT INTO FIVEWIDETABLE VALUES('2013-02-27 11:27:56.316000','','Good','flashyThing',4581)
COMMIT
INSERT INTO FIVEWIDETABLE VALUES('2013-02-27 11:27:56.316000','Partial','Warning','Widgit',4582)
COMMIT
INSERT INTO FIVEWIDETABLE VALUES('2013-02-27 11:27:56.316000','WindowsME_BROKE','Problem','flashyThing',4583)
COMMIT
INSERT INTO FIVEWIDETABLE VALUES('2013-02-27 11:27:56.316000','','Good','Widgit',4584)
COMMIT
INSERT INTO FIVEWIDETABLE VALUES('2013-02-27 11:27:56.317000','WindowsME_BROKE','Warning','flashyThing',4585)
COMMIT
INSERT INTO FIVEWIDETABLE VALUES('2013-02-27 11:27:56.317000','Partial','Problem','Widgit',4586)
COMMIT
INSERT INTO FIVEWIDETABLE VALUES('2013-02-27 11:27:56.317000','','Good','flashyThing',4587)
COMMIT
INSERT INTO FIVEWIDETABLE VALUES('2013-02-27 11:27:56.317000','Partial','Warning','Widgit',4588)
COMMIT
INSERT INTO FIVEWIDETABLE VALUES('2013-02-27 11:27:56.317000','WindowsME_BROKE','Problem','flashyThing',4589)
COMMIT
INSERT INTO FIVEWIDETABLE VALUES('2013-02-27 11:27:56.317000','','Good','Widgit',4590)
COMMIT
INSERT INTO FIVEWIDETABLE VALUES('2013-02-27 11:27:56.317000','WindowsME_BROKE','Warning','flashyThing',4591)
COMMIT
INSERT INTO FIVEWIDETABLE VALUES('2013-02-27 11:27:56.317000','Partial','Problem','Widgit',4592)
COMMIT
INSERT INTO FIVEWIDETABLE VALUES('2013-02-27 11:27:56.317000','','Good','flashyThing',4593)
COMMIT
INSERT INTO FIVEWIDETABLE VALUES('2013-02-27 11:27:56.317000','Partial','Warning','Widgit',4594)
COMMIT
INSERT INTO FIVEWIDETABLE VALUES('2013-02-27 11:27:56.317000','WindowsME_BROKE','Problem','flashyThing',4595)
COMMIT
INSERT INTO FIVEWIDETABLE VALUES('2013-02-27 11:27:56.317000','','Good','Widgit',4596)
COMMIT
INSERT INTO FIVEWIDETABLE VALUES('2013-02-27 11:27:56.317000','WindowsME_BROKE','Warning','flashyThing',4597)
COMMIT
INSERT INTO FIVEWIDETABLE VALUES('2013-02-27 11:27:56.317000','Partial','Problem','Widgit',4598)
COMMIT
INSERT INTO FIVEWIDETABLE VALUES('2013-02-27 11:27:56.317000','','Good','flashyThing',4599)
COMMIT
INSERT INTO FIVEWIDETABLE VALUES('2013-02-27 11:27:56.318000','Partial','Warning','Widgit',4600)
COMMIT
INSERT INTO FIVEWIDETABLE VALUES('2013-02-27 11:27:56.318000','WindowsME_BROKE','Problem','flashyThing',4601)
COMMIT
INSERT INTO FIVEWIDETABLE VALUES('2013-02-27 11:27:56.318000','','Good','Widgit',4602)
COMMIT
INSERT INTO FIVEWIDETABLE VALUES('2013-02-27 11:27:56.318000','WindowsME_BROKE','Warning','flashyThing',4603)
COMMIT
INSERT INTO FIVEWIDETABLE VALUES('2013-02-27 11:27:56.318000','Partial','Problem','Widgit',4604)
COMMIT
INSERT INTO FIVEWIDETABLE VALUES('2013-02-27 11:27:56.318000','','Good','flashyThing',4605)
COMMIT
INSERT INTO FIVEWIDETABLE VALUES('2013-02-27 11:27:56.318000','Partial','Warning','Widgit',4606)
COMMIT
INSERT INTO FIVEWIDETABLE VALUES('2013-02-27 11:27:56.318000','WindowsME_BROKE','Problem','flashyThing',4607)
COMMIT
INSERT INTO FIVEWIDETABLE VALUES('2013-02-27 11:27:56.318000','','Good','Widgit',4608)
COMMIT
INSERT INTO FIVEWIDETABLE VALUES('2013-02-27 11:27:56.318000','WindowsME_BROKE','Warning','flashyThing',4609)
COMMIT
INSERT INTO FIVEWIDETABLE VALUES('2013-02-27 11:27:56.318000','Partial','Problem','Widgit',4610)
COMMIT
INSERT INTO FIVEWIDETABLE VALUES('2013-02-27 11:27:56.318000','','Good','flashyThing',4611)
COMMIT
INSERT INTO FIVEWIDETABLE VALUES('2013-02-27 11:27:56.318000','Partial','Warning','Widgit',4612)
COMMIT
INSERT INTO FIVEWIDETABLE VALUES('2013-02-27 11:27:56.318000','WindowsME_BROKE','Problem','flashyThing',4613)
COMMIT
INSERT INTO FIVEWIDETABLE VALUES('2013-02-27 11:27:56.318000','','Good','Widgit',4614)
COMMIT
INSERT INTO FIVEWIDETABLE VALUES('2013-02-27 11:27:56.319000','WindowsME_BROKE','Warning','flashyThing',4615)
COMMIT
INSERT INTO FIVEWIDETABLE VALUES('2013-02-27 11:27:56.319000','Partial','Problem','Widgit',4616)
COMMIT
INSERT INTO FIVEWIDETABLE VALUES('2013-02-27 11:27:56.319000','','Good','flashyThing',4617)
COMMIT
INSERT INTO FIVEWIDETABLE VALUES('2013-02-27 11:27:56.319000','Partial','Warning','Widgit',4618)
COMMIT
INSERT INTO FIVEWIDETABLE VALUES('2013-02-27 11:27:56.319000','WindowsME_BROKE','Problem','flashyThing',4619)
COMMIT
INSERT INTO FIVEWIDETABLE VALUES('2013-02-27 11:27:56.319000','','Good','Widgit',4620)
COMMIT
INSERT INTO FIVEWIDETABLE VALUES('2013-02-27 11:27:56.319000','WindowsME_BROKE','Warning','flashyThing',4621)
COMMIT
INSERT INTO FIVEWIDETABLE VALUES('2013-02-27 11:27:56.319000','Partial','Problem','Widgit',4622)
COMMIT
INSERT INTO FIVEWIDETABLE VALUES('2013-02-27 11:27:56.319000','','Good','flashyThing',4623)
COMMIT
INSERT INTO FIVEWIDETABLE VALUES('2013-02-27 11:27:56.319000','Partial','Warning','Widgit',4624)
COMMIT
INSERT INTO FIVEWIDETABLE VALUES('2013-02-27 11:27:56.319000','WindowsME_BROKE','Problem','flashyThing',4625)
COMMIT
INSERT INTO FIVEWIDETABLE VALUES('2013-02-27 11:27:56.319000','','Good','Widgit',4626)
COMMIT
INSERT INTO FIVEWIDETABLE VALUES('2013-02-27 11:27:56.319000','WindowsME_BROKE','Warning','flashyThing',4627)
COMMIT
INSERT INTO FIVEWIDETABLE VALUES('2013-02-27 11:27:56.319000','Partial','Problem','Widgit',4628)
COMMIT
INSERT INTO FIVEWIDETABLE VALUES('2013-02-27 11:27:56.319000','','Good','flashyThing',4629)
COMMIT
INSERT INTO FIVEWIDETABLE VALUES('2013-02-27 11:27:56.320000','Partial','Warning','Widgit',4630)
COMMIT
INSERT INTO FIVEWIDETABLE VALUES('2013-02-27 11:27:56.320000','WindowsME_BROKE','Problem','flashyThing',4631)
COMMIT
INSERT INTO FIVEWIDETABLE VALUES('2013-02-27 11:27:56.320000','','Good','Widgit',4632)
COMMIT
INSERT INTO FIVEWIDETABLE VALUES('2013-02-27 11:27:56.320000','WindowsME_BROKE','Warning','flashyThing',4633)
COMMIT
INSERT INTO FIVEWIDETABLE VALUES('2013-02-27 11:27:56.320000','Partial','Problem','Widgit',4634)
COMMIT
INSERT INTO FIVEWIDETABLE VALUES('2013-02-27 11:27:56.320000','','Good','flashyThing',4635)
COMMIT
INSERT INTO FIVEWIDETABLE VALUES('2013-02-27 11:27:56.320000','Partial','Warning','Widgit',4636)
COMMIT
INSERT INTO FIVEWIDETABLE VALUES('2013-02-27 11:27:56.320000','WindowsME_BROKE','Problem','flashyThing',4637)
COMMIT
INSERT INTO FIVEWIDETABLE VALUES('2013-02-27 11:27:56.320000','','Good','Widgit',4638)
COMMIT
INSERT INTO FIVEWIDETABLE VALUES('2013-02-27 11:27:56.320000','WindowsME_BROKE','Warning','flashyThing',4639)
COMMIT
INSERT INTO FIVEWIDETABLE VALUES('2013-02-27 11:27:56.320000','Partial','Problem','Widgit',4640)
COMMIT
INSERT INTO FIVEWIDETABLE VALUES('2013-02-27 11:27:56.320000','','Good','flashyThing',4641)
COMMIT
INSERT INTO FIVEWIDETABLE VALUES('2013-02-27 11:27:56.320000','Partial','Warning','Widgit',4642)
COMMIT
INSERT INTO FIVEWIDETABLE VALUES('2013-02-27 11:27:56.320000','WindowsME_BROKE','Problem','flashyThing',4643)
COMMIT
INSERT INTO FIVEWIDETABLE VALUES('2013-02-27 11:27:56.320000','','Good','Widgit',4644)
COMMIT
INSERT INTO FIVEWIDETABLE VALUES('2013-02-27 11:27:56.321000','WindowsME_BROKE','Warning','flashyThing',4645)
COMMIT
INSERT INTO FIVEWIDETABLE VALUES('2013-02-27 11:27:56.321000','Partial','Problem','Widgit',4646)
COMMIT
INSERT INTO FIVEWIDETABLE VALUES('2013-02-27 11:27:56.321000','','Good','flashyThing',4647)
COMMIT
INSERT INTO FIVEWIDETABLE VALUES('2013-02-27 11:27:56.321000','Partial','Warning','Widgit',4648)
COMMIT
INSERT INTO FIVEWIDETABLE VALUES('2013-02-27 11:27:56.321000','WindowsME_BROKE','Problem','flashyThing',4649)
COMMIT
INSERT INTO FIVEWIDETABLE VALUES('2013-02-27 11:27:56.321000','','Good','Widgit',4650)
COMMIT
INSERT INTO FIVEWIDETABLE VALUES('2013-02-27 11:27:56.321000','WindowsME_BROKE','Warning','flashyThing',4651)
COMMIT
INSERT INTO FIVEWIDETABLE VALUES('2013-02-27 11:27:56.321000','Partial','Problem','Widgit',4652)
COMMIT
INSERT INTO FIVEWIDETABLE VALUES('2013-02-27 11:27:56.321000','','Good','flashyThing',4653)
COMMIT
INSERT INTO FIVEWIDETABLE VALUES('2013-02-27 11:27:56.321000','Partial','Warning','Widgit',4654)
COMMIT
INSERT INTO FIVEWIDETABLE VALUES('2013-02-27 11:27:56.321000','WindowsME_BROKE','Problem','flashyThing',4655)
COMMIT
INSERT INTO FIVEWIDETABLE VALUES('2013-02-27 11:27:56.321000','','Good','Widgit',4656)
COMMIT
INSERT INTO FIVEWIDETABLE VALUES('2013-02-27 11:27:56.321000','WindowsME_BROKE','Warning','flashyThing',4657)
COMMIT
INSERT INTO FIVEWIDETABLE VALUES('2013-02-27 11:27:56.321000','Partial','Problem','Widgit',4658)
COMMIT
INSERT INTO FIVEWIDETABLE VALUES('2013-02-27 11:27:56.322000','','Good','flashyThing',4659)
COMMIT
INSERT INTO FIVEWIDETABLE VALUES('2013-02-27 11:27:56.322000','Partial','Warning','Widgit',4660)
COMMIT
INSERT INTO FIVEWIDETABLE VALUES('2013-02-27 11:27:56.322000','WindowsME_BROKE','Problem','flashyThing',4661)
COMMIT
INSERT INTO FIVEWIDETABLE VALUES('2013-02-27 11:27:56.322000','','Good','Widgit',4662)
COMMIT
INSERT INTO FIVEWIDETABLE VALUES('2013-02-27 11:27:56.322000','WindowsME_BROKE','Warning','flashyThing',4663)
COMMIT
INSERT INTO FIVEWIDETABLE VALUES('2013-02-27 11:27:56.322000','Partial','Problem','Widgit',4664)
COMMIT
INSERT INTO FIVEWIDETABLE VALUES('2013-02-27 11:27:56.322000','','Good','flashyThing',4665)
COMMIT
INSERT INTO FIVEWIDETABLE VALUES('2013-02-27 11:27:56.322000','Partial','Warning','Widgit',4666)
COMMIT
INSERT INTO FIVEWIDETABLE VALUES('2013-02-27 11:27:56.322000','WindowsME_BROKE','Problem','flashyThing',4667)
COMMIT
INSERT INTO FIVEWIDETABLE VALUES('2013-02-27 11:27:56.322000','','Good','Widgit',4668)
COMMIT
INSERT INTO FIVEWIDETABLE VALUES('2013-02-27 11:27:56.322000','WindowsME_BROKE','Warning','flashyThing',4669)
COMMIT
INSERT INTO FIVEWIDETABLE VALUES('2013-02-27 11:27:56.322000','Partial','Problem','Widgit',4670)
COMMIT
INSERT INTO FIVEWIDETABLE VALUES('2013-02-27 11:27:56.322000','','Good','flashyThing',4671)
COMMIT
INSERT INTO FIVEWIDETABLE VALUES('2013-02-27 11:27:56.322000','Partial','Warning','Widgit',4672)
COMMIT
INSERT INTO FIVEWIDETABLE VALUES('2013-02-27 11:27:56.322000','WindowsME_BROKE','Problem','flashyThing',4673)
COMMIT
INSERT INTO FIVEWIDETABLE VALUES('2013-02-27 11:27:56.323000','','Good','Widgit',4674)
COMMIT
INSERT INTO FIVEWIDETABLE VALUES('2013-02-27 11:27:56.323000','WindowsME_BROKE','Warning','flashyThing',4675)
COMMIT
INSERT INTO FIVEWIDETABLE VALUES('2013-02-27 11:27:56.323000','Partial','Problem','Widgit',4676)
COMMIT
INSERT INTO FIVEWIDETABLE VALUES('2013-02-27 11:27:56.323000','','Good','flashyThing',4677)
COMMIT
INSERT INTO FIVEWIDETABLE VALUES('2013-02-27 11:27:56.323000','Partial','Warning','Widgit',4678)
COMMIT
INSERT INTO FIVEWIDETABLE VALUES('2013-02-27 11:27:56.323000','WindowsME_BROKE','Problem','flashyThing',4679)
COMMIT
INSERT INTO FIVEWIDETABLE VALUES('2013-02-27 11:27:56.323000','','Good','Widgit',4680)
COMMIT
INSERT INTO FIVEWIDETABLE VALUES('2013-02-27 11:27:56.323000','WindowsME_BROKE','Warning','flashyThing',4681)
COMMIT
INSERT INTO FIVEWIDETABLE VALUES('2013-02-27 11:27:56.323000','Partial','Problem','Widgit',4682)
COMMIT
INSERT INTO FIVEWIDETABLE VALUES('2013-02-27 11:27:56.323000','','Good','flashyThing',4683)
COMMIT
INSERT INTO FIVEWIDETABLE VALUES('2013-02-27 11:27:56.323000','Partial','Warning','Widgit',4684)
COMMIT
INSERT INTO FIVEWIDETABLE VALUES('2013-02-27 11:27:56.323000','WindowsME_BROKE','Problem','flashyThing',4685)
COMMIT
INSERT INTO FIVEWIDETABLE VALUES('2013-02-27 11:27:56.323000','','Good','Widgit',4686)
COMMIT
INSERT INTO FIVEWIDETABLE VALUES('2013-02-27 11:27:56.323000','WindowsME_BROKE','Warning','flashyThing',4687)
COMMIT
INSERT INTO FIVEWIDETABLE VALUES('2013-02-27 11:27:56.323000','Partial','Problem','Widgit',4688)
COMMIT
INSERT INTO FIVEWIDETABLE VALUES('2013-02-27 11:27:56.324000','','Good','flashyThing',4689)
COMMIT
INSERT INTO FIVEWIDETABLE VALUES('2013-02-27 11:27:56.324000','Partial','Warning','Widgit',4690)
COMMIT
INSERT INTO FIVEWIDETABLE VALUES('2013-02-27 11:27:56.324000','WindowsME_BROKE','Problem','flashyThing',4691)
COMMIT
INSERT INTO FIVEWIDETABLE VALUES('2013-02-27 11:27:56.324000','','Good','Widgit',4692)
COMMIT
INSERT INTO FIVEWIDETABLE VALUES('2013-02-27 11:27:56.324000','WindowsME_BROKE','Warning','flashyThing',4693)
COMMIT
INSERT INTO FIVEWIDETABLE VALUES('2013-02-27 11:27:56.324000','Partial','Problem','Widgit',4694)
COMMIT
INSERT INTO FIVEWIDETABLE VALUES('2013-02-27 11:27:56.324000','','Good','flashyThing',4695)
COMMIT
INSERT INTO FIVEWIDETABLE VALUES('2013-02-27 11:27:56.324000','Partial','Warning','Widgit',4696)
COMMIT
INSERT INTO FIVEWIDETABLE VALUES('2013-02-27 11:27:56.324000','WindowsME_BROKE','Problem','flashyThing',4697)
COMMIT
INSERT INTO FIVEWIDETABLE VALUES('2013-02-27 11:27:56.324000','','Good','Widgit',4698)
COMMIT
INSERT INTO FIVEWIDETABLE VALUES('2013-02-27 11:27:56.324000','WindowsME_BROKE','Warning','flashyThing',4699)
COMMIT
INSERT INTO FIVEWIDETABLE VALUES('2013-02-27 11:27:56.324000','Partial','Problem','Widgit',4700)
COMMIT
INSERT INTO FIVEWIDETABLE VALUES('2013-02-27 11:27:56.324000','','Good','flashyThing',4701)
COMMIT
INSERT INTO FIVEWIDETABLE VALUES('2013-02-27 11:27:56.324000','Partial','Warning','Widgit',4702)
COMMIT
INSERT INTO FIVEWIDETABLE VALUES('2013-02-27 11:27:56.324000','WindowsME_BROKE','Problem','flashyThing',4703)
COMMIT
INSERT INTO FIVEWIDETABLE VALUES('2013-02-27 11:27:56.325000','','Good','Widgit',4704)
COMMIT
INSERT INTO FIVEWIDETABLE VALUES('2013-02-27 11:27:56.325000','WindowsME_BROKE','Warning','flashyThing',4705)
COMMIT
INSERT INTO FIVEWIDETABLE VALUES('2013-02-27 11:27:56.325000','Partial','Problem','Widgit',4706)
COMMIT
INSERT INTO FIVEWIDETABLE VALUES('2013-02-27 11:27:56.325000','','Good','flashyThing',4707)
COMMIT
INSERT INTO FIVEWIDETABLE VALUES('2013-02-27 11:27:56.325000','Partial','Warning','Widgit',4708)
COMMIT
INSERT INTO FIVEWIDETABLE VALUES('2013-02-27 11:27:56.325000','WindowsME_BROKE','Problem','flashyThing',4709)
COMMIT
INSERT INTO FIVEWIDETABLE VALUES('2013-02-27 11:27:56.325000','','Good','Widgit',4710)
COMMIT
INSERT INTO FIVEWIDETABLE VALUES('2013-02-27 11:27:56.325000','WindowsME_BROKE','Warning','flashyThing',4711)
COMMIT
INSERT INTO FIVEWIDETABLE VALUES('2013-02-27 11:27:56.325000','Partial','Problem','Widgit',4712)
COMMIT
INSERT INTO FIVEWIDETABLE VALUES('2013-02-27 11:27:56.325000','','Good','flashyThing',4713)
COMMIT
INSERT INTO FIVEWIDETABLE VALUES('2013-02-27 11:27:56.325000','Partial','Warning','Widgit',4714)
COMMIT
INSERT INTO FIVEWIDETABLE VALUES('2013-02-27 11:27:56.325000','WindowsME_BROKE','Problem','flashyThing',4715)
COMMIT
INSERT INTO FIVEWIDETABLE VALUES('2013-02-27 11:27:56.325000','','Good','Widgit',4716)
COMMIT
INSERT INTO FIVEWIDETABLE VALUES('2013-02-27 11:27:56.325000','WindowsME_BROKE','Warning','flashyThing',4717)
COMMIT
INSERT INTO FIVEWIDETABLE VALUES('2013-02-27 11:27:56.325000','Partial','Problem','Widgit',4718)
COMMIT
INSERT INTO FIVEWIDETABLE VALUES('2013-02-27 11:27:56.326000','','Good','flashyThing',4719)
COMMIT
INSERT INTO FIVEWIDETABLE VALUES('2013-02-27 11:27:56.326000','Partial','Warning','Widgit',4720)
COMMIT
INSERT INTO FIVEWIDETABLE VALUES('2013-02-27 11:27:56.326000','WindowsME_BROKE','Problem','flashyThing',4721)
COMMIT
INSERT INTO FIVEWIDETABLE VALUES('2013-02-27 11:27:56.326000','','Good','Widgit',4722)
COMMIT
INSERT INTO FIVEWIDETABLE VALUES('2013-02-27 11:27:56.326000','WindowsME_BROKE','Warning','flashyThing',4723)
COMMIT
INSERT INTO FIVEWIDETABLE VALUES('2013-02-27 11:27:56.326000','Partial','Problem','Widgit',4724)
COMMIT
INSERT INTO FIVEWIDETABLE VALUES('2013-02-27 11:27:56.326000','','Good','flashyThing',4725)
COMMIT
INSERT INTO FIVEWIDETABLE VALUES('2013-02-27 11:27:56.326000','Partial','Warning','Widgit',4726)
COMMIT
INSERT INTO FIVEWIDETABLE VALUES('2013-02-27 11:27:56.326000','WindowsME_BROKE','Problem','flashyThing',4727)
COMMIT
INSERT INTO FIVEWIDETABLE VALUES('2013-02-27 11:27:56.326000','','Good','Widgit',4728)
COMMIT
INSERT INTO FIVEWIDETABLE VALUES('2013-02-27 11:27:56.326000','WindowsME_BROKE','Warning','flashyThing',4729)
COMMIT
INSERT INTO FIVEWIDETABLE VALUES('2013-02-27 11:27:56.326000','Partial','Problem','Widgit',4730)
COMMIT
INSERT INTO FIVEWIDETABLE VALUES('2013-02-27 11:27:56.326000','','Good','flashyThing',4731)
COMMIT
INSERT INTO FIVEWIDETABLE VALUES('2013-02-27 11:27:56.326000','Partial','Warning','Widgit',4732)
COMMIT
INSERT INTO FIVEWIDETABLE VALUES('2013-02-27 11:27:56.326000','WindowsME_BROKE','Problem','flashyThing',4733)
COMMIT
INSERT INTO FIVEWIDETABLE VALUES('2013-02-27 11:27:56.327000','','Good','Widgit',4734)
COMMIT
INSERT INTO FIVEWIDETABLE VALUES('2013-02-27 11:27:56.327000','WindowsME_BROKE','Warning','flashyThing',4735)
COMMIT
INSERT INTO FIVEWIDETABLE VALUES('2013-02-27 11:27:56.327000','Partial','Problem','Widgit',4736)
COMMIT
INSERT INTO FIVEWIDETABLE VALUES('2013-02-27 11:27:56.327000','','Good','flashyThing',4737)
COMMIT
INSERT INTO FIVEWIDETABLE VALUES('2013-02-27 11:27:56.327000','Partial','Warning','Widgit',4738)
COMMIT
INSERT INTO FIVEWIDETABLE VALUES('2013-02-27 11:27:56.327000','WindowsME_BROKE','Problem','flashyThing',4739)
COMMIT
INSERT INTO FIVEWIDETABLE VALUES('2013-02-27 11:27:56.327000','','Good','Widgit',4740)
COMMIT
INSERT INTO FIVEWIDETABLE VALUES('2013-02-27 11:27:56.327000','WindowsME_BROKE','Warning','flashyThing',4741)
COMMIT
INSERT INTO FIVEWIDETABLE VALUES('2013-02-27 11:27:56.327000','Partial','Problem','Widgit',4742)
COMMIT
INSERT INTO FIVEWIDETABLE VALUES('2013-02-27 11:27:56.327000','','Good','flashyThing',4743)
COMMIT
INSERT INTO FIVEWIDETABLE VALUES('2013-02-27 11:27:56.327000','Partial','Warning','Widgit',4744)
COMMIT
INSERT INTO FIVEWIDETABLE VALUES('2013-02-27 11:27:56.327000','WindowsME_BROKE','Problem','flashyThing',4745)
COMMIT
INSERT INTO FIVEWIDETABLE VALUES('2013-02-27 11:27:56.327000','','Good','Widgit',4746)
COMMIT
INSERT INTO FIVEWIDETABLE VALUES('2013-02-27 11:27:56.327000','WindowsME_BROKE','Warning','flashyThing',4747)
COMMIT
INSERT INTO FIVEWIDETABLE VALUES('2013-02-27 11:27:56.327000','Partial','Problem','Widgit',4748)
COMMIT
INSERT INTO FIVEWIDETABLE VALUES('2013-02-27 11:27:56.328000','','Good','flashyThing',4749)
COMMIT
INSERT INTO FIVEWIDETABLE VALUES('2013-02-27 11:27:56.328000','Partial','Warning','Widgit',4750)
COMMIT
INSERT INTO FIVEWIDETABLE VALUES('2013-02-27 11:27:56.328000','WindowsME_BROKE','Problem','flashyThing',4751)
COMMIT
INSERT INTO FIVEWIDETABLE VALUES('2013-02-27 11:27:56.328000','','Good','Widgit',4752)
COMMIT
INSERT INTO FIVEWIDETABLE VALUES('2013-02-27 11:27:56.328000','WindowsME_BROKE','Warning','flashyThing',4753)
COMMIT
INSERT INTO FIVEWIDETABLE VALUES('2013-02-27 11:27:56.328000','Partial','Problem','Widgit',4754)
COMMIT
INSERT INTO FIVEWIDETABLE VALUES('2013-02-27 11:27:56.328000','','Good','flashyThing',4755)
COMMIT
INSERT INTO FIVEWIDETABLE VALUES('2013-02-27 11:27:56.328000','Partial','Warning','Widgit',4756)
COMMIT
INSERT INTO FIVEWIDETABLE VALUES('2013-02-27 11:27:56.328000','WindowsME_BROKE','Problem','flashyThing',4757)
COMMIT
INSERT INTO FIVEWIDETABLE VALUES('2013-02-27 11:27:56.328000','','Good','Widgit',4758)
COMMIT
INSERT INTO FIVEWIDETABLE VALUES('2013-02-27 11:27:56.328000','WindowsME_BROKE','Warning','flashyThing',4759)
COMMIT
INSERT INTO FIVEWIDETABLE VALUES('2013-02-27 11:27:56.328000','Partial','Problem','Widgit',4760)
COMMIT
INSERT INTO FIVEWIDETABLE VALUES('2013-02-27 11:27:56.328000','','Good','flashyThing',4761)
COMMIT
INSERT INTO FIVEWIDETABLE VALUES('2013-02-27 11:27:56.328000','Partial','Warning','Widgit',4762)
COMMIT
INSERT INTO FIVEWIDETABLE VALUES('2013-02-27 11:27:56.328000','WindowsME_BROKE','Problem','flashyThing',4763)
COMMIT
INSERT INTO FIVEWIDETABLE VALUES('2013-02-27 11:27:56.329000','','Good','Widgit',4764)
COMMIT
INSERT INTO FIVEWIDETABLE VALUES('2013-02-27 11:27:56.329000','WindowsME_BROKE','Warning','flashyThing',4765)
COMMIT
INSERT INTO FIVEWIDETABLE VALUES('2013-02-27 11:27:56.329000','Partial','Problem','Widgit',4766)
COMMIT
INSERT INTO FIVEWIDETABLE VALUES('2013-02-27 11:27:56.329000','','Good','flashyThing',4767)
COMMIT
INSERT INTO FIVEWIDETABLE VALUES('2013-02-27 11:27:56.329000','Partial','Warning','Widgit',4768)
COMMIT
INSERT INTO FIVEWIDETABLE VALUES('2013-02-27 11:27:56.329000','WindowsME_BROKE','Problem','flashyThing',4769)
COMMIT
INSERT INTO FIVEWIDETABLE VALUES('2013-02-27 11:27:56.329000','','Good','Widgit',4770)
COMMIT
INSERT INTO FIVEWIDETABLE VALUES('2013-02-27 11:27:56.329000','WindowsME_BROKE','Warning','flashyThing',4771)
COMMIT
INSERT INTO FIVEWIDETABLE VALUES('2013-02-27 11:27:56.329000','Partial','Problem','Widgit',4772)
COMMIT
INSERT INTO FIVEWIDETABLE VALUES('2013-02-27 11:27:56.329000','','Good','flashyThing',4773)
COMMIT
INSERT INTO FIVEWIDETABLE VALUES('2013-02-27 11:27:56.329000','Partial','Warning','Widgit',4774)
COMMIT
INSERT INTO FIVEWIDETABLE VALUES('2013-02-27 11:27:56.329000','WindowsME_BROKE','Problem','flashyThing',4775)
COMMIT
INSERT INTO FIVEWIDETABLE VALUES('2013-02-27 11:27:56.329000','','Good','Widgit',4776)
COMMIT
INSERT INTO FIVEWIDETABLE VALUES('2013-02-27 11:27:56.329000','WindowsME_BROKE','Warning','flashyThing',4777)
COMMIT
INSERT INTO FIVEWIDETABLE VALUES('2013-02-27 11:27:56.329000','Partial','Problem','Widgit',4778)
COMMIT
INSERT INTO FIVEWIDETABLE VALUES('2013-02-27 11:27:56.330000','','Good','flashyThing',4779)
COMMIT
INSERT INTO FIVEWIDETABLE VALUES('2013-02-27 11:27:56.330000','Partial','Warning','Widgit',4780)
COMMIT
INSERT INTO FIVEWIDETABLE VALUES('2013-02-27 11:27:56.330000','WindowsME_BROKE','Problem','flashyThing',4781)
COMMIT
INSERT INTO FIVEWIDETABLE VALUES('2013-02-27 11:27:56.330000','','Good','Widgit',4782)
COMMIT
INSERT INTO FIVEWIDETABLE VALUES('2013-02-27 11:27:56.330000','WindowsME_BROKE','Warning','flashyThing',4783)
COMMIT
INSERT INTO FIVEWIDETABLE VALUES('2013-02-27 11:27:56.330000','Partial','Problem','Widgit',4784)
COMMIT
INSERT INTO FIVEWIDETABLE VALUES('2013-02-27 11:27:56.330000','','Good','flashyThing',4785)
COMMIT
INSERT INTO FIVEWIDETABLE VALUES('2013-02-27 11:27:56.330000','Partial','Warning','Widgit',4786)
COMMIT
INSERT INTO FIVEWIDETABLE VALUES('2013-02-27 11:27:56.330000','WindowsME_BROKE','Problem','flashyThing',4787)
COMMIT
INSERT INTO FIVEWIDETABLE VALUES('2013-02-27 11:27:56.330000','','Good','Widgit',4788)
COMMIT
INSERT INTO FIVEWIDETABLE VALUES('2013-02-27 11:27:56.330000','WindowsME_BROKE','Warning','flashyThing',4789)
COMMIT
INSERT INTO FIVEWIDETABLE VALUES('2013-02-27 11:27:56.330000','Partial','Problem','Widgit',4790)
COMMIT
INSERT INTO FIVEWIDETABLE VALUES('2013-02-27 11:27:56.330000','','Good','flashyThing',4791)
COMMIT
INSERT INTO FIVEWIDETABLE VALUES('2013-02-27 11:27:56.330000','Partial','Warning','Widgit',4792)
COMMIT
INSERT INTO FIVEWIDETABLE VALUES('2013-02-27 11:27:56.330000','WindowsME_BROKE','Problem','flashyThing',4793)
COMMIT
INSERT INTO FIVEWIDETABLE VALUES('2013-02-27 11:27:56.331000','','Good','Widgit',4794)
COMMIT
INSERT INTO FIVEWIDETABLE VALUES('2013-02-27 11:27:56.331000','WindowsME_BROKE','Warning','flashyThing',4795)
COMMIT
INSERT INTO FIVEWIDETABLE VALUES('2013-02-27 11:27:56.331000','Partial','Problem','Widgit',4796)
COMMIT
INSERT INTO FIVEWIDETABLE VALUES('2013-02-27 11:27:56.331000','','Good','flashyThing',4797)
COMMIT
INSERT INTO FIVEWIDETABLE VALUES('2013-02-27 11:27:56.331000','Partial','Warning','Widgit',4798)
COMMIT
INSERT INTO FIVEWIDETABLE VALUES('2013-02-27 11:27:56.331000','WindowsME_BROKE','Problem','flashyThing',4799)
COMMIT
INSERT INTO FIVEWIDETABLE VALUES('2013-02-27 11:27:56.331000','','Good','Widgit',4800)
COMMIT
INSERT INTO FIVEWIDETABLE VALUES('2013-02-27 11:27:56.331000','WindowsME_BROKE','Warning','flashyThing',4801)
COMMIT
INSERT INTO FIVEWIDETABLE VALUES('2013-02-27 11:27:56.331000','Partial','Problem','Widgit',4802)
COMMIT
INSERT INTO FIVEWIDETABLE VALUES('2013-02-27 11:27:56.331000','','Good','flashyThing',4803)
COMMIT
INSERT INTO FIVEWIDETABLE VALUES('2013-02-27 11:27:56.331000','Partial','Warning','Widgit',4804)
COMMIT
INSERT INTO FIVEWIDETABLE VALUES('2013-02-27 11:27:56.331000','WindowsME_BROKE','Problem','flashyThing',4805)
COMMIT
INSERT INTO FIVEWIDETABLE VALUES('2013-02-27 11:27:56.331000','','Good','Widgit',4806)
COMMIT
INSERT INTO FIVEWIDETABLE VALUES('2013-02-27 11:27:56.331000','WindowsME_BROKE','Warning','flashyThing',4807)
COMMIT
INSERT INTO FIVEWIDETABLE VALUES('2013-02-27 11:27:56.331000','Partial','Problem','Widgit',4808)
COMMIT
INSERT INTO FIVEWIDETABLE VALUES('2013-02-27 11:27:56.332000','','Good','flashyThing',4809)
COMMIT
INSERT INTO FIVEWIDETABLE VALUES('2013-02-27 11:27:56.332000','Partial','Warning','Widgit',4810)
COMMIT
INSERT INTO FIVEWIDETABLE VALUES('2013-02-27 11:27:56.332000','WindowsME_BROKE','Problem','flashyThing',4811)
COMMIT
INSERT INTO FIVEWIDETABLE VALUES('2013-02-27 11:27:56.332000','','Good','Widgit',4812)
COMMIT
INSERT INTO FIVEWIDETABLE VALUES('2013-02-27 11:27:56.332000','WindowsME_BROKE','Warning','flashyThing',4813)
COMMIT
INSERT INTO FIVEWIDETABLE VALUES('2013-02-27 11:27:56.332000','Partial','Problem','Widgit',4814)
COMMIT
INSERT INTO FIVEWIDETABLE VALUES('2013-02-27 11:27:56.332000','','Good','flashyThing',4815)
COMMIT
INSERT INTO FIVEWIDETABLE VALUES('2013-02-27 11:27:56.332000','Partial','Warning','Widgit',4816)
COMMIT
INSERT INTO FIVEWIDETABLE VALUES('2013-02-27 11:27:56.332000','WindowsME_BROKE','Problem','flashyThing',4817)
COMMIT
INSERT INTO FIVEWIDETABLE VALUES('2013-02-27 11:27:56.332000','','Good','Widgit',4818)
COMMIT
INSERT INTO FIVEWIDETABLE VALUES('2013-02-27 11:27:56.332000','WindowsME_BROKE','Warning','flashyThing',4819)
COMMIT
INSERT INTO FIVEWIDETABLE VALUES('2013-02-27 11:27:56.332000','Partial','Problem','Widgit',4820)
COMMIT
INSERT INTO FIVEWIDETABLE VALUES('2013-02-27 11:27:56.332000','','Good','flashyThing',4821)
COMMIT
INSERT INTO FIVEWIDETABLE VALUES('2013-02-27 11:27:56.332000','Partial','Warning','Widgit',4822)
COMMIT
INSERT INTO FIVEWIDETABLE VALUES('2013-02-27 11:27:56.332000','WindowsME_BROKE','Problem','flashyThing',4823)
COMMIT
INSERT INTO FIVEWIDETABLE VALUES('2013-02-27 11:27:56.333000','','Good','Widgit',4824)
COMMIT
INSERT INTO FIVEWIDETABLE VALUES('2013-02-27 11:27:56.333000','WindowsME_BROKE','Warning','flashyThing',4825)
COMMIT
INSERT INTO FIVEWIDETABLE VALUES('2013-02-27 11:27:56.333000','Partial','Problem','Widgit',4826)
COMMIT
INSERT INTO FIVEWIDETABLE VALUES('2013-02-27 11:27:56.333000','','Good','flashyThing',4827)
COMMIT
INSERT INTO FIVEWIDETABLE VALUES('2013-02-27 11:27:56.333000','Partial','Warning','Widgit',4828)
COMMIT
INSERT INTO FIVEWIDETABLE VALUES('2013-02-27 11:27:56.333000','WindowsME_BROKE','Problem','flashyThing',4829)
COMMIT
INSERT INTO FIVEWIDETABLE VALUES('2013-02-27 11:27:56.333000','','Good','Widgit',4830)
COMMIT
INSERT INTO FIVEWIDETABLE VALUES('2013-02-27 11:27:56.333000','WindowsME_BROKE','Warning','flashyThing',4831)
COMMIT
INSERT INTO FIVEWIDETABLE VALUES('2013-02-27 11:27:56.333000','Partial','Problem','Widgit',4832)
COMMIT
INSERT INTO FIVEWIDETABLE VALUES('2013-02-27 11:27:56.333000','','Good','flashyThing',4833)
COMMIT
INSERT INTO FIVEWIDETABLE VALUES('2013-02-27 11:27:56.333000','Partial','Warning','Widgit',4834)
COMMIT
INSERT INTO FIVEWIDETABLE VALUES('2013-02-27 11:27:56.333000','WindowsME_BROKE','Problem','flashyThing',4835)
COMMIT
INSERT INTO FIVEWIDETABLE VALUES('2013-02-27 11:27:56.333000','','Good','Widgit',4836)
COMMIT
INSERT INTO FIVEWIDETABLE VALUES('2013-02-27 11:27:56.333000','WindowsME_BROKE','Warning','flashyThing',4837)
COMMIT
INSERT INTO FIVEWIDETABLE VALUES('2013-02-27 11:27:56.333000','Partial','Problem','Widgit',4838)
COMMIT
INSERT INTO FIVEWIDETABLE VALUES('2013-02-27 11:27:56.334000','','Good','flashyThing',4839)
COMMIT
INSERT INTO FIVEWIDETABLE VALUES('2013-02-27 11:27:56.334000','Partial','Warning','Widgit',4840)
COMMIT
INSERT INTO FIVEWIDETABLE VALUES('2013-02-27 11:27:56.334000','WindowsME_BROKE','Problem','flashyThing',4841)
COMMIT
INSERT INTO FIVEWIDETABLE VALUES('2013-02-27 11:27:56.334000','','Good','Widgit',4842)
COMMIT
INSERT INTO FIVEWIDETABLE VALUES('2013-02-27 11:27:56.334000','WindowsME_BROKE','Warning','flashyThing',4843)
COMMIT
INSERT INTO FIVEWIDETABLE VALUES('2013-02-27 11:27:56.334000','Partial','Problem','Widgit',4844)
COMMIT
INSERT INTO FIVEWIDETABLE VALUES('2013-02-27 11:27:56.334000','','Good','flashyThing',4845)
COMMIT
INSERT INTO FIVEWIDETABLE VALUES('2013-02-27 11:27:56.334000','Partial','Warning','Widgit',4846)
COMMIT
INSERT INTO FIVEWIDETABLE VALUES('2013-02-27 11:27:56.334000','WindowsME_BROKE','Problem','flashyThing',4847)
COMMIT
INSERT INTO FIVEWIDETABLE VALUES('2013-02-27 11:27:56.334000','','Good','Widgit',4848)
COMMIT
INSERT INTO FIVEWIDETABLE VALUES('2013-02-27 11:27:56.334000','WindowsME_BROKE','Warning','flashyThing',4849)
COMMIT
INSERT INTO FIVEWIDETABLE VALUES('2013-02-27 11:27:56.334000','Partial','Problem','Widgit',4850)
COMMIT
INSERT INTO FIVEWIDETABLE VALUES('2013-02-27 11:27:56.334000','','Good','flashyThing',4851)
COMMIT
INSERT INTO FIVEWIDETABLE VALUES('2013-02-27 11:27:56.334000','Partial','Warning','Widgit',4852)
COMMIT
INSERT INTO FIVEWIDETABLE VALUES('2013-02-27 11:27:56.334000','WindowsME_BROKE','Problem','flashyThing',4853)
COMMIT
INSERT INTO FIVEWIDETABLE VALUES('2013-02-27 11:27:56.335000','','Good','Widgit',4854)
COMMIT
INSERT INTO FIVEWIDETABLE VALUES('2013-02-27 11:27:56.335000','WindowsME_BROKE','Warning','flashyThing',4855)
COMMIT
INSERT INTO FIVEWIDETABLE VALUES('2013-02-27 11:27:56.335000','Partial','Problem','Widgit',4856)
COMMIT
INSERT INTO FIVEWIDETABLE VALUES('2013-02-27 11:27:56.335000','','Good','flashyThing',4857)
COMMIT
INSERT INTO FIVEWIDETABLE VALUES('2013-02-27 11:27:56.335000','Partial','Warning','Widgit',4858)
COMMIT
INSERT INTO FIVEWIDETABLE VALUES('2013-02-27 11:27:56.335000','WindowsME_BROKE','Problem','flashyThing',4859)
COMMIT
INSERT INTO FIVEWIDETABLE VALUES('2013-02-27 11:27:56.335000','','Good','Widgit',4860)
COMMIT
INSERT INTO FIVEWIDETABLE VALUES('2013-02-27 11:27:56.335000','WindowsME_BROKE','Warning','flashyThing',4861)
COMMIT
INSERT INTO FIVEWIDETABLE VALUES('2013-02-27 11:27:56.335000','Partial','Problem','Widgit',4862)
COMMIT
INSERT INTO FIVEWIDETABLE VALUES('2013-02-27 11:27:56.335000','','Good','flashyThing',4863)
COMMIT
INSERT INTO FIVEWIDETABLE VALUES('2013-02-27 11:27:56.335000','Partial','Warning','Widgit',4864)
COMMIT
INSERT INTO FIVEWIDETABLE VALUES('2013-02-27 11:27:56.335000','WindowsME_BROKE','Problem','flashyThing',4865)
COMMIT
INSERT INTO FIVEWIDETABLE VALUES('2013-02-27 11:27:56.335000','','Good','Widgit',4866)
COMMIT
INSERT INTO FIVEWIDETABLE VALUES('2013-02-27 11:27:56.335000','WindowsME_BROKE','Warning','flashyThing',4867)
COMMIT
INSERT INTO FIVEWIDETABLE VALUES('2013-02-27 11:27:56.336000','Partial','Problem','Widgit',4868)
COMMIT
INSERT INTO FIVEWIDETABLE VALUES('2013-02-27 11:27:56.336000','','Good','flashyThing',4869)
COMMIT
INSERT INTO FIVEWIDETABLE VALUES('2013-02-27 11:27:56.336000','Partial','Warning','Widgit',4870)
COMMIT
INSERT INTO FIVEWIDETABLE VALUES('2013-02-27 11:27:56.336000','WindowsME_BROKE','Problem','flashyThing',4871)
COMMIT
INSERT INTO FIVEWIDETABLE VALUES('2013-02-27 11:27:56.336000','','Good','Widgit',4872)
COMMIT
INSERT INTO FIVEWIDETABLE VALUES('2013-02-27 11:27:56.336000','WindowsME_BROKE','Warning','flashyThing',4873)
COMMIT
INSERT INTO FIVEWIDETABLE VALUES('2013-02-27 11:27:56.336000','Partial','Problem','Widgit',4874)
COMMIT
INSERT INTO FIVEWIDETABLE VALUES('2013-02-27 11:27:56.336000','','Good','flashyThing',4875)
COMMIT
INSERT INTO FIVEWIDETABLE VALUES('2013-02-27 11:27:56.336000','Partial','Warning','Widgit',4876)
COMMIT
INSERT INTO FIVEWIDETABLE VALUES('2013-02-27 11:27:56.336000','WindowsME_BROKE','Problem','flashyThing',4877)
COMMIT
INSERT INTO FIVEWIDETABLE VALUES('2013-02-27 11:27:56.336000','','Good','Widgit',4878)
COMMIT
INSERT INTO FIVEWIDETABLE VALUES('2013-02-27 11:27:56.336000','WindowsME_BROKE','Warning','flashyThing',4879)
COMMIT
INSERT INTO FIVEWIDETABLE VALUES('2013-02-27 11:27:56.336000','Partial','Problem','Widgit',4880)
COMMIT
INSERT INTO FIVEWIDETABLE VALUES('2013-02-27 11:27:56.336000','','Good','flashyThing',4881)
COMMIT
INSERT INTO FIVEWIDETABLE VALUES('2013-02-27 11:27:56.336000','Partial','Warning','Widgit',4882)
COMMIT
INSERT INTO FIVEWIDETABLE VALUES('2013-02-27 11:27:56.337000','WindowsME_BROKE','Problem','flashyThing',4883)
COMMIT
INSERT INTO FIVEWIDETABLE VALUES('2013-02-27 11:27:56.337000','','Good','Widgit',4884)
COMMIT
INSERT INTO FIVEWIDETABLE VALUES('2013-02-27 11:27:56.337000','WindowsME_BROKE','Warning','flashyThing',4885)
COMMIT
INSERT INTO FIVEWIDETABLE VALUES('2013-02-27 11:27:56.337000','Partial','Problem','Widgit',4886)
COMMIT
INSERT INTO FIVEWIDETABLE VALUES('2013-02-27 11:27:56.337000','','Good','flashyThing',4887)
COMMIT
INSERT INTO FIVEWIDETABLE VALUES('2013-02-27 11:27:56.337000','Partial','Warning','Widgit',4888)
COMMIT
INSERT INTO FIVEWIDETABLE VALUES('2013-02-27 11:27:56.337000','WindowsME_BROKE','Problem','flashyThing',4889)
COMMIT
INSERT INTO FIVEWIDETABLE VALUES('2013-02-27 11:27:56.337000','','Good','Widgit',4890)
COMMIT
INSERT INTO FIVEWIDETABLE VALUES('2013-02-27 11:27:56.337000','WindowsME_BROKE','Warning','flashyThing',4891)
COMMIT
INSERT INTO FIVEWIDETABLE VALUES('2013-02-27 11:27:56.337000','Partial','Problem','Widgit',4892)
COMMIT
INSERT INTO FIVEWIDETABLE VALUES('2013-02-27 11:27:56.337000','','Good','flashyThing',4893)
COMMIT
INSERT INTO FIVEWIDETABLE VALUES('2013-02-27 11:27:56.337000','Partial','Warning','Widgit',4894)
COMMIT
INSERT INTO FIVEWIDETABLE VALUES('2013-02-27 11:27:56.337000','WindowsME_BROKE','Problem','flashyThing',4895)
COMMIT
INSERT INTO FIVEWIDETABLE VALUES('2013-02-27 11:27:56.337000','','Good','Widgit',4896)
COMMIT
INSERT INTO FIVEWIDETABLE VALUES('2013-02-27 11:27:56.337000','WindowsME_BROKE','Warning','flashyThing',4897)
COMMIT
INSERT INTO FIVEWIDETABLE VALUES('2013-02-27 11:27:56.337000','Partial','Problem','Widgit',4898)
COMMIT
INSERT INTO FIVEWIDETABLE VALUES('2013-02-27 11:27:56.338000','','Good','flashyThing',4899)
COMMIT
INSERT INTO FIVEWIDETABLE VALUES('2013-02-27 11:27:56.338000','Partial','Warning','Widgit',4900)
COMMIT
INSERT INTO FIVEWIDETABLE VALUES('2013-02-27 11:27:56.338000','WindowsME_BROKE','Problem','flashyThing',4901)
COMMIT
INSERT INTO FIVEWIDETABLE VALUES('2013-02-27 11:27:56.338000','','Good','Widgit',4902)
COMMIT
INSERT INTO FIVEWIDETABLE VALUES('2013-02-27 11:27:56.338000','WindowsME_BROKE','Warning','flashyThing',4903)
COMMIT
INSERT INTO FIVEWIDETABLE VALUES('2013-02-27 11:27:56.338000','Partial','Problem','Widgit',4904)
COMMIT
INSERT INTO FIVEWIDETABLE VALUES('2013-02-27 11:27:56.338000','','Good','flashyThing',4905)
COMMIT
INSERT INTO FIVEWIDETABLE VALUES('2013-02-27 11:27:56.338000','Partial','Warning','Widgit',4906)
COMMIT
INSERT INTO FIVEWIDETABLE VALUES('2013-02-27 11:27:56.338000','WindowsME_BROKE','Problem','flashyThing',4907)
COMMIT
INSERT INTO FIVEWIDETABLE VALUES('2013-02-27 11:27:56.338000','','Good','Widgit',4908)
COMMIT
INSERT INTO FIVEWIDETABLE VALUES('2013-02-27 11:27:56.338000','WindowsME_BROKE','Warning','flashyThing',4909)
COMMIT
INSERT INTO FIVEWIDETABLE VALUES('2013-02-27 11:27:56.338000','Partial','Problem','Widgit',4910)
COMMIT
INSERT INTO FIVEWIDETABLE VALUES('2013-02-27 11:27:56.338000','','Good','flashyThing',4911)
COMMIT
INSERT INTO FIVEWIDETABLE VALUES('2013-02-27 11:27:56.338000','Partial','Warning','Widgit',4912)
COMMIT
INSERT INTO FIVEWIDETABLE VALUES('2013-02-27 11:27:56.339000','WindowsME_BROKE','Problem','flashyThing',4913)
COMMIT
INSERT INTO FIVEWIDETABLE VALUES('2013-02-27 11:27:56.339000','','Good','Widgit',4914)
COMMIT
INSERT INTO FIVEWIDETABLE VALUES('2013-02-27 11:27:56.339000','WindowsME_BROKE','Warning','flashyThing',4915)
COMMIT
INSERT INTO FIVEWIDETABLE VALUES('2013-02-27 11:27:56.339000','Partial','Problem','Widgit',4916)
COMMIT
INSERT INTO FIVEWIDETABLE VALUES('2013-02-27 11:27:56.339000','','Good','flashyThing',4917)
COMMIT
INSERT INTO FIVEWIDETABLE VALUES('2013-02-27 11:27:56.339000','Partial','Warning','Widgit',4918)
COMMIT
INSERT INTO FIVEWIDETABLE VALUES('2013-02-27 11:27:56.339000','WindowsME_BROKE','Problem','flashyThing',4919)
COMMIT
INSERT INTO FIVEWIDETABLE VALUES('2013-02-27 11:27:56.339000','','Good','Widgit',4920)
COMMIT
INSERT INTO FIVEWIDETABLE VALUES('2013-02-27 11:27:56.339000','WindowsME_BROKE','Warning','flashyThing',4921)
COMMIT
INSERT INTO FIVEWIDETABLE VALUES('2013-02-27 11:27:56.339000','Partial','Problem','Widgit',4922)
COMMIT
INSERT INTO FIVEWIDETABLE VALUES('2013-02-27 11:27:56.339000','','Good','flashyThing',4923)
COMMIT
INSERT INTO FIVEWIDETABLE VALUES('2013-02-27 11:27:56.339000','Partial','Warning','Widgit',4924)
COMMIT
INSERT INTO FIVEWIDETABLE VALUES('2013-02-27 11:27:56.339000','WindowsME_BROKE','Problem','flashyThing',4925)
COMMIT
INSERT INTO FIVEWIDETABLE VALUES('2013-02-27 11:27:56.339000','','Good','Widgit',4926)
COMMIT
INSERT INTO FIVEWIDETABLE VALUES('2013-02-27 11:27:56.339000','WindowsME_BROKE','Warning','flashyThing',4927)
COMMIT
INSERT INTO FIVEWIDETABLE VALUES('2013-02-27 11:27:56.340000','Partial','Problem','Widgit',4928)
COMMIT
INSERT INTO FIVEWIDETABLE VALUES('2013-02-27 11:27:56.340000','','Good','flashyThing',4929)
COMMIT
INSERT INTO FIVEWIDETABLE VALUES('2013-02-27 11:27:56.340000','Partial','Warning','Widgit',4930)
COMMIT
INSERT INTO FIVEWIDETABLE VALUES('2013-02-27 11:27:56.340000','WindowsME_BROKE','Problem','flashyThing',4931)
COMMIT
INSERT INTO FIVEWIDETABLE VALUES('2013-02-27 11:27:56.340000','','Good','Widgit',4932)
COMMIT
INSERT INTO FIVEWIDETABLE VALUES('2013-02-27 11:27:56.340000','WindowsME_BROKE','Warning','flashyThing',4933)
COMMIT
INSERT INTO FIVEWIDETABLE VALUES('2013-02-27 11:27:56.340000','Partial','Problem','Widgit',4934)
COMMIT
INSERT INTO FIVEWIDETABLE VALUES('2013-02-27 11:27:56.340000','','Good','flashyThing',4935)
COMMIT
INSERT INTO FIVEWIDETABLE VALUES('2013-02-27 11:27:56.340000','Partial','Warning','Widgit',4936)
COMMIT
INSERT INTO FIVEWIDETABLE VALUES('2013-02-27 11:27:56.340000','WindowsME_BROKE','Problem','flashyThing',4937)
COMMIT
INSERT INTO FIVEWIDETABLE VALUES('2013-02-27 11:27:56.340000','','Good','Widgit',4938)
COMMIT
INSERT INTO FIVEWIDETABLE VALUES('2013-02-27 11:27:56.340000','WindowsME_BROKE','Warning','flashyThing',4939)
COMMIT
INSERT INTO FIVEWIDETABLE VALUES('2013-02-27 11:27:56.340000','Partial','Problem','Widgit',4940)
COMMIT
INSERT INTO FIVEWIDETABLE VALUES('2013-02-27 11:27:56.340000','','Good','flashyThing',4941)
COMMIT
INSERT INTO FIVEWIDETABLE VALUES('2013-02-27 11:27:56.340000','Partial','Warning','Widgit',4942)
COMMIT
INSERT INTO FIVEWIDETABLE VALUES('2013-02-27 11:27:56.341000','WindowsME_BROKE','Problem','flashyThing',4943)
COMMIT
INSERT INTO FIVEWIDETABLE VALUES('2013-02-27 11:27:56.341000','','Good','Widgit',4944)
COMMIT
INSERT INTO FIVEWIDETABLE VALUES('2013-02-27 11:27:56.341000','WindowsME_BROKE','Warning','flashyThing',4945)
COMMIT
INSERT INTO FIVEWIDETABLE VALUES('2013-02-27 11:27:56.341000','Partial','Problem','Widgit',4946)
COMMIT
INSERT INTO FIVEWIDETABLE VALUES('2013-02-27 11:27:56.341000','','Good','flashyThing',4947)
COMMIT
INSERT INTO FIVEWIDETABLE VALUES('2013-02-27 11:27:56.341000','Partial','Warning','Widgit',4948)
COMMIT
INSERT INTO FIVEWIDETABLE VALUES('2013-02-27 11:27:56.341000','WindowsME_BROKE','Problem','flashyThing',4949)
COMMIT
INSERT INTO FIVEWIDETABLE VALUES('2013-02-27 11:27:56.341000','','Good','Widgit',4950)
COMMIT
INSERT INTO FIVEWIDETABLE VALUES('2013-02-27 11:27:56.341000','WindowsME_BROKE','Warning','flashyThing',4951)
COMMIT
INSERT INTO FIVEWIDETABLE VALUES('2013-02-27 11:27:56.341000','Partial','Problem','Widgit',4952)
COMMIT
INSERT INTO FIVEWIDETABLE VALUES('2013-02-27 11:27:56.341000','','Good','flashyThing',4953)
COMMIT
INSERT INTO FIVEWIDETABLE VALUES('2013-02-27 11:27:56.341000','Partial','Warning','Widgit',4954)
COMMIT
INSERT INTO FIVEWIDETABLE VALUES('2013-02-27 11:27:56.341000','WindowsME_BROKE','Problem','flashyThing',4955)
COMMIT
INSERT INTO FIVEWIDETABLE VALUES('2013-02-27 11:27:56.341000','','Good','Widgit',4956)
COMMIT
INSERT INTO FIVEWIDETABLE VALUES('2013-02-27 11:27:56.341000','WindowsME_BROKE','Warning','flashyThing',4957)
COMMIT
INSERT INTO FIVEWIDETABLE VALUES('2013-02-27 11:27:56.342000','Partial','Problem','Widgit',4958)
COMMIT
INSERT INTO FIVEWIDETABLE VALUES('2013-02-27 11:27:56.342000','','Good','flashyThing',4959)
COMMIT
INSERT INTO FIVEWIDETABLE VALUES('2013-02-27 11:27:56.342000','Partial','Warning','Widgit',4960)
COMMIT
INSERT INTO FIVEWIDETABLE VALUES('2013-02-27 11:27:56.342000','WindowsME_BROKE','Problem','flashyThing',4961)
COMMIT
INSERT INTO FIVEWIDETABLE VALUES('2013-02-27 11:27:56.342000','','Good','Widgit',4962)
COMMIT
INSERT INTO FIVEWIDETABLE VALUES('2013-02-27 11:27:56.342000','WindowsME_BROKE','Warning','flashyThing',4963)
COMMIT
INSERT INTO FIVEWIDETABLE VALUES('2013-02-27 11:27:56.342000','Partial','Problem','Widgit',4964)
COMMIT
INSERT INTO FIVEWIDETABLE VALUES('2013-02-27 11:27:56.342000','','Good','flashyThing',4965)
COMMIT
INSERT INTO FIVEWIDETABLE VALUES('2013-02-27 11:27:56.342000','Partial','Warning','Widgit',4966)
COMMIT
INSERT INTO FIVEWIDETABLE VALUES('2013-02-27 11:27:56.342000','WindowsME_BROKE','Problem','flashyThing',4967)
COMMIT
INSERT INTO FIVEWIDETABLE VALUES('2013-02-27 11:27:56.342000','','Good','Widgit',4968)
COMMIT
INSERT INTO FIVEWIDETABLE VALUES('2013-02-27 11:27:56.342000','WindowsME_BROKE','Warning','flashyThing',4969)
COMMIT
INSERT INTO FIVEWIDETABLE VALUES('2013-02-27 11:27:56.342000','Partial','Problem','Widgit',4970)
COMMIT
INSERT INTO FIVEWIDETABLE VALUES('2013-02-27 11:27:56.342000','','Good','flashyThing',4971)
COMMIT
INSERT INTO FIVEWIDETABLE VALUES('2013-02-27 11:27:56.343000','Partial','Warning','Widgit',4972)
COMMIT
INSERT INTO FIVEWIDETABLE VALUES('2013-02-27 11:27:56.343000','WindowsME_BROKE','Problem','flashyThing',4973)
COMMIT
INSERT INTO FIVEWIDETABLE VALUES('2013-02-27 11:27:56.343000','','Good','Widgit',4974)
COMMIT
INSERT INTO FIVEWIDETABLE VALUES('2013-02-27 11:27:56.343000','WindowsME_BROKE','Warning','flashyThing',4975)
COMMIT
INSERT INTO FIVEWIDETABLE VALUES('2013-02-27 11:27:56.343000','Partial','Problem','Widgit',4976)
COMMIT
INSERT INTO FIVEWIDETABLE VALUES('2013-02-27 11:27:56.343000','','Good','flashyThing',4977)
COMMIT
INSERT INTO FIVEWIDETABLE VALUES('2013-02-27 11:27:56.343000','Partial','Warning','Widgit',4978)
COMMIT
INSERT INTO FIVEWIDETABLE VALUES('2013-02-27 11:27:56.343000','WindowsME_BROKE','Problem','flashyThing',4979)
COMMIT
INSERT INTO FIVEWIDETABLE VALUES('2013-02-27 11:27:56.343000','','Good','Widgit',4980)
COMMIT
INSERT INTO FIVEWIDETABLE VALUES('2013-02-27 11:27:56.343000','WindowsME_BROKE','Warning','flashyThing',4981)
COMMIT
INSERT INTO FIVEWIDETABLE VALUES('2013-02-27 11:27:56.343000','Partial','Problem','Widgit',4982)
COMMIT
INSERT INTO FIVEWIDETABLE VALUES('2013-02-27 11:27:56.343000','','Good','flashyThing',4983)
COMMIT
INSERT INTO FIVEWIDETABLE VALUES('2013-02-27 11:27:56.343000','Partial','Warning','Widgit',4984)
COMMIT
INSERT INTO FIVEWIDETABLE VALUES('2013-02-27 11:27:56.343000','WindowsME_BROKE','Problem','flashyThing',4985)
COMMIT
INSERT INTO FIVEWIDETABLE VALUES('2013-02-27 11:27:56.343000','','Good','Widgit',4986)
COMMIT
INSERT INTO FIVEWIDETABLE VALUES('2013-02-27 11:27:56.344000','WindowsME_BROKE','Warning','flashyThing',4987)
COMMIT
INSERT INTO FIVEWIDETABLE VALUES('2013-02-27 11:27:56.344000','Partial','Problem','Widgit',4988)
COMMIT
INSERT INTO FIVEWIDETABLE VALUES('2013-02-27 11:27:56.344000','','Good','flashyThing',4989)
COMMIT
INSERT INTO FIVEWIDETABLE VALUES('2013-02-27 11:27:56.344000','Partial','Warning','Widgit',4990)
COMMIT
INSERT INTO FIVEWIDETABLE VALUES('2013-02-27 11:27:56.344000','WindowsME_BROKE','Problem','flashyThing',4991)
COMMIT
INSERT INTO FIVEWIDETABLE VALUES('2013-02-27 11:27:56.344000','','Good','Widgit',4992)
COMMIT
INSERT INTO FIVEWIDETABLE VALUES('2013-02-27 11:27:56.344000','WindowsME_BROKE','Warning','flashyThing',4993)
COMMIT
INSERT INTO FIVEWIDETABLE VALUES('2013-02-27 11:27:56.344000','Partial','Problem','Widgit',4994)
COMMIT
INSERT INTO FIVEWIDETABLE VALUES('2013-02-27 11:27:56.344000','','Good','flashyThing',4995)
COMMIT
INSERT INTO FIVEWIDETABLE VALUES('2013-02-27 11:27:56.344000','Partial','Warning','Widgit',4996)
COMMIT
INSERT INTO FIVEWIDETABLE VALUES('2013-02-27 11:27:56.344000','WindowsME_BROKE','Problem','flashyThing',4997)
COMMIT
INSERT INTO FIVEWIDETABLE VALUES('2013-02-27 11:27:56.344000','','Good','Widgit',4998)
COMMIT
INSERT INTO FIVEWIDETABLE VALUES('2013-02-27 11:27:56.344000','WindowsME_BROKE','Warning','flashyThing',4999)
COMMIT
INSERT INTO FIVEWIDETABLE VALUES('2013-02-27 11:27:56.344000','Partial','Problem','Widgit',5000)
COMMIT
INSERT INTO FIVEWIDETABLE VALUES('2013-02-27 11:27:56.345000','','Good','flashyThing',5001)
COMMIT
INSERT INTO FIVEWIDETABLE VALUES('2013-02-27 11:27:56.345000','Partial','Warning','Widgit',5002)
COMMIT
INSERT INTO FIVEWIDETABLE VALUES('2013-02-27 11:27:56.345000','WindowsME_BROKE','Problem','flashyThing',5003)
COMMIT
INSERT INTO FIVEWIDETABLE VALUES('2013-02-27 11:27:56.345000','','Good','Widgit',5004)
COMMIT
INSERT INTO FIVEWIDETABLE VALUES('2013-02-27 11:27:56.345000','WindowsME_BROKE','Warning','flashyThing',5005)
COMMIT
INSERT INTO FIVEWIDETABLE VALUES('2013-02-27 11:27:56.345000','Partial','Problem','Widgit',5006)
COMMIT
INSERT INTO FIVEWIDETABLE VALUES('2013-02-27 11:27:56.345000','','Good','flashyThing',5007)
COMMIT
INSERT INTO FIVEWIDETABLE VALUES('2013-02-27 11:27:56.345000','Partial','Warning','Widgit',5008)
COMMIT
INSERT INTO FIVEWIDETABLE VALUES('2013-02-27 11:27:56.345000','WindowsME_BROKE','Problem','flashyThing',5009)
COMMIT
INSERT INTO FIVEWIDETABLE VALUES('2013-02-27 11:27:56.345000','','Good','Widgit',5010)
COMMIT
INSERT INTO FIVEWIDETABLE VALUES('2013-02-27 11:27:56.345000','WindowsME_BROKE','Warning','flashyThing',5011)
COMMIT
INSERT INTO FIVEWIDETABLE VALUES('2013-02-27 11:27:56.345000','Partial','Problem','Widgit',5012)
COMMIT
INSERT INTO FIVEWIDETABLE VALUES('2013-02-27 11:27:56.345000','','Good','flashyThing',5013)
COMMIT
INSERT INTO FIVEWIDETABLE VALUES('2013-02-27 11:27:56.346000','Partial','Warning','Widgit',5014)
COMMIT
INSERT INTO FIVEWIDETABLE VALUES('2013-02-27 11:27:56.346000','WindowsME_BROKE','Problem','flashyThing',5015)
COMMIT
INSERT INTO FIVEWIDETABLE VALUES('2013-02-27 11:27:56.346000','','Good','Widgit',5016)
COMMIT
INSERT INTO FIVEWIDETABLE VALUES('2013-02-27 11:27:56.346000','WindowsME_BROKE','Warning','flashyThing',5017)
COMMIT
INSERT INTO FIVEWIDETABLE VALUES('2013-02-27 11:27:56.346000','Partial','Problem','Widgit',5018)
COMMIT
INSERT INTO FIVEWIDETABLE VALUES('2013-02-27 11:27:56.346000','','Good','flashyThing',5019)
COMMIT
INSERT INTO FIVEWIDETABLE VALUES('2013-02-27 11:27:56.346000','Partial','Warning','Widgit',5020)
COMMIT
INSERT INTO FIVEWIDETABLE VALUES('2013-02-27 11:27:56.346000','WindowsME_BROKE','Problem','flashyThing',5021)
COMMIT
INSERT INTO FIVEWIDETABLE VALUES('2013-02-27 11:27:56.346000','','Good','Widgit',5022)
COMMIT
INSERT INTO FIVEWIDETABLE VALUES('2013-02-27 11:27:56.346000','WindowsME_BROKE','Warning','flashyThing',5023)
COMMIT
INSERT INTO FIVEWIDETABLE VALUES('2013-02-27 11:27:56.346000','Partial','Problem','Widgit',5024)
COMMIT
INSERT INTO FIVEWIDETABLE VALUES('2013-02-27 11:27:56.346000','','Good','flashyThing',5025)
COMMIT
INSERT INTO FIVEWIDETABLE VALUES('2013-02-27 11:27:56.346000','Partial','Warning','Widgit',5026)
COMMIT
INSERT INTO FIVEWIDETABLE VALUES('2013-02-27 11:27:56.347000','WindowsME_BROKE','Problem','flashyThing',5027)
COMMIT
INSERT INTO FIVEWIDETABLE VALUES('2013-02-27 11:27:56.347000','','Good','Widgit',5028)
COMMIT
INSERT INTO FIVEWIDETABLE VALUES('2013-02-27 11:27:56.347000','WindowsME_BROKE','Warning','flashyThing',5029)
COMMIT
INSERT INTO FIVEWIDETABLE VALUES('2013-02-27 11:27:56.347000','Partial','Problem','Widgit',5030)
COMMIT
INSERT INTO FIVEWIDETABLE VALUES('2013-02-27 11:27:56.347000','','Good','flashyThing',5031)
COMMIT
INSERT INTO FIVEWIDETABLE VALUES('2013-02-27 11:27:56.347000','Partial','Warning','Widgit',5032)
COMMIT
INSERT INTO FIVEWIDETABLE VALUES('2013-02-27 11:27:56.347000','WindowsME_BROKE','Problem','flashyThing',5033)
COMMIT
INSERT INTO FIVEWIDETABLE VALUES('2013-02-27 11:27:56.347000','','Good','Widgit',5034)
COMMIT
INSERT INTO FIVEWIDETABLE VALUES('2013-02-27 11:27:56.347000','WindowsME_BROKE','Warning','flashyThing',5035)
COMMIT
INSERT INTO FIVEWIDETABLE VALUES('2013-02-27 11:27:56.347000','Partial','Problem','Widgit',5036)
COMMIT
INSERT INTO FIVEWIDETABLE VALUES('2013-02-27 11:27:56.347000','','Good','flashyThing',5037)
COMMIT
INSERT INTO FIVEWIDETABLE VALUES('2013-02-27 11:27:56.347000','Partial','Warning','Widgit',5038)
COMMIT
INSERT INTO FIVEWIDETABLE VALUES('2013-02-27 11:27:56.347000','WindowsME_BROKE','Problem','flashyThing',5039)
COMMIT
INSERT INTO FIVEWIDETABLE VALUES('2013-02-27 11:27:56.347000','','Good','Widgit',5040)
COMMIT
INSERT INTO FIVEWIDETABLE VALUES('2013-02-27 11:27:56.348000','WindowsME_BROKE','Warning','flashyThing',5041)
COMMIT
INSERT INTO FIVEWIDETABLE VALUES('2013-02-27 11:27:56.348000','Partial','Problem','Widgit',5042)
COMMIT
INSERT INTO FIVEWIDETABLE VALUES('2013-02-27 11:27:56.348000','','Good','flashyThing',5043)
COMMIT
INSERT INTO FIVEWIDETABLE VALUES('2013-02-27 11:27:56.348000','Partial','Warning','Widgit',5044)
COMMIT
INSERT INTO FIVEWIDETABLE VALUES('2013-02-27 11:27:56.348000','WindowsME_BROKE','Problem','flashyThing',5045)
COMMIT
INSERT INTO FIVEWIDETABLE VALUES('2013-02-27 11:27:56.348000','','Good','Widgit',5046)
COMMIT
INSERT INTO FIVEWIDETABLE VALUES('2013-02-27 11:27:56.348000','WindowsME_BROKE','Warning','flashyThing',5047)
COMMIT
INSERT INTO FIVEWIDETABLE VALUES('2013-02-27 11:27:56.348000','Partial','Problem','Widgit',5048)
COMMIT
INSERT INTO FIVEWIDETABLE VALUES('2013-02-27 11:27:56.348000','','Good','flashyThing',5049)
COMMIT
INSERT INTO FIVEWIDETABLE VALUES('2013-02-27 11:27:56.348000','Partial','Warning','Widgit',5050)
COMMIT
INSERT INTO FIVEWIDETABLE VALUES('2013-02-27 11:27:56.348000','WindowsME_BROKE','Problem','flashyThing',5051)
COMMIT
INSERT INTO FIVEWIDETABLE VALUES('2013-02-27 11:27:56.348000','','Good','Widgit',5052)
COMMIT
INSERT INTO FIVEWIDETABLE VALUES('2013-02-27 11:27:56.348000','WindowsME_BROKE','Warning','flashyThing',5053)
COMMIT
INSERT INTO FIVEWIDETABLE VALUES('2013-02-27 11:27:56.348000','Partial','Problem','Widgit',5054)
COMMIT
INSERT INTO FIVEWIDETABLE VALUES('2013-02-27 11:27:56.348000','','Good','flashyThing',5055)
COMMIT
INSERT INTO FIVEWIDETABLE VALUES('2013-02-27 11:27:56.349000','Partial','Warning','Widgit',5056)
COMMIT
INSERT INTO FIVEWIDETABLE VALUES('2013-02-27 11:27:56.349000','WindowsME_BROKE','Problem','flashyThing',5057)
COMMIT
INSERT INTO FIVEWIDETABLE VALUES('2013-02-27 11:27:56.349000','','Good','Widgit',5058)
COMMIT
INSERT INTO FIVEWIDETABLE VALUES('2013-02-27 11:27:56.349000','WindowsME_BROKE','Warning','flashyThing',5059)
COMMIT
INSERT INTO FIVEWIDETABLE VALUES('2013-02-27 11:27:56.349000','Partial','Problem','Widgit',5060)
COMMIT
INSERT INTO FIVEWIDETABLE VALUES('2013-02-27 11:27:56.349000','','Good','flashyThing',5061)
COMMIT
INSERT INTO FIVEWIDETABLE VALUES('2013-02-27 11:27:56.349000','Partial','Warning','Widgit',5062)
COMMIT
INSERT INTO FIVEWIDETABLE VALUES('2013-02-27 11:27:56.349000','WindowsME_BROKE','Problem','flashyThing',5063)
COMMIT
INSERT INTO FIVEWIDETABLE VALUES('2013-02-27 11:27:56.349000','','Good','Widgit',5064)
COMMIT
INSERT INTO FIVEWIDETABLE VALUES('2013-02-27 11:27:56.349000','WindowsME_BROKE','Warning','flashyThing',5065)
COMMIT
INSERT INTO FIVEWIDETABLE VALUES('2013-02-27 11:27:56.349000','Partial','Problem','Widgit',5066)
COMMIT
INSERT INTO FIVEWIDETABLE VALUES('2013-02-27 11:27:56.349000','','Good','flashyThing',5067)
COMMIT
INSERT INTO FIVEWIDETABLE VALUES('2013-02-27 11:27:56.349000','Partial','Warning','Widgit',5068)
COMMIT
INSERT INTO FIVEWIDETABLE VALUES('2013-02-27 11:27:56.349000','WindowsME_BROKE','Problem','flashyThing',5069)
COMMIT
INSERT INTO FIVEWIDETABLE VALUES('2013-02-27 11:27:56.349000','','Good','Widgit',5070)
COMMIT
INSERT INTO FIVEWIDETABLE VALUES('2013-02-27 11:27:56.350000','WindowsME_BROKE','Warning','flashyThing',5071)
COMMIT
INSERT INTO FIVEWIDETABLE VALUES('2013-02-27 11:27:56.350000','Partial','Problem','Widgit',5072)
COMMIT
INSERT INTO FIVEWIDETABLE VALUES('2013-02-27 11:27:56.350000','','Good','flashyThing',5073)
COMMIT
INSERT INTO FIVEWIDETABLE VALUES('2013-02-27 11:27:56.350000','Partial','Warning','Widgit',5074)
COMMIT
INSERT INTO FIVEWIDETABLE VALUES('2013-02-27 11:27:56.350000','WindowsME_BROKE','Problem','flashyThing',5075)
COMMIT
INSERT INTO FIVEWIDETABLE VALUES('2013-02-27 11:27:56.350000','','Good','Widgit',5076)
COMMIT
INSERT INTO FIVEWIDETABLE VALUES('2013-02-27 11:27:56.350000','WindowsME_BROKE','Warning','flashyThing',5077)
COMMIT
INSERT INTO FIVEWIDETABLE VALUES('2013-02-27 11:27:56.350000','Partial','Problem','Widgit',5078)
COMMIT
INSERT INTO FIVEWIDETABLE VALUES('2013-02-27 11:27:56.350000','','Good','flashyThing',5079)
COMMIT
INSERT INTO FIVEWIDETABLE VALUES('2013-02-27 11:27:56.350000','Partial','Warning','Widgit',5080)
COMMIT
INSERT INTO FIVEWIDETABLE VALUES('2013-02-27 11:27:56.350000','WindowsME_BROKE','Problem','flashyThing',5081)
COMMIT
INSERT INTO FIVEWIDETABLE VALUES('2013-02-27 11:27:56.350000','','Good','Widgit',5082)
COMMIT
INSERT INTO FIVEWIDETABLE VALUES('2013-02-27 11:27:56.350000','WindowsME_BROKE','Warning','flashyThing',5083)
COMMIT
INSERT INTO FIVEWIDETABLE VALUES('2013-02-27 11:27:56.350000','Partial','Problem','Widgit',5084)
COMMIT
INSERT INTO FIVEWIDETABLE VALUES('2013-02-27 11:27:56.350000','','Good','flashyThing',5085)
COMMIT
INSERT INTO FIVEWIDETABLE VALUES('2013-02-27 11:27:56.351000','Partial','Warning','Widgit',5086)
COMMIT
INSERT INTO FIVEWIDETABLE VALUES('2013-02-27 11:27:56.351000','WindowsME_BROKE','Problem','flashyThing',5087)
COMMIT
INSERT INTO FIVEWIDETABLE VALUES('2013-02-27 11:27:56.351000','','Good','Widgit',5088)
COMMIT
INSERT INTO FIVEWIDETABLE VALUES('2013-02-27 11:27:56.351000','WindowsME_BROKE','Warning','flashyThing',5089)
COMMIT
INSERT INTO FIVEWIDETABLE VALUES('2013-02-27 11:27:56.351000','Partial','Problem','Widgit',5090)
COMMIT
INSERT INTO FIVEWIDETABLE VALUES('2013-02-27 11:27:56.351000','','Good','flashyThing',5091)
COMMIT
INSERT INTO FIVEWIDETABLE VALUES('2013-02-27 11:27:56.351000','Partial','Warning','Widgit',5092)
COMMIT
INSERT INTO FIVEWIDETABLE VALUES('2013-02-27 11:27:56.351000','WindowsME_BROKE','Problem','flashyThing',5093)
COMMIT
INSERT INTO FIVEWIDETABLE VALUES('2013-02-27 11:27:56.351000','','Good','Widgit',5094)
COMMIT
INSERT INTO FIVEWIDETABLE VALUES('2013-02-27 11:27:56.351000','WindowsME_BROKE','Warning','flashyThing',5095)
COMMIT
INSERT INTO FIVEWIDETABLE VALUES('2013-02-27 11:27:56.351000','Partial','Problem','Widgit',5096)
COMMIT
INSERT INTO FIVEWIDETABLE VALUES('2013-02-27 11:27:56.351000','','Good','flashyThing',5097)
COMMIT
INSERT INTO FIVEWIDETABLE VALUES('2013-02-27 11:27:56.351000','Partial','Warning','Widgit',5098)
COMMIT
INSERT INTO FIVEWIDETABLE VALUES('2013-02-27 11:27:56.351000','WindowsME_BROKE','Problem','flashyThing',5099)
COMMIT
INSERT INTO FIVEWIDETABLE VALUES('2013-02-27 11:27:56.351000','','Good','Widgit',5100)
COMMIT
INSERT INTO FIVEWIDETABLE VALUES('2013-02-27 11:27:56.352000','WindowsME_BROKE','Warning','flashyThing',5101)
COMMIT
INSERT INTO FIVEWIDETABLE VALUES('2013-02-27 11:27:56.352000','Partial','Problem','Widgit',5102)
COMMIT
INSERT INTO FIVEWIDETABLE VALUES('2013-02-27 11:27:56.352000','','Good','flashyThing',5103)
COMMIT
INSERT INTO FIVEWIDETABLE VALUES('2013-02-27 11:27:56.352000','Partial','Warning','Widgit',5104)
COMMIT
INSERT INTO FIVEWIDETABLE VALUES('2013-02-27 11:27:56.352000','WindowsME_BROKE','Problem','flashyThing',5105)
COMMIT
INSERT INTO FIVEWIDETABLE VALUES('2013-02-27 11:27:56.352000','','Good','Widgit',5106)
COMMIT
INSERT INTO FIVEWIDETABLE VALUES('2013-02-27 11:27:56.352000','WindowsME_BROKE','Warning','flashyThing',5107)
COMMIT
INSERT INTO FIVEWIDETABLE VALUES('2013-02-27 11:27:56.352000','Partial','Problem','Widgit',5108)
COMMIT
INSERT INTO FIVEWIDETABLE VALUES('2013-02-27 11:27:56.352000','','Good','flashyThing',5109)
COMMIT
INSERT INTO FIVEWIDETABLE VALUES('2013-02-27 11:27:56.352000','Partial','Warning','Widgit',5110)
COMMIT
INSERT INTO FIVEWIDETABLE VALUES('2013-02-27 11:27:56.352000','WindowsME_BROKE','Problem','flashyThing',5111)
COMMIT
INSERT INTO FIVEWIDETABLE VALUES('2013-02-27 11:27:56.352000','','Good','Widgit',5112)
COMMIT
INSERT INTO FIVEWIDETABLE VALUES('2013-02-27 11:27:56.352000','WindowsME_BROKE','Warning','flashyThing',5113)
COMMIT
INSERT INTO FIVEWIDETABLE VALUES('2013-02-27 11:27:56.352000','Partial','Problem','Widgit',5114)
COMMIT
INSERT INTO FIVEWIDETABLE VALUES('2013-02-27 11:27:56.352000','','Good','flashyThing',5115)
COMMIT
INSERT INTO FIVEWIDETABLE VALUES('2013-02-27 11:27:56.353000','Partial','Warning','Widgit',5116)
COMMIT
INSERT INTO FIVEWIDETABLE VALUES('2013-02-27 11:27:56.353000','WindowsME_BROKE','Problem','flashyThing',5117)
COMMIT
INSERT INTO FIVEWIDETABLE VALUES('2013-02-27 11:27:56.353000','','Good','Widgit',5118)
COMMIT
INSERT INTO FIVEWIDETABLE VALUES('2013-02-27 11:27:56.353000','WindowsME_BROKE','Warning','flashyThing',5119)
COMMIT
INSERT INTO FIVEWIDETABLE VALUES('2013-02-27 11:27:56.353000','Partial','Problem','Widgit',5120)
COMMIT
INSERT INTO FIVEWIDETABLE VALUES('2013-02-27 11:27:56.353000','','Good','flashyThing',5121)
COMMIT
INSERT INTO FIVEWIDETABLE VALUES('2013-02-27 11:27:56.353000','Partial','Warning','Widgit',5122)
COMMIT
INSERT INTO FIVEWIDETABLE VALUES('2013-02-27 11:27:56.353000','WindowsME_BROKE','Problem','flashyThing',5123)
COMMIT
INSERT INTO FIVEWIDETABLE VALUES('2013-02-27 11:27:56.353000','','Good','Widgit',5124)
COMMIT
INSERT INTO FIVEWIDETABLE VALUES('2013-02-27 11:27:56.353000','WindowsME_BROKE','Warning','flashyThing',5125)
COMMIT
INSERT INTO FIVEWIDETABLE VALUES('2013-02-27 11:27:56.353000','Partial','Problem','Widgit',5126)
COMMIT
INSERT INTO FIVEWIDETABLE VALUES('2013-02-27 11:27:56.353000','','Good','flashyThing',5127)
COMMIT
INSERT INTO FIVEWIDETABLE VALUES('2013-02-27 11:27:56.353000','Partial','Warning','Widgit',5128)
COMMIT
INSERT INTO FIVEWIDETABLE VALUES('2013-02-27 11:27:56.353000','WindowsME_BROKE','Problem','flashyThing',5129)
COMMIT
INSERT INTO FIVEWIDETABLE VALUES('2013-02-27 11:27:56.353000','','Good','Widgit',5130)
COMMIT
INSERT INTO FIVEWIDETABLE VALUES('2013-02-27 11:27:56.354000','WindowsME_BROKE','Warning','flashyThing',5131)
COMMIT
INSERT INTO FIVEWIDETABLE VALUES('2013-02-27 11:27:56.354000','Partial','Problem','Widgit',5132)
COMMIT
INSERT INTO FIVEWIDETABLE VALUES('2013-02-27 11:27:56.354000','','Good','flashyThing',5133)
COMMIT
INSERT INTO FIVEWIDETABLE VALUES('2013-02-27 11:27:56.354000','Partial','Warning','Widgit',5134)
COMMIT
INSERT INTO FIVEWIDETABLE VALUES('2013-02-27 11:27:56.354000','WindowsME_BROKE','Problem','flashyThing',5135)
COMMIT
INSERT INTO FIVEWIDETABLE VALUES('2013-02-27 11:27:56.354000','','Good','Widgit',5136)
COMMIT
INSERT INTO FIVEWIDETABLE VALUES('2013-02-27 11:27:56.354000','WindowsME_BROKE','Warning','flashyThing',5137)
COMMIT
INSERT INTO FIVEWIDETABLE VALUES('2013-02-27 11:27:56.354000','Partial','Problem','Widgit',5138)
COMMIT
INSERT INTO FIVEWIDETABLE VALUES('2013-02-27 11:27:56.354000','','Good','flashyThing',5139)
COMMIT
INSERT INTO FIVEWIDETABLE VALUES('2013-02-27 11:27:56.354000','Partial','Warning','Widgit',5140)
COMMIT
INSERT INTO FIVEWIDETABLE VALUES('2013-02-27 11:27:56.354000','WindowsME_BROKE','Problem','flashyThing',5141)
COMMIT
INSERT INTO FIVEWIDETABLE VALUES('2013-02-27 11:27:56.354000','','Good','Widgit',5142)
COMMIT
INSERT INTO FIVEWIDETABLE VALUES('2013-02-27 11:27:56.354000','WindowsME_BROKE','Warning','flashyThing',5143)
COMMIT
INSERT INTO FIVEWIDETABLE VALUES('2013-02-27 11:27:56.354000','Partial','Problem','Widgit',5144)
COMMIT
INSERT INTO FIVEWIDETABLE VALUES('2013-02-27 11:27:56.354000','','Good','flashyThing',5145)
COMMIT
INSERT INTO FIVEWIDETABLE VALUES('2013-02-27 11:27:56.354000','Partial','Warning','Widgit',5146)
COMMIT
INSERT INTO FIVEWIDETABLE VALUES('2013-02-27 11:27:56.355000','WindowsME_BROKE','Problem','flashyThing',5147)
COMMIT
INSERT INTO FIVEWIDETABLE VALUES('2013-02-27 11:27:56.355000','','Good','Widgit',5148)
COMMIT
INSERT INTO FIVEWIDETABLE VALUES('2013-02-27 11:27:56.355000','WindowsME_BROKE','Warning','flashyThing',5149)
COMMIT
INSERT INTO FIVEWIDETABLE VALUES('2013-02-27 11:27:56.355000','Partial','Problem','Widgit',5150)
COMMIT
INSERT INTO FIVEWIDETABLE VALUES('2013-02-27 11:27:56.355000','','Good','flashyThing',5151)
COMMIT
INSERT INTO FIVEWIDETABLE VALUES('2013-02-27 11:27:56.355000','Partial','Warning','Widgit',5152)
COMMIT
INSERT INTO FIVEWIDETABLE VALUES('2013-02-27 11:27:56.355000','WindowsME_BROKE','Problem','flashyThing',5153)
COMMIT
INSERT INTO FIVEWIDETABLE VALUES('2013-02-27 11:27:56.355000','','Good','Widgit',5154)
COMMIT
INSERT INTO FIVEWIDETABLE VALUES('2013-02-27 11:27:56.355000','WindowsME_BROKE','Warning','flashyThing',5155)
COMMIT
INSERT INTO FIVEWIDETABLE VALUES('2013-02-27 11:27:56.355000','Partial','Problem','Widgit',5156)
COMMIT
INSERT INTO FIVEWIDETABLE VALUES('2013-02-27 11:27:56.355000','','Good','flashyThing',5157)
COMMIT
INSERT INTO FIVEWIDETABLE VALUES('2013-02-27 11:27:56.355000','Partial','Warning','Widgit',5158)
COMMIT
INSERT INTO FIVEWIDETABLE VALUES('2013-02-27 11:27:56.355000','WindowsME_BROKE','Problem','flashyThing',5159)
COMMIT
INSERT INTO FIVEWIDETABLE VALUES('2013-02-27 11:27:56.355000','','Good','Widgit',5160)
COMMIT
INSERT INTO FIVEWIDETABLE VALUES('2013-02-27 11:27:56.355000','WindowsME_BROKE','Warning','flashyThing',5161)
COMMIT
INSERT INTO FIVEWIDETABLE VALUES('2013-02-27 11:27:56.356000','Partial','Problem','Widgit',5162)
COMMIT
INSERT INTO FIVEWIDETABLE VALUES('2013-02-27 11:27:56.356000','','Good','flashyThing',5163)
COMMIT
INSERT INTO FIVEWIDETABLE VALUES('2013-02-27 11:27:56.356000','Partial','Warning','Widgit',5164)
COMMIT
INSERT INTO FIVEWIDETABLE VALUES('2013-02-27 11:27:56.356000','WindowsME_BROKE','Problem','flashyThing',5165)
COMMIT
INSERT INTO FIVEWIDETABLE VALUES('2013-02-27 11:27:56.356000','','Good','Widgit',5166)
COMMIT
INSERT INTO FIVEWIDETABLE VALUES('2013-02-27 11:27:56.356000','WindowsME_BROKE','Warning','flashyThing',5167)
COMMIT
INSERT INTO FIVEWIDETABLE VALUES('2013-02-27 11:27:56.356000','Partial','Problem','Widgit',5168)
COMMIT
INSERT INTO FIVEWIDETABLE VALUES('2013-02-27 11:27:56.356000','','Good','flashyThing',5169)
COMMIT
INSERT INTO FIVEWIDETABLE VALUES('2013-02-27 11:27:56.356000','Partial','Warning','Widgit',5170)
COMMIT
INSERT INTO FIVEWIDETABLE VALUES('2013-02-27 11:27:56.356000','WindowsME_BROKE','Problem','flashyThing',5171)
COMMIT
INSERT INTO FIVEWIDETABLE VALUES('2013-02-27 11:27:56.356000','','Good','Widgit',5172)
COMMIT
INSERT INTO FIVEWIDETABLE VALUES('2013-02-27 11:27:56.356000','WindowsME_BROKE','Warning','flashyThing',5173)
COMMIT
INSERT INTO FIVEWIDETABLE VALUES('2013-02-27 11:27:56.356000','Partial','Problem','Widgit',5174)
COMMIT
INSERT INTO FIVEWIDETABLE VALUES('2013-02-27 11:27:56.356000','','Good','flashyThing',5175)
COMMIT
INSERT INTO FIVEWIDETABLE VALUES('2013-02-27 11:27:56.356000','Partial','Warning','Widgit',5176)
COMMIT
INSERT INTO FIVEWIDETABLE VALUES('2013-02-27 11:27:56.357000','WindowsME_BROKE','Problem','flashyThing',5177)
COMMIT
INSERT INTO FIVEWIDETABLE VALUES('2013-02-27 11:27:56.357000','','Good','Widgit',5178)
COMMIT
INSERT INTO FIVEWIDETABLE VALUES('2013-02-27 11:27:56.357000','WindowsME_BROKE','Warning','flashyThing',5179)
COMMIT
INSERT INTO FIVEWIDETABLE VALUES('2013-02-27 11:27:56.357000','Partial','Problem','Widgit',5180)
COMMIT
INSERT INTO FIVEWIDETABLE VALUES('2013-02-27 11:27:56.357000','','Good','flashyThing',5181)
COMMIT
INSERT INTO FIVEWIDETABLE VALUES('2013-02-27 11:27:56.357000','Partial','Warning','Widgit',5182)
COMMIT
INSERT INTO FIVEWIDETABLE VALUES('2013-02-27 11:27:56.357000','WindowsME_BROKE','Problem','flashyThing',5183)
COMMIT
INSERT INTO FIVEWIDETABLE VALUES('2013-02-27 11:27:56.357000','','Good','Widgit',5184)
COMMIT
INSERT INTO FIVEWIDETABLE VALUES('2013-02-27 11:27:56.357000','WindowsME_BROKE','Warning','flashyThing',5185)
COMMIT
INSERT INTO FIVEWIDETABLE VALUES('2013-02-27 11:27:56.357000','Partial','Problem','Widgit',5186)
COMMIT
INSERT INTO FIVEWIDETABLE VALUES('2013-02-27 11:27:56.357000','','Good','flashyThing',5187)
COMMIT
INSERT INTO FIVEWIDETABLE VALUES('2013-02-27 11:27:56.357000','Partial','Warning','Widgit',5188)
COMMIT
INSERT INTO FIVEWIDETABLE VALUES('2013-02-27 11:27:56.357000','WindowsME_BROKE','Problem','flashyThing',5189)
COMMIT
INSERT INTO FIVEWIDETABLE VALUES('2013-02-27 11:27:56.357000','','Good','Widgit',5190)
COMMIT
INSERT INTO FIVEWIDETABLE VALUES('2013-02-27 11:27:56.357000','WindowsME_BROKE','Warning','flashyThing',5191)
COMMIT
INSERT INTO FIVEWIDETABLE VALUES('2013-02-27 11:27:56.358000','Partial','Problem','Widgit',5192)
COMMIT
INSERT INTO FIVEWIDETABLE VALUES('2013-02-27 11:27:56.358000','','Good','flashyThing',5193)
COMMIT
INSERT INTO FIVEWIDETABLE VALUES('2013-02-27 11:27:56.358000','Partial','Warning','Widgit',5194)
COMMIT
INSERT INTO FIVEWIDETABLE VALUES('2013-02-27 11:27:56.358000','WindowsME_BROKE','Problem','flashyThing',5195)
COMMIT
INSERT INTO FIVEWIDETABLE VALUES('2013-02-27 11:27:56.358000','','Good','Widgit',5196)
COMMIT
INSERT INTO FIVEWIDETABLE VALUES('2013-02-27 11:27:56.358000','WindowsME_BROKE','Warning','flashyThing',5197)
COMMIT
INSERT INTO FIVEWIDETABLE VALUES('2013-02-27 11:27:56.358000','Partial','Problem','Widgit',5198)
COMMIT
INSERT INTO FIVEWIDETABLE VALUES('2013-02-27 11:27:56.358000','','Good','flashyThing',5199)
COMMIT
INSERT INTO FIVEWIDETABLE VALUES('2013-02-27 11:27:56.358000','Partial','Warning','Widgit',5200)
COMMIT
INSERT INTO FIVEWIDETABLE VALUES('2013-02-27 11:27:56.358000','WindowsME_BROKE','Problem','flashyThing',5201)
COMMIT
INSERT INTO FIVEWIDETABLE VALUES('2013-02-27 11:27:56.358000','','Good','Widgit',5202)
COMMIT
INSERT INTO FIVEWIDETABLE VALUES('2013-02-27 11:27:56.358000','WindowsME_BROKE','Warning','flashyThing',5203)
COMMIT
INSERT INTO FIVEWIDETABLE VALUES('2013-02-27 11:27:56.358000','Partial','Problem','Widgit',5204)
COMMIT
INSERT INTO FIVEWIDETABLE VALUES('2013-02-27 11:27:56.358000','','Good','flashyThing',5205)
COMMIT
INSERT INTO FIVEWIDETABLE VALUES('2013-02-27 11:27:56.358000','Partial','Warning','Widgit',5206)
COMMIT
INSERT INTO FIVEWIDETABLE VALUES('2013-02-27 11:27:56.359000','WindowsME_BROKE','Problem','flashyThing',5207)
COMMIT
INSERT INTO FIVEWIDETABLE VALUES('2013-02-27 11:27:56.359000','','Good','Widgit',5208)
COMMIT
INSERT INTO FIVEWIDETABLE VALUES('2013-02-27 11:27:56.359000','WindowsME_BROKE','Warning','flashyThing',5209)
COMMIT
INSERT INTO FIVEWIDETABLE VALUES('2013-02-27 11:27:56.359000','Partial','Problem','Widgit',5210)
COMMIT
INSERT INTO FIVEWIDETABLE VALUES('2013-02-27 11:27:56.359000','','Good','flashyThing',5211)
COMMIT
INSERT INTO FIVEWIDETABLE VALUES('2013-02-27 11:27:56.359000','Partial','Warning','Widgit',5212)
COMMIT
INSERT INTO FIVEWIDETABLE VALUES('2013-02-27 11:27:56.359000','WindowsME_BROKE','Problem','flashyThing',5213)
COMMIT
INSERT INTO FIVEWIDETABLE VALUES('2013-02-27 11:27:56.359000','','Good','Widgit',5214)
COMMIT
INSERT INTO FIVEWIDETABLE VALUES('2013-02-27 11:27:56.359000','WindowsME_BROKE','Warning','flashyThing',5215)
COMMIT
INSERT INTO FIVEWIDETABLE VALUES('2013-02-27 11:27:56.359000','Partial','Problem','Widgit',5216)
COMMIT
INSERT INTO FIVEWIDETABLE VALUES('2013-02-27 11:27:56.359000','','Good','flashyThing',5217)
COMMIT
INSERT INTO FIVEWIDETABLE VALUES('2013-02-27 11:27:56.359000','Partial','Warning','Widgit',5218)
COMMIT
INSERT INTO FIVEWIDETABLE VALUES('2013-02-27 11:27:56.359000','WindowsME_BROKE','Problem','flashyThing',5219)
COMMIT
INSERT INTO FIVEWIDETABLE VALUES('2013-02-27 11:27:56.359000','','Good','Widgit',5220)
COMMIT
INSERT INTO FIVEWIDETABLE VALUES('2013-02-27 11:27:56.359000','WindowsME_BROKE','Warning','flashyThing',5221)
COMMIT
INSERT INTO FIVEWIDETABLE VALUES('2013-02-27 11:27:56.360000','Partial','Problem','Widgit',5222)
COMMIT
INSERT INTO FIVEWIDETABLE VALUES('2013-02-27 11:27:56.360000','','Good','flashyThing',5223)
COMMIT
INSERT INTO FIVEWIDETABLE VALUES('2013-02-27 11:27:56.360000','Partial','Warning','Widgit',5224)
COMMIT
INSERT INTO FIVEWIDETABLE VALUES('2013-02-27 11:27:56.360000','WindowsME_BROKE','Problem','flashyThing',5225)
COMMIT
INSERT INTO FIVEWIDETABLE VALUES('2013-02-27 11:27:56.360000','','Good','Widgit',5226)
COMMIT
INSERT INTO FIVEWIDETABLE VALUES('2013-02-27 11:27:56.360000','WindowsME_BROKE','Warning','flashyThing',5227)
COMMIT
INSERT INTO FIVEWIDETABLE VALUES('2013-02-27 11:27:56.360000','Partial','Problem','Widgit',5228)
COMMIT
INSERT INTO FIVEWIDETABLE VALUES('2013-02-27 11:27:56.360000','','Good','flashyThing',5229)
COMMIT
INSERT INTO FIVEWIDETABLE VALUES('2013-02-27 11:27:56.360000','Partial','Warning','Widgit',5230)
COMMIT
INSERT INTO FIVEWIDETABLE VALUES('2013-02-27 11:27:56.360000','WindowsME_BROKE','Problem','flashyThing',5231)
COMMIT
INSERT INTO FIVEWIDETABLE VALUES('2013-02-27 11:27:56.360000','','Good','Widgit',5232)
COMMIT
INSERT INTO FIVEWIDETABLE VALUES('2013-02-27 11:27:56.360000','WindowsME_BROKE','Warning','flashyThing',5233)
COMMIT
INSERT INTO FIVEWIDETABLE VALUES('2013-02-27 11:27:56.360000','Partial','Problem','Widgit',5234)
COMMIT
INSERT INTO FIVEWIDETABLE VALUES('2013-02-27 11:27:56.360000','','Good','flashyThing',5235)
COMMIT
INSERT INTO FIVEWIDETABLE VALUES('2013-02-27 11:27:56.360000','Partial','Warning','Widgit',5236)
COMMIT
INSERT INTO FIVEWIDETABLE VALUES('2013-02-27 11:27:56.361000','WindowsME_BROKE','Problem','flashyThing',5237)
COMMIT
INSERT INTO FIVEWIDETABLE VALUES('2013-02-27 11:27:56.361000','','Good','Widgit',5238)
COMMIT
INSERT INTO FIVEWIDETABLE VALUES('2013-02-27 11:27:56.361000','WindowsME_BROKE','Warning','flashyThing',5239)
COMMIT
INSERT INTO FIVEWIDETABLE VALUES('2013-02-27 11:27:56.361000','Partial','Problem','Widgit',5240)
COMMIT
INSERT INTO FIVEWIDETABLE VALUES('2013-02-27 11:27:56.361000','','Good','flashyThing',5241)
COMMIT
INSERT INTO FIVEWIDETABLE VALUES('2013-02-27 11:27:56.361000','Partial','Warning','Widgit',5242)
COMMIT
INSERT INTO FIVEWIDETABLE VALUES('2013-02-27 11:27:56.361000','WindowsME_BROKE','Problem','flashyThing',5243)
COMMIT
INSERT INTO FIVEWIDETABLE VALUES('2013-02-27 11:27:56.361000','','Good','Widgit',5244)
COMMIT
INSERT INTO FIVEWIDETABLE VALUES('2013-02-27 11:27:56.361000','WindowsME_BROKE','Warning','flashyThing',5245)
COMMIT
INSERT INTO FIVEWIDETABLE VALUES('2013-02-27 11:27:56.361000','Partial','Problem','Widgit',5246)
COMMIT
INSERT INTO FIVEWIDETABLE VALUES('2013-02-27 11:27:56.361000','','Good','flashyThing',5247)
COMMIT
INSERT INTO FIVEWIDETABLE VALUES('2013-02-27 11:27:56.361000','Partial','Warning','Widgit',5248)
COMMIT
INSERT INTO FIVEWIDETABLE VALUES('2013-02-27 11:27:56.361000','WindowsME_BROKE','Problem','flashyThing',5249)
COMMIT
INSERT INTO FIVEWIDETABLE VALUES('2013-02-27 11:27:56.361000','','Good','Widgit',5250)
COMMIT
INSERT INTO FIVEWIDETABLE VALUES('2013-02-27 11:27:56.361000','WindowsME_BROKE','Warning','flashyThing',5251)
COMMIT
INSERT INTO FIVEWIDETABLE VALUES('2013-02-27 11:27:56.362000','Partial','Problem','Widgit',5252)
COMMIT
INSERT INTO FIVEWIDETABLE VALUES('2013-02-27 11:27:56.362000','','Good','flashyThing',5253)
COMMIT
INSERT INTO FIVEWIDETABLE VALUES('2013-02-27 11:27:56.362000','Partial','Warning','Widgit',5254)
COMMIT
INSERT INTO FIVEWIDETABLE VALUES('2013-02-27 11:27:56.362000','WindowsME_BROKE','Problem','flashyThing',5255)
COMMIT
INSERT INTO FIVEWIDETABLE VALUES('2013-02-27 11:27:56.362000','','Good','Widgit',5256)
COMMIT
INSERT INTO FIVEWIDETABLE VALUES('2013-02-27 11:27:56.362000','WindowsME_BROKE','Warning','flashyThing',5257)
COMMIT
INSERT INTO FIVEWIDETABLE VALUES('2013-02-27 11:27:56.362000','Partial','Problem','Widgit',5258)
COMMIT
INSERT INTO FIVEWIDETABLE VALUES('2013-02-27 11:27:56.362000','','Good','flashyThing',5259)
COMMIT
INSERT INTO FIVEWIDETABLE VALUES('2013-02-27 11:27:56.362000','Partial','Warning','Widgit',5260)
COMMIT
INSERT INTO FIVEWIDETABLE VALUES('2013-02-27 11:27:56.362000','WindowsME_BROKE','Problem','flashyThing',5261)
COMMIT
INSERT INTO FIVEWIDETABLE VALUES('2013-02-27 11:27:56.362000','','Good','Widgit',5262)
COMMIT
INSERT INTO FIVEWIDETABLE VALUES('2013-02-27 11:27:56.362000','WindowsME_BROKE','Warning','flashyThing',5263)
COMMIT
INSERT INTO FIVEWIDETABLE VALUES('2013-02-27 11:27:56.362000','Partial','Problem','Widgit',5264)
COMMIT
INSERT INTO FIVEWIDETABLE VALUES('2013-02-27 11:27:56.362000','','Good','flashyThing',5265)
COMMIT
INSERT INTO FIVEWIDETABLE VALUES('2013-02-27 11:27:56.362000','Partial','Warning','Widgit',5266)
COMMIT
INSERT INTO FIVEWIDETABLE VALUES('2013-02-27 11:27:56.363000','WindowsME_BROKE','Problem','flashyThing',5267)
COMMIT
INSERT INTO FIVEWIDETABLE VALUES('2013-02-27 11:27:56.363000','','Good','Widgit',5268)
COMMIT
INSERT INTO FIVEWIDETABLE VALUES('2013-02-27 11:27:56.363000','WindowsME_BROKE','Warning','flashyThing',5269)
COMMIT
INSERT INTO FIVEWIDETABLE VALUES('2013-02-27 11:27:56.363000','Partial','Problem','Widgit',5270)
COMMIT
INSERT INTO FIVEWIDETABLE VALUES('2013-02-27 11:27:56.363000','','Good','flashyThing',5271)
COMMIT
INSERT INTO FIVEWIDETABLE VALUES('2013-02-27 11:27:56.363000','Partial','Warning','Widgit',5272)
COMMIT
INSERT INTO FIVEWIDETABLE VALUES('2013-02-27 11:27:56.363000','WindowsME_BROKE','Problem','flashyThing',5273)
COMMIT
INSERT INTO FIVEWIDETABLE VALUES('2013-02-27 11:27:56.363000','','Good','Widgit',5274)
COMMIT
INSERT INTO FIVEWIDETABLE VALUES('2013-02-27 11:27:56.363000','WindowsME_BROKE','Warning','flashyThing',5275)
COMMIT
INSERT INTO FIVEWIDETABLE VALUES('2013-02-27 11:27:56.363000','Partial','Problem','Widgit',5276)
COMMIT
INSERT INTO FIVEWIDETABLE VALUES('2013-02-27 11:27:56.363000','','Good','flashyThing',5277)
COMMIT
INSERT INTO FIVEWIDETABLE VALUES('2013-02-27 11:27:56.363000','Partial','Warning','Widgit',5278)
COMMIT
INSERT INTO FIVEWIDETABLE VALUES('2013-02-27 11:27:56.363000','WindowsME_BROKE','Problem','flashyThing',5279)
COMMIT
INSERT INTO FIVEWIDETABLE VALUES('2013-02-27 11:27:56.363000','','Good','Widgit',5280)
COMMIT
INSERT INTO FIVEWIDETABLE VALUES('2013-02-27 11:27:56.363000','WindowsME_BROKE','Warning','flashyThing',5281)
COMMIT
INSERT INTO FIVEWIDETABLE VALUES('2013-02-27 11:27:56.364000','Partial','Problem','Widgit',5282)
COMMIT
INSERT INTO FIVEWIDETABLE VALUES('2013-02-27 11:27:56.364000','','Good','flashyThing',5283)
COMMIT
INSERT INTO FIVEWIDETABLE VALUES('2013-02-27 11:27:56.364000','Partial','Warning','Widgit',5284)
COMMIT
INSERT INTO FIVEWIDETABLE VALUES('2013-02-27 11:27:56.364000','WindowsME_BROKE','Problem','flashyThing',5285)
COMMIT
INSERT INTO FIVEWIDETABLE VALUES('2013-02-27 11:27:56.364000','','Good','Widgit',5286)
COMMIT
INSERT INTO FIVEWIDETABLE VALUES('2013-02-27 11:27:56.364000','WindowsME_BROKE','Warning','flashyThing',5287)
COMMIT
INSERT INTO FIVEWIDETABLE VALUES('2013-02-27 11:27:56.364000','Partial','Problem','Widgit',5288)
COMMIT
INSERT INTO FIVEWIDETABLE VALUES('2013-02-27 11:27:56.364000','','Good','flashyThing',5289)
COMMIT
INSERT INTO FIVEWIDETABLE VALUES('2013-02-27 11:27:56.364000','Partial','Warning','Widgit',5290)
COMMIT
INSERT INTO FIVEWIDETABLE VALUES('2013-02-27 11:27:56.364000','WindowsME_BROKE','Problem','flashyThing',5291)
COMMIT
INSERT INTO FIVEWIDETABLE VALUES('2013-02-27 11:27:56.364000','','Good','Widgit',5292)
COMMIT
INSERT INTO FIVEWIDETABLE VALUES('2013-02-27 11:27:56.364000','WindowsME_BROKE','Warning','flashyThing',5293)
COMMIT
INSERT INTO FIVEWIDETABLE VALUES('2013-02-27 11:27:56.364000','Partial','Problem','Widgit',5294)
COMMIT
INSERT INTO FIVEWIDETABLE VALUES('2013-02-27 11:27:56.364000','','Good','flashyThing',5295)
COMMIT
INSERT INTO FIVEWIDETABLE VALUES('2013-02-27 11:27:56.364000','Partial','Warning','Widgit',5296)
COMMIT
INSERT INTO FIVEWIDETABLE VALUES('2013-02-27 11:27:56.365000','WindowsME_BROKE','Problem','flashyThing',5297)
COMMIT
INSERT INTO FIVEWIDETABLE VALUES('2013-02-27 11:27:56.365000','','Good','Widgit',5298)
COMMIT
INSERT INTO FIVEWIDETABLE VALUES('2013-02-27 11:27:56.365000','WindowsME_BROKE','Warning','flashyThing',5299)
COMMIT
INSERT INTO FIVEWIDETABLE VALUES('2013-02-27 11:27:56.365000','Partial','Problem','Widgit',5300)
COMMIT
INSERT INTO FIVEWIDETABLE VALUES('2013-02-27 11:27:56.365000','','Good','flashyThing',5301)
COMMIT
INSERT INTO FIVEWIDETABLE VALUES('2013-02-27 11:27:56.365000','Partial','Warning','Widgit',5302)
COMMIT
INSERT INTO FIVEWIDETABLE VALUES('2013-02-27 11:27:56.365000','WindowsME_BROKE','Problem','flashyThing',5303)
COMMIT
INSERT INTO FIVEWIDETABLE VALUES('2013-02-27 11:27:56.365000','','Good','Widgit',5304)
COMMIT
INSERT INTO FIVEWIDETABLE VALUES('2013-02-27 11:27:56.365000','WindowsME_BROKE','Warning','flashyThing',5305)
COMMIT
INSERT INTO FIVEWIDETABLE VALUES('2013-02-27 11:27:56.365000','Partial','Problem','Widgit',5306)
COMMIT
INSERT INTO FIVEWIDETABLE VALUES('2013-02-27 11:27:56.365000','','Good','flashyThing',5307)
COMMIT
INSERT INTO FIVEWIDETABLE VALUES('2013-02-27 11:27:56.365000','Partial','Warning','Widgit',5308)
COMMIT
INSERT INTO FIVEWIDETABLE VALUES('2013-02-27 11:27:56.365000','WindowsME_BROKE','Problem','flashyThing',5309)
COMMIT
INSERT INTO FIVEWIDETABLE VALUES('2013-02-27 11:27:56.365000','','Good','Widgit',5310)
COMMIT
INSERT INTO FIVEWIDETABLE VALUES('2013-02-27 11:27:56.365000','WindowsME_BROKE','Warning','flashyThing',5311)
COMMIT
INSERT INTO FIVEWIDETABLE VALUES('2013-02-27 11:27:56.366000','Partial','Problem','Widgit',5312)
COMMIT
INSERT INTO FIVEWIDETABLE VALUES('2013-02-27 11:27:56.366000','','Good','flashyThing',5313)
COMMIT
INSERT INTO FIVEWIDETABLE VALUES('2013-02-27 11:27:56.366000','Partial','Warning','Widgit',5314)
COMMIT
INSERT INTO FIVEWIDETABLE VALUES('2013-02-27 11:27:56.366000','WindowsME_BROKE','Problem','flashyThing',5315)
COMMIT
INSERT INTO FIVEWIDETABLE VALUES('2013-02-27 11:27:56.366000','','Good','Widgit',5316)
COMMIT
INSERT INTO FIVEWIDETABLE VALUES('2013-02-27 11:27:56.366000','WindowsME_BROKE','Warning','flashyThing',5317)
COMMIT
INSERT INTO FIVEWIDETABLE VALUES('2013-02-27 11:27:56.366000','Partial','Problem','Widgit',5318)
COMMIT
INSERT INTO FIVEWIDETABLE VALUES('2013-02-27 11:27:56.366000','','Good','flashyThing',5319)
COMMIT
INSERT INTO FIVEWIDETABLE VALUES('2013-02-27 11:27:56.366000','Partial','Warning','Widgit',5320)
COMMIT
INSERT INTO FIVEWIDETABLE VALUES('2013-02-27 11:27:56.366000','WindowsME_BROKE','Problem','flashyThing',5321)
COMMIT
INSERT INTO FIVEWIDETABLE VALUES('2013-02-27 11:27:56.366000','','Good','Widgit',5322)
COMMIT
INSERT INTO FIVEWIDETABLE VALUES('2013-02-27 11:27:56.366000','WindowsME_BROKE','Warning','flashyThing',5323)
COMMIT
INSERT INTO FIVEWIDETABLE VALUES('2013-02-27 11:27:56.366000','Partial','Problem','Widgit',5324)
COMMIT
INSERT INTO FIVEWIDETABLE VALUES('2013-02-27 11:27:56.366000','','Good','flashyThing',5325)
COMMIT
INSERT INTO FIVEWIDETABLE VALUES('2013-02-27 11:27:56.366000','Partial','Warning','Widgit',5326)
COMMIT
INSERT INTO FIVEWIDETABLE VALUES('2013-02-27 11:27:56.367000','WindowsME_BROKE','Problem','flashyThing',5327)
COMMIT
INSERT INTO FIVEWIDETABLE VALUES('2013-02-27 11:27:56.367000','','Good','Widgit',5328)
COMMIT
INSERT INTO FIVEWIDETABLE VALUES('2013-02-27 11:27:56.367000','WindowsME_BROKE','Warning','flashyThing',5329)
COMMIT
INSERT INTO FIVEWIDETABLE VALUES('2013-02-27 11:27:56.367000','Partial','Problem','Widgit',5330)
COMMIT
INSERT INTO FIVEWIDETABLE VALUES('2013-02-27 11:27:56.367000','','Good','flashyThing',5331)
COMMIT
INSERT INTO FIVEWIDETABLE VALUES('2013-02-27 11:27:56.367000','Partial','Warning','Widgit',5332)
COMMIT
INSERT INTO FIVEWIDETABLE VALUES('2013-02-27 11:27:56.367000','WindowsME_BROKE','Problem','flashyThing',5333)
COMMIT
INSERT INTO FIVEWIDETABLE VALUES('2013-02-27 11:27:56.367000','','Good','Widgit',5334)
COMMIT
INSERT INTO FIVEWIDETABLE VALUES('2013-02-27 11:27:56.367000','WindowsME_BROKE','Warning','flashyThing',5335)
COMMIT
INSERT INTO FIVEWIDETABLE VALUES('2013-02-27 11:27:56.367000','Partial','Problem','Widgit',5336)
COMMIT
INSERT INTO FIVEWIDETABLE VALUES('2013-02-27 11:27:56.367000','','Good','flashyThing',5337)
COMMIT
INSERT INTO FIVEWIDETABLE VALUES('2013-02-27 11:27:56.367000','Partial','Warning','Widgit',5338)
COMMIT
INSERT INTO FIVEWIDETABLE VALUES('2013-02-27 11:27:56.367000','WindowsME_BROKE','Problem','flashyThing',5339)
COMMIT
INSERT INTO FIVEWIDETABLE VALUES('2013-02-27 11:27:56.367000','','Good','Widgit',5340)
COMMIT
INSERT INTO FIVEWIDETABLE VALUES('2013-02-27 11:27:56.367000','WindowsME_BROKE','Warning','flashyThing',5341)
COMMIT
INSERT INTO FIVEWIDETABLE VALUES('2013-02-27 11:27:56.367000','Partial','Problem','Widgit',5342)
COMMIT
INSERT INTO FIVEWIDETABLE VALUES('2013-02-27 11:27:56.368000','','Good','flashyThing',5343)
COMMIT
INSERT INTO FIVEWIDETABLE VALUES('2013-02-27 11:27:56.368000','Partial','Warning','Widgit',5344)
COMMIT
INSERT INTO FIVEWIDETABLE VALUES('2013-02-27 11:27:56.368000','WindowsME_BROKE','Problem','flashyThing',5345)
COMMIT
INSERT INTO FIVEWIDETABLE VALUES('2013-02-27 11:27:56.368000','','Good','Widgit',5346)
COMMIT
INSERT INTO FIVEWIDETABLE VALUES('2013-02-27 11:27:56.368000','WindowsME_BROKE','Warning','flashyThing',5347)
COMMIT
INSERT INTO FIVEWIDETABLE VALUES('2013-02-27 11:27:56.368000','Partial','Problem','Widgit',5348)
COMMIT
INSERT INTO FIVEWIDETABLE VALUES('2013-02-27 11:27:56.368000','','Good','flashyThing',5349)
COMMIT
INSERT INTO FIVEWIDETABLE VALUES('2013-02-27 11:27:56.368000','Partial','Warning','Widgit',5350)
COMMIT
INSERT INTO FIVEWIDETABLE VALUES('2013-02-27 11:27:56.368000','WindowsME_BROKE','Problem','flashyThing',5351)
COMMIT
INSERT INTO FIVEWIDETABLE VALUES('2013-02-27 11:27:56.368000','','Good','Widgit',5352)
COMMIT
INSERT INTO FIVEWIDETABLE VALUES('2013-02-27 11:27:56.368000','WindowsME_BROKE','Warning','flashyThing',5353)
COMMIT
INSERT INTO FIVEWIDETABLE VALUES('2013-02-27 11:27:56.368000','Partial','Problem','Widgit',5354)
COMMIT
INSERT INTO FIVEWIDETABLE VALUES('2013-02-27 11:27:56.368000','','Good','flashyThing',5355)
COMMIT
INSERT INTO FIVEWIDETABLE VALUES('2013-02-27 11:27:56.368000','Partial','Warning','Widgit',5356)
COMMIT
INSERT INTO FIVEWIDETABLE VALUES('2013-02-27 11:27:56.368000','WindowsME_BROKE','Problem','flashyThing',5357)
COMMIT
INSERT INTO FIVEWIDETABLE VALUES('2013-02-27 11:27:56.369000','','Good','Widgit',5358)
COMMIT
INSERT INTO FIVEWIDETABLE VALUES('2013-02-27 11:27:56.369000','WindowsME_BROKE','Warning','flashyThing',5359)
COMMIT
INSERT INTO FIVEWIDETABLE VALUES('2013-02-27 11:27:56.369000','Partial','Problem','Widgit',5360)
COMMIT
INSERT INTO FIVEWIDETABLE VALUES('2013-02-27 11:27:56.369000','','Good','flashyThing',5361)
COMMIT
INSERT INTO FIVEWIDETABLE VALUES('2013-02-27 11:27:56.369000','Partial','Warning','Widgit',5362)
COMMIT
INSERT INTO FIVEWIDETABLE VALUES('2013-02-27 11:27:56.369000','WindowsME_BROKE','Problem','flashyThing',5363)
COMMIT
INSERT INTO FIVEWIDETABLE VALUES('2013-02-27 11:27:56.369000','','Good','Widgit',5364)
COMMIT
INSERT INTO FIVEWIDETABLE VALUES('2013-02-27 11:27:56.369000','WindowsME_BROKE','Warning','flashyThing',5365)
COMMIT
INSERT INTO FIVEWIDETABLE VALUES('2013-02-27 11:27:56.369000','Partial','Problem','Widgit',5366)
COMMIT
INSERT INTO FIVEWIDETABLE VALUES('2013-02-27 11:27:56.369000','','Good','flashyThing',5367)
COMMIT
INSERT INTO FIVEWIDETABLE VALUES('2013-02-27 11:27:56.369000','Partial','Warning','Widgit',5368)
COMMIT
INSERT INTO FIVEWIDETABLE VALUES('2013-02-27 11:27:56.369000','WindowsME_BROKE','Problem','flashyThing',5369)
COMMIT
INSERT INTO FIVEWIDETABLE VALUES('2013-02-27 11:27:56.369000','','Good','Widgit',5370)
COMMIT
INSERT INTO FIVEWIDETABLE VALUES('2013-02-27 11:27:56.369000','WindowsME_BROKE','Warning','flashyThing',5371)
COMMIT
INSERT INTO FIVEWIDETABLE VALUES('2013-02-27 11:27:56.369000','Partial','Problem','Widgit',5372)
COMMIT
INSERT INTO FIVEWIDETABLE VALUES('2013-02-27 11:27:56.370000','','Good','flashyThing',5373)
COMMIT
INSERT INTO FIVEWIDETABLE VALUES('2013-02-27 11:27:56.370000','Partial','Warning','Widgit',5374)
COMMIT
INSERT INTO FIVEWIDETABLE VALUES('2013-02-27 11:27:56.370000','WindowsME_BROKE','Problem','flashyThing',5375)
COMMIT
INSERT INTO FIVEWIDETABLE VALUES('2013-02-27 11:27:56.370000','','Good','Widgit',5376)
COMMIT
INSERT INTO FIVEWIDETABLE VALUES('2013-02-27 11:27:56.370000','WindowsME_BROKE','Warning','flashyThing',5377)
COMMIT
INSERT INTO FIVEWIDETABLE VALUES('2013-02-27 11:27:56.370000','Partial','Problem','Widgit',5378)
COMMIT
INSERT INTO FIVEWIDETABLE VALUES('2013-02-27 11:27:56.370000','','Good','flashyThing',5379)
COMMIT
INSERT INTO FIVEWIDETABLE VALUES('2013-02-27 11:27:56.370000','Partial','Warning','Widgit',5380)
COMMIT
INSERT INTO FIVEWIDETABLE VALUES('2013-02-27 11:27:56.370000','WindowsME_BROKE','Problem','flashyThing',5381)
COMMIT
INSERT INTO FIVEWIDETABLE VALUES('2013-02-27 11:27:56.370000','','Good','Widgit',5382)
COMMIT
INSERT INTO FIVEWIDETABLE VALUES('2013-02-27 11:27:56.370000','WindowsME_BROKE','Warning','flashyThing',5383)
COMMIT
INSERT INTO FIVEWIDETABLE VALUES('2013-02-27 11:27:56.370000','Partial','Problem','Widgit',5384)
COMMIT
INSERT INTO FIVEWIDETABLE VALUES('2013-02-27 11:27:56.370000','','Good','flashyThing',5385)
COMMIT
INSERT INTO FIVEWIDETABLE VALUES('2013-02-27 11:27:56.370000','Partial','Warning','Widgit',5386)
COMMIT
INSERT INTO FIVEWIDETABLE VALUES('2013-02-27 11:27:56.371000','WindowsME_BROKE','Problem','flashyThing',5387)
COMMIT
INSERT INTO FIVEWIDETABLE VALUES('2013-02-27 11:27:56.371000','','Good','Widgit',5388)
COMMIT
INSERT INTO FIVEWIDETABLE VALUES('2013-02-27 11:27:56.371000','WindowsME_BROKE','Warning','flashyThing',5389)
COMMIT
INSERT INTO FIVEWIDETABLE VALUES('2013-02-27 11:27:56.371000','Partial','Problem','Widgit',5390)
COMMIT
INSERT INTO FIVEWIDETABLE VALUES('2013-02-27 11:27:56.371000','','Good','flashyThing',5391)
COMMIT
INSERT INTO FIVEWIDETABLE VALUES('2013-02-27 11:27:56.371000','Partial','Warning','Widgit',5392)
COMMIT
INSERT INTO FIVEWIDETABLE VALUES('2013-02-27 11:27:56.371000','WindowsME_BROKE','Problem','flashyThing',5393)
COMMIT
INSERT INTO FIVEWIDETABLE VALUES('2013-02-27 11:27:56.371000','','Good','Widgit',5394)
COMMIT
INSERT INTO FIVEWIDETABLE VALUES('2013-02-27 11:27:56.371000','WindowsME_BROKE','Warning','flashyThing',5395)
COMMIT
INSERT INTO FIVEWIDETABLE VALUES('2013-02-27 11:27:56.371000','Partial','Problem','Widgit',5396)
COMMIT
INSERT INTO FIVEWIDETABLE VALUES('2013-02-27 11:27:56.371000','','Good','flashyThing',5397)
COMMIT
INSERT INTO FIVEWIDETABLE VALUES('2013-02-27 11:27:56.371000','Partial','Warning','Widgit',5398)
COMMIT
INSERT INTO FIVEWIDETABLE VALUES('2013-02-27 11:27:56.371000','WindowsME_BROKE','Problem','flashyThing',5399)
COMMIT
INSERT INTO FIVEWIDETABLE VALUES('2013-02-27 11:27:56.371000','','Good','Widgit',5400)
COMMIT
INSERT INTO FIVEWIDETABLE VALUES('2013-02-27 11:27:56.371000','WindowsME_BROKE','Warning','flashyThing',5401)
COMMIT
INSERT INTO FIVEWIDETABLE VALUES('2013-02-27 11:27:56.372000','Partial','Problem','Widgit',5402)
COMMIT
INSERT INTO FIVEWIDETABLE VALUES('2013-02-27 11:27:56.372000','','Good','flashyThing',5403)
COMMIT
INSERT INTO FIVEWIDETABLE VALUES('2013-02-27 11:27:56.372000','Partial','Warning','Widgit',5404)
COMMIT
INSERT INTO FIVEWIDETABLE VALUES('2013-02-27 11:27:56.372000','WindowsME_BROKE','Problem','flashyThing',5405)
COMMIT
INSERT INTO FIVEWIDETABLE VALUES('2013-02-27 11:27:56.372000','','Good','Widgit',5406)
COMMIT
INSERT INTO FIVEWIDETABLE VALUES('2013-02-27 11:27:56.372000','WindowsME_BROKE','Warning','flashyThing',5407)
COMMIT
INSERT INTO FIVEWIDETABLE VALUES('2013-02-27 11:27:56.372000','Partial','Problem','Widgit',5408)
COMMIT
INSERT INTO FIVEWIDETABLE VALUES('2013-02-27 11:27:56.372000','','Good','flashyThing',5409)
COMMIT
INSERT INTO FIVEWIDETABLE VALUES('2013-02-27 11:27:56.372000','Partial','Warning','Widgit',5410)
COMMIT
INSERT INTO FIVEWIDETABLE VALUES('2013-02-27 11:27:56.372000','WindowsME_BROKE','Problem','flashyThing',5411)
COMMIT
INSERT INTO FIVEWIDETABLE VALUES('2013-02-27 11:27:56.372000','','Good','Widgit',5412)
COMMIT
INSERT INTO FIVEWIDETABLE VALUES('2013-02-27 11:27:56.372000','WindowsME_BROKE','Warning','flashyThing',5413)
COMMIT
INSERT INTO FIVEWIDETABLE VALUES('2013-02-27 11:27:56.372000','Partial','Problem','Widgit',5414)
COMMIT
INSERT INTO FIVEWIDETABLE VALUES('2013-02-27 11:27:56.372000','','Good','flashyThing',5415)
COMMIT
INSERT INTO FIVEWIDETABLE VALUES('2013-02-27 11:27:56.372000','Partial','Warning','Widgit',5416)
COMMIT
INSERT INTO FIVEWIDETABLE VALUES('2013-02-27 11:27:56.372000','WindowsME_BROKE','Problem','flashyThing',5417)
COMMIT
INSERT INTO FIVEWIDETABLE VALUES('2013-02-27 11:27:56.373000','','Good','Widgit',5418)
COMMIT
INSERT INTO FIVEWIDETABLE VALUES('2013-02-27 11:27:56.373000','WindowsME_BROKE','Warning','flashyThing',5419)
COMMIT
INSERT INTO FIVEWIDETABLE VALUES('2013-02-27 11:27:56.373000','Partial','Problem','Widgit',5420)
COMMIT
INSERT INTO FIVEWIDETABLE VALUES('2013-02-27 11:27:56.373000','','Good','flashyThing',5421)
COMMIT
INSERT INTO FIVEWIDETABLE VALUES('2013-02-27 11:27:56.373000','Partial','Warning','Widgit',5422)
COMMIT
INSERT INTO FIVEWIDETABLE VALUES('2013-02-27 11:27:56.373000','WindowsME_BROKE','Problem','flashyThing',5423)
COMMIT
INSERT INTO FIVEWIDETABLE VALUES('2013-02-27 11:27:56.373000','','Good','Widgit',5424)
COMMIT
INSERT INTO FIVEWIDETABLE VALUES('2013-02-27 11:27:56.373000','WindowsME_BROKE','Warning','flashyThing',5425)
COMMIT
INSERT INTO FIVEWIDETABLE VALUES('2013-02-27 11:27:56.373000','Partial','Problem','Widgit',5426)
COMMIT
INSERT INTO FIVEWIDETABLE VALUES('2013-02-27 11:27:56.373000','','Good','flashyThing',5427)
COMMIT
INSERT INTO FIVEWIDETABLE VALUES('2013-02-27 11:27:56.373000','Partial','Warning','Widgit',5428)
COMMIT
INSERT INTO FIVEWIDETABLE VALUES('2013-02-27 11:27:56.373000','WindowsME_BROKE','Problem','flashyThing',5429)
COMMIT
INSERT INTO FIVEWIDETABLE VALUES('2013-02-27 11:27:56.373000','','Good','Widgit',5430)
COMMIT
INSERT INTO FIVEWIDETABLE VALUES('2013-02-27 11:27:56.373000','WindowsME_BROKE','Warning','flashyThing',5431)
COMMIT
INSERT INTO FIVEWIDETABLE VALUES('2013-02-27 11:27:56.373000','Partial','Problem','Widgit',5432)
COMMIT
INSERT INTO FIVEWIDETABLE VALUES('2013-02-27 11:27:56.374000','','Good','flashyThing',5433)
COMMIT
INSERT INTO FIVEWIDETABLE VALUES('2013-02-27 11:27:56.374000','Partial','Warning','Widgit',5434)
COMMIT
INSERT INTO FIVEWIDETABLE VALUES('2013-02-27 11:27:56.374000','WindowsME_BROKE','Problem','flashyThing',5435)
COMMIT
INSERT INTO FIVEWIDETABLE VALUES('2013-02-27 11:27:56.374000','','Good','Widgit',5436)
COMMIT
INSERT INTO FIVEWIDETABLE VALUES('2013-02-27 11:27:56.374000','WindowsME_BROKE','Warning','flashyThing',5437)
COMMIT
INSERT INTO FIVEWIDETABLE VALUES('2013-02-27 11:27:56.374000','Partial','Problem','Widgit',5438)
COMMIT
INSERT INTO FIVEWIDETABLE VALUES('2013-02-27 11:27:56.374000','','Good','flashyThing',5439)
COMMIT
INSERT INTO FIVEWIDETABLE VALUES('2013-02-27 11:27:56.374000','Partial','Warning','Widgit',5440)
COMMIT
INSERT INTO FIVEWIDETABLE VALUES('2013-02-27 11:27:56.374000','WindowsME_BROKE','Problem','flashyThing',5441)
COMMIT
INSERT INTO FIVEWIDETABLE VALUES('2013-02-27 11:27:56.374000','','Good','Widgit',5442)
COMMIT
INSERT INTO FIVEWIDETABLE VALUES('2013-02-27 11:27:56.374000','WindowsME_BROKE','Warning','flashyThing',5443)
COMMIT
INSERT INTO FIVEWIDETABLE VALUES('2013-02-27 11:27:56.374000','Partial','Problem','Widgit',5444)
COMMIT
INSERT INTO FIVEWIDETABLE VALUES('2013-02-27 11:27:56.374000','','Good','flashyThing',5445)
COMMIT
INSERT INTO FIVEWIDETABLE VALUES('2013-02-27 11:27:56.374000','Partial','Warning','Widgit',5446)
COMMIT
INSERT INTO FIVEWIDETABLE VALUES('2013-02-27 11:27:56.374000','WindowsME_BROKE','Problem','flashyThing',5447)
COMMIT
INSERT INTO FIVEWIDETABLE VALUES('2013-02-27 11:27:56.375000','','Good','Widgit',5448)
COMMIT
INSERT INTO FIVEWIDETABLE VALUES('2013-02-27 11:27:56.375000','WindowsME_BROKE','Warning','flashyThing',5449)
COMMIT
INSERT INTO FIVEWIDETABLE VALUES('2013-02-27 11:27:56.375000','Partial','Problem','Widgit',5450)
COMMIT
INSERT INTO FIVEWIDETABLE VALUES('2013-02-27 11:27:56.375000','','Good','flashyThing',5451)
COMMIT
INSERT INTO FIVEWIDETABLE VALUES('2013-02-27 11:27:56.375000','Partial','Warning','Widgit',5452)
COMMIT
INSERT INTO FIVEWIDETABLE VALUES('2013-02-27 11:27:56.375000','WindowsME_BROKE','Problem','flashyThing',5453)
COMMIT
INSERT INTO FIVEWIDETABLE VALUES('2013-02-27 11:27:56.375000','','Good','Widgit',5454)
COMMIT
INSERT INTO FIVEWIDETABLE VALUES('2013-02-27 11:27:56.375000','WindowsME_BROKE','Warning','flashyThing',5455)
COMMIT
INSERT INTO FIVEWIDETABLE VALUES('2013-02-27 11:27:56.375000','Partial','Problem','Widgit',5456)
COMMIT
INSERT INTO FIVEWIDETABLE VALUES('2013-02-27 11:27:56.375000','','Good','flashyThing',5457)
COMMIT
INSERT INTO FIVEWIDETABLE VALUES('2013-02-27 11:27:56.375000','Partial','Warning','Widgit',5458)
COMMIT
INSERT INTO FIVEWIDETABLE VALUES('2013-02-27 11:27:56.375000','WindowsME_BROKE','Problem','flashyThing',5459)
COMMIT
INSERT INTO FIVEWIDETABLE VALUES('2013-02-27 11:27:56.375000','','Good','Widgit',5460)
COMMIT
INSERT INTO FIVEWIDETABLE VALUES('2013-02-27 11:27:56.375000','WindowsME_BROKE','Warning','flashyThing',5461)
COMMIT
INSERT INTO FIVEWIDETABLE VALUES('2013-02-27 11:27:56.375000','Partial','Problem','Widgit',5462)
COMMIT
INSERT INTO FIVEWIDETABLE VALUES('2013-02-27 11:27:56.376000','','Good','flashyThing',5463)
COMMIT
INSERT INTO FIVEWIDETABLE VALUES('2013-02-27 11:27:56.376000','Partial','Warning','Widgit',5464)
COMMIT
INSERT INTO FIVEWIDETABLE VALUES('2013-02-27 11:27:56.376000','WindowsME_BROKE','Problem','flashyThing',5465)
COMMIT
INSERT INTO FIVEWIDETABLE VALUES('2013-02-27 11:27:56.376000','','Good','Widgit',5466)
COMMIT
INSERT INTO FIVEWIDETABLE VALUES('2013-02-27 11:27:56.376000','WindowsME_BROKE','Warning','flashyThing',5467)
COMMIT
INSERT INTO FIVEWIDETABLE VALUES('2013-02-27 11:27:56.376000','Partial','Problem','Widgit',5468)
COMMIT
INSERT INTO FIVEWIDETABLE VALUES('2013-02-27 11:27:56.376000','','Good','flashyThing',5469)
COMMIT
INSERT INTO FIVEWIDETABLE VALUES('2013-02-27 11:27:56.376000','Partial','Warning','Widgit',5470)
COMMIT
INSERT INTO FIVEWIDETABLE VALUES('2013-02-27 11:27:56.376000','WindowsME_BROKE','Problem','flashyThing',5471)
COMMIT
INSERT INTO FIVEWIDETABLE VALUES('2013-02-27 11:27:56.376000','','Good','Widgit',5472)
COMMIT
INSERT INTO FIVEWIDETABLE VALUES('2013-02-27 11:27:56.376000','WindowsME_BROKE','Warning','flashyThing',5473)
COMMIT
INSERT INTO FIVEWIDETABLE VALUES('2013-02-27 11:27:56.376000','Partial','Problem','Widgit',5474)
COMMIT
INSERT INTO FIVEWIDETABLE VALUES('2013-02-27 11:27:56.376000','','Good','flashyThing',5475)
COMMIT
INSERT INTO FIVEWIDETABLE VALUES('2013-02-27 11:27:56.376000','Partial','Warning','Widgit',5476)
COMMIT
INSERT INTO FIVEWIDETABLE VALUES('2013-02-27 11:27:56.376000','WindowsME_BROKE','Problem','flashyThing',5477)
COMMIT
INSERT INTO FIVEWIDETABLE VALUES('2013-02-27 11:27:56.377000','','Good','Widgit',5478)
COMMIT
INSERT INTO FIVEWIDETABLE VALUES('2013-02-27 11:27:56.377000','WindowsME_BROKE','Warning','flashyThing',5479)
COMMIT
INSERT INTO FIVEWIDETABLE VALUES('2013-02-27 11:27:56.377000','Partial','Problem','Widgit',5480)
COMMIT
INSERT INTO FIVEWIDETABLE VALUES('2013-02-27 11:27:56.377000','','Good','flashyThing',5481)
COMMIT
INSERT INTO FIVEWIDETABLE VALUES('2013-02-27 11:27:56.377000','Partial','Warning','Widgit',5482)
COMMIT
INSERT INTO FIVEWIDETABLE VALUES('2013-02-27 11:27:56.377000','WindowsME_BROKE','Problem','flashyThing',5483)
COMMIT
INSERT INTO FIVEWIDETABLE VALUES('2013-02-27 11:27:56.377000','','Good','Widgit',5484)
COMMIT
INSERT INTO FIVEWIDETABLE VALUES('2013-02-27 11:27:56.377000','WindowsME_BROKE','Warning','flashyThing',5485)
COMMIT
INSERT INTO FIVEWIDETABLE VALUES('2013-02-27 11:27:56.377000','Partial','Problem','Widgit',5486)
COMMIT
INSERT INTO FIVEWIDETABLE VALUES('2013-02-27 11:27:56.377000','','Good','flashyThing',5487)
COMMIT
INSERT INTO FIVEWIDETABLE VALUES('2013-02-27 11:27:56.377000','Partial','Warning','Widgit',5488)
COMMIT
INSERT INTO FIVEWIDETABLE VALUES('2013-02-27 11:27:56.377000','WindowsME_BROKE','Problem','flashyThing',5489)
COMMIT
INSERT INTO FIVEWIDETABLE VALUES('2013-02-27 11:27:56.377000','','Good','Widgit',5490)
COMMIT
INSERT INTO FIVEWIDETABLE VALUES('2013-02-27 11:27:56.377000','WindowsME_BROKE','Warning','flashyThing',5491)
COMMIT
INSERT INTO FIVEWIDETABLE VALUES('2013-02-27 11:27:56.377000','Partial','Problem','Widgit',5492)
COMMIT
INSERT INTO FIVEWIDETABLE VALUES('2013-02-27 11:27:56.378000','','Good','flashyThing',5493)
COMMIT
INSERT INTO FIVEWIDETABLE VALUES('2013-02-27 11:27:56.378000','Partial','Warning','Widgit',5494)
COMMIT
INSERT INTO FIVEWIDETABLE VALUES('2013-02-27 11:27:56.378000','WindowsME_BROKE','Problem','flashyThing',5495)
COMMIT
INSERT INTO FIVEWIDETABLE VALUES('2013-02-27 11:27:56.378000','','Good','Widgit',5496)
COMMIT
INSERT INTO FIVEWIDETABLE VALUES('2013-02-27 11:27:56.378000','WindowsME_BROKE','Warning','flashyThing',5497)
COMMIT
INSERT INTO FIVEWIDETABLE VALUES('2013-02-27 11:27:56.378000','Partial','Problem','Widgit',5498)
COMMIT
INSERT INTO FIVEWIDETABLE VALUES('2013-02-27 11:27:56.378000','','Good','flashyThing',5499)
COMMIT
INSERT INTO FIVEWIDETABLE VALUES('2013-02-27 11:27:56.378000','Partial','Warning','Widgit',5500)
COMMIT
INSERT INTO FIVEWIDETABLE VALUES('2013-02-27 11:27:56.378000','WindowsME_BROKE','Problem','flashyThing',5501)
COMMIT
INSERT INTO FIVEWIDETABLE VALUES('2013-02-27 11:27:56.378000','','Good','Widgit',5502)
COMMIT
INSERT INTO FIVEWIDETABLE VALUES('2013-02-27 11:27:56.378000','WindowsME_BROKE','Warning','flashyThing',5503)
COMMIT
INSERT INTO FIVEWIDETABLE VALUES('2013-02-27 11:27:56.378000','Partial','Problem','Widgit',5504)
COMMIT
INSERT INTO FIVEWIDETABLE VALUES('2013-02-27 11:27:56.378000','','Good','flashyThing',5505)
COMMIT
INSERT INTO FIVEWIDETABLE VALUES('2013-02-27 11:27:56.378000','Partial','Warning','Widgit',5506)
COMMIT
INSERT INTO FIVEWIDETABLE VALUES('2013-02-27 11:27:56.378000','WindowsME_BROKE','Problem','flashyThing',5507)
COMMIT
INSERT INTO FIVEWIDETABLE VALUES('2013-02-27 11:27:56.379000','','Good','Widgit',5508)
COMMIT
INSERT INTO FIVEWIDETABLE VALUES('2013-02-27 11:27:56.379000','WindowsME_BROKE','Warning','flashyThing',5509)
COMMIT
INSERT INTO FIVEWIDETABLE VALUES('2013-02-27 11:27:56.379000','Partial','Problem','Widgit',5510)
COMMIT
INSERT INTO FIVEWIDETABLE VALUES('2013-02-27 11:27:56.379000','','Good','flashyThing',5511)
COMMIT
INSERT INTO FIVEWIDETABLE VALUES('2013-02-27 11:27:56.379000','Partial','Warning','Widgit',5512)
COMMIT
INSERT INTO FIVEWIDETABLE VALUES('2013-02-27 11:27:56.379000','WindowsME_BROKE','Problem','flashyThing',5513)
COMMIT
INSERT INTO FIVEWIDETABLE VALUES('2013-02-27 11:27:56.379000','','Good','Widgit',5514)
COMMIT
INSERT INTO FIVEWIDETABLE VALUES('2013-02-27 11:27:56.379000','WindowsME_BROKE','Warning','flashyThing',5515)
COMMIT
INSERT INTO FIVEWIDETABLE VALUES('2013-02-27 11:27:56.379000','Partial','Problem','Widgit',5516)
COMMIT
INSERT INTO FIVEWIDETABLE VALUES('2013-02-27 11:27:56.379000','','Good','flashyThing',5517)
COMMIT
INSERT INTO FIVEWIDETABLE VALUES('2013-02-27 11:27:56.379000','Partial','Warning','Widgit',5518)
COMMIT
INSERT INTO FIVEWIDETABLE VALUES('2013-02-27 11:27:56.379000','WindowsME_BROKE','Problem','flashyThing',5519)
COMMIT
INSERT INTO FIVEWIDETABLE VALUES('2013-02-27 11:27:56.379000','','Good','Widgit',5520)
COMMIT
INSERT INTO FIVEWIDETABLE VALUES('2013-02-27 11:27:56.379000','WindowsME_BROKE','Warning','flashyThing',5521)
COMMIT
INSERT INTO FIVEWIDETABLE VALUES('2013-02-27 11:27:56.379000','Partial','Problem','Widgit',5522)
COMMIT
INSERT INTO FIVEWIDETABLE VALUES('2013-02-27 11:27:56.380000','','Good','flashyThing',5523)
COMMIT
INSERT INTO FIVEWIDETABLE VALUES('2013-02-27 11:27:56.380000','Partial','Warning','Widgit',5524)
COMMIT
INSERT INTO FIVEWIDETABLE VALUES('2013-02-27 11:27:56.380000','WindowsME_BROKE','Problem','flashyThing',5525)
COMMIT
INSERT INTO FIVEWIDETABLE VALUES('2013-02-27 11:27:56.380000','','Good','Widgit',5526)
COMMIT
INSERT INTO FIVEWIDETABLE VALUES('2013-02-27 11:27:56.380000','WindowsME_BROKE','Warning','flashyThing',5527)
COMMIT
INSERT INTO FIVEWIDETABLE VALUES('2013-02-27 11:27:56.380000','Partial','Problem','Widgit',5528)
COMMIT
INSERT INTO FIVEWIDETABLE VALUES('2013-02-27 11:27:56.380000','','Good','flashyThing',5529)
COMMIT
INSERT INTO FIVEWIDETABLE VALUES('2013-02-27 11:27:56.380000','Partial','Warning','Widgit',5530)
COMMIT
INSERT INTO FIVEWIDETABLE VALUES('2013-02-27 11:27:56.380000','WindowsME_BROKE','Problem','flashyThing',5531)
COMMIT
INSERT INTO FIVEWIDETABLE VALUES('2013-02-27 11:27:56.380000','','Good','Widgit',5532)
COMMIT
INSERT INTO FIVEWIDETABLE VALUES('2013-02-27 11:27:56.380000','WindowsME_BROKE','Warning','flashyThing',5533)
COMMIT
INSERT INTO FIVEWIDETABLE VALUES('2013-02-27 11:27:56.380000','Partial','Problem','Widgit',5534)
COMMIT
INSERT INTO FIVEWIDETABLE VALUES('2013-02-27 11:27:56.380000','','Good','flashyThing',5535)
COMMIT
INSERT INTO FIVEWIDETABLE VALUES('2013-02-27 11:27:56.380000','Partial','Warning','Widgit',5536)
COMMIT
INSERT INTO FIVEWIDETABLE VALUES('2013-02-27 11:27:56.380000','WindowsME_BROKE','Problem','flashyThing',5537)
COMMIT
INSERT INTO FIVEWIDETABLE VALUES('2013-02-27 11:27:56.381000','','Good','Widgit',5538)
COMMIT
INSERT INTO FIVEWIDETABLE VALUES('2013-02-27 11:27:56.381000','WindowsME_BROKE','Warning','flashyThing',5539)
COMMIT
INSERT INTO FIVEWIDETABLE VALUES('2013-02-27 11:27:56.381000','Partial','Problem','Widgit',5540)
COMMIT
INSERT INTO FIVEWIDETABLE VALUES('2013-02-27 11:27:56.381000','','Good','flashyThing',5541)
COMMIT
INSERT INTO FIVEWIDETABLE VALUES('2013-02-27 11:27:56.381000','Partial','Warning','Widgit',5542)
COMMIT
INSERT INTO FIVEWIDETABLE VALUES('2013-02-27 11:27:56.381000','WindowsME_BROKE','Problem','flashyThing',5543)
COMMIT
INSERT INTO FIVEWIDETABLE VALUES('2013-02-27 11:27:56.381000','','Good','Widgit',5544)
COMMIT
INSERT INTO FIVEWIDETABLE VALUES('2013-02-27 11:27:56.381000','WindowsME_BROKE','Warning','flashyThing',5545)
COMMIT
INSERT INTO FIVEWIDETABLE VALUES('2013-02-27 11:27:56.381000','Partial','Problem','Widgit',5546)
COMMIT
INSERT INTO FIVEWIDETABLE VALUES('2013-02-27 11:27:56.381000','','Good','flashyThing',5547)
COMMIT
INSERT INTO FIVEWIDETABLE VALUES('2013-02-27 11:27:56.381000','Partial','Warning','Widgit',5548)
COMMIT
INSERT INTO FIVEWIDETABLE VALUES('2013-02-27 11:27:56.381000','WindowsME_BROKE','Problem','flashyThing',5549)
COMMIT
INSERT INTO FIVEWIDETABLE VALUES('2013-02-27 11:27:56.381000','','Good','Widgit',5550)
COMMIT
INSERT INTO FIVEWIDETABLE VALUES('2013-02-27 11:27:56.381000','WindowsME_BROKE','Warning','flashyThing',5551)
COMMIT
INSERT INTO FIVEWIDETABLE VALUES('2013-02-27 11:27:56.381000','Partial','Problem','Widgit',5552)
COMMIT
INSERT INTO FIVEWIDETABLE VALUES('2013-02-27 11:27:56.382000','','Good','flashyThing',5553)
COMMIT
INSERT INTO FIVEWIDETABLE VALUES('2013-02-27 11:27:56.382000','Partial','Warning','Widgit',5554)
COMMIT
INSERT INTO FIVEWIDETABLE VALUES('2013-02-27 11:27:56.382000','WindowsME_BROKE','Problem','flashyThing',5555)
COMMIT
INSERT INTO FIVEWIDETABLE VALUES('2013-02-27 11:27:56.382000','','Good','Widgit',5556)
COMMIT
INSERT INTO FIVEWIDETABLE VALUES('2013-02-27 11:27:56.382000','WindowsME_BROKE','Warning','flashyThing',5557)
COMMIT
INSERT INTO FIVEWIDETABLE VALUES('2013-02-27 11:27:56.382000','Partial','Problem','Widgit',5558)
COMMIT
INSERT INTO FIVEWIDETABLE VALUES('2013-02-27 11:27:56.382000','','Good','flashyThing',5559)
COMMIT
INSERT INTO FIVEWIDETABLE VALUES('2013-02-27 11:27:56.382000','Partial','Warning','Widgit',5560)
COMMIT
INSERT INTO FIVEWIDETABLE VALUES('2013-02-27 11:27:56.382000','WindowsME_BROKE','Problem','flashyThing',5561)
COMMIT
INSERT INTO FIVEWIDETABLE VALUES('2013-02-27 11:27:56.382000','','Good','Widgit',5562)
COMMIT
INSERT INTO FIVEWIDETABLE VALUES('2013-02-27 11:27:56.382000','WindowsME_BROKE','Warning','flashyThing',5563)
COMMIT
INSERT INTO FIVEWIDETABLE VALUES('2013-02-27 11:27:56.382000','Partial','Problem','Widgit',5564)
COMMIT
INSERT INTO FIVEWIDETABLE VALUES('2013-02-27 11:27:56.382000','','Good','flashyThing',5565)
COMMIT
INSERT INTO FIVEWIDETABLE VALUES('2013-02-27 11:27:56.382000','Partial','Warning','Widgit',5566)
COMMIT
INSERT INTO FIVEWIDETABLE VALUES('2013-02-27 11:27:56.382000','WindowsME_BROKE','Problem','flashyThing',5567)
COMMIT
INSERT INTO FIVEWIDETABLE VALUES('2013-02-27 11:27:56.383000','','Good','Widgit',5568)
COMMIT
INSERT INTO FIVEWIDETABLE VALUES('2013-02-27 11:27:56.383000','WindowsME_BROKE','Warning','flashyThing',5569)
COMMIT
INSERT INTO FIVEWIDETABLE VALUES('2013-02-27 11:27:56.383000','Partial','Problem','Widgit',5570)
COMMIT
INSERT INTO FIVEWIDETABLE VALUES('2013-02-27 11:27:56.383000','','Good','flashyThing',5571)
COMMIT
INSERT INTO FIVEWIDETABLE VALUES('2013-02-27 11:27:56.383000','Partial','Warning','Widgit',5572)
COMMIT
INSERT INTO FIVEWIDETABLE VALUES('2013-02-27 11:27:56.383000','WindowsME_BROKE','Problem','flashyThing',5573)
COMMIT
INSERT INTO FIVEWIDETABLE VALUES('2013-02-27 11:27:56.383000','','Good','Widgit',5574)
COMMIT
INSERT INTO FIVEWIDETABLE VALUES('2013-02-27 11:27:56.383000','WindowsME_BROKE','Warning','flashyThing',5575)
COMMIT
INSERT INTO FIVEWIDETABLE VALUES('2013-02-27 11:27:56.383000','Partial','Problem','Widgit',5576)
COMMIT
INSERT INTO FIVEWIDETABLE VALUES('2013-02-27 11:27:56.383000','','Good','flashyThing',5577)
COMMIT
INSERT INTO FIVEWIDETABLE VALUES('2013-02-27 11:27:56.383000','Partial','Warning','Widgit',5578)
COMMIT
INSERT INTO FIVEWIDETABLE VALUES('2013-02-27 11:27:56.383000','WindowsME_BROKE','Problem','flashyThing',5579)
COMMIT
INSERT INTO FIVEWIDETABLE VALUES('2013-02-27 11:27:56.383000','','Good','Widgit',5580)
COMMIT
INSERT INTO FIVEWIDETABLE VALUES('2013-02-27 11:27:56.383000','WindowsME_BROKE','Warning','flashyThing',5581)
COMMIT
INSERT INTO FIVEWIDETABLE VALUES('2013-02-27 11:27:56.383000','Partial','Problem','Widgit',5582)
COMMIT
INSERT INTO FIVEWIDETABLE VALUES('2013-02-27 11:27:56.384000','','Good','flashyThing',5583)
COMMIT
INSERT INTO FIVEWIDETABLE VALUES('2013-02-27 11:27:56.384000','Partial','Warning','Widgit',5584)
COMMIT
INSERT INTO FIVEWIDETABLE VALUES('2013-02-27 11:27:56.384000','WindowsME_BROKE','Problem','flashyThing',5585)
COMMIT
INSERT INTO FIVEWIDETABLE VALUES('2013-02-27 11:27:56.384000','','Good','Widgit',5586)
COMMIT
INSERT INTO FIVEWIDETABLE VALUES('2013-02-27 11:27:56.384000','WindowsME_BROKE','Warning','flashyThing',5587)
COMMIT
INSERT INTO FIVEWIDETABLE VALUES('2013-02-27 11:27:56.384000','Partial','Problem','Widgit',5588)
COMMIT
INSERT INTO FIVEWIDETABLE VALUES('2013-02-27 11:27:56.384000','','Good','flashyThing',5589)
COMMIT
INSERT INTO FIVEWIDETABLE VALUES('2013-02-27 11:27:56.384000','Partial','Warning','Widgit',5590)
COMMIT
INSERT INTO FIVEWIDETABLE VALUES('2013-02-27 11:27:56.384000','WindowsME_BROKE','Problem','flashyThing',5591)
COMMIT
INSERT INTO FIVEWIDETABLE VALUES('2013-02-27 11:27:56.384000','','Good','Widgit',5592)
COMMIT
INSERT INTO FIVEWIDETABLE VALUES('2013-02-27 11:27:56.384000','WindowsME_BROKE','Warning','flashyThing',5593)
COMMIT
INSERT INTO FIVEWIDETABLE VALUES('2013-02-27 11:27:56.384000','Partial','Problem','Widgit',5594)
COMMIT
INSERT INTO FIVEWIDETABLE VALUES('2013-02-27 11:27:56.384000','','Good','flashyThing',5595)
COMMIT
INSERT INTO FIVEWIDETABLE VALUES('2013-02-27 11:27:56.384000','Partial','Warning','Widgit',5596)
COMMIT
INSERT INTO FIVEWIDETABLE VALUES('2013-02-27 11:27:56.384000','WindowsME_BROKE','Problem','flashyThing',5597)
COMMIT
INSERT INTO FIVEWIDETABLE VALUES('2013-02-27 11:27:56.385000','','Good','Widgit',5598)
COMMIT
INSERT INTO FIVEWIDETABLE VALUES('2013-02-27 11:27:56.385000','WindowsME_BROKE','Warning','flashyThing',5599)
COMMIT
INSERT INTO FIVEWIDETABLE VALUES('2013-02-27 11:27:56.385000','Partial','Problem','Widgit',5600)
COMMIT
INSERT INTO FIVEWIDETABLE VALUES('2013-02-27 11:27:56.385000','','Good','flashyThing',5601)
COMMIT
INSERT INTO FIVEWIDETABLE VALUES('2013-02-27 11:27:56.385000','Partial','Warning','Widgit',5602)
COMMIT
INSERT INTO FIVEWIDETABLE VALUES('2013-02-27 11:27:56.385000','WindowsME_BROKE','Problem','flashyThing',5603)
COMMIT
INSERT INTO FIVEWIDETABLE VALUES('2013-02-27 11:27:56.385000','','Good','Widgit',5604)
COMMIT
INSERT INTO FIVEWIDETABLE VALUES('2013-02-27 11:27:56.385000','WindowsME_BROKE','Warning','flashyThing',5605)
COMMIT
INSERT INTO FIVEWIDETABLE VALUES('2013-02-27 11:27:56.385000','Partial','Problem','Widgit',5606)
COMMIT
INSERT INTO FIVEWIDETABLE VALUES('2013-02-27 11:27:56.385000','','Good','flashyThing',5607)
COMMIT
INSERT INTO FIVEWIDETABLE VALUES('2013-02-27 11:27:56.385000','Partial','Warning','Widgit',5608)
COMMIT
INSERT INTO FIVEWIDETABLE VALUES('2013-02-27 11:27:56.385000','WindowsME_BROKE','Problem','flashyThing',5609)
COMMIT
INSERT INTO FIVEWIDETABLE VALUES('2013-02-27 11:27:56.385000','','Good','Widgit',5610)
COMMIT
INSERT INTO FIVEWIDETABLE VALUES('2013-02-27 11:27:56.385000','WindowsME_BROKE','Warning','flashyThing',5611)
COMMIT
INSERT INTO FIVEWIDETABLE VALUES('2013-02-27 11:27:56.385000','Partial','Problem','Widgit',5612)
COMMIT
INSERT INTO FIVEWIDETABLE VALUES('2013-02-27 11:27:56.385000','','Good','flashyThing',5613)
COMMIT
INSERT INTO FIVEWIDETABLE VALUES('2013-02-27 11:27:56.386000','Partial','Warning','Widgit',5614)
COMMIT
INSERT INTO FIVEWIDETABLE VALUES('2013-02-27 11:27:56.386000','WindowsME_BROKE','Problem','flashyThing',5615)
COMMIT
INSERT INTO FIVEWIDETABLE VALUES('2013-02-27 11:27:56.386000','','Good','Widgit',5616)
COMMIT
INSERT INTO FIVEWIDETABLE VALUES('2013-02-27 11:27:56.386000','WindowsME_BROKE','Warning','flashyThing',5617)
COMMIT
INSERT INTO FIVEWIDETABLE VALUES('2013-02-27 11:27:56.386000','Partial','Problem','Widgit',5618)
COMMIT
INSERT INTO FIVEWIDETABLE VALUES('2013-02-27 11:27:56.386000','','Good','flashyThing',5619)
COMMIT
INSERT INTO FIVEWIDETABLE VALUES('2013-02-27 11:27:56.386000','Partial','Warning','Widgit',5620)
COMMIT
INSERT INTO FIVEWIDETABLE VALUES('2013-02-27 11:27:56.386000','WindowsME_BROKE','Problem','flashyThing',5621)
COMMIT
INSERT INTO FIVEWIDETABLE VALUES('2013-02-27 11:27:56.386000','','Good','Widgit',5622)
COMMIT
INSERT INTO FIVEWIDETABLE VALUES('2013-02-27 11:27:56.386000','WindowsME_BROKE','Warning','flashyThing',5623)
COMMIT
INSERT INTO FIVEWIDETABLE VALUES('2013-02-27 11:27:56.386000','Partial','Problem','Widgit',5624)
COMMIT
INSERT INTO FIVEWIDETABLE VALUES('2013-02-27 11:27:56.386000','','Good','flashyThing',5625)
COMMIT
INSERT INTO FIVEWIDETABLE VALUES('2013-02-27 11:27:56.386000','Partial','Warning','Widgit',5626)
COMMIT
INSERT INTO FIVEWIDETABLE VALUES('2013-02-27 11:27:56.386000','WindowsME_BROKE','Problem','flashyThing',5627)
COMMIT
INSERT INTO FIVEWIDETABLE VALUES('2013-02-27 11:27:56.386000','','Good','Widgit',5628)
COMMIT
INSERT INTO FIVEWIDETABLE VALUES('2013-02-27 11:27:56.387000','WindowsME_BROKE','Warning','flashyThing',5629)
COMMIT
INSERT INTO FIVEWIDETABLE VALUES('2013-02-27 11:27:56.387000','Partial','Problem','Widgit',5630)
COMMIT
INSERT INTO FIVEWIDETABLE VALUES('2013-02-27 11:27:56.387000','','Good','flashyThing',5631)
COMMIT
INSERT INTO FIVEWIDETABLE VALUES('2013-02-27 11:27:56.387000','Partial','Warning','Widgit',5632)
COMMIT
INSERT INTO FIVEWIDETABLE VALUES('2013-02-27 11:27:56.387000','WindowsME_BROKE','Problem','flashyThing',5633)
COMMIT
INSERT INTO FIVEWIDETABLE VALUES('2013-02-27 11:27:56.387000','','Good','Widgit',5634)
COMMIT
INSERT INTO FIVEWIDETABLE VALUES('2013-02-27 11:27:56.387000','WindowsME_BROKE','Warning','flashyThing',5635)
COMMIT
INSERT INTO FIVEWIDETABLE VALUES('2013-02-27 11:27:56.387000','Partial','Problem','Widgit',5636)
COMMIT
INSERT INTO FIVEWIDETABLE VALUES('2013-02-27 11:27:56.387000','','Good','flashyThing',5637)
COMMIT
INSERT INTO FIVEWIDETABLE VALUES('2013-02-27 11:27:56.387000','Partial','Warning','Widgit',5638)
COMMIT
INSERT INTO FIVEWIDETABLE VALUES('2013-02-27 11:27:56.387000','WindowsME_BROKE','Problem','flashyThing',5639)
COMMIT
INSERT INTO FIVEWIDETABLE VALUES('2013-02-27 11:27:56.387000','','Good','Widgit',5640)
COMMIT
INSERT INTO FIVEWIDETABLE VALUES('2013-02-27 11:27:56.387000','WindowsME_BROKE','Warning','flashyThing',5641)
COMMIT
INSERT INTO FIVEWIDETABLE VALUES('2013-02-27 11:27:56.387000','Partial','Problem','Widgit',5642)
COMMIT
INSERT INTO FIVEWIDETABLE VALUES('2013-02-27 11:27:56.387000','','Good','flashyThing',5643)
COMMIT
INSERT INTO FIVEWIDETABLE VALUES('2013-02-27 11:27:56.388000','Partial','Warning','Widgit',5644)
COMMIT
INSERT INTO FIVEWIDETABLE VALUES('2013-02-27 11:27:56.388000','WindowsME_BROKE','Problem','flashyThing',5645)
COMMIT
INSERT INTO FIVEWIDETABLE VALUES('2013-02-27 11:27:56.388000','','Good','Widgit',5646)
COMMIT
INSERT INTO FIVEWIDETABLE VALUES('2013-02-27 11:27:56.388000','WindowsME_BROKE','Warning','flashyThing',5647)
COMMIT
INSERT INTO FIVEWIDETABLE VALUES('2013-02-27 11:27:56.388000','Partial','Problem','Widgit',5648)
COMMIT
INSERT INTO FIVEWIDETABLE VALUES('2013-02-27 11:27:56.388000','','Good','flashyThing',5649)
COMMIT
INSERT INTO FIVEWIDETABLE VALUES('2013-02-27 11:27:56.388000','Partial','Warning','Widgit',5650)
COMMIT
INSERT INTO FIVEWIDETABLE VALUES('2013-02-27 11:27:56.388000','WindowsME_BROKE','Problem','flashyThing',5651)
COMMIT
INSERT INTO FIVEWIDETABLE VALUES('2013-02-27 11:27:56.388000','','Good','Widgit',5652)
COMMIT
INSERT INTO FIVEWIDETABLE VALUES('2013-02-27 11:27:56.388000','WindowsME_BROKE','Warning','flashyThing',5653)
COMMIT
INSERT INTO FIVEWIDETABLE VALUES('2013-02-27 11:27:56.388000','Partial','Problem','Widgit',5654)
COMMIT
INSERT INTO FIVEWIDETABLE VALUES('2013-02-27 11:27:56.388000','','Good','flashyThing',5655)
COMMIT
INSERT INTO FIVEWIDETABLE VALUES('2013-02-27 11:27:56.388000','Partial','Warning','Widgit',5656)
COMMIT
INSERT INTO FIVEWIDETABLE VALUES('2013-02-27 11:27:56.388000','WindowsME_BROKE','Problem','flashyThing',5657)
COMMIT
INSERT INTO FIVEWIDETABLE VALUES('2013-02-27 11:27:56.388000','','Good','Widgit',5658)
COMMIT
INSERT INTO FIVEWIDETABLE VALUES('2013-02-27 11:27:56.389000','WindowsME_BROKE','Warning','flashyThing',5659)
COMMIT
INSERT INTO FIVEWIDETABLE VALUES('2013-02-27 11:27:56.389000','Partial','Problem','Widgit',5660)
COMMIT
INSERT INTO FIVEWIDETABLE VALUES('2013-02-27 11:27:56.389000','','Good','flashyThing',5661)
COMMIT
INSERT INTO FIVEWIDETABLE VALUES('2013-02-27 11:27:56.389000','Partial','Warning','Widgit',5662)
COMMIT
INSERT INTO FIVEWIDETABLE VALUES('2013-02-27 11:27:56.389000','WindowsME_BROKE','Problem','flashyThing',5663)
COMMIT
INSERT INTO FIVEWIDETABLE VALUES('2013-02-27 11:27:56.389000','','Good','Widgit',5664)
COMMIT
INSERT INTO FIVEWIDETABLE VALUES('2013-02-27 11:27:56.389000','WindowsME_BROKE','Warning','flashyThing',5665)
COMMIT
INSERT INTO FIVEWIDETABLE VALUES('2013-02-27 11:27:56.389000','Partial','Problem','Widgit',5666)
COMMIT
INSERT INTO FIVEWIDETABLE VALUES('2013-02-27 11:27:56.389000','','Good','flashyThing',5667)
COMMIT
INSERT INTO FIVEWIDETABLE VALUES('2013-02-27 11:27:56.389000','Partial','Warning','Widgit',5668)
COMMIT
INSERT INTO FIVEWIDETABLE VALUES('2013-02-27 11:27:56.389000','WindowsME_BROKE','Problem','flashyThing',5669)
COMMIT
INSERT INTO FIVEWIDETABLE VALUES('2013-02-27 11:27:56.389000','','Good','Widgit',5670)
COMMIT
INSERT INTO FIVEWIDETABLE VALUES('2013-02-27 11:27:56.389000','WindowsME_BROKE','Warning','flashyThing',5671)
COMMIT
INSERT INTO FIVEWIDETABLE VALUES('2013-02-27 11:27:56.389000','Partial','Problem','Widgit',5672)
COMMIT
INSERT INTO FIVEWIDETABLE VALUES('2013-02-27 11:27:56.389000','','Good','flashyThing',5673)
COMMIT
INSERT INTO FIVEWIDETABLE VALUES('2013-02-27 11:27:56.390000','Partial','Warning','Widgit',5674)
COMMIT
INSERT INTO FIVEWIDETABLE VALUES('2013-02-27 11:27:56.390000','WindowsME_BROKE','Problem','flashyThing',5675)
COMMIT
INSERT INTO FIVEWIDETABLE VALUES('2013-02-27 11:27:56.390000','','Good','Widgit',5676)
COMMIT
INSERT INTO FIVEWIDETABLE VALUES('2013-02-27 11:27:56.390000','WindowsME_BROKE','Warning','flashyThing',5677)
COMMIT
INSERT INTO FIVEWIDETABLE VALUES('2013-02-27 11:27:56.390000','Partial','Problem','Widgit',5678)
COMMIT
INSERT INTO FIVEWIDETABLE VALUES('2013-02-27 11:27:56.390000','','Good','flashyThing',5679)
COMMIT
INSERT INTO FIVEWIDETABLE VALUES('2013-02-27 11:27:56.390000','Partial','Warning','Widgit',5680)
COMMIT
INSERT INTO FIVEWIDETABLE VALUES('2013-02-27 11:27:56.390000','WindowsME_BROKE','Problem','flashyThing',5681)
COMMIT
INSERT INTO FIVEWIDETABLE VALUES('2013-02-27 11:27:56.390000','','Good','Widgit',5682)
COMMIT
INSERT INTO FIVEWIDETABLE VALUES('2013-02-27 11:27:56.390000','WindowsME_BROKE','Warning','flashyThing',5683)
COMMIT
INSERT INTO FIVEWIDETABLE VALUES('2013-02-27 11:27:56.390000','Partial','Problem','Widgit',5684)
COMMIT
INSERT INTO FIVEWIDETABLE VALUES('2013-02-27 11:27:56.390000','','Good','flashyThing',5685)
COMMIT
INSERT INTO FIVEWIDETABLE VALUES('2013-02-27 11:27:56.390000','Partial','Warning','Widgit',5686)
COMMIT
INSERT INTO FIVEWIDETABLE VALUES('2013-02-27 11:27:56.390000','WindowsME_BROKE','Problem','flashyThing',5687)
COMMIT
INSERT INTO FIVEWIDETABLE VALUES('2013-02-27 11:27:56.391000','','Good','Widgit',5688)
COMMIT
INSERT INTO FIVEWIDETABLE VALUES('2013-02-27 11:27:56.391000','WindowsME_BROKE','Warning','flashyThing',5689)
COMMIT
INSERT INTO FIVEWIDETABLE VALUES('2013-02-27 11:27:56.391000','Partial','Problem','Widgit',5690)
COMMIT
INSERT INTO FIVEWIDETABLE VALUES('2013-02-27 11:27:56.391000','','Good','flashyThing',5691)
COMMIT
INSERT INTO FIVEWIDETABLE VALUES('2013-02-27 11:27:56.391000','Partial','Warning','Widgit',5692)
COMMIT
INSERT INTO FIVEWIDETABLE VALUES('2013-02-27 11:27:56.391000','WindowsME_BROKE','Problem','flashyThing',5693)
COMMIT
INSERT INTO FIVEWIDETABLE VALUES('2013-02-27 11:27:56.391000','','Good','Widgit',5694)
COMMIT
INSERT INTO FIVEWIDETABLE VALUES('2013-02-27 11:27:56.391000','WindowsME_BROKE','Warning','flashyThing',5695)
COMMIT
INSERT INTO FIVEWIDETABLE VALUES('2013-02-27 11:27:56.391000','Partial','Problem','Widgit',5696)
COMMIT
INSERT INTO FIVEWIDETABLE VALUES('2013-02-27 11:27:56.391000','','Good','flashyThing',5697)
COMMIT
INSERT INTO FIVEWIDETABLE VALUES('2013-02-27 11:27:56.391000','Partial','Warning','Widgit',5698)
COMMIT
INSERT INTO FIVEWIDETABLE VALUES('2013-02-27 11:27:56.391000','WindowsME_BROKE','Problem','flashyThing',5699)
COMMIT
INSERT INTO FIVEWIDETABLE VALUES('2013-02-27 11:27:56.391000','','Good','Widgit',5700)
COMMIT
INSERT INTO FIVEWIDETABLE VALUES('2013-02-27 11:27:56.391000','WindowsME_BROKE','Warning','flashyThing',5701)
COMMIT
INSERT INTO FIVEWIDETABLE VALUES('2013-02-27 11:27:56.391000','Partial','Problem','Widgit',5702)
COMMIT
INSERT INTO FIVEWIDETABLE VALUES('2013-02-27 11:27:56.392000','','Good','flashyThing',5703)
COMMIT
INSERT INTO FIVEWIDETABLE VALUES('2013-02-27 11:27:56.392000','Partial','Warning','Widgit',5704)
COMMIT
INSERT INTO FIVEWIDETABLE VALUES('2013-02-27 11:27:56.392000','WindowsME_BROKE','Problem','flashyThing',5705)
COMMIT
INSERT INTO FIVEWIDETABLE VALUES('2013-02-27 11:27:56.392000','','Good','Widgit',5706)
COMMIT
INSERT INTO FIVEWIDETABLE VALUES('2013-02-27 11:27:56.392000','WindowsME_BROKE','Warning','flashyThing',5707)
COMMIT
INSERT INTO FIVEWIDETABLE VALUES('2013-02-27 11:27:56.392000','Partial','Problem','Widgit',5708)
COMMIT
INSERT INTO FIVEWIDETABLE VALUES('2013-02-27 11:27:56.392000','','Good','flashyThing',5709)
COMMIT
INSERT INTO FIVEWIDETABLE VALUES('2013-02-27 11:27:56.392000','Partial','Warning','Widgit',5710)
COMMIT
INSERT INTO FIVEWIDETABLE VALUES('2013-02-27 11:27:56.392000','WindowsME_BROKE','Problem','flashyThing',5711)
COMMIT
INSERT INTO FIVEWIDETABLE VALUES('2013-02-27 11:27:56.392000','','Good','Widgit',5712)
COMMIT
INSERT INTO FIVEWIDETABLE VALUES('2013-02-27 11:27:56.392000','WindowsME_BROKE','Warning','flashyThing',5713)
COMMIT
INSERT INTO FIVEWIDETABLE VALUES('2013-02-27 11:27:56.392000','Partial','Problem','Widgit',5714)
COMMIT
INSERT INTO FIVEWIDETABLE VALUES('2013-02-27 11:27:56.392000','','Good','flashyThing',5715)
COMMIT
INSERT INTO FIVEWIDETABLE VALUES('2013-02-27 11:27:56.392000','Partial','Warning','Widgit',5716)
COMMIT
INSERT INTO FIVEWIDETABLE VALUES('2013-02-27 11:27:56.392000','WindowsME_BROKE','Problem','flashyThing',5717)
COMMIT
INSERT INTO FIVEWIDETABLE VALUES('2013-02-27 11:27:56.393000','','Good','Widgit',5718)
COMMIT
INSERT INTO FIVEWIDETABLE VALUES('2013-02-27 11:27:56.393000','WindowsME_BROKE','Warning','flashyThing',5719)
COMMIT
INSERT INTO FIVEWIDETABLE VALUES('2013-02-27 11:27:56.393000','Partial','Problem','Widgit',5720)
COMMIT
INSERT INTO FIVEWIDETABLE VALUES('2013-02-27 11:27:56.393000','','Good','flashyThing',5721)
COMMIT
INSERT INTO FIVEWIDETABLE VALUES('2013-02-27 11:27:56.393000','Partial','Warning','Widgit',5722)
COMMIT
INSERT INTO FIVEWIDETABLE VALUES('2013-02-27 11:27:56.393000','WindowsME_BROKE','Problem','flashyThing',5723)
COMMIT
INSERT INTO FIVEWIDETABLE VALUES('2013-02-27 11:27:56.393000','','Good','Widgit',5724)
COMMIT
INSERT INTO FIVEWIDETABLE VALUES('2013-02-27 11:27:56.393000','WindowsME_BROKE','Warning','flashyThing',5725)
COMMIT
INSERT INTO FIVEWIDETABLE VALUES('2013-02-27 11:27:56.393000','Partial','Problem','Widgit',5726)
COMMIT
INSERT INTO FIVEWIDETABLE VALUES('2013-02-27 11:27:56.393000','','Good','flashyThing',5727)
COMMIT
INSERT INTO FIVEWIDETABLE VALUES('2013-02-27 11:27:56.393000','Partial','Warning','Widgit',5728)
COMMIT
INSERT INTO FIVEWIDETABLE VALUES('2013-02-27 11:27:56.393000','WindowsME_BROKE','Problem','flashyThing',5729)
COMMIT
INSERT INTO FIVEWIDETABLE VALUES('2013-02-27 11:27:56.393000','','Good','Widgit',5730)
COMMIT
INSERT INTO FIVEWIDETABLE VALUES('2013-02-27 11:27:56.393000','WindowsME_BROKE','Warning','flashyThing',5731)
COMMIT
INSERT INTO FIVEWIDETABLE VALUES('2013-02-27 11:27:56.393000','Partial','Problem','Widgit',5732)
COMMIT
INSERT INTO FIVEWIDETABLE VALUES('2013-02-27 11:27:56.394000','','Good','flashyThing',5733)
COMMIT
INSERT INTO FIVEWIDETABLE VALUES('2013-02-27 11:27:56.394000','Partial','Warning','Widgit',5734)
COMMIT
INSERT INTO FIVEWIDETABLE VALUES('2013-02-27 11:27:56.394000','WindowsME_BROKE','Problem','flashyThing',5735)
COMMIT
INSERT INTO FIVEWIDETABLE VALUES('2013-02-27 11:27:56.394000','','Good','Widgit',5736)
COMMIT
INSERT INTO FIVEWIDETABLE VALUES('2013-02-27 11:27:56.394000','WindowsME_BROKE','Warning','flashyThing',5737)
COMMIT
INSERT INTO FIVEWIDETABLE VALUES('2013-02-27 11:27:56.394000','Partial','Problem','Widgit',5738)
COMMIT
INSERT INTO FIVEWIDETABLE VALUES('2013-02-27 11:27:56.394000','','Good','flashyThing',5739)
COMMIT
INSERT INTO FIVEWIDETABLE VALUES('2013-02-27 11:27:56.394000','Partial','Warning','Widgit',5740)
COMMIT
INSERT INTO FIVEWIDETABLE VALUES('2013-02-27 11:27:56.394000','WindowsME_BROKE','Problem','flashyThing',5741)
COMMIT
INSERT INTO FIVEWIDETABLE VALUES('2013-02-27 11:27:56.394000','','Good','Widgit',5742)
COMMIT
INSERT INTO FIVEWIDETABLE VALUES('2013-02-27 11:27:56.394000','WindowsME_BROKE','Warning','flashyThing',5743)
COMMIT
INSERT INTO FIVEWIDETABLE VALUES('2013-02-27 11:27:56.394000','Partial','Problem','Widgit',5744)
COMMIT
INSERT INTO FIVEWIDETABLE VALUES('2013-02-27 11:27:56.394000','','Good','flashyThing',5745)
COMMIT
INSERT INTO FIVEWIDETABLE VALUES('2013-02-27 11:27:56.394000','Partial','Warning','Widgit',5746)
COMMIT
INSERT INTO FIVEWIDETABLE VALUES('2013-02-27 11:27:56.394000','WindowsME_BROKE','Problem','flashyThing',5747)
COMMIT
INSERT INTO FIVEWIDETABLE VALUES('2013-02-27 11:27:56.395000','','Good','Widgit',5748)
COMMIT
INSERT INTO FIVEWIDETABLE VALUES('2013-02-27 11:27:56.395000','WindowsME_BROKE','Warning','flashyThing',5749)
COMMIT
INSERT INTO FIVEWIDETABLE VALUES('2013-02-27 11:27:56.395000','Partial','Problem','Widgit',5750)
COMMIT
INSERT INTO FIVEWIDETABLE VALUES('2013-02-27 11:27:56.395000','','Good','flashyThing',5751)
COMMIT
INSERT INTO FIVEWIDETABLE VALUES('2013-02-27 11:27:56.395000','Partial','Warning','Widgit',5752)
COMMIT
INSERT INTO FIVEWIDETABLE VALUES('2013-02-27 11:27:56.395000','WindowsME_BROKE','Problem','flashyThing',5753)
COMMIT
INSERT INTO FIVEWIDETABLE VALUES('2013-02-27 11:27:56.395000','','Good','Widgit',5754)
COMMIT
INSERT INTO FIVEWIDETABLE VALUES('2013-02-27 11:27:56.395000','WindowsME_BROKE','Warning','flashyThing',5755)
COMMIT
INSERT INTO FIVEWIDETABLE VALUES('2013-02-27 11:27:56.395000','Partial','Problem','Widgit',5756)
COMMIT
INSERT INTO FIVEWIDETABLE VALUES('2013-02-27 11:27:56.395000','','Good','flashyThing',5757)
COMMIT
INSERT INTO FIVEWIDETABLE VALUES('2013-02-27 11:27:56.395000','Partial','Warning','Widgit',5758)
COMMIT
INSERT INTO FIVEWIDETABLE VALUES('2013-02-27 11:27:56.395000','WindowsME_BROKE','Problem','flashyThing',5759)
COMMIT
INSERT INTO FIVEWIDETABLE VALUES('2013-02-27 11:27:56.395000','','Good','Widgit',5760)
COMMIT
INSERT INTO FIVEWIDETABLE VALUES('2013-02-27 11:27:56.395000','WindowsME_BROKE','Warning','flashyThing',5761)
COMMIT
INSERT INTO FIVEWIDETABLE VALUES('2013-02-27 11:27:56.395000','Partial','Problem','Widgit',5762)
COMMIT
INSERT INTO FIVEWIDETABLE VALUES('2013-02-27 11:27:56.396000','','Good','flashyThing',5763)
COMMIT
INSERT INTO FIVEWIDETABLE VALUES('2013-02-27 11:27:56.396000','Partial','Warning','Widgit',5764)
COMMIT
INSERT INTO FIVEWIDETABLE VALUES('2013-02-27 11:27:56.396000','WindowsME_BROKE','Problem','flashyThing',5765)
COMMIT
INSERT INTO FIVEWIDETABLE VALUES('2013-02-27 11:27:56.396000','','Good','Widgit',5766)
COMMIT
INSERT INTO FIVEWIDETABLE VALUES('2013-02-27 11:27:56.396000','WindowsME_BROKE','Warning','flashyThing',5767)
COMMIT
INSERT INTO FIVEWIDETABLE VALUES('2013-02-27 11:27:56.396000','Partial','Problem','Widgit',5768)
COMMIT
INSERT INTO FIVEWIDETABLE VALUES('2013-02-27 11:27:56.396000','','Good','flashyThing',5769)
COMMIT
INSERT INTO FIVEWIDETABLE VALUES('2013-02-27 11:27:56.396000','Partial','Warning','Widgit',5770)
COMMIT
INSERT INTO FIVEWIDETABLE VALUES('2013-02-27 11:27:56.396000','WindowsME_BROKE','Problem','flashyThing',5771)
COMMIT
INSERT INTO FIVEWIDETABLE VALUES('2013-02-27 11:27:56.396000','','Good','Widgit',5772)
COMMIT
INSERT INTO FIVEWIDETABLE VALUES('2013-02-27 11:27:56.396000','WindowsME_BROKE','Warning','flashyThing',5773)
COMMIT
INSERT INTO FIVEWIDETABLE VALUES('2013-02-27 11:27:56.396000','Partial','Problem','Widgit',5774)
COMMIT
INSERT INTO FIVEWIDETABLE VALUES('2013-02-27 11:27:56.396000','','Good','flashyThing',5775)
COMMIT
INSERT INTO FIVEWIDETABLE VALUES('2013-02-27 11:27:56.396000','Partial','Warning','Widgit',5776)
COMMIT
INSERT INTO FIVEWIDETABLE VALUES('2013-02-27 11:27:56.396000','WindowsME_BROKE','Problem','flashyThing',5777)
COMMIT
INSERT INTO FIVEWIDETABLE VALUES('2013-02-27 11:27:56.397000','','Good','Widgit',5778)
COMMIT
INSERT INTO FIVEWIDETABLE VALUES('2013-02-27 11:27:56.397000','WindowsME_BROKE','Warning','flashyThing',5779)
COMMIT
INSERT INTO FIVEWIDETABLE VALUES('2013-02-27 11:27:56.397000','Partial','Problem','Widgit',5780)
COMMIT
INSERT INTO FIVEWIDETABLE VALUES('2013-02-27 11:27:56.397000','','Good','flashyThing',5781)
COMMIT
INSERT INTO FIVEWIDETABLE VALUES('2013-02-27 11:27:56.397000','Partial','Warning','Widgit',5782)
COMMIT
INSERT INTO FIVEWIDETABLE VALUES('2013-02-27 11:27:56.397000','WindowsME_BROKE','Problem','flashyThing',5783)
COMMIT
INSERT INTO FIVEWIDETABLE VALUES('2013-02-27 11:27:56.397000','','Good','Widgit',5784)
COMMIT
INSERT INTO FIVEWIDETABLE VALUES('2013-02-27 11:27:56.397000','WindowsME_BROKE','Warning','flashyThing',5785)
COMMIT
INSERT INTO FIVEWIDETABLE VALUES('2013-02-27 11:27:56.397000','Partial','Problem','Widgit',5786)
COMMIT
INSERT INTO FIVEWIDETABLE VALUES('2013-02-27 11:27:56.397000','','Good','flashyThing',5787)
COMMIT
INSERT INTO FIVEWIDETABLE VALUES('2013-02-27 11:27:56.397000','Partial','Warning','Widgit',5788)
COMMIT
INSERT INTO FIVEWIDETABLE VALUES('2013-02-27 11:27:56.397000','WindowsME_BROKE','Problem','flashyThing',5789)
COMMIT
INSERT INTO FIVEWIDETABLE VALUES('2013-02-27 11:27:56.397000','','Good','Widgit',5790)
COMMIT
INSERT INTO FIVEWIDETABLE VALUES('2013-02-27 11:27:56.397000','WindowsME_BROKE','Warning','flashyThing',5791)
COMMIT
INSERT INTO FIVEWIDETABLE VALUES('2013-02-27 11:27:56.397000','Partial','Problem','Widgit',5792)
COMMIT
INSERT INTO FIVEWIDETABLE VALUES('2013-02-27 11:27:56.397000','','Good','flashyThing',5793)
COMMIT
INSERT INTO FIVEWIDETABLE VALUES('2013-02-27 11:27:56.398000','Partial','Warning','Widgit',5794)
COMMIT
INSERT INTO FIVEWIDETABLE VALUES('2013-02-27 11:27:56.398000','WindowsME_BROKE','Problem','flashyThing',5795)
COMMIT
INSERT INTO FIVEWIDETABLE VALUES('2013-02-27 11:27:56.398000','','Good','Widgit',5796)
COMMIT
INSERT INTO FIVEWIDETABLE VALUES('2013-02-27 11:27:56.398000','WindowsME_BROKE','Warning','flashyThing',5797)
COMMIT
INSERT INTO FIVEWIDETABLE VALUES('2013-02-27 11:27:56.398000','Partial','Problem','Widgit',5798)
COMMIT
INSERT INTO FIVEWIDETABLE VALUES('2013-02-27 11:27:56.398000','','Good','flashyThing',5799)
COMMIT
INSERT INTO FIVEWIDETABLE VALUES('2013-02-27 11:27:56.398000','Partial','Warning','Widgit',5800)
COMMIT
INSERT INTO FIVEWIDETABLE VALUES('2013-02-27 11:27:56.398000','WindowsME_BROKE','Problem','flashyThing',5801)
COMMIT
INSERT INTO FIVEWIDETABLE VALUES('2013-02-27 11:27:56.398000','','Good','Widgit',5802)
COMMIT
INSERT INTO FIVEWIDETABLE VALUES('2013-02-27 11:27:56.398000','WindowsME_BROKE','Warning','flashyThing',5803)
COMMIT
INSERT INTO FIVEWIDETABLE VALUES('2013-02-27 11:27:56.398000','Partial','Problem','Widgit',5804)
COMMIT
INSERT INTO FIVEWIDETABLE VALUES('2013-02-27 11:27:56.398000','','Good','flashyThing',5805)
COMMIT
INSERT INTO FIVEWIDETABLE VALUES('2013-02-27 11:27:56.398000','Partial','Warning','Widgit',5806)
COMMIT
INSERT INTO FIVEWIDETABLE VALUES('2013-02-27 11:27:56.398000','WindowsME_BROKE','Problem','flashyThing',5807)
COMMIT
INSERT INTO FIVEWIDETABLE VALUES('2013-02-27 11:27:56.398000','','Good','Widgit',5808)
COMMIT
INSERT INTO FIVEWIDETABLE VALUES('2013-02-27 11:27:56.399000','WindowsME_BROKE','Warning','flashyThing',5809)
COMMIT
INSERT INTO FIVEWIDETABLE VALUES('2013-02-27 11:27:56.399000','Partial','Problem','Widgit',5810)
COMMIT
INSERT INTO FIVEWIDETABLE VALUES('2013-02-27 11:27:56.399000','','Good','flashyThing',5811)
COMMIT
INSERT INTO FIVEWIDETABLE VALUES('2013-02-27 11:27:56.399000','Partial','Warning','Widgit',5812)
COMMIT
INSERT INTO FIVEWIDETABLE VALUES('2013-02-27 11:27:56.399000','WindowsME_BROKE','Problem','flashyThing',5813)
COMMIT
INSERT INTO FIVEWIDETABLE VALUES('2013-02-27 11:27:56.399000','','Good','Widgit',5814)
COMMIT
INSERT INTO FIVEWIDETABLE VALUES('2013-02-27 11:27:56.399000','WindowsME_BROKE','Warning','flashyThing',5815)
COMMIT
INSERT INTO FIVEWIDETABLE VALUES('2013-02-27 11:27:56.399000','Partial','Problem','Widgit',5816)
COMMIT
INSERT INTO FIVEWIDETABLE VALUES('2013-02-27 11:27:56.399000','','Good','flashyThing',5817)
COMMIT
INSERT INTO FIVEWIDETABLE VALUES('2013-02-27 11:27:56.399000','Partial','Warning','Widgit',5818)
COMMIT
INSERT INTO FIVEWIDETABLE VALUES('2013-02-27 11:27:56.399000','WindowsME_BROKE','Problem','flashyThing',5819)
COMMIT
INSERT INTO FIVEWIDETABLE VALUES('2013-02-27 11:27:56.399000','','Good','Widgit',5820)
COMMIT
INSERT INTO FIVEWIDETABLE VALUES('2013-02-27 11:27:56.399000','WindowsME_BROKE','Warning','flashyThing',5821)
COMMIT
INSERT INTO FIVEWIDETABLE VALUES('2013-02-27 11:27:56.399000','Partial','Problem','Widgit',5822)
COMMIT
INSERT INTO FIVEWIDETABLE VALUES('2013-02-27 11:27:56.399000','','Good','flashyThing',5823)
COMMIT
INSERT INTO FIVEWIDETABLE VALUES('2013-02-27 11:27:56.400000','Partial','Warning','Widgit',5824)
COMMIT
INSERT INTO FIVEWIDETABLE VALUES('2013-02-27 11:27:56.400000','WindowsME_BROKE','Problem','flashyThing',5825)
COMMIT
INSERT INTO FIVEWIDETABLE VALUES('2013-02-27 11:27:56.400000','','Good','Widgit',5826)
COMMIT
INSERT INTO FIVEWIDETABLE VALUES('2013-02-27 11:27:56.400000','WindowsME_BROKE','Warning','flashyThing',5827)
COMMIT
INSERT INTO FIVEWIDETABLE VALUES('2013-02-27 11:27:56.400000','Partial','Problem','Widgit',5828)
COMMIT
INSERT INTO FIVEWIDETABLE VALUES('2013-02-27 11:27:56.400000','','Good','flashyThing',5829)
COMMIT
INSERT INTO FIVEWIDETABLE VALUES('2013-02-27 11:27:56.400000','Partial','Warning','Widgit',5830)
COMMIT
INSERT INTO FIVEWIDETABLE VALUES('2013-02-27 11:27:56.400000','WindowsME_BROKE','Problem','flashyThing',5831)
COMMIT
INSERT INTO FIVEWIDETABLE VALUES('2013-02-27 11:27:56.400000','','Good','Widgit',5832)
COMMIT
INSERT INTO FIVEWIDETABLE VALUES('2013-02-27 11:27:56.400000','WindowsME_BROKE','Warning','flashyThing',5833)
COMMIT
INSERT INTO FIVEWIDETABLE VALUES('2013-02-27 11:27:56.400000','Partial','Problem','Widgit',5834)
COMMIT
INSERT INTO FIVEWIDETABLE VALUES('2013-02-27 11:27:56.400000','','Good','flashyThing',5835)
COMMIT
INSERT INTO FIVEWIDETABLE VALUES('2013-02-27 11:27:56.400000','Partial','Warning','Widgit',5836)
COMMIT
INSERT INTO FIVEWIDETABLE VALUES('2013-02-27 11:27:56.400000','WindowsME_BROKE','Problem','flashyThing',5837)
COMMIT
INSERT INTO FIVEWIDETABLE VALUES('2013-02-27 11:27:56.401000','','Good','Widgit',5838)
COMMIT
INSERT INTO FIVEWIDETABLE VALUES('2013-02-27 11:27:56.401000','WindowsME_BROKE','Warning','flashyThing',5839)
COMMIT
INSERT INTO FIVEWIDETABLE VALUES('2013-02-27 11:27:56.401000','Partial','Problem','Widgit',5840)
COMMIT
INSERT INTO FIVEWIDETABLE VALUES('2013-02-27 11:27:56.401000','','Good','flashyThing',5841)
COMMIT
INSERT INTO FIVEWIDETABLE VALUES('2013-02-27 11:27:56.401000','Partial','Warning','Widgit',5842)
COMMIT
INSERT INTO FIVEWIDETABLE VALUES('2013-02-27 11:27:56.401000','WindowsME_BROKE','Problem','flashyThing',5843)
COMMIT
INSERT INTO FIVEWIDETABLE VALUES('2013-02-27 11:27:56.401000','','Good','Widgit',5844)
COMMIT
INSERT INTO FIVEWIDETABLE VALUES('2013-02-27 11:27:56.401000','WindowsME_BROKE','Warning','flashyThing',5845)
COMMIT
INSERT INTO FIVEWIDETABLE VALUES('2013-02-27 11:27:56.401000','Partial','Problem','Widgit',5846)
COMMIT
INSERT INTO FIVEWIDETABLE VALUES('2013-02-27 11:27:56.401000','','Good','flashyThing',5847)
COMMIT
INSERT INTO FIVEWIDETABLE VALUES('2013-02-27 11:27:56.401000','Partial','Warning','Widgit',5848)
COMMIT
INSERT INTO FIVEWIDETABLE VALUES('2013-02-27 11:27:56.401000','WindowsME_BROKE','Problem','flashyThing',5849)
COMMIT
INSERT INTO FIVEWIDETABLE VALUES('2013-02-27 11:27:56.401000','','Good','Widgit',5850)
COMMIT
INSERT INTO FIVEWIDETABLE VALUES('2013-02-27 11:27:56.401000','WindowsME_BROKE','Warning','flashyThing',5851)
COMMIT
INSERT INTO FIVEWIDETABLE VALUES('2013-02-27 11:27:56.401000','Partial','Problem','Widgit',5852)
COMMIT
INSERT INTO FIVEWIDETABLE VALUES('2013-02-27 11:27:56.402000','','Good','flashyThing',5853)
COMMIT
INSERT INTO FIVEWIDETABLE VALUES('2013-02-27 11:27:56.402000','Partial','Warning','Widgit',5854)
COMMIT
INSERT INTO FIVEWIDETABLE VALUES('2013-02-27 11:27:56.402000','WindowsME_BROKE','Problem','flashyThing',5855)
COMMIT
INSERT INTO FIVEWIDETABLE VALUES('2013-02-27 11:27:56.402000','','Good','Widgit',5856)
COMMIT
INSERT INTO FIVEWIDETABLE VALUES('2013-02-27 11:27:56.402000','WindowsME_BROKE','Warning','flashyThing',5857)
COMMIT
INSERT INTO FIVEWIDETABLE VALUES('2013-02-27 11:27:56.402000','Partial','Problem','Widgit',5858)
COMMIT
INSERT INTO FIVEWIDETABLE VALUES('2013-02-27 11:27:56.402000','','Good','flashyThing',5859)
COMMIT
INSERT INTO FIVEWIDETABLE VALUES('2013-02-27 11:27:56.402000','Partial','Warning','Widgit',5860)
COMMIT
INSERT INTO FIVEWIDETABLE VALUES('2013-02-27 11:27:56.402000','WindowsME_BROKE','Problem','flashyThing',5861)
COMMIT
INSERT INTO FIVEWIDETABLE VALUES('2013-02-27 11:27:56.402000','','Good','Widgit',5862)
COMMIT
INSERT INTO FIVEWIDETABLE VALUES('2013-02-27 11:27:56.402000','WindowsME_BROKE','Warning','flashyThing',5863)
COMMIT
INSERT INTO FIVEWIDETABLE VALUES('2013-02-27 11:27:56.402000','Partial','Problem','Widgit',5864)
COMMIT
INSERT INTO FIVEWIDETABLE VALUES('2013-02-27 11:27:56.402000','','Good','flashyThing',5865)
COMMIT
INSERT INTO FIVEWIDETABLE VALUES('2013-02-27 11:27:56.402000','Partial','Warning','Widgit',5866)
COMMIT
INSERT INTO FIVEWIDETABLE VALUES('2013-02-27 11:27:56.402000','WindowsME_BROKE','Problem','flashyThing',5867)
COMMIT
INSERT INTO FIVEWIDETABLE VALUES('2013-02-27 11:27:56.402000','','Good','Widgit',5868)
COMMIT
INSERT INTO FIVEWIDETABLE VALUES('2013-02-27 11:27:56.403000','WindowsME_BROKE','Warning','flashyThing',5869)
COMMIT
INSERT INTO FIVEWIDETABLE VALUES('2013-02-27 11:27:56.403000','Partial','Problem','Widgit',5870)
COMMIT
INSERT INTO FIVEWIDETABLE VALUES('2013-02-27 11:27:56.403000','','Good','flashyThing',5871)
COMMIT
INSERT INTO FIVEWIDETABLE VALUES('2013-02-27 11:27:56.403000','Partial','Warning','Widgit',5872)
COMMIT
INSERT INTO FIVEWIDETABLE VALUES('2013-02-27 11:27:56.403000','WindowsME_BROKE','Problem','flashyThing',5873)
COMMIT
INSERT INTO FIVEWIDETABLE VALUES('2013-02-27 11:27:56.403000','','Good','Widgit',5874)
COMMIT
INSERT INTO FIVEWIDETABLE VALUES('2013-02-27 11:27:56.403000','WindowsME_BROKE','Warning','flashyThing',5875)
COMMIT
INSERT INTO FIVEWIDETABLE VALUES('2013-02-27 11:27:56.403000','Partial','Problem','Widgit',5876)
COMMIT
INSERT INTO FIVEWIDETABLE VALUES('2013-02-27 11:27:56.403000','','Good','flashyThing',5877)
COMMIT
INSERT INTO FIVEWIDETABLE VALUES('2013-02-27 11:27:56.403000','Partial','Warning','Widgit',5878)
COMMIT
INSERT INTO FIVEWIDETABLE VALUES('2013-02-27 11:27:56.403000','WindowsME_BROKE','Problem','flashyThing',5879)
COMMIT
INSERT INTO FIVEWIDETABLE VALUES('2013-02-27 11:27:56.403000','','Good','Widgit',5880)
COMMIT
INSERT INTO FIVEWIDETABLE VALUES('2013-02-27 11:27:56.403000','WindowsME_BROKE','Warning','flashyThing',5881)
COMMIT
INSERT INTO FIVEWIDETABLE VALUES('2013-02-27 11:27:56.403000','Partial','Problem','Widgit',5882)
COMMIT
INSERT INTO FIVEWIDETABLE VALUES('2013-02-27 11:27:56.403000','','Good','flashyThing',5883)
COMMIT
INSERT INTO FIVEWIDETABLE VALUES('2013-02-27 11:27:56.404000','Partial','Warning','Widgit',5884)
COMMIT
INSERT INTO FIVEWIDETABLE VALUES('2013-02-27 11:27:56.404000','WindowsME_BROKE','Problem','flashyThing',5885)
COMMIT
INSERT INTO FIVEWIDETABLE VALUES('2013-02-27 11:27:56.404000','','Good','Widgit',5886)
COMMIT
INSERT INTO FIVEWIDETABLE VALUES('2013-02-27 11:27:56.404000','WindowsME_BROKE','Warning','flashyThing',5887)
COMMIT
INSERT INTO FIVEWIDETABLE VALUES('2013-02-27 11:27:56.404000','Partial','Problem','Widgit',5888)
COMMIT
INSERT INTO FIVEWIDETABLE VALUES('2013-02-27 11:27:56.404000','','Good','flashyThing',5889)
COMMIT
INSERT INTO FIVEWIDETABLE VALUES('2013-02-27 11:27:56.404000','Partial','Warning','Widgit',5890)
COMMIT
INSERT INTO FIVEWIDETABLE VALUES('2013-02-27 11:27:56.404000','WindowsME_BROKE','Problem','flashyThing',5891)
COMMIT
INSERT INTO FIVEWIDETABLE VALUES('2013-02-27 11:27:56.404000','','Good','Widgit',5892)
COMMIT
INSERT INTO FIVEWIDETABLE VALUES('2013-02-27 11:27:56.404000','WindowsME_BROKE','Warning','flashyThing',5893)
COMMIT
INSERT INTO FIVEWIDETABLE VALUES('2013-02-27 11:27:56.404000','Partial','Problem','Widgit',5894)
COMMIT
INSERT INTO FIVEWIDETABLE VALUES('2013-02-27 11:27:56.404000','','Good','flashyThing',5895)
COMMIT
INSERT INTO FIVEWIDETABLE VALUES('2013-02-27 11:27:56.404000','Partial','Warning','Widgit',5896)
COMMIT
INSERT INTO FIVEWIDETABLE VALUES('2013-02-27 11:27:56.404000','WindowsME_BROKE','Problem','flashyThing',5897)
COMMIT
INSERT INTO FIVEWIDETABLE VALUES('2013-02-27 11:27:56.404000','','Good','Widgit',5898)
COMMIT
INSERT INTO FIVEWIDETABLE VALUES('2013-02-27 11:27:56.405000','WindowsME_BROKE','Warning','flashyThing',5899)
COMMIT
INSERT INTO FIVEWIDETABLE VALUES('2013-02-27 11:27:56.405000','Partial','Problem','Widgit',5900)
COMMIT
INSERT INTO FIVEWIDETABLE VALUES('2013-02-27 11:27:56.405000','','Good','flashyThing',5901)
COMMIT
INSERT INTO FIVEWIDETABLE VALUES('2013-02-27 11:27:56.405000','Partial','Warning','Widgit',5902)
COMMIT
INSERT INTO FIVEWIDETABLE VALUES('2013-02-27 11:27:56.405000','WindowsME_BROKE','Problem','flashyThing',5903)
COMMIT
INSERT INTO FIVEWIDETABLE VALUES('2013-02-27 11:27:56.405000','','Good','Widgit',5904)
COMMIT
INSERT INTO FIVEWIDETABLE VALUES('2013-02-27 11:27:56.405000','WindowsME_BROKE','Warning','flashyThing',5905)
COMMIT
INSERT INTO FIVEWIDETABLE VALUES('2013-02-27 11:27:56.405000','Partial','Problem','Widgit',5906)
COMMIT
INSERT INTO FIVEWIDETABLE VALUES('2013-02-27 11:27:56.405000','','Good','flashyThing',5907)
COMMIT
INSERT INTO FIVEWIDETABLE VALUES('2013-02-27 11:27:56.405000','Partial','Warning','Widgit',5908)
COMMIT
INSERT INTO FIVEWIDETABLE VALUES('2013-02-27 11:27:56.405000','WindowsME_BROKE','Problem','flashyThing',5909)
COMMIT
INSERT INTO FIVEWIDETABLE VALUES('2013-02-27 11:27:56.405000','','Good','Widgit',5910)
COMMIT
INSERT INTO FIVEWIDETABLE VALUES('2013-02-27 11:27:56.405000','WindowsME_BROKE','Warning','flashyThing',5911)
COMMIT
INSERT INTO FIVEWIDETABLE VALUES('2013-02-27 11:27:56.405000','Partial','Problem','Widgit',5912)
COMMIT
INSERT INTO FIVEWIDETABLE VALUES('2013-02-27 11:27:56.406000','','Good','flashyThing',5913)
COMMIT
INSERT INTO FIVEWIDETABLE VALUES('2013-02-27 11:27:56.406000','Partial','Warning','Widgit',5914)
COMMIT
INSERT INTO FIVEWIDETABLE VALUES('2013-02-27 11:27:56.406000','WindowsME_BROKE','Problem','flashyThing',5915)
COMMIT
INSERT INTO FIVEWIDETABLE VALUES('2013-02-27 11:27:56.406000','','Good','Widgit',5916)
COMMIT
INSERT INTO FIVEWIDETABLE VALUES('2013-02-27 11:27:56.406000','WindowsME_BROKE','Warning','flashyThing',5917)
COMMIT
INSERT INTO FIVEWIDETABLE VALUES('2013-02-27 11:27:56.406000','Partial','Problem','Widgit',5918)
COMMIT
INSERT INTO FIVEWIDETABLE VALUES('2013-02-27 11:27:56.406000','','Good','flashyThing',5919)
COMMIT
INSERT INTO FIVEWIDETABLE VALUES('2013-02-27 11:27:56.406000','Partial','Warning','Widgit',5920)
COMMIT
INSERT INTO FIVEWIDETABLE VALUES('2013-02-27 11:27:56.406000','WindowsME_BROKE','Problem','flashyThing',5921)
COMMIT
INSERT INTO FIVEWIDETABLE VALUES('2013-02-27 11:27:56.406000','','Good','Widgit',5922)
COMMIT
INSERT INTO FIVEWIDETABLE VALUES('2013-02-27 11:27:56.406000','WindowsME_BROKE','Warning','flashyThing',5923)
COMMIT
INSERT INTO FIVEWIDETABLE VALUES('2013-02-27 11:27:56.406000','Partial','Problem','Widgit',5924)
COMMIT
INSERT INTO FIVEWIDETABLE VALUES('2013-02-27 11:27:56.406000','','Good','flashyThing',5925)
COMMIT
INSERT INTO FIVEWIDETABLE VALUES('2013-02-27 11:27:56.406000','Partial','Warning','Widgit',5926)
COMMIT
INSERT INTO FIVEWIDETABLE VALUES('2013-02-27 11:27:56.406000','WindowsME_BROKE','Problem','flashyThing',5927)
COMMIT
INSERT INTO FIVEWIDETABLE VALUES('2013-02-27 11:27:56.407000','','Good','Widgit',5928)
COMMIT
INSERT INTO FIVEWIDETABLE VALUES('2013-02-27 11:27:56.407000','WindowsME_BROKE','Warning','flashyThing',5929)
COMMIT
INSERT INTO FIVEWIDETABLE VALUES('2013-02-27 11:27:56.407000','Partial','Problem','Widgit',5930)
COMMIT
INSERT INTO FIVEWIDETABLE VALUES('2013-02-27 11:27:56.407000','','Good','flashyThing',5931)
COMMIT
INSERT INTO FIVEWIDETABLE VALUES('2013-02-27 11:27:56.407000','Partial','Warning','Widgit',5932)
COMMIT
INSERT INTO FIVEWIDETABLE VALUES('2013-02-27 11:27:56.407000','WindowsME_BROKE','Problem','flashyThing',5933)
COMMIT
INSERT INTO FIVEWIDETABLE VALUES('2013-02-27 11:27:56.407000','','Good','Widgit',5934)
COMMIT
INSERT INTO FIVEWIDETABLE VALUES('2013-02-27 11:27:56.407000','WindowsME_BROKE','Warning','flashyThing',5935)
COMMIT
INSERT INTO FIVEWIDETABLE VALUES('2013-02-27 11:27:56.407000','Partial','Problem','Widgit',5936)
COMMIT
INSERT INTO FIVEWIDETABLE VALUES('2013-02-27 11:27:56.407000','','Good','flashyThing',5937)
COMMIT
INSERT INTO FIVEWIDETABLE VALUES('2013-02-27 11:27:56.407000','Partial','Warning','Widgit',5938)
COMMIT
INSERT INTO FIVEWIDETABLE VALUES('2013-02-27 11:27:56.407000','WindowsME_BROKE','Problem','flashyThing',5939)
COMMIT
INSERT INTO FIVEWIDETABLE VALUES('2013-02-27 11:27:56.407000','','Good','Widgit',5940)
COMMIT
INSERT INTO FIVEWIDETABLE VALUES('2013-02-27 11:27:56.407000','WindowsME_BROKE','Warning','flashyThing',5941)
COMMIT
INSERT INTO FIVEWIDETABLE VALUES('2013-02-27 11:27:56.407000','Partial','Problem','Widgit',5942)
COMMIT
INSERT INTO FIVEWIDETABLE VALUES('2013-02-27 11:27:56.407000','','Good','flashyThing',5943)
COMMIT
INSERT INTO FIVEWIDETABLE VALUES('2013-02-27 11:27:56.408000','Partial','Warning','Widgit',5944)
COMMIT
INSERT INTO FIVEWIDETABLE VALUES('2013-02-27 11:27:56.408000','WindowsME_BROKE','Problem','flashyThing',5945)
COMMIT
INSERT INTO FIVEWIDETABLE VALUES('2013-02-27 11:27:56.408000','','Good','Widgit',5946)
COMMIT
INSERT INTO FIVEWIDETABLE VALUES('2013-02-27 11:27:56.408000','WindowsME_BROKE','Warning','flashyThing',5947)
COMMIT
INSERT INTO FIVEWIDETABLE VALUES('2013-02-27 11:27:56.408000','Partial','Problem','Widgit',5948)
COMMIT
INSERT INTO FIVEWIDETABLE VALUES('2013-02-27 11:27:56.408000','','Good','flashyThing',5949)
COMMIT
INSERT INTO FIVEWIDETABLE VALUES('2013-02-27 11:27:56.408000','Partial','Warning','Widgit',5950)
COMMIT
INSERT INTO FIVEWIDETABLE VALUES('2013-02-27 11:27:56.408000','WindowsME_BROKE','Problem','flashyThing',5951)
COMMIT
INSERT INTO FIVEWIDETABLE VALUES('2013-02-27 11:27:56.408000','','Good','Widgit',5952)
COMMIT
INSERT INTO FIVEWIDETABLE VALUES('2013-02-27 11:27:56.408000','WindowsME_BROKE','Warning','flashyThing',5953)
COMMIT
INSERT INTO FIVEWIDETABLE VALUES('2013-02-27 11:27:56.408000','Partial','Problem','Widgit',5954)
COMMIT
INSERT INTO FIVEWIDETABLE VALUES('2013-02-27 11:27:56.408000','','Good','flashyThing',5955)
COMMIT
INSERT INTO FIVEWIDETABLE VALUES('2013-02-27 11:27:56.408000','Partial','Warning','Widgit',5956)
COMMIT
INSERT INTO FIVEWIDETABLE VALUES('2013-02-27 11:27:56.408000','WindowsME_BROKE','Problem','flashyThing',5957)
COMMIT
INSERT INTO FIVEWIDETABLE VALUES('2013-02-27 11:27:56.408000','','Good','Widgit',5958)
COMMIT
INSERT INTO FIVEWIDETABLE VALUES('2013-02-27 11:27:56.409000','WindowsME_BROKE','Warning','flashyThing',5959)
COMMIT
INSERT INTO FIVEWIDETABLE VALUES('2013-02-27 11:27:56.409000','Partial','Problem','Widgit',5960)
COMMIT
INSERT INTO FIVEWIDETABLE VALUES('2013-02-27 11:27:56.409000','','Good','flashyThing',5961)
COMMIT
INSERT INTO FIVEWIDETABLE VALUES('2013-02-27 11:27:56.409000','Partial','Warning','Widgit',5962)
COMMIT
INSERT INTO FIVEWIDETABLE VALUES('2013-02-27 11:27:56.409000','WindowsME_BROKE','Problem','flashyThing',5963)
COMMIT
INSERT INTO FIVEWIDETABLE VALUES('2013-02-27 11:27:56.409000','','Good','Widgit',5964)
COMMIT
INSERT INTO FIVEWIDETABLE VALUES('2013-02-27 11:27:56.409000','WindowsME_BROKE','Warning','flashyThing',5965)
COMMIT
INSERT INTO FIVEWIDETABLE VALUES('2013-02-27 11:27:56.409000','Partial','Problem','Widgit',5966)
COMMIT
INSERT INTO FIVEWIDETABLE VALUES('2013-02-27 11:27:56.409000','','Good','flashyThing',5967)
COMMIT
INSERT INTO FIVEWIDETABLE VALUES('2013-02-27 11:27:56.409000','Partial','Warning','Widgit',5968)
COMMIT
INSERT INTO FIVEWIDETABLE VALUES('2013-02-27 11:27:56.409000','WindowsME_BROKE','Problem','flashyThing',5969)
COMMIT
INSERT INTO FIVEWIDETABLE VALUES('2013-02-27 11:27:56.409000','','Good','Widgit',5970)
COMMIT
INSERT INTO FIVEWIDETABLE VALUES('2013-02-27 11:27:56.409000','WindowsME_BROKE','Warning','flashyThing',5971)
COMMIT
INSERT INTO FIVEWIDETABLE VALUES('2013-02-27 11:27:56.409000','Partial','Problem','Widgit',5972)
COMMIT
INSERT INTO FIVEWIDETABLE VALUES('2013-02-27 11:27:56.409000','','Good','flashyThing',5973)
COMMIT
INSERT INTO FIVEWIDETABLE VALUES('2013-02-27 11:27:56.410000','Partial','Warning','Widgit',5974)
COMMIT
INSERT INTO FIVEWIDETABLE VALUES('2013-02-27 11:27:56.410000','WindowsME_BROKE','Problem','flashyThing',5975)
COMMIT
INSERT INTO FIVEWIDETABLE VALUES('2013-02-27 11:27:56.410000','','Good','Widgit',5976)
COMMIT
INSERT INTO FIVEWIDETABLE VALUES('2013-02-27 11:27:56.410000','WindowsME_BROKE','Warning','flashyThing',5977)
COMMIT
INSERT INTO FIVEWIDETABLE VALUES('2013-02-27 11:27:56.410000','Partial','Problem','Widgit',5978)
COMMIT
INSERT INTO FIVEWIDETABLE VALUES('2013-02-27 11:27:56.410000','','Good','flashyThing',5979)
COMMIT
INSERT INTO FIVEWIDETABLE VALUES('2013-02-27 11:27:56.410000','Partial','Warning','Widgit',5980)
COMMIT
INSERT INTO FIVEWIDETABLE VALUES('2013-02-27 11:27:56.410000','WindowsME_BROKE','Problem','flashyThing',5981)
COMMIT
INSERT INTO FIVEWIDETABLE VALUES('2013-02-27 11:27:56.410000','','Good','Widgit',5982)
COMMIT
INSERT INTO FIVEWIDETABLE VALUES('2013-02-27 11:27:56.410000','WindowsME_BROKE','Warning','flashyThing',5983)
COMMIT
INSERT INTO FIVEWIDETABLE VALUES('2013-02-27 11:27:56.410000','Partial','Problem','Widgit',5984)
COMMIT
INSERT INTO FIVEWIDETABLE VALUES('2013-02-27 11:27:56.410000','','Good','flashyThing',5985)
COMMIT
INSERT INTO FIVEWIDETABLE VALUES('2013-02-27 11:27:56.410000','Partial','Warning','Widgit',5986)
COMMIT
INSERT INTO FIVEWIDETABLE VALUES('2013-02-27 11:27:56.410000','WindowsME_BROKE','Problem','flashyThing',5987)
COMMIT
INSERT INTO FIVEWIDETABLE VALUES('2013-02-27 11:27:56.410000','','Good','Widgit',5988)
COMMIT
INSERT INTO FIVEWIDETABLE VALUES('2013-02-27 11:27:56.411000','WindowsME_BROKE','Warning','flashyThing',5989)
COMMIT
INSERT INTO FIVEWIDETABLE VALUES('2013-02-27 11:27:56.411000','Partial','Problem','Widgit',5990)
COMMIT
INSERT INTO FIVEWIDETABLE VALUES('2013-02-27 11:27:56.411000','','Good','flashyThing',5991)
COMMIT
INSERT INTO FIVEWIDETABLE VALUES('2013-02-27 11:27:56.411000','Partial','Warning','Widgit',5992)
COMMIT
INSERT INTO FIVEWIDETABLE VALUES('2013-02-27 11:27:56.411000','WindowsME_BROKE','Problem','flashyThing',5993)
COMMIT
INSERT INTO FIVEWIDETABLE VALUES('2013-02-27 11:27:56.411000','','Good','Widgit',5994)
COMMIT
INSERT INTO FIVEWIDETABLE VALUES('2013-02-27 11:27:56.411000','WindowsME_BROKE','Warning','flashyThing',5995)
COMMIT
INSERT INTO FIVEWIDETABLE VALUES('2013-02-27 11:27:56.411000','Partial','Problem','Widgit',5996)
COMMIT
INSERT INTO FIVEWIDETABLE VALUES('2013-02-27 11:27:56.411000','','Good','flashyThing',5997)
COMMIT
INSERT INTO FIVEWIDETABLE VALUES('2013-02-27 11:27:56.411000','Partial','Warning','Widgit',5998)
COMMIT
INSERT INTO FIVEWIDETABLE VALUES('2013-02-27 11:27:56.411000','WindowsME_BROKE','Problem','flashyThing',5999)
COMMIT
INSERT INTO FIVEWIDETABLE VALUES('2013-02-27 11:27:56.411000','','Good','Widgit',6000)
COMMIT
INSERT INTO FIVEWIDETABLE VALUES('2013-02-27 11:27:56.411000','WindowsME_BROKE','Warning','flashyThing',6001)
COMMIT
INSERT INTO FIVEWIDETABLE VALUES('2013-02-27 11:27:56.411000','Partial','Problem','Widgit',6002)
COMMIT
INSERT INTO FIVEWIDETABLE VALUES('2013-02-27 11:27:56.411000','','Good','flashyThing',6003)
COMMIT
INSERT INTO FIVEWIDETABLE VALUES('2013-02-27 11:27:56.412000','Partial','Warning','Widgit',6004)
COMMIT
INSERT INTO FIVEWIDETABLE VALUES('2013-02-27 11:27:56.412000','WindowsME_BROKE','Problem','flashyThing',6005)
COMMIT
INSERT INTO FIVEWIDETABLE VALUES('2013-02-27 11:27:56.412000','','Good','Widgit',6006)
COMMIT
INSERT INTO FIVEWIDETABLE VALUES('2013-02-27 11:27:56.412000','WindowsME_BROKE','Warning','flashyThing',6007)
COMMIT
INSERT INTO FIVEWIDETABLE VALUES('2013-02-27 11:27:56.412000','Partial','Problem','Widgit',6008)
COMMIT
INSERT INTO FIVEWIDETABLE VALUES('2013-02-27 11:27:56.412000','','Good','flashyThing',6009)
COMMIT
INSERT INTO FIVEWIDETABLE VALUES('2013-02-27 11:27:56.412000','Partial','Warning','Widgit',6010)
COMMIT
INSERT INTO FIVEWIDETABLE VALUES('2013-02-27 11:27:56.412000','WindowsME_BROKE','Problem','flashyThing',6011)
COMMIT
INSERT INTO FIVEWIDETABLE VALUES('2013-02-27 11:27:56.412000','','Good','Widgit',6012)
COMMIT
INSERT INTO FIVEWIDETABLE VALUES('2013-02-27 11:27:56.412000','WindowsME_BROKE','Warning','flashyThing',6013)
COMMIT
INSERT INTO FIVEWIDETABLE VALUES('2013-02-27 11:27:56.412000','Partial','Problem','Widgit',6014)
COMMIT
INSERT INTO FIVEWIDETABLE VALUES('2013-02-27 11:27:56.412000','','Good','flashyThing',6015)
COMMIT
INSERT INTO FIVEWIDETABLE VALUES('2013-02-27 11:27:56.412000','Partial','Warning','Widgit',6016)
COMMIT
INSERT INTO FIVEWIDETABLE VALUES('2013-02-27 11:27:56.412000','WindowsME_BROKE','Problem','flashyThing',6017)
COMMIT
INSERT INTO FIVEWIDETABLE VALUES('2013-02-27 11:27:56.412000','','Good','Widgit',6018)
COMMIT
INSERT INTO FIVEWIDETABLE VALUES('2013-02-27 11:27:56.413000','WindowsME_BROKE','Warning','flashyThing',6019)
COMMIT
INSERT INTO FIVEWIDETABLE VALUES('2013-02-27 11:27:56.413000','Partial','Problem','Widgit',6020)
COMMIT
INSERT INTO FIVEWIDETABLE VALUES('2013-02-27 11:27:56.413000','','Good','flashyThing',6021)
COMMIT
INSERT INTO FIVEWIDETABLE VALUES('2013-02-27 11:27:56.413000','Partial','Warning','Widgit',6022)
COMMIT
INSERT INTO FIVEWIDETABLE VALUES('2013-02-27 11:27:56.413000','WindowsME_BROKE','Problem','flashyThing',6023)
COMMIT
INSERT INTO FIVEWIDETABLE VALUES('2013-02-27 11:27:56.413000','','Good','Widgit',6024)
COMMIT
INSERT INTO FIVEWIDETABLE VALUES('2013-02-27 11:27:56.413000','WindowsME_BROKE','Warning','flashyThing',6025)
COMMIT
INSERT INTO FIVEWIDETABLE VALUES('2013-02-27 11:27:56.413000','Partial','Problem','Widgit',6026)
COMMIT
INSERT INTO FIVEWIDETABLE VALUES('2013-02-27 11:27:56.413000','','Good','flashyThing',6027)
COMMIT
INSERT INTO FIVEWIDETABLE VALUES('2013-02-27 11:27:56.413000','Partial','Warning','Widgit',6028)
COMMIT
INSERT INTO FIVEWIDETABLE VALUES('2013-02-27 11:27:56.413000','WindowsME_BROKE','Problem','flashyThing',6029)
COMMIT
INSERT INTO FIVEWIDETABLE VALUES('2013-02-27 11:27:56.413000','','Good','Widgit',6030)
COMMIT
INSERT INTO FIVEWIDETABLE VALUES('2013-02-27 11:27:56.413000','WindowsME_BROKE','Warning','flashyThing',6031)
COMMIT
INSERT INTO FIVEWIDETABLE VALUES('2013-02-27 11:27:56.413000','Partial','Problem','Widgit',6032)
COMMIT
INSERT INTO FIVEWIDETABLE VALUES('2013-02-27 11:27:56.413000','','Good','flashyThing',6033)
COMMIT
INSERT INTO FIVEWIDETABLE VALUES('2013-02-27 11:27:56.414000','Partial','Warning','Widgit',6034)
COMMIT
INSERT INTO FIVEWIDETABLE VALUES('2013-02-27 11:27:56.414000','WindowsME_BROKE','Problem','flashyThing',6035)
COMMIT
INSERT INTO FIVEWIDETABLE VALUES('2013-02-27 11:27:56.414000','','Good','Widgit',6036)
COMMIT
INSERT INTO FIVEWIDETABLE VALUES('2013-02-27 11:27:56.414000','WindowsME_BROKE','Warning','flashyThing',6037)
COMMIT
INSERT INTO FIVEWIDETABLE VALUES('2013-02-27 11:27:56.414000','Partial','Problem','Widgit',6038)
COMMIT
INSERT INTO FIVEWIDETABLE VALUES('2013-02-27 11:27:56.414000','','Good','flashyThing',6039)
COMMIT
INSERT INTO FIVEWIDETABLE VALUES('2013-02-27 11:27:56.414000','Partial','Warning','Widgit',6040)
COMMIT
INSERT INTO FIVEWIDETABLE VALUES('2013-02-27 11:27:56.414000','WindowsME_BROKE','Problem','flashyThing',6041)
COMMIT
INSERT INTO FIVEWIDETABLE VALUES('2013-02-27 11:27:56.414000','','Good','Widgit',6042)
COMMIT
INSERT INTO FIVEWIDETABLE VALUES('2013-02-27 11:27:56.414000','WindowsME_BROKE','Warning','flashyThing',6043)
COMMIT
INSERT INTO FIVEWIDETABLE VALUES('2013-02-27 11:27:56.414000','Partial','Problem','Widgit',6044)
COMMIT
INSERT INTO FIVEWIDETABLE VALUES('2013-02-27 11:27:56.414000','','Good','flashyThing',6045)
COMMIT
INSERT INTO FIVEWIDETABLE VALUES('2013-02-27 11:27:56.414000','Partial','Warning','Widgit',6046)
COMMIT
INSERT INTO FIVEWIDETABLE VALUES('2013-02-27 11:27:56.414000','WindowsME_BROKE','Problem','flashyThing',6047)
COMMIT
INSERT INTO FIVEWIDETABLE VALUES('2013-02-27 11:27:56.414000','','Good','Widgit',6048)
COMMIT
INSERT INTO FIVEWIDETABLE VALUES('2013-02-27 11:27:56.415000','WindowsME_BROKE','Warning','flashyThing',6049)
COMMIT
INSERT INTO FIVEWIDETABLE VALUES('2013-02-27 11:27:56.415000','Partial','Problem','Widgit',6050)
COMMIT
INSERT INTO FIVEWIDETABLE VALUES('2013-02-27 11:27:56.415000','','Good','flashyThing',6051)
COMMIT
INSERT INTO FIVEWIDETABLE VALUES('2013-02-27 11:27:56.415000','Partial','Warning','Widgit',6052)
COMMIT
INSERT INTO FIVEWIDETABLE VALUES('2013-02-27 11:27:56.415000','WindowsME_BROKE','Problem','flashyThing',6053)
COMMIT
INSERT INTO FIVEWIDETABLE VALUES('2013-02-27 11:27:56.415000','','Good','Widgit',6054)
COMMIT
INSERT INTO FIVEWIDETABLE VALUES('2013-02-27 11:27:56.415000','WindowsME_BROKE','Warning','flashyThing',6055)
COMMIT
INSERT INTO FIVEWIDETABLE VALUES('2013-02-27 11:27:56.415000','Partial','Problem','Widgit',6056)
COMMIT
INSERT INTO FIVEWIDETABLE VALUES('2013-02-27 11:27:56.415000','','Good','flashyThing',6057)
COMMIT
INSERT INTO FIVEWIDETABLE VALUES('2013-02-27 11:27:56.415000','Partial','Warning','Widgit',6058)
COMMIT
INSERT INTO FIVEWIDETABLE VALUES('2013-02-27 11:27:56.415000','WindowsME_BROKE','Problem','flashyThing',6059)
COMMIT
INSERT INTO FIVEWIDETABLE VALUES('2013-02-27 11:27:56.415000','','Good','Widgit',6060)
COMMIT
INSERT INTO FIVEWIDETABLE VALUES('2013-02-27 11:27:56.415000','WindowsME_BROKE','Warning','flashyThing',6061)
COMMIT
INSERT INTO FIVEWIDETABLE VALUES('2013-02-27 11:27:56.415000','Partial','Problem','Widgit',6062)
COMMIT
INSERT INTO FIVEWIDETABLE VALUES('2013-02-27 11:27:56.415000','','Good','flashyThing',6063)
COMMIT
INSERT INTO FIVEWIDETABLE VALUES('2013-02-27 11:27:56.416000','Partial','Warning','Widgit',6064)
COMMIT
INSERT INTO FIVEWIDETABLE VALUES('2013-02-27 11:27:56.416000','WindowsME_BROKE','Problem','flashyThing',6065)
COMMIT
INSERT INTO FIVEWIDETABLE VALUES('2013-02-27 11:27:56.416000','','Good','Widgit',6066)
COMMIT
INSERT INTO FIVEWIDETABLE VALUES('2013-02-27 11:27:56.416000','WindowsME_BROKE','Warning','flashyThing',6067)
COMMIT
INSERT INTO FIVEWIDETABLE VALUES('2013-02-27 11:27:56.416000','Partial','Problem','Widgit',6068)
COMMIT
INSERT INTO FIVEWIDETABLE VALUES('2013-02-27 11:27:56.416000','','Good','flashyThing',6069)
COMMIT
INSERT INTO FIVEWIDETABLE VALUES('2013-02-27 11:27:56.416000','Partial','Warning','Widgit',6070)
COMMIT
INSERT INTO FIVEWIDETABLE VALUES('2013-02-27 11:27:56.416000','WindowsME_BROKE','Problem','flashyThing',6071)
COMMIT
INSERT INTO FIVEWIDETABLE VALUES('2013-02-27 11:27:56.416000','','Good','Widgit',6072)
COMMIT
INSERT INTO FIVEWIDETABLE VALUES('2013-02-27 11:27:56.416000','WindowsME_BROKE','Warning','flashyThing',6073)
COMMIT
INSERT INTO FIVEWIDETABLE VALUES('2013-02-27 11:27:56.416000','Partial','Problem','Widgit',6074)
COMMIT
INSERT INTO FIVEWIDETABLE VALUES('2013-02-27 11:27:56.416000','','Good','flashyThing',6075)
COMMIT
INSERT INTO FIVEWIDETABLE VALUES('2013-02-27 11:27:56.416000','Partial','Warning','Widgit',6076)
COMMIT
INSERT INTO FIVEWIDETABLE VALUES('2013-02-27 11:27:56.416000','WindowsME_BROKE','Problem','flashyThing',6077)
COMMIT
INSERT INTO FIVEWIDETABLE VALUES('2013-02-27 11:27:56.416000','','Good','Widgit',6078)
COMMIT
INSERT INTO FIVEWIDETABLE VALUES('2013-02-27 11:27:56.417000','WindowsME_BROKE','Warning','flashyThing',6079)
COMMIT
INSERT INTO FIVEWIDETABLE VALUES('2013-02-27 11:27:56.417000','Partial','Problem','Widgit',6080)
COMMIT
INSERT INTO FIVEWIDETABLE VALUES('2013-02-27 11:27:56.417000','','Good','flashyThing',6081)
COMMIT
INSERT INTO FIVEWIDETABLE VALUES('2013-02-27 11:27:56.417000','Partial','Warning','Widgit',6082)
COMMIT
INSERT INTO FIVEWIDETABLE VALUES('2013-02-27 11:27:56.417000','WindowsME_BROKE','Problem','flashyThing',6083)
COMMIT
INSERT INTO FIVEWIDETABLE VALUES('2013-02-27 11:27:56.417000','','Good','Widgit',6084)
COMMIT
INSERT INTO FIVEWIDETABLE VALUES('2013-02-27 11:27:56.417000','WindowsME_BROKE','Warning','flashyThing',6085)
COMMIT
INSERT INTO FIVEWIDETABLE VALUES('2013-02-27 11:27:56.417000','Partial','Problem','Widgit',6086)
COMMIT
INSERT INTO FIVEWIDETABLE VALUES('2013-02-27 11:27:56.417000','','Good','flashyThing',6087)
COMMIT
INSERT INTO FIVEWIDETABLE VALUES('2013-02-27 11:27:56.417000','Partial','Warning','Widgit',6088)
COMMIT
INSERT INTO FIVEWIDETABLE VALUES('2013-02-27 11:27:56.417000','WindowsME_BROKE','Problem','flashyThing',6089)
COMMIT
INSERT INTO FIVEWIDETABLE VALUES('2013-02-27 11:27:56.417000','','Good','Widgit',6090)
COMMIT
INSERT INTO FIVEWIDETABLE VALUES('2013-02-27 11:27:56.417000','WindowsME_BROKE','Warning','flashyThing',6091)
COMMIT
INSERT INTO FIVEWIDETABLE VALUES('2013-02-27 11:27:56.417000','Partial','Problem','Widgit',6092)
COMMIT
INSERT INTO FIVEWIDETABLE VALUES('2013-02-27 11:27:56.417000','','Good','flashyThing',6093)
COMMIT
INSERT INTO FIVEWIDETABLE VALUES('2013-02-27 11:27:56.418000','Partial','Warning','Widgit',6094)
COMMIT
INSERT INTO FIVEWIDETABLE VALUES('2013-02-27 11:27:56.418000','WindowsME_BROKE','Problem','flashyThing',6095)
COMMIT
INSERT INTO FIVEWIDETABLE VALUES('2013-02-27 11:27:56.418000','','Good','Widgit',6096)
COMMIT
INSERT INTO FIVEWIDETABLE VALUES('2013-02-27 11:27:56.418000','WindowsME_BROKE','Warning','flashyThing',6097)
COMMIT
INSERT INTO FIVEWIDETABLE VALUES('2013-02-27 11:27:56.418000','Partial','Problem','Widgit',6098)
COMMIT
INSERT INTO FIVEWIDETABLE VALUES('2013-02-27 11:27:56.418000','','Good','flashyThing',6099)
COMMIT
INSERT INTO FIVEWIDETABLE VALUES('2013-02-27 11:27:56.418000','Partial','Warning','Widgit',6100)
COMMIT
INSERT INTO FIVEWIDETABLE VALUES('2013-02-27 11:27:56.418000','WindowsME_BROKE','Problem','flashyThing',6101)
COMMIT
INSERT INTO FIVEWIDETABLE VALUES('2013-02-27 11:27:56.418000','','Good','Widgit',6102)
COMMIT
INSERT INTO FIVEWIDETABLE VALUES('2013-02-27 11:27:56.418000','WindowsME_BROKE','Warning','flashyThing',6103)
COMMIT
INSERT INTO FIVEWIDETABLE VALUES('2013-02-27 11:27:56.418000','Partial','Problem','Widgit',6104)
COMMIT
INSERT INTO FIVEWIDETABLE VALUES('2013-02-27 11:27:56.418000','','Good','flashyThing',6105)
COMMIT
INSERT INTO FIVEWIDETABLE VALUES('2013-02-27 11:27:56.418000','Partial','Warning','Widgit',6106)
COMMIT
INSERT INTO FIVEWIDETABLE VALUES('2013-02-27 11:27:56.418000','WindowsME_BROKE','Problem','flashyThing',6107)
COMMIT
INSERT INTO FIVEWIDETABLE VALUES('2013-02-27 11:27:56.418000','','Good','Widgit',6108)
COMMIT
INSERT INTO FIVEWIDETABLE VALUES('2013-02-27 11:27:56.419000','WindowsME_BROKE','Warning','flashyThing',6109)
COMMIT
INSERT INTO FIVEWIDETABLE VALUES('2013-02-27 11:27:56.419000','Partial','Problem','Widgit',6110)
COMMIT
INSERT INTO FIVEWIDETABLE VALUES('2013-02-27 11:27:56.419000','','Good','flashyThing',6111)
COMMIT
INSERT INTO FIVEWIDETABLE VALUES('2013-02-27 11:27:56.419000','Partial','Warning','Widgit',6112)
COMMIT
INSERT INTO FIVEWIDETABLE VALUES('2013-02-27 11:27:56.419000','WindowsME_BROKE','Problem','flashyThing',6113)
COMMIT
INSERT INTO FIVEWIDETABLE VALUES('2013-02-27 11:27:56.419000','','Good','Widgit',6114)
COMMIT
INSERT INTO FIVEWIDETABLE VALUES('2013-02-27 11:27:56.419000','WindowsME_BROKE','Warning','flashyThing',6115)
COMMIT
INSERT INTO FIVEWIDETABLE VALUES('2013-02-27 11:27:56.419000','Partial','Problem','Widgit',6116)
COMMIT
INSERT INTO FIVEWIDETABLE VALUES('2013-02-27 11:27:56.419000','','Good','flashyThing',6117)
COMMIT
INSERT INTO FIVEWIDETABLE VALUES('2013-02-27 11:27:56.419000','Partial','Warning','Widgit',6118)
COMMIT
INSERT INTO FIVEWIDETABLE VALUES('2013-02-27 11:27:56.419000','WindowsME_BROKE','Problem','flashyThing',6119)
COMMIT
INSERT INTO FIVEWIDETABLE VALUES('2013-02-27 11:27:56.419000','','Good','Widgit',6120)
COMMIT
INSERT INTO FIVEWIDETABLE VALUES('2013-02-27 11:27:56.419000','WindowsME_BROKE','Warning','flashyThing',6121)
COMMIT
INSERT INTO FIVEWIDETABLE VALUES('2013-02-27 11:27:56.419000','Partial','Problem','Widgit',6122)
COMMIT
INSERT INTO FIVEWIDETABLE VALUES('2013-02-27 11:27:56.419000','','Good','flashyThing',6123)
COMMIT
INSERT INTO FIVEWIDETABLE VALUES('2013-02-27 11:27:56.420000','Partial','Warning','Widgit',6124)
COMMIT
INSERT INTO FIVEWIDETABLE VALUES('2013-02-27 11:27:56.420000','WindowsME_BROKE','Problem','flashyThing',6125)
COMMIT
INSERT INTO FIVEWIDETABLE VALUES('2013-02-27 11:27:56.420000','','Good','Widgit',6126)
COMMIT
INSERT INTO FIVEWIDETABLE VALUES('2013-02-27 11:27:56.420000','WindowsME_BROKE','Warning','flashyThing',6127)
COMMIT
INSERT INTO FIVEWIDETABLE VALUES('2013-02-27 11:27:56.420000','Partial','Problem','Widgit',6128)
COMMIT
INSERT INTO FIVEWIDETABLE VALUES('2013-02-27 11:27:56.420000','','Good','flashyThing',6129)
COMMIT
INSERT INTO FIVEWIDETABLE VALUES('2013-02-27 11:27:56.420000','Partial','Warning','Widgit',6130)
COMMIT
INSERT INTO FIVEWIDETABLE VALUES('2013-02-27 11:27:56.420000','WindowsME_BROKE','Problem','flashyThing',6131)
COMMIT
INSERT INTO FIVEWIDETABLE VALUES('2013-02-27 11:27:56.420000','','Good','Widgit',6132)
COMMIT
INSERT INTO FIVEWIDETABLE VALUES('2013-02-27 11:27:56.420000','WindowsME_BROKE','Warning','flashyThing',6133)
COMMIT
INSERT INTO FIVEWIDETABLE VALUES('2013-02-27 11:27:56.420000','Partial','Problem','Widgit',6134)
COMMIT
INSERT INTO FIVEWIDETABLE VALUES('2013-02-27 11:27:56.420000','','Good','flashyThing',6135)
COMMIT
INSERT INTO FIVEWIDETABLE VALUES('2013-02-27 11:27:56.420000','Partial','Warning','Widgit',6136)
COMMIT
INSERT INTO FIVEWIDETABLE VALUES('2013-02-27 11:27:56.420000','WindowsME_BROKE','Problem','flashyThing',6137)
COMMIT
INSERT INTO FIVEWIDETABLE VALUES('2013-02-27 11:27:56.420000','','Good','Widgit',6138)
COMMIT
INSERT INTO FIVEWIDETABLE VALUES('2013-02-27 11:27:56.421000','WindowsME_BROKE','Warning','flashyThing',6139)
COMMIT
INSERT INTO FIVEWIDETABLE VALUES('2013-02-27 11:27:56.421000','Partial','Problem','Widgit',6140)
COMMIT
INSERT INTO FIVEWIDETABLE VALUES('2013-02-27 11:27:56.421000','','Good','flashyThing',6141)
COMMIT
INSERT INTO FIVEWIDETABLE VALUES('2013-02-27 11:27:56.421000','Partial','Warning','Widgit',6142)
COMMIT
INSERT INTO FIVEWIDETABLE VALUES('2013-02-27 11:27:56.421000','WindowsME_BROKE','Problem','flashyThing',6143)
COMMIT
INSERT INTO FIVEWIDETABLE VALUES('2013-02-27 11:27:56.421000','','Good','Widgit',6144)
COMMIT
INSERT INTO FIVEWIDETABLE VALUES('2013-02-27 11:27:56.421000','WindowsME_BROKE','Warning','flashyThing',6145)
COMMIT
INSERT INTO FIVEWIDETABLE VALUES('2013-02-27 11:27:56.421000','Partial','Problem','Widgit',6146)
COMMIT
INSERT INTO FIVEWIDETABLE VALUES('2013-02-27 11:27:56.421000','','Good','flashyThing',6147)
COMMIT
INSERT INTO FIVEWIDETABLE VALUES('2013-02-27 11:27:56.421000','Partial','Warning','Widgit',6148)
COMMIT
INSERT INTO FIVEWIDETABLE VALUES('2013-02-27 11:27:56.421000','WindowsME_BROKE','Problem','flashyThing',6149)
COMMIT
INSERT INTO FIVEWIDETABLE VALUES('2013-02-27 11:27:56.421000','','Good','Widgit',6150)
COMMIT
INSERT INTO FIVEWIDETABLE VALUES('2013-02-27 11:27:56.421000','WindowsME_BROKE','Warning','flashyThing',6151)
COMMIT
INSERT INTO FIVEWIDETABLE VALUES('2013-02-27 11:27:56.421000','Partial','Problem','Widgit',6152)
COMMIT
INSERT INTO FIVEWIDETABLE VALUES('2013-02-27 11:27:56.421000','','Good','flashyThing',6153)
COMMIT
INSERT INTO FIVEWIDETABLE VALUES('2013-02-27 11:27:56.422000','Partial','Warning','Widgit',6154)
COMMIT
INSERT INTO FIVEWIDETABLE VALUES('2013-02-27 11:27:56.422000','WindowsME_BROKE','Problem','flashyThing',6155)
COMMIT
INSERT INTO FIVEWIDETABLE VALUES('2013-02-27 11:27:56.422000','','Good','Widgit',6156)
COMMIT
INSERT INTO FIVEWIDETABLE VALUES('2013-02-27 11:27:56.422000','WindowsME_BROKE','Warning','flashyThing',6157)
COMMIT
INSERT INTO FIVEWIDETABLE VALUES('2013-02-27 11:27:56.422000','Partial','Problem','Widgit',6158)
COMMIT
INSERT INTO FIVEWIDETABLE VALUES('2013-02-27 11:27:56.422000','','Good','flashyThing',6159)
COMMIT
INSERT INTO FIVEWIDETABLE VALUES('2013-02-27 11:27:56.422000','Partial','Warning','Widgit',6160)
COMMIT
INSERT INTO FIVEWIDETABLE VALUES('2013-02-27 11:27:56.422000','WindowsME_BROKE','Problem','flashyThing',6161)
COMMIT
INSERT INTO FIVEWIDETABLE VALUES('2013-02-27 11:27:56.422000','','Good','Widgit',6162)
COMMIT
INSERT INTO FIVEWIDETABLE VALUES('2013-02-27 11:27:56.422000','WindowsME_BROKE','Warning','flashyThing',6163)
COMMIT
INSERT INTO FIVEWIDETABLE VALUES('2013-02-27 11:27:56.422000','Partial','Problem','Widgit',6164)
COMMIT
INSERT INTO FIVEWIDETABLE VALUES('2013-02-27 11:27:56.422000','','Good','flashyThing',6165)
COMMIT
INSERT INTO FIVEWIDETABLE VALUES('2013-02-27 11:27:56.422000','Partial','Warning','Widgit',6166)
COMMIT
INSERT INTO FIVEWIDETABLE VALUES('2013-02-27 11:27:56.422000','WindowsME_BROKE','Problem','flashyThing',6167)
COMMIT
INSERT INTO FIVEWIDETABLE VALUES('2013-02-27 11:27:56.422000','','Good','Widgit',6168)
COMMIT
INSERT INTO FIVEWIDETABLE VALUES('2013-02-27 11:27:56.423000','WindowsME_BROKE','Warning','flashyThing',6169)
COMMIT
INSERT INTO FIVEWIDETABLE VALUES('2013-02-27 11:27:56.423000','Partial','Problem','Widgit',6170)
COMMIT
INSERT INTO FIVEWIDETABLE VALUES('2013-02-27 11:27:56.423000','','Good','flashyThing',6171)
COMMIT
INSERT INTO FIVEWIDETABLE VALUES('2013-02-27 11:27:56.423000','Partial','Warning','Widgit',6172)
COMMIT
INSERT INTO FIVEWIDETABLE VALUES('2013-02-27 11:27:56.423000','WindowsME_BROKE','Problem','flashyThing',6173)
COMMIT
INSERT INTO FIVEWIDETABLE VALUES('2013-02-27 11:27:56.423000','','Good','Widgit',6174)
COMMIT
INSERT INTO FIVEWIDETABLE VALUES('2013-02-27 11:27:56.423000','WindowsME_BROKE','Warning','flashyThing',6175)
COMMIT
INSERT INTO FIVEWIDETABLE VALUES('2013-02-27 11:27:56.423000','Partial','Problem','Widgit',6176)
COMMIT
INSERT INTO FIVEWIDETABLE VALUES('2013-02-27 11:27:56.423000','','Good','flashyThing',6177)
COMMIT
INSERT INTO FIVEWIDETABLE VALUES('2013-02-27 11:27:56.423000','Partial','Warning','Widgit',6178)
COMMIT
INSERT INTO FIVEWIDETABLE VALUES('2013-02-27 11:27:56.423000','WindowsME_BROKE','Problem','flashyThing',6179)
COMMIT
INSERT INTO FIVEWIDETABLE VALUES('2013-02-27 11:27:56.423000','','Good','Widgit',6180)
COMMIT
INSERT INTO FIVEWIDETABLE VALUES('2013-02-27 11:27:56.423000','WindowsME_BROKE','Warning','flashyThing',6181)
COMMIT
INSERT INTO FIVEWIDETABLE VALUES('2013-02-27 11:27:56.423000','Partial','Problem','Widgit',6182)
COMMIT
INSERT INTO FIVEWIDETABLE VALUES('2013-02-27 11:27:56.423000','','Good','flashyThing',6183)
COMMIT
INSERT INTO FIVEWIDETABLE VALUES('2013-02-27 11:27:56.423000','Partial','Warning','Widgit',6184)
COMMIT
INSERT INTO FIVEWIDETABLE VALUES('2013-02-27 11:27:56.424000','WindowsME_BROKE','Problem','flashyThing',6185)
COMMIT
INSERT INTO FIVEWIDETABLE VALUES('2013-02-27 11:27:56.424000','','Good','Widgit',6186)
COMMIT
INSERT INTO FIVEWIDETABLE VALUES('2013-02-27 11:27:56.424000','WindowsME_BROKE','Warning','flashyThing',6187)
COMMIT
INSERT INTO FIVEWIDETABLE VALUES('2013-02-27 11:27:56.424000','Partial','Problem','Widgit',6188)
COMMIT
INSERT INTO FIVEWIDETABLE VALUES('2013-02-27 11:27:56.424000','','Good','flashyThing',6189)
COMMIT
INSERT INTO FIVEWIDETABLE VALUES('2013-02-27 11:27:56.424000','Partial','Warning','Widgit',6190)
COMMIT
INSERT INTO FIVEWIDETABLE VALUES('2013-02-27 11:27:56.424000','WindowsME_BROKE','Problem','flashyThing',6191)
COMMIT
INSERT INTO FIVEWIDETABLE VALUES('2013-02-27 11:27:56.424000','','Good','Widgit',6192)
COMMIT
INSERT INTO FIVEWIDETABLE VALUES('2013-02-27 11:27:56.424000','WindowsME_BROKE','Warning','flashyThing',6193)
COMMIT
INSERT INTO FIVEWIDETABLE VALUES('2013-02-27 11:27:56.424000','Partial','Problem','Widgit',6194)
COMMIT
INSERT INTO FIVEWIDETABLE VALUES('2013-02-27 11:27:56.424000','','Good','flashyThing',6195)
COMMIT
INSERT INTO FIVEWIDETABLE VALUES('2013-02-27 11:27:56.424000','Partial','Warning','Widgit',6196)
COMMIT
INSERT INTO FIVEWIDETABLE VALUES('2013-02-27 11:27:56.424000','WindowsME_BROKE','Problem','flashyThing',6197)
COMMIT
INSERT INTO FIVEWIDETABLE VALUES('2013-02-27 11:27:56.424000','','Good','Widgit',6198)
COMMIT
INSERT INTO FIVEWIDETABLE VALUES('2013-02-27 11:27:56.424000','WindowsME_BROKE','Warning','flashyThing',6199)
COMMIT
INSERT INTO FIVEWIDETABLE VALUES('2013-02-27 11:27:56.425000','Partial','Problem','Widgit',6200)
COMMIT
INSERT INTO FIVEWIDETABLE VALUES('2013-02-27 11:27:56.425000','','Good','flashyThing',6201)
COMMIT
INSERT INTO FIVEWIDETABLE VALUES('2013-02-27 11:27:56.425000','Partial','Warning','Widgit',6202)
COMMIT
INSERT INTO FIVEWIDETABLE VALUES('2013-02-27 11:27:56.425000','WindowsME_BROKE','Problem','flashyThing',6203)
COMMIT
INSERT INTO FIVEWIDETABLE VALUES('2013-02-27 11:27:56.425000','','Good','Widgit',6204)
COMMIT
INSERT INTO FIVEWIDETABLE VALUES('2013-02-27 11:27:56.425000','WindowsME_BROKE','Warning','flashyThing',6205)
COMMIT
INSERT INTO FIVEWIDETABLE VALUES('2013-02-27 11:27:56.425000','Partial','Problem','Widgit',6206)
COMMIT
INSERT INTO FIVEWIDETABLE VALUES('2013-02-27 11:27:56.425000','','Good','flashyThing',6207)
COMMIT
INSERT INTO FIVEWIDETABLE VALUES('2013-02-27 11:27:56.425000','Partial','Warning','Widgit',6208)
COMMIT
INSERT INTO FIVEWIDETABLE VALUES('2013-02-27 11:27:56.425000','WindowsME_BROKE','Problem','flashyThing',6209)
COMMIT
INSERT INTO FIVEWIDETABLE VALUES('2013-02-27 11:27:56.425000','','Good','Widgit',6210)
COMMIT
INSERT INTO FIVEWIDETABLE VALUES('2013-02-27 11:27:56.425000','WindowsME_BROKE','Warning','flashyThing',6211)
COMMIT
INSERT INTO FIVEWIDETABLE VALUES('2013-02-27 11:27:56.425000','Partial','Problem','Widgit',6212)
COMMIT
INSERT INTO FIVEWIDETABLE VALUES('2013-02-27 11:27:56.425000','','Good','flashyThing',6213)
COMMIT
INSERT INTO FIVEWIDETABLE VALUES('2013-02-27 11:27:56.425000','Partial','Warning','Widgit',6214)
COMMIT
INSERT INTO FIVEWIDETABLE VALUES('2013-02-27 11:27:56.426000','WindowsME_BROKE','Problem','flashyThing',6215)
COMMIT
INSERT INTO FIVEWIDETABLE VALUES('2013-02-27 11:27:56.426000','','Good','Widgit',6216)
COMMIT
INSERT INTO FIVEWIDETABLE VALUES('2013-02-27 11:27:56.426000','WindowsME_BROKE','Warning','flashyThing',6217)
COMMIT
INSERT INTO FIVEWIDETABLE VALUES('2013-02-27 11:27:56.426000','Partial','Problem','Widgit',6218)
COMMIT
INSERT INTO FIVEWIDETABLE VALUES('2013-02-27 11:27:56.426000','','Good','flashyThing',6219)
COMMIT
INSERT INTO FIVEWIDETABLE VALUES('2013-02-27 11:27:56.426000','Partial','Warning','Widgit',6220)
COMMIT
INSERT INTO FIVEWIDETABLE VALUES('2013-02-27 11:27:56.426000','WindowsME_BROKE','Problem','flashyThing',6221)
COMMIT
INSERT INTO FIVEWIDETABLE VALUES('2013-02-27 11:27:56.426000','','Good','Widgit',6222)
COMMIT
INSERT INTO FIVEWIDETABLE VALUES('2013-02-27 11:27:56.426000','WindowsME_BROKE','Warning','flashyThing',6223)
COMMIT
INSERT INTO FIVEWIDETABLE VALUES('2013-02-27 11:27:56.426000','Partial','Problem','Widgit',6224)
COMMIT
INSERT INTO FIVEWIDETABLE VALUES('2013-02-27 11:27:56.426000','','Good','flashyThing',6225)
COMMIT
INSERT INTO FIVEWIDETABLE VALUES('2013-02-27 11:27:56.426000','Partial','Warning','Widgit',6226)
COMMIT
INSERT INTO FIVEWIDETABLE VALUES('2013-02-27 11:27:56.426000','WindowsME_BROKE','Problem','flashyThing',6227)
COMMIT
INSERT INTO FIVEWIDETABLE VALUES('2013-02-27 11:27:56.426000','','Good','Widgit',6228)
COMMIT
INSERT INTO FIVEWIDETABLE VALUES('2013-02-27 11:27:56.426000','WindowsME_BROKE','Warning','flashyThing',6229)
COMMIT
INSERT INTO FIVEWIDETABLE VALUES('2013-02-27 11:27:56.427000','Partial','Problem','Widgit',6230)
COMMIT
INSERT INTO FIVEWIDETABLE VALUES('2013-02-27 11:27:56.427000','','Good','flashyThing',6231)
COMMIT
INSERT INTO FIVEWIDETABLE VALUES('2013-02-27 11:27:56.427000','Partial','Warning','Widgit',6232)
COMMIT
INSERT INTO FIVEWIDETABLE VALUES('2013-02-27 11:27:56.427000','WindowsME_BROKE','Problem','flashyThing',6233)
COMMIT
INSERT INTO FIVEWIDETABLE VALUES('2013-02-27 11:27:56.427000','','Good','Widgit',6234)
COMMIT
INSERT INTO FIVEWIDETABLE VALUES('2013-02-27 11:27:56.427000','WindowsME_BROKE','Warning','flashyThing',6235)
COMMIT
INSERT INTO FIVEWIDETABLE VALUES('2013-02-27 11:27:56.427000','Partial','Problem','Widgit',6236)
COMMIT
INSERT INTO FIVEWIDETABLE VALUES('2013-02-27 11:27:56.427000','','Good','flashyThing',6237)
COMMIT
INSERT INTO FIVEWIDETABLE VALUES('2013-02-27 11:27:56.427000','Partial','Warning','Widgit',6238)
COMMIT
INSERT INTO FIVEWIDETABLE VALUES('2013-02-27 11:27:56.427000','WindowsME_BROKE','Problem','flashyThing',6239)
COMMIT
INSERT INTO FIVEWIDETABLE VALUES('2013-02-27 11:27:56.427000','','Good','Widgit',6240)
COMMIT
INSERT INTO FIVEWIDETABLE VALUES('2013-02-27 11:27:56.427000','WindowsME_BROKE','Warning','flashyThing',6241)
COMMIT
INSERT INTO FIVEWIDETABLE VALUES('2013-02-27 11:27:56.427000','Partial','Problem','Widgit',6242)
COMMIT
INSERT INTO FIVEWIDETABLE VALUES('2013-02-27 11:27:56.427000','','Good','flashyThing',6243)
COMMIT
INSERT INTO FIVEWIDETABLE VALUES('2013-02-27 11:27:56.427000','Partial','Warning','Widgit',6244)
COMMIT
INSERT INTO FIVEWIDETABLE VALUES('2013-02-27 11:27:56.427000','WindowsME_BROKE','Problem','flashyThing',6245)
COMMIT
INSERT INTO FIVEWIDETABLE VALUES('2013-02-27 11:27:56.428000','','Good','Widgit',6246)
COMMIT
INSERT INTO FIVEWIDETABLE VALUES('2013-02-27 11:27:56.428000','WindowsME_BROKE','Warning','flashyThing',6247)
COMMIT
INSERT INTO FIVEWIDETABLE VALUES('2013-02-27 11:27:56.428000','Partial','Problem','Widgit',6248)
COMMIT
INSERT INTO FIVEWIDETABLE VALUES('2013-02-27 11:27:56.428000','','Good','flashyThing',6249)
COMMIT
INSERT INTO FIVEWIDETABLE VALUES('2013-02-27 11:27:56.428000','Partial','Warning','Widgit',6250)
COMMIT
INSERT INTO FIVEWIDETABLE VALUES('2013-02-27 11:27:56.428000','WindowsME_BROKE','Problem','flashyThing',6251)
COMMIT
INSERT INTO FIVEWIDETABLE VALUES('2013-02-27 11:27:56.428000','','Good','Widgit',6252)
COMMIT
INSERT INTO FIVEWIDETABLE VALUES('2013-02-27 11:27:56.428000','WindowsME_BROKE','Warning','flashyThing',6253)
COMMIT
INSERT INTO FIVEWIDETABLE VALUES('2013-02-27 11:27:56.428000','Partial','Problem','Widgit',6254)
COMMIT
INSERT INTO FIVEWIDETABLE VALUES('2013-02-27 11:27:56.428000','','Good','flashyThing',6255)
COMMIT
INSERT INTO FIVEWIDETABLE VALUES('2013-02-27 11:27:56.428000','Partial','Warning','Widgit',6256)
COMMIT
INSERT INTO FIVEWIDETABLE VALUES('2013-02-27 11:27:56.428000','WindowsME_BROKE','Problem','flashyThing',6257)
COMMIT
INSERT INTO FIVEWIDETABLE VALUES('2013-02-27 11:27:56.428000','','Good','Widgit',6258)
COMMIT
INSERT INTO FIVEWIDETABLE VALUES('2013-02-27 11:27:56.428000','WindowsME_BROKE','Warning','flashyThing',6259)
COMMIT
INSERT INTO FIVEWIDETABLE VALUES('2013-02-27 11:27:56.429000','Partial','Problem','Widgit',6260)
COMMIT
INSERT INTO FIVEWIDETABLE VALUES('2013-02-27 11:27:56.429000','','Good','flashyThing',6261)
COMMIT
INSERT INTO FIVEWIDETABLE VALUES('2013-02-27 11:27:56.429000','Partial','Warning','Widgit',6262)
COMMIT
INSERT INTO FIVEWIDETABLE VALUES('2013-02-27 11:27:56.429000','WindowsME_BROKE','Problem','flashyThing',6263)
COMMIT
INSERT INTO FIVEWIDETABLE VALUES('2013-02-27 11:27:56.429000','','Good','Widgit',6264)
COMMIT
INSERT INTO FIVEWIDETABLE VALUES('2013-02-27 11:27:56.429000','WindowsME_BROKE','Warning','flashyThing',6265)
COMMIT
INSERT INTO FIVEWIDETABLE VALUES('2013-02-27 11:27:56.429000','Partial','Problem','Widgit',6266)
COMMIT
INSERT INTO FIVEWIDETABLE VALUES('2013-02-27 11:27:56.429000','','Good','flashyThing',6267)
COMMIT
INSERT INTO FIVEWIDETABLE VALUES('2013-02-27 11:27:56.429000','Partial','Warning','Widgit',6268)
COMMIT
INSERT INTO FIVEWIDETABLE VALUES('2013-02-27 11:27:56.429000','WindowsME_BROKE','Problem','flashyThing',6269)
COMMIT
INSERT INTO FIVEWIDETABLE VALUES('2013-02-27 11:27:56.429000','','Good','Widgit',6270)
COMMIT
INSERT INTO FIVEWIDETABLE VALUES('2013-02-27 11:27:56.429000','WindowsME_BROKE','Warning','flashyThing',6271)
COMMIT
INSERT INTO FIVEWIDETABLE VALUES('2013-02-27 11:27:56.429000','Partial','Problem','Widgit',6272)
COMMIT
INSERT INTO FIVEWIDETABLE VALUES('2013-02-27 11:27:56.429000','','Good','flashyThing',6273)
COMMIT
INSERT INTO FIVEWIDETABLE VALUES('2013-02-27 11:27:56.429000','Partial','Warning','Widgit',6274)
COMMIT
INSERT INTO FIVEWIDETABLE VALUES('2013-02-27 11:27:56.429000','WindowsME_BROKE','Problem','flashyThing',6275)
COMMIT
INSERT INTO FIVEWIDETABLE VALUES('2013-02-27 11:27:56.430000','','Good','Widgit',6276)
COMMIT
INSERT INTO FIVEWIDETABLE VALUES('2013-02-27 11:27:56.430000','WindowsME_BROKE','Warning','flashyThing',6277)
COMMIT
INSERT INTO FIVEWIDETABLE VALUES('2013-02-27 11:27:56.430000','Partial','Problem','Widgit',6278)
COMMIT
INSERT INTO FIVEWIDETABLE VALUES('2013-02-27 11:27:56.430000','','Good','flashyThing',6279)
COMMIT
INSERT INTO FIVEWIDETABLE VALUES('2013-02-27 11:27:56.430000','Partial','Warning','Widgit',6280)
COMMIT
INSERT INTO FIVEWIDETABLE VALUES('2013-02-27 11:27:56.430000','WindowsME_BROKE','Problem','flashyThing',6281)
COMMIT
INSERT INTO FIVEWIDETABLE VALUES('2013-02-27 11:27:56.430000','','Good','Widgit',6282)
COMMIT
INSERT INTO FIVEWIDETABLE VALUES('2013-02-27 11:27:56.430000','WindowsME_BROKE','Warning','flashyThing',6283)
COMMIT
INSERT INTO FIVEWIDETABLE VALUES('2013-02-27 11:27:56.430000','Partial','Problem','Widgit',6284)
COMMIT
INSERT INTO FIVEWIDETABLE VALUES('2013-02-27 11:27:56.430000','','Good','flashyThing',6285)
COMMIT
INSERT INTO FIVEWIDETABLE VALUES('2013-02-27 11:27:56.430000','Partial','Warning','Widgit',6286)
COMMIT
INSERT INTO FIVEWIDETABLE VALUES('2013-02-27 11:27:56.430000','WindowsME_BROKE','Problem','flashyThing',6287)
COMMIT
INSERT INTO FIVEWIDETABLE VALUES('2013-02-27 11:27:56.430000','','Good','Widgit',6288)
COMMIT
INSERT INTO FIVEWIDETABLE VALUES('2013-02-27 11:27:56.430000','WindowsME_BROKE','Warning','flashyThing',6289)
COMMIT
INSERT INTO FIVEWIDETABLE VALUES('2013-02-27 11:27:56.431000','Partial','Problem','Widgit',6290)
COMMIT
INSERT INTO FIVEWIDETABLE VALUES('2013-02-27 11:27:56.431000','','Good','flashyThing',6291)
COMMIT
INSERT INTO FIVEWIDETABLE VALUES('2013-02-27 11:27:56.431000','Partial','Warning','Widgit',6292)
COMMIT
INSERT INTO FIVEWIDETABLE VALUES('2013-02-27 11:27:56.431000','WindowsME_BROKE','Problem','flashyThing',6293)
COMMIT
INSERT INTO FIVEWIDETABLE VALUES('2013-02-27 11:27:56.431000','','Good','Widgit',6294)
COMMIT
INSERT INTO FIVEWIDETABLE VALUES('2013-02-27 11:27:56.431000','WindowsME_BROKE','Warning','flashyThing',6295)
COMMIT
INSERT INTO FIVEWIDETABLE VALUES('2013-02-27 11:27:56.431000','Partial','Problem','Widgit',6296)
COMMIT
INSERT INTO FIVEWIDETABLE VALUES('2013-02-27 11:27:56.431000','','Good','flashyThing',6297)
COMMIT
INSERT INTO FIVEWIDETABLE VALUES('2013-02-27 11:27:56.431000','Partial','Warning','Widgit',6298)
COMMIT
INSERT INTO FIVEWIDETABLE VALUES('2013-02-27 11:27:56.431000','WindowsME_BROKE','Problem','flashyThing',6299)
COMMIT
INSERT INTO FIVEWIDETABLE VALUES('2013-02-27 11:27:56.431000','','Good','Widgit',6300)
COMMIT
INSERT INTO FIVEWIDETABLE VALUES('2013-02-27 11:27:56.431000','WindowsME_BROKE','Warning','flashyThing',6301)
COMMIT
INSERT INTO FIVEWIDETABLE VALUES('2013-02-27 11:27:56.431000','Partial','Problem','Widgit',6302)
COMMIT
INSERT INTO FIVEWIDETABLE VALUES('2013-02-27 11:27:56.431000','','Good','flashyThing',6303)
COMMIT
INSERT INTO FIVEWIDETABLE VALUES('2013-02-27 11:27:56.431000','Partial','Warning','Widgit',6304)
COMMIT
INSERT INTO FIVEWIDETABLE VALUES('2013-02-27 11:27:56.431000','WindowsME_BROKE','Problem','flashyThing',6305)
COMMIT
INSERT INTO FIVEWIDETABLE VALUES('2013-02-27 11:27:56.432000','','Good','Widgit',6306)
COMMIT
INSERT INTO FIVEWIDETABLE VALUES('2013-02-27 11:27:56.432000','WindowsME_BROKE','Warning','flashyThing',6307)
COMMIT
INSERT INTO FIVEWIDETABLE VALUES('2013-02-27 11:27:56.432000','Partial','Problem','Widgit',6308)
COMMIT
INSERT INTO FIVEWIDETABLE VALUES('2013-02-27 11:27:56.432000','','Good','flashyThing',6309)
COMMIT
INSERT INTO FIVEWIDETABLE VALUES('2013-02-27 11:27:56.432000','Partial','Warning','Widgit',6310)
COMMIT
INSERT INTO FIVEWIDETABLE VALUES('2013-02-27 11:27:56.432000','WindowsME_BROKE','Problem','flashyThing',6311)
COMMIT
INSERT INTO FIVEWIDETABLE VALUES('2013-02-27 11:27:56.432000','','Good','Widgit',6312)
COMMIT
INSERT INTO FIVEWIDETABLE VALUES('2013-02-27 11:27:56.432000','WindowsME_BROKE','Warning','flashyThing',6313)
COMMIT
INSERT INTO FIVEWIDETABLE VALUES('2013-02-27 11:27:56.432000','Partial','Problem','Widgit',6314)
COMMIT
INSERT INTO FIVEWIDETABLE VALUES('2013-02-27 11:27:56.432000','','Good','flashyThing',6315)
COMMIT
INSERT INTO FIVEWIDETABLE VALUES('2013-02-27 11:27:56.432000','Partial','Warning','Widgit',6316)
COMMIT
INSERT INTO FIVEWIDETABLE VALUES('2013-02-27 11:27:56.432000','WindowsME_BROKE','Problem','flashyThing',6317)
COMMIT
INSERT INTO FIVEWIDETABLE VALUES('2013-02-27 11:27:56.432000','','Good','Widgit',6318)
COMMIT
INSERT INTO FIVEWIDETABLE VALUES('2013-02-27 11:27:56.432000','WindowsME_BROKE','Warning','flashyThing',6319)
COMMIT
INSERT INTO FIVEWIDETABLE VALUES('2013-02-27 11:27:56.432000','Partial','Problem','Widgit',6320)
COMMIT
INSERT INTO FIVEWIDETABLE VALUES('2013-02-27 11:27:56.433000','','Good','flashyThing',6321)
COMMIT
INSERT INTO FIVEWIDETABLE VALUES('2013-02-27 11:27:56.433000','Partial','Warning','Widgit',6322)
COMMIT
INSERT INTO FIVEWIDETABLE VALUES('2013-02-27 11:27:56.433000','WindowsME_BROKE','Problem','flashyThing',6323)
COMMIT
INSERT INTO FIVEWIDETABLE VALUES('2013-02-27 11:27:56.433000','','Good','Widgit',6324)
COMMIT
INSERT INTO FIVEWIDETABLE VALUES('2013-02-27 11:27:56.433000','WindowsME_BROKE','Warning','flashyThing',6325)
COMMIT
INSERT INTO FIVEWIDETABLE VALUES('2013-02-27 11:27:56.433000','Partial','Problem','Widgit',6326)
COMMIT
INSERT INTO FIVEWIDETABLE VALUES('2013-02-27 11:27:56.433000','','Good','flashyThing',6327)
COMMIT
INSERT INTO FIVEWIDETABLE VALUES('2013-02-27 11:27:56.433000','Partial','Warning','Widgit',6328)
COMMIT
INSERT INTO FIVEWIDETABLE VALUES('2013-02-27 11:27:56.433000','WindowsME_BROKE','Problem','flashyThing',6329)
COMMIT
INSERT INTO FIVEWIDETABLE VALUES('2013-02-27 11:27:56.433000','','Good','Widgit',6330)
COMMIT
INSERT INTO FIVEWIDETABLE VALUES('2013-02-27 11:27:56.433000','WindowsME_BROKE','Warning','flashyThing',6331)
COMMIT
INSERT INTO FIVEWIDETABLE VALUES('2013-02-27 11:27:56.433000','Partial','Problem','Widgit',6332)
COMMIT
INSERT INTO FIVEWIDETABLE VALUES('2013-02-27 11:27:56.433000','','Good','flashyThing',6333)
COMMIT
INSERT INTO FIVEWIDETABLE VALUES('2013-02-27 11:27:56.433000','Partial','Warning','Widgit',6334)
COMMIT
INSERT INTO FIVEWIDETABLE VALUES('2013-02-27 11:27:56.433000','WindowsME_BROKE','Problem','flashyThing',6335)
COMMIT
INSERT INTO FIVEWIDETABLE VALUES('2013-02-27 11:27:56.434000','','Good','Widgit',6336)
COMMIT
INSERT INTO FIVEWIDETABLE VALUES('2013-02-27 11:27:56.434000','WindowsME_BROKE','Warning','flashyThing',6337)
COMMIT
INSERT INTO FIVEWIDETABLE VALUES('2013-02-27 11:27:56.434000','Partial','Problem','Widgit',6338)
COMMIT
INSERT INTO FIVEWIDETABLE VALUES('2013-02-27 11:27:56.434000','','Good','flashyThing',6339)
COMMIT
INSERT INTO FIVEWIDETABLE VALUES('2013-02-27 11:27:56.434000','Partial','Warning','Widgit',6340)
COMMIT
INSERT INTO FIVEWIDETABLE VALUES('2013-02-27 11:27:56.434000','WindowsME_BROKE','Problem','flashyThing',6341)
COMMIT
INSERT INTO FIVEWIDETABLE VALUES('2013-02-27 11:27:56.434000','','Good','Widgit',6342)
COMMIT
INSERT INTO FIVEWIDETABLE VALUES('2013-02-27 11:27:56.434000','WindowsME_BROKE','Warning','flashyThing',6343)
COMMIT
INSERT INTO FIVEWIDETABLE VALUES('2013-02-27 11:27:56.434000','Partial','Problem','Widgit',6344)
COMMIT
INSERT INTO FIVEWIDETABLE VALUES('2013-02-27 11:27:56.434000','','Good','flashyThing',6345)
COMMIT
INSERT INTO FIVEWIDETABLE VALUES('2013-02-27 11:27:56.434000','Partial','Warning','Widgit',6346)
COMMIT
INSERT INTO FIVEWIDETABLE VALUES('2013-02-27 11:27:56.434000','WindowsME_BROKE','Problem','flashyThing',6347)
COMMIT
INSERT INTO FIVEWIDETABLE VALUES('2013-02-27 11:27:56.434000','','Good','Widgit',6348)
COMMIT
INSERT INTO FIVEWIDETABLE VALUES('2013-02-27 11:27:56.434000','WindowsME_BROKE','Warning','flashyThing',6349)
COMMIT
INSERT INTO FIVEWIDETABLE VALUES('2013-02-27 11:27:56.434000','Partial','Problem','Widgit',6350)
COMMIT
INSERT INTO FIVEWIDETABLE VALUES('2013-02-27 11:27:56.435000','','Good','flashyThing',6351)
COMMIT
INSERT INTO FIVEWIDETABLE VALUES('2013-02-27 11:27:56.435000','Partial','Warning','Widgit',6352)
COMMIT
INSERT INTO FIVEWIDETABLE VALUES('2013-02-27 11:27:56.435000','WindowsME_BROKE','Problem','flashyThing',6353)
COMMIT
INSERT INTO FIVEWIDETABLE VALUES('2013-02-27 11:27:56.435000','','Good','Widgit',6354)
COMMIT
INSERT INTO FIVEWIDETABLE VALUES('2013-02-27 11:27:56.435000','WindowsME_BROKE','Warning','flashyThing',6355)
COMMIT
INSERT INTO FIVEWIDETABLE VALUES('2013-02-27 11:27:56.435000','Partial','Problem','Widgit',6356)
COMMIT
INSERT INTO FIVEWIDETABLE VALUES('2013-02-27 11:27:56.435000','','Good','flashyThing',6357)
COMMIT
INSERT INTO FIVEWIDETABLE VALUES('2013-02-27 11:27:56.435000','Partial','Warning','Widgit',6358)
COMMIT
INSERT INTO FIVEWIDETABLE VALUES('2013-02-27 11:27:56.435000','WindowsME_BROKE','Problem','flashyThing',6359)
COMMIT
INSERT INTO FIVEWIDETABLE VALUES('2013-02-27 11:27:56.435000','','Good','Widgit',6360)
COMMIT
INSERT INTO FIVEWIDETABLE VALUES('2013-02-27 11:27:56.435000','WindowsME_BROKE','Warning','flashyThing',6361)
COMMIT
INSERT INTO FIVEWIDETABLE VALUES('2013-02-27 11:27:56.435000','Partial','Problem','Widgit',6362)
COMMIT
INSERT INTO FIVEWIDETABLE VALUES('2013-02-27 11:27:56.435000','','Good','flashyThing',6363)
COMMIT
INSERT INTO FIVEWIDETABLE VALUES('2013-02-27 11:27:56.435000','Partial','Warning','Widgit',6364)
COMMIT
INSERT INTO FIVEWIDETABLE VALUES('2013-02-27 11:27:56.435000','WindowsME_BROKE','Problem','flashyThing',6365)
COMMIT
INSERT INTO FIVEWIDETABLE VALUES('2013-02-27 11:27:56.436000','','Good','Widgit',6366)
COMMIT
INSERT INTO FIVEWIDETABLE VALUES('2013-02-27 11:27:56.436000','WindowsME_BROKE','Warning','flashyThing',6367)
COMMIT
INSERT INTO FIVEWIDETABLE VALUES('2013-02-27 11:27:56.436000','Partial','Problem','Widgit',6368)
COMMIT
INSERT INTO FIVEWIDETABLE VALUES('2013-02-27 11:27:56.436000','','Good','flashyThing',6369)
COMMIT
INSERT INTO FIVEWIDETABLE VALUES('2013-02-27 11:27:56.436000','Partial','Warning','Widgit',6370)
COMMIT
INSERT INTO FIVEWIDETABLE VALUES('2013-02-27 11:27:56.436000','WindowsME_BROKE','Problem','flashyThing',6371)
COMMIT
INSERT INTO FIVEWIDETABLE VALUES('2013-02-27 11:27:56.436000','','Good','Widgit',6372)
COMMIT
INSERT INTO FIVEWIDETABLE VALUES('2013-02-27 11:27:56.436000','WindowsME_BROKE','Warning','flashyThing',6373)
COMMIT
INSERT INTO FIVEWIDETABLE VALUES('2013-02-27 11:27:56.436000','Partial','Problem','Widgit',6374)
COMMIT
INSERT INTO FIVEWIDETABLE VALUES('2013-02-27 11:27:56.436000','','Good','flashyThing',6375)
COMMIT
INSERT INTO FIVEWIDETABLE VALUES('2013-02-27 11:27:56.436000','Partial','Warning','Widgit',6376)
COMMIT
INSERT INTO FIVEWIDETABLE VALUES('2013-02-27 11:27:56.436000','WindowsME_BROKE','Problem','flashyThing',6377)
COMMIT
INSERT INTO FIVEWIDETABLE VALUES('2013-02-27 11:27:56.436000','','Good','Widgit',6378)
COMMIT
INSERT INTO FIVEWIDETABLE VALUES('2013-02-27 11:27:56.436000','WindowsME_BROKE','Warning','flashyThing',6379)
COMMIT
INSERT INTO FIVEWIDETABLE VALUES('2013-02-27 11:27:56.436000','Partial','Problem','Widgit',6380)
COMMIT
INSERT INTO FIVEWIDETABLE VALUES('2013-02-27 11:27:56.436000','','Good','flashyThing',6381)
COMMIT
INSERT INTO FIVEWIDETABLE VALUES('2013-02-27 11:27:56.437000','Partial','Warning','Widgit',6382)
COMMIT
INSERT INTO FIVEWIDETABLE VALUES('2013-02-27 11:27:56.437000','WindowsME_BROKE','Problem','flashyThing',6383)
COMMIT
INSERT INTO FIVEWIDETABLE VALUES('2013-02-27 11:27:56.437000','','Good','Widgit',6384)
COMMIT
INSERT INTO FIVEWIDETABLE VALUES('2013-02-27 11:27:56.437000','WindowsME_BROKE','Warning','flashyThing',6385)
COMMIT
INSERT INTO FIVEWIDETABLE VALUES('2013-02-27 11:27:56.437000','Partial','Problem','Widgit',6386)
COMMIT
INSERT INTO FIVEWIDETABLE VALUES('2013-02-27 11:27:56.437000','','Good','flashyThing',6387)
COMMIT
INSERT INTO FIVEWIDETABLE VALUES('2013-02-27 11:27:56.437000','Partial','Warning','Widgit',6388)
COMMIT
INSERT INTO FIVEWIDETABLE VALUES('2013-02-27 11:27:56.437000','WindowsME_BROKE','Problem','flashyThing',6389)
COMMIT
INSERT INTO FIVEWIDETABLE VALUES('2013-02-27 11:27:56.437000','','Good','Widgit',6390)
COMMIT
INSERT INTO FIVEWIDETABLE VALUES('2013-02-27 11:27:56.437000','WindowsME_BROKE','Warning','flashyThing',6391)
COMMIT
INSERT INTO FIVEWIDETABLE VALUES('2013-02-27 11:27:56.437000','Partial','Problem','Widgit',6392)
COMMIT
INSERT INTO FIVEWIDETABLE VALUES('2013-02-27 11:27:56.437000','','Good','flashyThing',6393)
COMMIT
INSERT INTO FIVEWIDETABLE VALUES('2013-02-27 11:27:56.437000','Partial','Warning','Widgit',6394)
COMMIT
INSERT INTO FIVEWIDETABLE VALUES('2013-02-27 11:27:56.437000','WindowsME_BROKE','Problem','flashyThing',6395)
COMMIT
INSERT INTO FIVEWIDETABLE VALUES('2013-02-27 11:27:56.437000','','Good','Widgit',6396)
COMMIT
INSERT INTO FIVEWIDETABLE VALUES('2013-02-27 11:27:56.438000','WindowsME_BROKE','Warning','flashyThing',6397)
COMMIT
INSERT INTO FIVEWIDETABLE VALUES('2013-02-27 11:27:56.438000','Partial','Problem','Widgit',6398)
COMMIT
INSERT INTO FIVEWIDETABLE VALUES('2013-02-27 11:27:56.438000','','Good','flashyThing',6399)
COMMIT
INSERT INTO FIVEWIDETABLE VALUES('2013-02-27 11:27:56.438000','Partial','Warning','Widgit',6400)
COMMIT
INSERT INTO FIVEWIDETABLE VALUES('2013-02-27 11:27:56.438000','WindowsME_BROKE','Problem','flashyThing',6401)
COMMIT
INSERT INTO FIVEWIDETABLE VALUES('2013-02-27 11:27:56.438000','','Good','Widgit',6402)
COMMIT
INSERT INTO FIVEWIDETABLE VALUES('2013-02-27 11:27:56.438000','WindowsME_BROKE','Warning','flashyThing',6403)
COMMIT
INSERT INTO FIVEWIDETABLE VALUES('2013-02-27 11:27:56.438000','Partial','Problem','Widgit',6404)
COMMIT
INSERT INTO FIVEWIDETABLE VALUES('2013-02-27 11:27:56.438000','','Good','flashyThing',6405)
COMMIT
INSERT INTO FIVEWIDETABLE VALUES('2013-02-27 11:27:56.438000','Partial','Warning','Widgit',6406)
COMMIT
INSERT INTO FIVEWIDETABLE VALUES('2013-02-27 11:27:56.438000','WindowsME_BROKE','Problem','flashyThing',6407)
COMMIT
INSERT INTO FIVEWIDETABLE VALUES('2013-02-27 11:27:56.438000','','Good','Widgit',6408)
COMMIT
INSERT INTO FIVEWIDETABLE VALUES('2013-02-27 11:27:56.438000','WindowsME_BROKE','Warning','flashyThing',6409)
COMMIT
INSERT INTO FIVEWIDETABLE VALUES('2013-02-27 11:27:56.438000','Partial','Problem','Widgit',6410)
COMMIT
INSERT INTO FIVEWIDETABLE VALUES('2013-02-27 11:27:56.438000','','Good','flashyThing',6411)
COMMIT
INSERT INTO FIVEWIDETABLE VALUES('2013-02-27 11:27:56.439000','Partial','Warning','Widgit',6412)
COMMIT
INSERT INTO FIVEWIDETABLE VALUES('2013-02-27 11:27:56.439000','WindowsME_BROKE','Problem','flashyThing',6413)
COMMIT
INSERT INTO FIVEWIDETABLE VALUES('2013-02-27 11:27:56.439000','','Good','Widgit',6414)
COMMIT
INSERT INTO FIVEWIDETABLE VALUES('2013-02-27 11:27:56.439000','WindowsME_BROKE','Warning','flashyThing',6415)
COMMIT
INSERT INTO FIVEWIDETABLE VALUES('2013-02-27 11:27:56.439000','Partial','Problem','Widgit',6416)
COMMIT
INSERT INTO FIVEWIDETABLE VALUES('2013-02-27 11:27:56.439000','','Good','flashyThing',6417)
COMMIT
INSERT INTO FIVEWIDETABLE VALUES('2013-02-27 11:27:56.439000','Partial','Warning','Widgit',6418)
COMMIT
INSERT INTO FIVEWIDETABLE VALUES('2013-02-27 11:27:56.439000','WindowsME_BROKE','Problem','flashyThing',6419)
COMMIT
INSERT INTO FIVEWIDETABLE VALUES('2013-02-27 11:27:56.439000','','Good','Widgit',6420)
COMMIT
INSERT INTO FIVEWIDETABLE VALUES('2013-02-27 11:27:56.439000','WindowsME_BROKE','Warning','flashyThing',6421)
COMMIT
INSERT INTO FIVEWIDETABLE VALUES('2013-02-27 11:27:56.439000','Partial','Problem','Widgit',6422)
COMMIT
INSERT INTO FIVEWIDETABLE VALUES('2013-02-27 11:27:56.439000','','Good','flashyThing',6423)
COMMIT
INSERT INTO FIVEWIDETABLE VALUES('2013-02-27 11:27:56.439000','Partial','Warning','Widgit',6424)
COMMIT
INSERT INTO FIVEWIDETABLE VALUES('2013-02-27 11:27:56.439000','WindowsME_BROKE','Problem','flashyThing',6425)
COMMIT
INSERT INTO FIVEWIDETABLE VALUES('2013-02-27 11:27:56.439000','','Good','Widgit',6426)
COMMIT
INSERT INTO FIVEWIDETABLE VALUES('2013-02-27 11:27:56.440000','WindowsME_BROKE','Warning','flashyThing',6427)
COMMIT
INSERT INTO FIVEWIDETABLE VALUES('2013-02-27 11:27:56.440000','Partial','Problem','Widgit',6428)
COMMIT
INSERT INTO FIVEWIDETABLE VALUES('2013-02-27 11:27:56.440000','','Good','flashyThing',6429)
COMMIT
INSERT INTO FIVEWIDETABLE VALUES('2013-02-27 11:27:56.440000','Partial','Warning','Widgit',6430)
COMMIT
INSERT INTO FIVEWIDETABLE VALUES('2013-02-27 11:27:56.440000','WindowsME_BROKE','Problem','flashyThing',6431)
COMMIT
INSERT INTO FIVEWIDETABLE VALUES('2013-02-27 11:27:56.440000','','Good','Widgit',6432)
COMMIT
INSERT INTO FIVEWIDETABLE VALUES('2013-02-27 11:27:56.440000','WindowsME_BROKE','Warning','flashyThing',6433)
COMMIT
INSERT INTO FIVEWIDETABLE VALUES('2013-02-27 11:27:56.440000','Partial','Problem','Widgit',6434)
COMMIT
INSERT INTO FIVEWIDETABLE VALUES('2013-02-27 11:27:56.440000','','Good','flashyThing',6435)
COMMIT
INSERT INTO FIVEWIDETABLE VALUES('2013-02-27 11:27:56.440000','Partial','Warning','Widgit',6436)
COMMIT
INSERT INTO FIVEWIDETABLE VALUES('2013-02-27 11:27:56.440000','WindowsME_BROKE','Problem','flashyThing',6437)
COMMIT
INSERT INTO FIVEWIDETABLE VALUES('2013-02-27 11:27:56.440000','','Good','Widgit',6438)
COMMIT
INSERT INTO FIVEWIDETABLE VALUES('2013-02-27 11:27:56.440000','WindowsME_BROKE','Warning','flashyThing',6439)
COMMIT
INSERT INTO FIVEWIDETABLE VALUES('2013-02-27 11:27:56.440000','Partial','Problem','Widgit',6440)
COMMIT
INSERT INTO FIVEWIDETABLE VALUES('2013-02-27 11:27:56.440000','','Good','flashyThing',6441)
COMMIT
INSERT INTO FIVEWIDETABLE VALUES('2013-02-27 11:27:56.441000','Partial','Warning','Widgit',6442)
COMMIT
INSERT INTO FIVEWIDETABLE VALUES('2013-02-27 11:27:56.441000','WindowsME_BROKE','Problem','flashyThing',6443)
COMMIT
INSERT INTO FIVEWIDETABLE VALUES('2013-02-27 11:27:56.441000','','Good','Widgit',6444)
COMMIT
INSERT INTO FIVEWIDETABLE VALUES('2013-02-27 11:27:56.441000','WindowsME_BROKE','Warning','flashyThing',6445)
COMMIT
INSERT INTO FIVEWIDETABLE VALUES('2013-02-27 11:27:56.441000','Partial','Problem','Widgit',6446)
COMMIT
INSERT INTO FIVEWIDETABLE VALUES('2013-02-27 11:27:56.441000','','Good','flashyThing',6447)
COMMIT
INSERT INTO FIVEWIDETABLE VALUES('2013-02-27 11:27:56.441000','Partial','Warning','Widgit',6448)
COMMIT
INSERT INTO FIVEWIDETABLE VALUES('2013-02-27 11:27:56.441000','WindowsME_BROKE','Problem','flashyThing',6449)
COMMIT
INSERT INTO FIVEWIDETABLE VALUES('2013-02-27 11:27:56.441000','','Good','Widgit',6450)
COMMIT
INSERT INTO FIVEWIDETABLE VALUES('2013-02-27 11:27:56.441000','WindowsME_BROKE','Warning','flashyThing',6451)
COMMIT
INSERT INTO FIVEWIDETABLE VALUES('2013-02-27 11:27:56.441000','Partial','Problem','Widgit',6452)
COMMIT
INSERT INTO FIVEWIDETABLE VALUES('2013-02-27 11:27:56.441000','','Good','flashyThing',6453)
COMMIT
INSERT INTO FIVEWIDETABLE VALUES('2013-02-27 11:27:56.441000','Partial','Warning','Widgit',6454)
COMMIT
INSERT INTO FIVEWIDETABLE VALUES('2013-02-27 11:27:56.441000','WindowsME_BROKE','Problem','flashyThing',6455)
COMMIT
INSERT INTO FIVEWIDETABLE VALUES('2013-02-27 11:27:56.441000','','Good','Widgit',6456)
COMMIT
INSERT INTO FIVEWIDETABLE VALUES('2013-02-27 11:27:56.442000','WindowsME_BROKE','Warning','flashyThing',6457)
COMMIT
INSERT INTO FIVEWIDETABLE VALUES('2013-02-27 11:27:56.442000','Partial','Problem','Widgit',6458)
COMMIT
INSERT INTO FIVEWIDETABLE VALUES('2013-02-27 11:27:56.442000','','Good','flashyThing',6459)
COMMIT
INSERT INTO FIVEWIDETABLE VALUES('2013-02-27 11:27:56.442000','Partial','Warning','Widgit',6460)
COMMIT
INSERT INTO FIVEWIDETABLE VALUES('2013-02-27 11:27:56.442000','WindowsME_BROKE','Problem','flashyThing',6461)
COMMIT
INSERT INTO FIVEWIDETABLE VALUES('2013-02-27 11:27:56.442000','','Good','Widgit',6462)
COMMIT
INSERT INTO FIVEWIDETABLE VALUES('2013-02-27 11:27:56.442000','WindowsME_BROKE','Warning','flashyThing',6463)
COMMIT
INSERT INTO FIVEWIDETABLE VALUES('2013-02-27 11:27:56.442000','Partial','Problem','Widgit',6464)
COMMIT
INSERT INTO FIVEWIDETABLE VALUES('2013-02-27 11:27:56.442000','','Good','flashyThing',6465)
COMMIT
INSERT INTO FIVEWIDETABLE VALUES('2013-02-27 11:27:56.442000','Partial','Warning','Widgit',6466)
COMMIT
INSERT INTO FIVEWIDETABLE VALUES('2013-02-27 11:27:56.442000','WindowsME_BROKE','Problem','flashyThing',6467)
COMMIT
INSERT INTO FIVEWIDETABLE VALUES('2013-02-27 11:27:56.442000','','Good','Widgit',6468)
COMMIT
INSERT INTO FIVEWIDETABLE VALUES('2013-02-27 11:27:56.442000','WindowsME_BROKE','Warning','flashyThing',6469)
COMMIT
INSERT INTO FIVEWIDETABLE VALUES('2013-02-27 11:27:56.442000','Partial','Problem','Widgit',6470)
COMMIT
INSERT INTO FIVEWIDETABLE VALUES('2013-02-27 11:27:56.442000','','Good','flashyThing',6471)
COMMIT
INSERT INTO FIVEWIDETABLE VALUES('2013-02-27 11:27:56.442000','Partial','Warning','Widgit',6472)
COMMIT
INSERT INTO FIVEWIDETABLE VALUES('2013-02-27 11:27:56.443000','WindowsME_BROKE','Problem','flashyThing',6473)
COMMIT
INSERT INTO FIVEWIDETABLE VALUES('2013-02-27 11:27:56.443000','','Good','Widgit',6474)
COMMIT
INSERT INTO FIVEWIDETABLE VALUES('2013-02-27 11:27:56.443000','WindowsME_BROKE','Warning','flashyThing',6475)
COMMIT
INSERT INTO FIVEWIDETABLE VALUES('2013-02-27 11:27:56.443000','Partial','Problem','Widgit',6476)
COMMIT
INSERT INTO FIVEWIDETABLE VALUES('2013-02-27 11:27:56.443000','','Good','flashyThing',6477)
COMMIT
INSERT INTO FIVEWIDETABLE VALUES('2013-02-27 11:27:56.443000','Partial','Warning','Widgit',6478)
COMMIT
INSERT INTO FIVEWIDETABLE VALUES('2013-02-27 11:27:56.443000','WindowsME_BROKE','Problem','flashyThing',6479)
COMMIT
INSERT INTO FIVEWIDETABLE VALUES('2013-02-27 11:27:56.443000','','Good','Widgit',6480)
COMMIT
INSERT INTO FIVEWIDETABLE VALUES('2013-02-27 11:27:56.443000','WindowsME_BROKE','Warning','flashyThing',6481)
COMMIT
INSERT INTO FIVEWIDETABLE VALUES('2013-02-27 11:27:56.443000','Partial','Problem','Widgit',6482)
COMMIT
INSERT INTO FIVEWIDETABLE VALUES('2013-02-27 11:27:56.443000','','Good','flashyThing',6483)
COMMIT
INSERT INTO FIVEWIDETABLE VALUES('2013-02-27 11:27:56.443000','Partial','Warning','Widgit',6484)
COMMIT
INSERT INTO FIVEWIDETABLE VALUES('2013-02-27 11:27:56.443000','WindowsME_BROKE','Problem','flashyThing',6485)
COMMIT
INSERT INTO FIVEWIDETABLE VALUES('2013-02-27 11:27:56.443000','','Good','Widgit',6486)
COMMIT
INSERT INTO FIVEWIDETABLE VALUES('2013-02-27 11:27:56.443000','WindowsME_BROKE','Warning','flashyThing',6487)
COMMIT
INSERT INTO FIVEWIDETABLE VALUES('2013-02-27 11:27:56.444000','Partial','Problem','Widgit',6488)
COMMIT
INSERT INTO FIVEWIDETABLE VALUES('2013-02-27 11:27:56.444000','','Good','flashyThing',6489)
COMMIT
INSERT INTO FIVEWIDETABLE VALUES('2013-02-27 11:27:56.444000','Partial','Warning','Widgit',6490)
COMMIT
INSERT INTO FIVEWIDETABLE VALUES('2013-02-27 11:27:56.444000','WindowsME_BROKE','Problem','flashyThing',6491)
COMMIT
INSERT INTO FIVEWIDETABLE VALUES('2013-02-27 11:27:56.444000','','Good','Widgit',6492)
COMMIT
INSERT INTO FIVEWIDETABLE VALUES('2013-02-27 11:27:56.444000','WindowsME_BROKE','Warning','flashyThing',6493)
COMMIT
INSERT INTO FIVEWIDETABLE VALUES('2013-02-27 11:27:56.444000','Partial','Problem','Widgit',6494)
COMMIT
INSERT INTO FIVEWIDETABLE VALUES('2013-02-27 11:27:56.444000','','Good','flashyThing',6495)
COMMIT
INSERT INTO FIVEWIDETABLE VALUES('2013-02-27 11:27:56.444000','Partial','Warning','Widgit',6496)
COMMIT
INSERT INTO FIVEWIDETABLE VALUES('2013-02-27 11:27:56.444000','WindowsME_BROKE','Problem','flashyThing',6497)
COMMIT
INSERT INTO FIVEWIDETABLE VALUES('2013-02-27 11:27:56.444000','','Good','Widgit',6498)
COMMIT
INSERT INTO FIVEWIDETABLE VALUES('2013-02-27 11:27:56.444000','WindowsME_BROKE','Warning','flashyThing',6499)
COMMIT
INSERT INTO FIVEWIDETABLE VALUES('2013-02-27 11:27:56.444000','Partial','Problem','Widgit',6500)
COMMIT
INSERT INTO FIVEWIDETABLE VALUES('2013-02-27 11:27:56.444000','','Good','flashyThing',6501)
COMMIT
INSERT INTO FIVEWIDETABLE VALUES('2013-02-27 11:27:56.444000','Partial','Warning','Widgit',6502)
COMMIT
INSERT INTO FIVEWIDETABLE VALUES('2013-02-27 11:27:56.445000','WindowsME_BROKE','Problem','flashyThing',6503)
COMMIT
INSERT INTO FIVEWIDETABLE VALUES('2013-02-27 11:27:56.445000','','Good','Widgit',6504)
COMMIT
INSERT INTO FIVEWIDETABLE VALUES('2013-02-27 11:27:56.445000','WindowsME_BROKE','Warning','flashyThing',6505)
COMMIT
INSERT INTO FIVEWIDETABLE VALUES('2013-02-27 11:27:56.445000','Partial','Problem','Widgit',6506)
COMMIT
INSERT INTO FIVEWIDETABLE VALUES('2013-02-27 11:27:56.445000','','Good','flashyThing',6507)
COMMIT
INSERT INTO FIVEWIDETABLE VALUES('2013-02-27 11:27:56.445000','Partial','Warning','Widgit',6508)
COMMIT
INSERT INTO FIVEWIDETABLE VALUES('2013-02-27 11:27:56.445000','WindowsME_BROKE','Problem','flashyThing',6509)
COMMIT
INSERT INTO FIVEWIDETABLE VALUES('2013-02-27 11:27:56.445000','','Good','Widgit',6510)
COMMIT
INSERT INTO FIVEWIDETABLE VALUES('2013-02-27 11:27:56.445000','WindowsME_BROKE','Warning','flashyThing',6511)
COMMIT
INSERT INTO FIVEWIDETABLE VALUES('2013-02-27 11:27:56.445000','Partial','Problem','Widgit',6512)
COMMIT
INSERT INTO FIVEWIDETABLE VALUES('2013-02-27 11:27:56.445000','','Good','flashyThing',6513)
COMMIT
INSERT INTO FIVEWIDETABLE VALUES('2013-02-27 11:27:56.445000','Partial','Warning','Widgit',6514)
COMMIT
INSERT INTO FIVEWIDETABLE VALUES('2013-02-27 11:27:56.445000','WindowsME_BROKE','Problem','flashyThing',6515)
COMMIT
INSERT INTO FIVEWIDETABLE VALUES('2013-02-27 11:27:56.445000','','Good','Widgit',6516)
COMMIT
INSERT INTO FIVEWIDETABLE VALUES('2013-02-27 11:27:56.445000','WindowsME_BROKE','Warning','flashyThing',6517)
COMMIT
INSERT INTO FIVEWIDETABLE VALUES('2013-02-27 11:27:56.446000','Partial','Problem','Widgit',6518)
COMMIT
INSERT INTO FIVEWIDETABLE VALUES('2013-02-27 11:27:56.446000','','Good','flashyThing',6519)
COMMIT
INSERT INTO FIVEWIDETABLE VALUES('2013-02-27 11:27:56.446000','Partial','Warning','Widgit',6520)
COMMIT
INSERT INTO FIVEWIDETABLE VALUES('2013-02-27 11:27:56.446000','WindowsME_BROKE','Problem','flashyThing',6521)
COMMIT
INSERT INTO FIVEWIDETABLE VALUES('2013-02-27 11:27:56.446000','','Good','Widgit',6522)
COMMIT
INSERT INTO FIVEWIDETABLE VALUES('2013-02-27 11:27:56.446000','WindowsME_BROKE','Warning','flashyThing',6523)
COMMIT
INSERT INTO FIVEWIDETABLE VALUES('2013-02-27 11:27:56.446000','Partial','Problem','Widgit',6524)
COMMIT
INSERT INTO FIVEWIDETABLE VALUES('2013-02-27 11:27:56.446000','','Good','flashyThing',6525)
COMMIT
INSERT INTO FIVEWIDETABLE VALUES('2013-02-27 11:27:56.446000','Partial','Warning','Widgit',6526)
COMMIT
INSERT INTO FIVEWIDETABLE VALUES('2013-02-27 11:27:56.450000','WindowsME_BROKE','Problem','flashyThing',6527)
COMMIT
INSERT INTO FIVEWIDETABLE VALUES('2013-02-27 11:27:56.450000','','Good','Widgit',6528)
COMMIT
INSERT INTO FIVEWIDETABLE VALUES('2013-02-27 11:27:56.450000','WindowsME_BROKE','Warning','flashyThing',6529)
COMMIT
INSERT INTO FIVEWIDETABLE VALUES('2013-02-27 11:27:56.450000','Partial','Problem','Widgit',6530)
COMMIT
INSERT INTO FIVEWIDETABLE VALUES('2013-02-27 11:27:56.450000','','Good','flashyThing',6531)
COMMIT
INSERT INTO FIVEWIDETABLE VALUES('2013-02-27 11:27:56.450000','Partial','Warning','Widgit',6532)
COMMIT
INSERT INTO FIVEWIDETABLE VALUES('2013-02-27 11:27:56.450000','WindowsME_BROKE','Problem','flashyThing',6533)
COMMIT
INSERT INTO FIVEWIDETABLE VALUES('2013-02-27 11:27:56.450000','','Good','Widgit',6534)
COMMIT
INSERT INTO FIVEWIDETABLE VALUES('2013-02-27 11:27:56.450000','WindowsME_BROKE','Warning','flashyThing',6535)
COMMIT
INSERT INTO FIVEWIDETABLE VALUES('2013-02-27 11:27:56.450000','Partial','Problem','Widgit',6536)
COMMIT
INSERT INTO FIVEWIDETABLE VALUES('2013-02-27 11:27:56.450000','','Good','flashyThing',6537)
COMMIT
INSERT INTO FIVEWIDETABLE VALUES('2013-02-27 11:27:56.450000','Partial','Warning','Widgit',6538)
COMMIT
INSERT INTO FIVEWIDETABLE VALUES('2013-02-27 11:27:56.450000','WindowsME_BROKE','Problem','flashyThing',6539)
COMMIT
INSERT INTO FIVEWIDETABLE VALUES('2013-02-27 11:27:56.450000','','Good','Widgit',6540)
COMMIT
INSERT INTO FIVEWIDETABLE VALUES('2013-02-27 11:27:56.451000','WindowsME_BROKE','Warning','flashyThing',6541)
COMMIT
INSERT INTO FIVEWIDETABLE VALUES('2013-02-27 11:27:56.451000','Partial','Problem','Widgit',6542)
COMMIT
INSERT INTO FIVEWIDETABLE VALUES('2013-02-27 11:27:56.451000','','Good','flashyThing',6543)
COMMIT
INSERT INTO FIVEWIDETABLE VALUES('2013-02-27 11:27:56.451000','Partial','Warning','Widgit',6544)
COMMIT
INSERT INTO FIVEWIDETABLE VALUES('2013-02-27 11:27:56.451000','WindowsME_BROKE','Problem','flashyThing',6545)
COMMIT
INSERT INTO FIVEWIDETABLE VALUES('2013-02-27 11:27:56.451000','','Good','Widgit',6546)
COMMIT
INSERT INTO FIVEWIDETABLE VALUES('2013-02-27 11:27:56.451000','WindowsME_BROKE','Warning','flashyThing',6547)
COMMIT
INSERT INTO FIVEWIDETABLE VALUES('2013-02-27 11:27:56.451000','Partial','Problem','Widgit',6548)
COMMIT
INSERT INTO FIVEWIDETABLE VALUES('2013-02-27 11:27:56.451000','','Good','flashyThing',6549)
COMMIT
INSERT INTO FIVEWIDETABLE VALUES('2013-02-27 11:27:56.451000','Partial','Warning','Widgit',6550)
COMMIT
INSERT INTO FIVEWIDETABLE VALUES('2013-02-27 11:27:56.451000','WindowsME_BROKE','Problem','flashyThing',6551)
COMMIT
INSERT INTO FIVEWIDETABLE VALUES('2013-02-27 11:27:56.451000','','Good','Widgit',6552)
COMMIT
INSERT INTO FIVEWIDETABLE VALUES('2013-02-27 11:27:56.451000','WindowsME_BROKE','Warning','flashyThing',6553)
COMMIT
INSERT INTO FIVEWIDETABLE VALUES('2013-02-27 11:27:56.451000','Partial','Problem','Widgit',6554)
COMMIT
INSERT INTO FIVEWIDETABLE VALUES('2013-02-27 11:27:56.451000','','Good','flashyThing',6555)
COMMIT
INSERT INTO FIVEWIDETABLE VALUES('2013-02-27 11:27:56.451000','Partial','Warning','Widgit',6556)
COMMIT
INSERT INTO FIVEWIDETABLE VALUES('2013-02-27 11:27:56.452000','WindowsME_BROKE','Problem','flashyThing',6557)
COMMIT
INSERT INTO FIVEWIDETABLE VALUES('2013-02-27 11:27:56.452000','','Good','Widgit',6558)
COMMIT
INSERT INTO FIVEWIDETABLE VALUES('2013-02-27 11:27:56.452000','WindowsME_BROKE','Warning','flashyThing',6559)
COMMIT
INSERT INTO FIVEWIDETABLE VALUES('2013-02-27 11:27:56.452000','Partial','Problem','Widgit',6560)
COMMIT
INSERT INTO FIVEWIDETABLE VALUES('2013-02-27 11:27:56.452000','','Good','flashyThing',6561)
COMMIT
INSERT INTO FIVEWIDETABLE VALUES('2013-02-27 11:27:56.452000','Partial','Warning','Widgit',6562)
COMMIT
INSERT INTO FIVEWIDETABLE VALUES('2013-02-27 11:27:56.452000','WindowsME_BROKE','Problem','flashyThing',6563)
COMMIT
INSERT INTO FIVEWIDETABLE VALUES('2013-02-27 11:27:56.452000','','Good','Widgit',6564)
COMMIT
INSERT INTO FIVEWIDETABLE VALUES('2013-02-27 11:27:56.452000','WindowsME_BROKE','Warning','flashyThing',6565)
COMMIT
INSERT INTO FIVEWIDETABLE VALUES('2013-02-27 11:27:56.452000','Partial','Problem','Widgit',6566)
COMMIT
INSERT INTO FIVEWIDETABLE VALUES('2013-02-27 11:27:56.452000','','Good','flashyThing',6567)
COMMIT
INSERT INTO FIVEWIDETABLE VALUES('2013-02-27 11:27:56.452000','Partial','Warning','Widgit',6568)
COMMIT
INSERT INTO FIVEWIDETABLE VALUES('2013-02-27 11:27:56.452000','WindowsME_BROKE','Problem','flashyThing',6569)
COMMIT
INSERT INTO FIVEWIDETABLE VALUES('2013-02-27 11:27:56.452000','','Good','Widgit',6570)
COMMIT
INSERT INTO FIVEWIDETABLE VALUES('2013-02-27 11:27:56.452000','WindowsME_BROKE','Warning','flashyThing',6571)
COMMIT
INSERT INTO FIVEWIDETABLE VALUES('2013-02-27 11:27:56.452000','Partial','Problem','Widgit',6572)
COMMIT
INSERT INTO FIVEWIDETABLE VALUES('2013-02-27 11:27:56.453000','','Good','flashyThing',6573)
COMMIT
INSERT INTO FIVEWIDETABLE VALUES('2013-02-27 11:27:56.453000','Partial','Warning','Widgit',6574)
COMMIT
INSERT INTO FIVEWIDETABLE VALUES('2013-02-27 11:27:56.453000','WindowsME_BROKE','Problem','flashyThing',6575)
COMMIT
INSERT INTO FIVEWIDETABLE VALUES('2013-02-27 11:27:56.453000','','Good','Widgit',6576)
COMMIT
INSERT INTO FIVEWIDETABLE VALUES('2013-02-27 11:27:56.453000','WindowsME_BROKE','Warning','flashyThing',6577)
COMMIT
INSERT INTO FIVEWIDETABLE VALUES('2013-02-27 11:27:56.453000','Partial','Problem','Widgit',6578)
COMMIT
INSERT INTO FIVEWIDETABLE VALUES('2013-02-27 11:27:56.453000','','Good','flashyThing',6579)
COMMIT
INSERT INTO FIVEWIDETABLE VALUES('2013-02-27 11:27:56.453000','Partial','Warning','Widgit',6580)
COMMIT
INSERT INTO FIVEWIDETABLE VALUES('2013-02-27 11:27:56.453000','WindowsME_BROKE','Problem','flashyThing',6581)
COMMIT
INSERT INTO FIVEWIDETABLE VALUES('2013-02-27 11:27:56.453000','','Good','Widgit',6582)
COMMIT
INSERT INTO FIVEWIDETABLE VALUES('2013-02-27 11:27:56.453000','WindowsME_BROKE','Warning','flashyThing',6583)
COMMIT
INSERT INTO FIVEWIDETABLE VALUES('2013-02-27 11:27:56.453000','Partial','Problem','Widgit',6584)
COMMIT
INSERT INTO FIVEWIDETABLE VALUES('2013-02-27 11:27:56.453000','','Good','flashyThing',6585)
COMMIT
INSERT INTO FIVEWIDETABLE VALUES('2013-02-27 11:27:56.453000','Partial','Warning','Widgit',6586)
COMMIT
INSERT INTO FIVEWIDETABLE VALUES('2013-02-27 11:27:56.453000','WindowsME_BROKE','Problem','flashyThing',6587)
COMMIT
INSERT INTO FIVEWIDETABLE VALUES('2013-02-27 11:27:56.454000','','Good','Widgit',6588)
COMMIT
INSERT INTO FIVEWIDETABLE VALUES('2013-02-27 11:27:56.454000','WindowsME_BROKE','Warning','flashyThing',6589)
COMMIT
INSERT INTO FIVEWIDETABLE VALUES('2013-02-27 11:27:56.454000','Partial','Problem','Widgit',6590)
COMMIT
INSERT INTO FIVEWIDETABLE VALUES('2013-02-27 11:27:56.454000','','Good','flashyThing',6591)
COMMIT
INSERT INTO FIVEWIDETABLE VALUES('2013-02-27 11:27:56.454000','Partial','Warning','Widgit',6592)
COMMIT
INSERT INTO FIVEWIDETABLE VALUES('2013-02-27 11:27:56.454000','WindowsME_BROKE','Problem','flashyThing',6593)
COMMIT
INSERT INTO FIVEWIDETABLE VALUES('2013-02-27 11:27:56.454000','','Good','Widgit',6594)
COMMIT
INSERT INTO FIVEWIDETABLE VALUES('2013-02-27 11:27:56.454000','WindowsME_BROKE','Warning','flashyThing',6595)
COMMIT
INSERT INTO FIVEWIDETABLE VALUES('2013-02-27 11:27:56.454000','Partial','Problem','Widgit',6596)
COMMIT
INSERT INTO FIVEWIDETABLE VALUES('2013-02-27 11:27:56.454000','','Good','flashyThing',6597)
COMMIT
INSERT INTO FIVEWIDETABLE VALUES('2013-02-27 11:27:56.454000','Partial','Warning','Widgit',6598)
COMMIT
INSERT INTO FIVEWIDETABLE VALUES('2013-02-27 11:27:56.454000','WindowsME_BROKE','Problem','flashyThing',6599)
COMMIT
INSERT INTO FIVEWIDETABLE VALUES('2013-02-27 11:27:56.454000','','Good','Widgit',6600)
COMMIT
INSERT INTO FIVEWIDETABLE VALUES('2013-02-27 11:27:56.454000','WindowsME_BROKE','Warning','flashyThing',6601)
COMMIT
INSERT INTO FIVEWIDETABLE VALUES('2013-02-27 11:27:56.454000','Partial','Problem','Widgit',6602)
COMMIT
INSERT INTO FIVEWIDETABLE VALUES('2013-02-27 11:27:56.455000','','Good','flashyThing',6603)
COMMIT
INSERT INTO FIVEWIDETABLE VALUES('2013-02-27 11:27:56.455000','Partial','Warning','Widgit',6604)
COMMIT
INSERT INTO FIVEWIDETABLE VALUES('2013-02-27 11:27:56.455000','WindowsME_BROKE','Problem','flashyThing',6605)
COMMIT
INSERT INTO FIVEWIDETABLE VALUES('2013-02-27 11:27:56.455000','','Good','Widgit',6606)
COMMIT
INSERT INTO FIVEWIDETABLE VALUES('2013-02-27 11:27:56.455000','WindowsME_BROKE','Warning','flashyThing',6607)
COMMIT
INSERT INTO FIVEWIDETABLE VALUES('2013-02-27 11:27:56.455000','Partial','Problem','Widgit',6608)
COMMIT
INSERT INTO FIVEWIDETABLE VALUES('2013-02-27 11:27:56.455000','','Good','flashyThing',6609)
COMMIT
INSERT INTO FIVEWIDETABLE VALUES('2013-02-27 11:27:56.455000','Partial','Warning','Widgit',6610)
COMMIT
INSERT INTO FIVEWIDETABLE VALUES('2013-02-27 11:27:56.455000','WindowsME_BROKE','Problem','flashyThing',6611)
COMMIT
INSERT INTO FIVEWIDETABLE VALUES('2013-02-27 11:27:56.455000','','Good','Widgit',6612)
COMMIT
INSERT INTO FIVEWIDETABLE VALUES('2013-02-27 11:27:56.455000','WindowsME_BROKE','Warning','flashyThing',6613)
COMMIT
INSERT INTO FIVEWIDETABLE VALUES('2013-02-27 11:27:56.455000','Partial','Problem','Widgit',6614)
COMMIT
INSERT INTO FIVEWIDETABLE VALUES('2013-02-27 11:27:56.455000','','Good','flashyThing',6615)
COMMIT
INSERT INTO FIVEWIDETABLE VALUES('2013-02-27 11:27:56.455000','Partial','Warning','Widgit',6616)
COMMIT
INSERT INTO FIVEWIDETABLE VALUES('2013-02-27 11:27:56.455000','WindowsME_BROKE','Problem','flashyThing',6617)
COMMIT
INSERT INTO FIVEWIDETABLE VALUES('2013-02-27 11:27:56.456000','','Good','Widgit',6618)
COMMIT
INSERT INTO FIVEWIDETABLE VALUES('2013-02-27 11:27:56.456000','WindowsME_BROKE','Warning','flashyThing',6619)
COMMIT
INSERT INTO FIVEWIDETABLE VALUES('2013-02-27 11:27:56.456000','Partial','Problem','Widgit',6620)
COMMIT
INSERT INTO FIVEWIDETABLE VALUES('2013-02-27 11:27:56.456000','','Good','flashyThing',6621)
COMMIT
INSERT INTO FIVEWIDETABLE VALUES('2013-02-27 11:27:56.456000','Partial','Warning','Widgit',6622)
COMMIT
INSERT INTO FIVEWIDETABLE VALUES('2013-02-27 11:27:56.456000','WindowsME_BROKE','Problem','flashyThing',6623)
COMMIT
INSERT INTO FIVEWIDETABLE VALUES('2013-02-27 11:27:56.456000','','Good','Widgit',6624)
COMMIT
INSERT INTO FIVEWIDETABLE VALUES('2013-02-27 11:27:56.456000','WindowsME_BROKE','Warning','flashyThing',6625)
COMMIT
INSERT INTO FIVEWIDETABLE VALUES('2013-02-27 11:27:56.456000','Partial','Problem','Widgit',6626)
COMMIT
INSERT INTO FIVEWIDETABLE VALUES('2013-02-27 11:27:56.456000','','Good','flashyThing',6627)
COMMIT
INSERT INTO FIVEWIDETABLE VALUES('2013-02-27 11:27:56.456000','Partial','Warning','Widgit',6628)
COMMIT
INSERT INTO FIVEWIDETABLE VALUES('2013-02-27 11:27:56.456000','WindowsME_BROKE','Problem','flashyThing',6629)
COMMIT
INSERT INTO FIVEWIDETABLE VALUES('2013-02-27 11:27:56.456000','','Good','Widgit',6630)
COMMIT
INSERT INTO FIVEWIDETABLE VALUES('2013-02-27 11:27:56.456000','WindowsME_BROKE','Warning','flashyThing',6631)
COMMIT
INSERT INTO FIVEWIDETABLE VALUES('2013-02-27 11:27:56.456000','Partial','Problem','Widgit',6632)
COMMIT
INSERT INTO FIVEWIDETABLE VALUES('2013-02-27 11:27:56.456000','','Good','flashyThing',6633)
COMMIT
INSERT INTO FIVEWIDETABLE VALUES('2013-02-27 11:27:56.457000','Partial','Warning','Widgit',6634)
COMMIT
INSERT INTO FIVEWIDETABLE VALUES('2013-02-27 11:27:56.457000','WindowsME_BROKE','Problem','flashyThing',6635)
COMMIT
INSERT INTO FIVEWIDETABLE VALUES('2013-02-27 11:27:56.457000','','Good','Widgit',6636)
COMMIT
INSERT INTO FIVEWIDETABLE VALUES('2013-02-27 11:27:56.457000','WindowsME_BROKE','Warning','flashyThing',6637)
COMMIT
INSERT INTO FIVEWIDETABLE VALUES('2013-02-27 11:27:56.457000','Partial','Problem','Widgit',6638)
COMMIT
INSERT INTO FIVEWIDETABLE VALUES('2013-02-27 11:27:56.457000','','Good','flashyThing',6639)
COMMIT
INSERT INTO FIVEWIDETABLE VALUES('2013-02-27 11:27:56.457000','Partial','Warning','Widgit',6640)
COMMIT
INSERT INTO FIVEWIDETABLE VALUES('2013-02-27 11:27:56.457000','WindowsME_BROKE','Problem','flashyThing',6641)
COMMIT
INSERT INTO FIVEWIDETABLE VALUES('2013-02-27 11:27:56.457000','','Good','Widgit',6642)
COMMIT
INSERT INTO FIVEWIDETABLE VALUES('2013-02-27 11:27:56.457000','WindowsME_BROKE','Warning','flashyThing',6643)
COMMIT
INSERT INTO FIVEWIDETABLE VALUES('2013-02-27 11:27:56.457000','Partial','Problem','Widgit',6644)
COMMIT
INSERT INTO FIVEWIDETABLE VALUES('2013-02-27 11:27:56.457000','','Good','flashyThing',6645)
COMMIT
INSERT INTO FIVEWIDETABLE VALUES('2013-02-27 11:27:56.457000','Partial','Warning','Widgit',6646)
COMMIT
INSERT INTO FIVEWIDETABLE VALUES('2013-02-27 11:27:56.457000','WindowsME_BROKE','Problem','flashyThing',6647)
COMMIT
INSERT INTO FIVEWIDETABLE VALUES('2013-02-27 11:27:56.457000','','Good','Widgit',6648)
COMMIT
INSERT INTO FIVEWIDETABLE VALUES('2013-02-27 11:27:56.457000','WindowsME_BROKE','Warning','flashyThing',6649)
COMMIT
INSERT INTO FIVEWIDETABLE VALUES('2013-02-27 11:27:56.458000','Partial','Problem','Widgit',6650)
COMMIT
INSERT INTO FIVEWIDETABLE VALUES('2013-02-27 11:27:56.458000','','Good','flashyThing',6651)
COMMIT
INSERT INTO FIVEWIDETABLE VALUES('2013-02-27 11:27:56.458000','Partial','Warning','Widgit',6652)
COMMIT
INSERT INTO FIVEWIDETABLE VALUES('2013-02-27 11:27:56.458000','WindowsME_BROKE','Problem','flashyThing',6653)
COMMIT
INSERT INTO FIVEWIDETABLE VALUES('2013-02-27 11:27:56.458000','','Good','Widgit',6654)
COMMIT
INSERT INTO FIVEWIDETABLE VALUES('2013-02-27 11:27:56.458000','WindowsME_BROKE','Warning','flashyThing',6655)
COMMIT
INSERT INTO FIVEWIDETABLE VALUES('2013-02-27 11:27:56.458000','Partial','Problem','Widgit',6656)
COMMIT
INSERT INTO FIVEWIDETABLE VALUES('2013-02-27 11:27:56.458000','','Good','flashyThing',6657)
COMMIT
INSERT INTO FIVEWIDETABLE VALUES('2013-02-27 11:27:56.458000','Partial','Warning','Widgit',6658)
COMMIT
INSERT INTO FIVEWIDETABLE VALUES('2013-02-27 11:27:56.458000','WindowsME_BROKE','Problem','flashyThing',6659)
COMMIT
INSERT INTO FIVEWIDETABLE VALUES('2013-02-27 11:27:56.458000','','Good','Widgit',6660)
COMMIT
INSERT INTO FIVEWIDETABLE VALUES('2013-02-27 11:27:56.458000','WindowsME_BROKE','Warning','flashyThing',6661)
COMMIT
INSERT INTO FIVEWIDETABLE VALUES('2013-02-27 11:27:56.458000','Partial','Problem','Widgit',6662)
COMMIT
INSERT INTO FIVEWIDETABLE VALUES('2013-02-27 11:27:56.458000','','Good','flashyThing',6663)
COMMIT
INSERT INTO FIVEWIDETABLE VALUES('2013-02-27 11:27:56.458000','Partial','Warning','Widgit',6664)
COMMIT
INSERT INTO FIVEWIDETABLE VALUES('2013-02-27 11:27:56.458000','WindowsME_BROKE','Problem','flashyThing',6665)
COMMIT
INSERT INTO FIVEWIDETABLE VALUES('2013-02-27 11:27:56.459000','','Good','Widgit',6666)
COMMIT
INSERT INTO FIVEWIDETABLE VALUES('2013-02-27 11:27:56.459000','WindowsME_BROKE','Warning','flashyThing',6667)
COMMIT
INSERT INTO FIVEWIDETABLE VALUES('2013-02-27 11:27:56.459000','Partial','Problem','Widgit',6668)
COMMIT
INSERT INTO FIVEWIDETABLE VALUES('2013-02-27 11:27:56.459000','','Good','flashyThing',6669)
COMMIT
INSERT INTO FIVEWIDETABLE VALUES('2013-02-27 11:27:56.459000','Partial','Warning','Widgit',6670)
COMMIT
INSERT INTO FIVEWIDETABLE VALUES('2013-02-27 11:27:56.459000','WindowsME_BROKE','Problem','flashyThing',6671)
COMMIT
INSERT INTO FIVEWIDETABLE VALUES('2013-02-27 11:27:56.459000','','Good','Widgit',6672)
COMMIT
INSERT INTO FIVEWIDETABLE VALUES('2013-02-27 11:27:56.459000','WindowsME_BROKE','Warning','flashyThing',6673)
COMMIT
INSERT INTO FIVEWIDETABLE VALUES('2013-02-27 11:27:56.459000','Partial','Problem','Widgit',6674)
COMMIT
INSERT INTO FIVEWIDETABLE VALUES('2013-02-27 11:27:56.459000','','Good','flashyThing',6675)
COMMIT
INSERT INTO FIVEWIDETABLE VALUES('2013-02-27 11:27:56.459000','Partial','Warning','Widgit',6676)
COMMIT
INSERT INTO FIVEWIDETABLE VALUES('2013-02-27 11:27:56.459000','WindowsME_BROKE','Problem','flashyThing',6677)
COMMIT
INSERT INTO FIVEWIDETABLE VALUES('2013-02-27 11:27:56.459000','','Good','Widgit',6678)
COMMIT
INSERT INTO FIVEWIDETABLE VALUES('2013-02-27 11:27:56.459000','WindowsME_BROKE','Warning','flashyThing',6679)
COMMIT
INSERT INTO FIVEWIDETABLE VALUES('2013-02-27 11:27:56.459000','Partial','Problem','Widgit',6680)
COMMIT
INSERT INTO FIVEWIDETABLE VALUES('2013-02-27 11:27:56.459000','','Good','flashyThing',6681)
COMMIT
INSERT INTO FIVEWIDETABLE VALUES('2013-02-27 11:27:56.460000','Partial','Warning','Widgit',6682)
COMMIT
INSERT INTO FIVEWIDETABLE VALUES('2013-02-27 11:27:56.460000','WindowsME_BROKE','Problem','flashyThing',6683)
COMMIT
INSERT INTO FIVEWIDETABLE VALUES('2013-02-27 11:27:56.460000','','Good','Widgit',6684)
COMMIT
INSERT INTO FIVEWIDETABLE VALUES('2013-02-27 11:27:56.460000','WindowsME_BROKE','Warning','flashyThing',6685)
COMMIT
INSERT INTO FIVEWIDETABLE VALUES('2013-02-27 11:27:56.460000','Partial','Problem','Widgit',6686)
COMMIT
INSERT INTO FIVEWIDETABLE VALUES('2013-02-27 11:27:56.460000','','Good','flashyThing',6687)
COMMIT
INSERT INTO FIVEWIDETABLE VALUES('2013-02-27 11:27:56.460000','Partial','Warning','Widgit',6688)
COMMIT
INSERT INTO FIVEWIDETABLE VALUES('2013-02-27 11:27:56.460000','WindowsME_BROKE','Problem','flashyThing',6689)
COMMIT
INSERT INTO FIVEWIDETABLE VALUES('2013-02-27 11:27:56.460000','','Good','Widgit',6690)
COMMIT
INSERT INTO FIVEWIDETABLE VALUES('2013-02-27 11:27:56.460000','WindowsME_BROKE','Warning','flashyThing',6691)
COMMIT
INSERT INTO FIVEWIDETABLE VALUES('2013-02-27 11:27:56.460000','Partial','Problem','Widgit',6692)
COMMIT
INSERT INTO FIVEWIDETABLE VALUES('2013-02-27 11:27:56.460000','','Good','flashyThing',6693)
COMMIT
INSERT INTO FIVEWIDETABLE VALUES('2013-02-27 11:27:56.460000','Partial','Warning','Widgit',6694)
COMMIT
INSERT INTO FIVEWIDETABLE VALUES('2013-02-27 11:27:56.460000','WindowsME_BROKE','Problem','flashyThing',6695)
COMMIT
INSERT INTO FIVEWIDETABLE VALUES('2013-02-27 11:27:56.460000','','Good','Widgit',6696)
COMMIT
INSERT INTO FIVEWIDETABLE VALUES('2013-02-27 11:27:56.460000','WindowsME_BROKE','Warning','flashyThing',6697)
COMMIT
INSERT INTO FIVEWIDETABLE VALUES('2013-02-27 11:27:56.461000','Partial','Problem','Widgit',6698)
COMMIT
INSERT INTO FIVEWIDETABLE VALUES('2013-02-27 11:27:56.461000','','Good','flashyThing',6699)
COMMIT
INSERT INTO FIVEWIDETABLE VALUES('2013-02-27 11:27:56.461000','Partial','Warning','Widgit',6700)
COMMIT
INSERT INTO FIVEWIDETABLE VALUES('2013-02-27 11:27:56.461000','WindowsME_BROKE','Problem','flashyThing',6701)
COMMIT
INSERT INTO FIVEWIDETABLE VALUES('2013-02-27 11:27:56.461000','','Good','Widgit',6702)
COMMIT
INSERT INTO FIVEWIDETABLE VALUES('2013-02-27 11:27:56.461000','WindowsME_BROKE','Warning','flashyThing',6703)
COMMIT
INSERT INTO FIVEWIDETABLE VALUES('2013-02-27 11:27:56.461000','Partial','Problem','Widgit',6704)
COMMIT
INSERT INTO FIVEWIDETABLE VALUES('2013-02-27 11:27:56.461000','','Good','flashyThing',6705)
COMMIT
INSERT INTO FIVEWIDETABLE VALUES('2013-02-27 11:27:56.461000','Partial','Warning','Widgit',6706)
COMMIT
INSERT INTO FIVEWIDETABLE VALUES('2013-02-27 11:27:56.461000','WindowsME_BROKE','Problem','flashyThing',6707)
COMMIT
INSERT INTO FIVEWIDETABLE VALUES('2013-02-27 11:27:56.461000','','Good','Widgit',6708)
COMMIT
INSERT INTO FIVEWIDETABLE VALUES('2013-02-27 11:27:56.461000','WindowsME_BROKE','Warning','flashyThing',6709)
COMMIT
INSERT INTO FIVEWIDETABLE VALUES('2013-02-27 11:27:56.461000','Partial','Problem','Widgit',6710)
COMMIT
INSERT INTO FIVEWIDETABLE VALUES('2013-02-27 11:27:56.461000','','Good','flashyThing',6711)
COMMIT
INSERT INTO FIVEWIDETABLE VALUES('2013-02-27 11:27:56.461000','Partial','Warning','Widgit',6712)
COMMIT
INSERT INTO FIVEWIDETABLE VALUES('2013-02-27 11:27:56.461000','WindowsME_BROKE','Problem','flashyThing',6713)
COMMIT
INSERT INTO FIVEWIDETABLE VALUES('2013-02-27 11:27:56.462000','','Good','Widgit',6714)
COMMIT
INSERT INTO FIVEWIDETABLE VALUES('2013-02-27 11:27:56.462000','WindowsME_BROKE','Warning','flashyThing',6715)
COMMIT
INSERT INTO FIVEWIDETABLE VALUES('2013-02-27 11:27:56.462000','Partial','Problem','Widgit',6716)
COMMIT
INSERT INTO FIVEWIDETABLE VALUES('2013-02-27 11:27:56.462000','','Good','flashyThing',6717)
COMMIT
INSERT INTO FIVEWIDETABLE VALUES('2013-02-27 11:27:56.462000','Partial','Warning','Widgit',6718)
COMMIT
INSERT INTO FIVEWIDETABLE VALUES('2013-02-27 11:27:56.462000','WindowsME_BROKE','Problem','flashyThing',6719)
COMMIT
INSERT INTO FIVEWIDETABLE VALUES('2013-02-27 11:27:56.462000','','Good','Widgit',6720)
COMMIT
INSERT INTO FIVEWIDETABLE VALUES('2013-02-27 11:27:56.462000','WindowsME_BROKE','Warning','flashyThing',6721)
COMMIT
INSERT INTO FIVEWIDETABLE VALUES('2013-02-27 11:27:56.462000','Partial','Problem','Widgit',6722)
COMMIT
INSERT INTO FIVEWIDETABLE VALUES('2013-02-27 11:27:56.462000','','Good','flashyThing',6723)
COMMIT
INSERT INTO FIVEWIDETABLE VALUES('2013-02-27 11:27:56.462000','Partial','Warning','Widgit',6724)
COMMIT
INSERT INTO FIVEWIDETABLE VALUES('2013-02-27 11:27:56.462000','WindowsME_BROKE','Problem','flashyThing',6725)
COMMIT
INSERT INTO FIVEWIDETABLE VALUES('2013-02-27 11:27:56.462000','','Good','Widgit',6726)
COMMIT
INSERT INTO FIVEWIDETABLE VALUES('2013-02-27 11:27:56.462000','WindowsME_BROKE','Warning','flashyThing',6727)
COMMIT
INSERT INTO FIVEWIDETABLE VALUES('2013-02-27 11:27:56.462000','Partial','Problem','Widgit',6728)
COMMIT
INSERT INTO FIVEWIDETABLE VALUES('2013-02-27 11:27:56.463000','','Good','flashyThing',6729)
COMMIT
INSERT INTO FIVEWIDETABLE VALUES('2013-02-27 11:27:56.463000','Partial','Warning','Widgit',6730)
COMMIT
INSERT INTO FIVEWIDETABLE VALUES('2013-02-27 11:27:56.463000','WindowsME_BROKE','Problem','flashyThing',6731)
COMMIT
INSERT INTO FIVEWIDETABLE VALUES('2013-02-27 11:27:56.463000','','Good','Widgit',6732)
COMMIT
INSERT INTO FIVEWIDETABLE VALUES('2013-02-27 11:27:56.463000','WindowsME_BROKE','Warning','flashyThing',6733)
COMMIT
INSERT INTO FIVEWIDETABLE VALUES('2013-02-27 11:27:56.463000','Partial','Problem','Widgit',6734)
COMMIT
INSERT INTO FIVEWIDETABLE VALUES('2013-02-27 11:27:56.463000','','Good','flashyThing',6735)
COMMIT
INSERT INTO FIVEWIDETABLE VALUES('2013-02-27 11:27:56.463000','Partial','Warning','Widgit',6736)
COMMIT
INSERT INTO FIVEWIDETABLE VALUES('2013-02-27 11:27:56.463000','WindowsME_BROKE','Problem','flashyThing',6737)
COMMIT
INSERT INTO FIVEWIDETABLE VALUES('2013-02-27 11:27:56.463000','','Good','Widgit',6738)
COMMIT
INSERT INTO FIVEWIDETABLE VALUES('2013-02-27 11:27:56.463000','WindowsME_BROKE','Warning','flashyThing',6739)
COMMIT
INSERT INTO FIVEWIDETABLE VALUES('2013-02-27 11:27:56.463000','Partial','Problem','Widgit',6740)
COMMIT
INSERT INTO FIVEWIDETABLE VALUES('2013-02-27 11:27:56.463000','','Good','flashyThing',6741)
COMMIT
INSERT INTO FIVEWIDETABLE VALUES('2013-02-27 11:27:56.463000','Partial','Warning','Widgit',6742)
COMMIT
INSERT INTO FIVEWIDETABLE VALUES('2013-02-27 11:27:56.463000','WindowsME_BROKE','Problem','flashyThing',6743)
COMMIT
INSERT INTO FIVEWIDETABLE VALUES('2013-02-27 11:27:56.463000','','Good','Widgit',6744)
COMMIT
INSERT INTO FIVEWIDETABLE VALUES('2013-02-27 11:27:56.464000','WindowsME_BROKE','Warning','flashyThing',6745)
COMMIT
INSERT INTO FIVEWIDETABLE VALUES('2013-02-27 11:27:56.464000','Partial','Problem','Widgit',6746)
COMMIT
INSERT INTO FIVEWIDETABLE VALUES('2013-02-27 11:27:56.464000','','Good','flashyThing',6747)
COMMIT
INSERT INTO FIVEWIDETABLE VALUES('2013-02-27 11:27:56.464000','Partial','Warning','Widgit',6748)
COMMIT
INSERT INTO FIVEWIDETABLE VALUES('2013-02-27 11:27:56.464000','WindowsME_BROKE','Problem','flashyThing',6749)
COMMIT
INSERT INTO FIVEWIDETABLE VALUES('2013-02-27 11:27:56.464000','','Good','Widgit',6750)
COMMIT
INSERT INTO FIVEWIDETABLE VALUES('2013-02-27 11:27:56.464000','WindowsME_BROKE','Warning','flashyThing',6751)
COMMIT
INSERT INTO FIVEWIDETABLE VALUES('2013-02-27 11:27:56.464000','Partial','Problem','Widgit',6752)
COMMIT
INSERT INTO FIVEWIDETABLE VALUES('2013-02-27 11:27:56.464000','','Good','flashyThing',6753)
COMMIT
INSERT INTO FIVEWIDETABLE VALUES('2013-02-27 11:27:56.464000','Partial','Warning','Widgit',6754)
COMMIT
INSERT INTO FIVEWIDETABLE VALUES('2013-02-27 11:27:56.464000','WindowsME_BROKE','Problem','flashyThing',6755)
COMMIT
INSERT INTO FIVEWIDETABLE VALUES('2013-02-27 11:27:56.464000','','Good','Widgit',6756)
COMMIT
INSERT INTO FIVEWIDETABLE VALUES('2013-02-27 11:27:56.464000','WindowsME_BROKE','Warning','flashyThing',6757)
COMMIT
INSERT INTO FIVEWIDETABLE VALUES('2013-02-27 11:27:56.464000','Partial','Problem','Widgit',6758)
COMMIT
INSERT INTO FIVEWIDETABLE VALUES('2013-02-27 11:27:56.464000','','Good','flashyThing',6759)
COMMIT
INSERT INTO FIVEWIDETABLE VALUES('2013-02-27 11:27:56.464000','Partial','Warning','Widgit',6760)
COMMIT
INSERT INTO FIVEWIDETABLE VALUES('2013-02-27 11:27:56.465000','WindowsME_BROKE','Problem','flashyThing',6761)
COMMIT
INSERT INTO FIVEWIDETABLE VALUES('2013-02-27 11:27:56.465000','','Good','Widgit',6762)
COMMIT
INSERT INTO FIVEWIDETABLE VALUES('2013-02-27 11:27:56.465000','WindowsME_BROKE','Warning','flashyThing',6763)
COMMIT
INSERT INTO FIVEWIDETABLE VALUES('2013-02-27 11:27:56.465000','Partial','Problem','Widgit',6764)
COMMIT
INSERT INTO FIVEWIDETABLE VALUES('2013-02-27 11:27:56.465000','','Good','flashyThing',6765)
COMMIT
INSERT INTO FIVEWIDETABLE VALUES('2013-02-27 11:27:56.465000','Partial','Warning','Widgit',6766)
COMMIT
INSERT INTO FIVEWIDETABLE VALUES('2013-02-27 11:27:56.465000','WindowsME_BROKE','Problem','flashyThing',6767)
COMMIT
INSERT INTO FIVEWIDETABLE VALUES('2013-02-27 11:27:56.465000','','Good','Widgit',6768)
COMMIT
INSERT INTO FIVEWIDETABLE VALUES('2013-02-27 11:27:56.465000','WindowsME_BROKE','Warning','flashyThing',6769)
COMMIT
INSERT INTO FIVEWIDETABLE VALUES('2013-02-27 11:27:56.465000','Partial','Problem','Widgit',6770)
COMMIT
INSERT INTO FIVEWIDETABLE VALUES('2013-02-27 11:27:56.465000','','Good','flashyThing',6771)
COMMIT
INSERT INTO FIVEWIDETABLE VALUES('2013-02-27 11:27:56.465000','Partial','Warning','Widgit',6772)
COMMIT
INSERT INTO FIVEWIDETABLE VALUES('2013-02-27 11:27:56.465000','WindowsME_BROKE','Problem','flashyThing',6773)
COMMIT
INSERT INTO FIVEWIDETABLE VALUES('2013-02-27 11:27:56.465000','','Good','Widgit',6774)
COMMIT
INSERT INTO FIVEWIDETABLE VALUES('2013-02-27 11:27:56.465000','WindowsME_BROKE','Warning','flashyThing',6775)
COMMIT
INSERT INTO FIVEWIDETABLE VALUES('2013-02-27 11:27:56.465000','Partial','Problem','Widgit',6776)
COMMIT
INSERT INTO FIVEWIDETABLE VALUES('2013-02-27 11:27:56.466000','','Good','flashyThing',6777)
COMMIT
INSERT INTO FIVEWIDETABLE VALUES('2013-02-27 11:27:56.466000','Partial','Warning','Widgit',6778)
COMMIT
INSERT INTO FIVEWIDETABLE VALUES('2013-02-27 11:27:56.466000','WindowsME_BROKE','Problem','flashyThing',6779)
COMMIT
INSERT INTO FIVEWIDETABLE VALUES('2013-02-27 11:27:56.466000','','Good','Widgit',6780)
COMMIT
INSERT INTO FIVEWIDETABLE VALUES('2013-02-27 11:27:56.466000','WindowsME_BROKE','Warning','flashyThing',6781)
COMMIT
INSERT INTO FIVEWIDETABLE VALUES('2013-02-27 11:27:56.466000','Partial','Problem','Widgit',6782)
COMMIT
INSERT INTO FIVEWIDETABLE VALUES('2013-02-27 11:27:56.466000','','Good','flashyThing',6783)
COMMIT
INSERT INTO FIVEWIDETABLE VALUES('2013-02-27 11:27:56.466000','Partial','Warning','Widgit',6784)
COMMIT
INSERT INTO FIVEWIDETABLE VALUES('2013-02-27 11:27:56.466000','WindowsME_BROKE','Problem','flashyThing',6785)
COMMIT
INSERT INTO FIVEWIDETABLE VALUES('2013-02-27 11:27:56.466000','','Good','Widgit',6786)
COMMIT
INSERT INTO FIVEWIDETABLE VALUES('2013-02-27 11:27:56.466000','WindowsME_BROKE','Warning','flashyThing',6787)
COMMIT
INSERT INTO FIVEWIDETABLE VALUES('2013-02-27 11:27:56.466000','Partial','Problem','Widgit',6788)
COMMIT
INSERT INTO FIVEWIDETABLE VALUES('2013-02-27 11:27:56.466000','','Good','flashyThing',6789)
COMMIT
INSERT INTO FIVEWIDETABLE VALUES('2013-02-27 11:27:56.466000','Partial','Warning','Widgit',6790)
COMMIT
INSERT INTO FIVEWIDETABLE VALUES('2013-02-27 11:27:56.466000','WindowsME_BROKE','Problem','flashyThing',6791)
COMMIT
INSERT INTO FIVEWIDETABLE VALUES('2013-02-27 11:27:56.466000','','Good','Widgit',6792)
COMMIT
INSERT INTO FIVEWIDETABLE VALUES('2013-02-27 11:27:56.467000','WindowsME_BROKE','Warning','flashyThing',6793)
COMMIT
INSERT INTO FIVEWIDETABLE VALUES('2013-02-27 11:27:56.467000','Partial','Problem','Widgit',6794)
COMMIT
INSERT INTO FIVEWIDETABLE VALUES('2013-02-27 11:27:56.467000','','Good','flashyThing',6795)
COMMIT
INSERT INTO FIVEWIDETABLE VALUES('2013-02-27 11:27:56.467000','Partial','Warning','Widgit',6796)
COMMIT
INSERT INTO FIVEWIDETABLE VALUES('2013-02-27 11:27:56.467000','WindowsME_BROKE','Problem','flashyThing',6797)
COMMIT
INSERT INTO FIVEWIDETABLE VALUES('2013-02-27 11:27:56.467000','','Good','Widgit',6798)
COMMIT
INSERT INTO FIVEWIDETABLE VALUES('2013-02-27 11:27:56.467000','WindowsME_BROKE','Warning','flashyThing',6799)
COMMIT
INSERT INTO FIVEWIDETABLE VALUES('2013-02-27 11:27:56.467000','Partial','Problem','Widgit',6800)
COMMIT
INSERT INTO FIVEWIDETABLE VALUES('2013-02-27 11:27:56.467000','','Good','flashyThing',6801)
COMMIT
INSERT INTO FIVEWIDETABLE VALUES('2013-02-27 11:27:56.467000','Partial','Warning','Widgit',6802)
COMMIT
INSERT INTO FIVEWIDETABLE VALUES('2013-02-27 11:27:56.467000','WindowsME_BROKE','Problem','flashyThing',6803)
COMMIT
INSERT INTO FIVEWIDETABLE VALUES('2013-02-27 11:27:56.467000','','Good','Widgit',6804)
COMMIT
INSERT INTO FIVEWIDETABLE VALUES('2013-02-27 11:27:56.467000','WindowsME_BROKE','Warning','flashyThing',6805)
COMMIT
INSERT INTO FIVEWIDETABLE VALUES('2013-02-27 11:27:56.467000','Partial','Problem','Widgit',6806)
COMMIT
INSERT INTO FIVEWIDETABLE VALUES('2013-02-27 11:27:56.467000','','Good','flashyThing',6807)
COMMIT
INSERT INTO FIVEWIDETABLE VALUES('2013-02-27 11:27:56.467000','Partial','Warning','Widgit',6808)
COMMIT
INSERT INTO FIVEWIDETABLE VALUES('2013-02-27 11:27:56.468000','WindowsME_BROKE','Problem','flashyThing',6809)
COMMIT
INSERT INTO FIVEWIDETABLE VALUES('2013-02-27 11:27:56.468000','','Good','Widgit',6810)
COMMIT
INSERT INTO FIVEWIDETABLE VALUES('2013-02-27 11:27:56.468000','WindowsME_BROKE','Warning','flashyThing',6811)
COMMIT
INSERT INTO FIVEWIDETABLE VALUES('2013-02-27 11:27:56.468000','Partial','Problem','Widgit',6812)
COMMIT
INSERT INTO FIVEWIDETABLE VALUES('2013-02-27 11:27:56.468000','','Good','flashyThing',6813)
COMMIT
INSERT INTO FIVEWIDETABLE VALUES('2013-02-27 11:27:56.468000','Partial','Warning','Widgit',6814)
COMMIT
INSERT INTO FIVEWIDETABLE VALUES('2013-02-27 11:27:56.468000','WindowsME_BROKE','Problem','flashyThing',6815)
COMMIT
INSERT INTO FIVEWIDETABLE VALUES('2013-02-27 11:27:56.468000','','Good','Widgit',6816)
COMMIT
INSERT INTO FIVEWIDETABLE VALUES('2013-02-27 11:27:56.468000','WindowsME_BROKE','Warning','flashyThing',6817)
COMMIT
INSERT INTO FIVEWIDETABLE VALUES('2013-02-27 11:27:56.468000','Partial','Problem','Widgit',6818)
COMMIT
INSERT INTO FIVEWIDETABLE VALUES('2013-02-27 11:27:56.468000','','Good','flashyThing',6819)
COMMIT
INSERT INTO FIVEWIDETABLE VALUES('2013-02-27 11:27:56.468000','Partial','Warning','Widgit',6820)
COMMIT
INSERT INTO FIVEWIDETABLE VALUES('2013-02-27 11:27:56.468000','WindowsME_BROKE','Problem','flashyThing',6821)
COMMIT
INSERT INTO FIVEWIDETABLE VALUES('2013-02-27 11:27:56.468000','','Good','Widgit',6822)
COMMIT
INSERT INTO FIVEWIDETABLE VALUES('2013-02-27 11:27:56.468000','WindowsME_BROKE','Warning','flashyThing',6823)
COMMIT
INSERT INTO FIVEWIDETABLE VALUES('2013-02-27 11:27:56.468000','Partial','Problem','Widgit',6824)
COMMIT
INSERT INTO FIVEWIDETABLE VALUES('2013-02-27 11:27:56.469000','','Good','flashyThing',6825)
COMMIT
INSERT INTO FIVEWIDETABLE VALUES('2013-02-27 11:27:56.469000','Partial','Warning','Widgit',6826)
COMMIT
INSERT INTO FIVEWIDETABLE VALUES('2013-02-27 11:27:56.469000','WindowsME_BROKE','Problem','flashyThing',6827)
COMMIT
INSERT INTO FIVEWIDETABLE VALUES('2013-02-27 11:27:56.469000','','Good','Widgit',6828)
COMMIT
INSERT INTO FIVEWIDETABLE VALUES('2013-02-27 11:27:56.469000','WindowsME_BROKE','Warning','flashyThing',6829)
COMMIT
INSERT INTO FIVEWIDETABLE VALUES('2013-02-27 11:27:56.469000','Partial','Problem','Widgit',6830)
COMMIT
INSERT INTO FIVEWIDETABLE VALUES('2013-02-27 11:27:56.469000','','Good','flashyThing',6831)
COMMIT
INSERT INTO FIVEWIDETABLE VALUES('2013-02-27 11:27:56.469000','Partial','Warning','Widgit',6832)
COMMIT
INSERT INTO FIVEWIDETABLE VALUES('2013-02-27 11:27:56.469000','WindowsME_BROKE','Problem','flashyThing',6833)
COMMIT
INSERT INTO FIVEWIDETABLE VALUES('2013-02-27 11:27:56.469000','','Good','Widgit',6834)
COMMIT
INSERT INTO FIVEWIDETABLE VALUES('2013-02-27 11:27:56.469000','WindowsME_BROKE','Warning','flashyThing',6835)
COMMIT
INSERT INTO FIVEWIDETABLE VALUES('2013-02-27 11:27:56.469000','Partial','Problem','Widgit',6836)
COMMIT
INSERT INTO FIVEWIDETABLE VALUES('2013-02-27 11:27:56.469000','','Good','flashyThing',6837)
COMMIT
INSERT INTO FIVEWIDETABLE VALUES('2013-02-27 11:27:56.469000','Partial','Warning','Widgit',6838)
COMMIT
INSERT INTO FIVEWIDETABLE VALUES('2013-02-27 11:27:56.469000','WindowsME_BROKE','Problem','flashyThing',6839)
COMMIT
INSERT INTO FIVEWIDETABLE VALUES('2013-02-27 11:27:56.470000','','Good','Widgit',6840)
COMMIT
INSERT INTO FIVEWIDETABLE VALUES('2013-02-27 11:27:56.470000','WindowsME_BROKE','Warning','flashyThing',6841)
COMMIT
INSERT INTO FIVEWIDETABLE VALUES('2013-02-27 11:27:56.470000','Partial','Problem','Widgit',6842)
COMMIT
INSERT INTO FIVEWIDETABLE VALUES('2013-02-27 11:27:56.470000','','Good','flashyThing',6843)
COMMIT
INSERT INTO FIVEWIDETABLE VALUES('2013-02-27 11:27:56.470000','Partial','Warning','Widgit',6844)
COMMIT
INSERT INTO FIVEWIDETABLE VALUES('2013-02-27 11:27:56.470000','WindowsME_BROKE','Problem','flashyThing',6845)
COMMIT
INSERT INTO FIVEWIDETABLE VALUES('2013-02-27 11:27:56.470000','','Good','Widgit',6846)
COMMIT
INSERT INTO FIVEWIDETABLE VALUES('2013-02-27 11:27:56.470000','WindowsME_BROKE','Warning','flashyThing',6847)
COMMIT
INSERT INTO FIVEWIDETABLE VALUES('2013-02-27 11:27:56.470000','Partial','Problem','Widgit',6848)
COMMIT
INSERT INTO FIVEWIDETABLE VALUES('2013-02-27 11:27:56.470000','','Good','flashyThing',6849)
COMMIT
INSERT INTO FIVEWIDETABLE VALUES('2013-02-27 11:27:56.470000','Partial','Warning','Widgit',6850)
COMMIT
INSERT INTO FIVEWIDETABLE VALUES('2013-02-27 11:27:56.470000','WindowsME_BROKE','Problem','flashyThing',6851)
COMMIT
INSERT INTO FIVEWIDETABLE VALUES('2013-02-27 11:27:56.470000','','Good','Widgit',6852)
COMMIT
INSERT INTO FIVEWIDETABLE VALUES('2013-02-27 11:27:56.470000','WindowsME_BROKE','Warning','flashyThing',6853)
COMMIT
INSERT INTO FIVEWIDETABLE VALUES('2013-02-27 11:27:56.470000','Partial','Problem','Widgit',6854)
COMMIT
INSERT INTO FIVEWIDETABLE VALUES('2013-02-27 11:27:56.470000','','Good','flashyThing',6855)
COMMIT
INSERT INTO FIVEWIDETABLE VALUES('2013-02-27 11:27:56.471000','Partial','Warning','Widgit',6856)
COMMIT
INSERT INTO FIVEWIDETABLE VALUES('2013-02-27 11:27:56.471000','WindowsME_BROKE','Problem','flashyThing',6857)
COMMIT
INSERT INTO FIVEWIDETABLE VALUES('2013-02-27 11:27:56.471000','','Good','Widgit',6858)
COMMIT
INSERT INTO FIVEWIDETABLE VALUES('2013-02-27 11:27:56.471000','WindowsME_BROKE','Warning','flashyThing',6859)
COMMIT
INSERT INTO FIVEWIDETABLE VALUES('2013-02-27 11:27:56.471000','Partial','Problem','Widgit',6860)
COMMIT
INSERT INTO FIVEWIDETABLE VALUES('2013-02-27 11:27:56.471000','','Good','flashyThing',6861)
COMMIT
INSERT INTO FIVEWIDETABLE VALUES('2013-02-27 11:27:56.471000','Partial','Warning','Widgit',6862)
COMMIT
INSERT INTO FIVEWIDETABLE VALUES('2013-02-27 11:27:56.471000','WindowsME_BROKE','Problem','flashyThing',6863)
COMMIT
INSERT INTO FIVEWIDETABLE VALUES('2013-02-27 11:27:56.471000','','Good','Widgit',6864)
COMMIT
INSERT INTO FIVEWIDETABLE VALUES('2013-02-27 11:27:56.471000','WindowsME_BROKE','Warning','flashyThing',6865)
COMMIT
INSERT INTO FIVEWIDETABLE VALUES('2013-02-27 11:27:56.471000','Partial','Problem','Widgit',6866)
COMMIT
INSERT INTO FIVEWIDETABLE VALUES('2013-02-27 11:27:56.471000','','Good','flashyThing',6867)
COMMIT
INSERT INTO FIVEWIDETABLE VALUES('2013-02-27 11:27:56.471000','Partial','Warning','Widgit',6868)
COMMIT
INSERT INTO FIVEWIDETABLE VALUES('2013-02-27 11:27:56.471000','WindowsME_BROKE','Problem','flashyThing',6869)
COMMIT
INSERT INTO FIVEWIDETABLE VALUES('2013-02-27 11:27:56.471000','','Good','Widgit',6870)
COMMIT
INSERT INTO FIVEWIDETABLE VALUES('2013-02-27 11:27:56.471000','WindowsME_BROKE','Warning','flashyThing',6871)
COMMIT
INSERT INTO FIVEWIDETABLE VALUES('2013-02-27 11:27:56.472000','Partial','Problem','Widgit',6872)
COMMIT
INSERT INTO FIVEWIDETABLE VALUES('2013-02-27 11:27:56.472000','','Good','flashyThing',6873)
COMMIT
INSERT INTO FIVEWIDETABLE VALUES('2013-02-27 11:27:56.472000','Partial','Warning','Widgit',6874)
COMMIT
INSERT INTO FIVEWIDETABLE VALUES('2013-02-27 11:27:56.472000','WindowsME_BROKE','Problem','flashyThing',6875)
COMMIT
INSERT INTO FIVEWIDETABLE VALUES('2013-02-27 11:27:56.472000','','Good','Widgit',6876)
COMMIT
INSERT INTO FIVEWIDETABLE VALUES('2013-02-27 11:27:56.472000','WindowsME_BROKE','Warning','flashyThing',6877)
COMMIT
INSERT INTO FIVEWIDETABLE VALUES('2013-02-27 11:27:56.472000','Partial','Problem','Widgit',6878)
COMMIT
INSERT INTO FIVEWIDETABLE VALUES('2013-02-27 11:27:56.472000','','Good','flashyThing',6879)
COMMIT
INSERT INTO FIVEWIDETABLE VALUES('2013-02-27 11:27:56.472000','Partial','Warning','Widgit',6880)
COMMIT
INSERT INTO FIVEWIDETABLE VALUES('2013-02-27 11:27:56.472000','WindowsME_BROKE','Problem','flashyThing',6881)
COMMIT
INSERT INTO FIVEWIDETABLE VALUES('2013-02-27 11:27:56.472000','','Good','Widgit',6882)
COMMIT
INSERT INTO FIVEWIDETABLE VALUES('2013-02-27 11:27:56.472000','WindowsME_BROKE','Warning','flashyThing',6883)
COMMIT
INSERT INTO FIVEWIDETABLE VALUES('2013-02-27 11:27:56.472000','Partial','Problem','Widgit',6884)
COMMIT
INSERT INTO FIVEWIDETABLE VALUES('2013-02-27 11:27:56.472000','','Good','flashyThing',6885)
COMMIT
INSERT INTO FIVEWIDETABLE VALUES('2013-02-27 11:27:56.472000','Partial','Warning','Widgit',6886)
COMMIT
INSERT INTO FIVEWIDETABLE VALUES('2013-02-27 11:27:56.472000','WindowsME_BROKE','Problem','flashyThing',6887)
COMMIT
INSERT INTO FIVEWIDETABLE VALUES('2013-02-27 11:27:56.473000','','Good','Widgit',6888)
COMMIT
INSERT INTO FIVEWIDETABLE VALUES('2013-02-27 11:27:56.473000','WindowsME_BROKE','Warning','flashyThing',6889)
COMMIT
INSERT INTO FIVEWIDETABLE VALUES('2013-02-27 11:27:56.473000','Partial','Problem','Widgit',6890)
COMMIT
INSERT INTO FIVEWIDETABLE VALUES('2013-02-27 11:27:56.473000','','Good','flashyThing',6891)
COMMIT
INSERT INTO FIVEWIDETABLE VALUES('2013-02-27 11:27:56.473000','Partial','Warning','Widgit',6892)
COMMIT
INSERT INTO FIVEWIDETABLE VALUES('2013-02-27 11:27:56.473000','WindowsME_BROKE','Problem','flashyThing',6893)
COMMIT
INSERT INTO FIVEWIDETABLE VALUES('2013-02-27 11:27:56.473000','','Good','Widgit',6894)
COMMIT
INSERT INTO FIVEWIDETABLE VALUES('2013-02-27 11:27:56.473000','WindowsME_BROKE','Warning','flashyThing',6895)
COMMIT
INSERT INTO FIVEWIDETABLE VALUES('2013-02-27 11:27:56.473000','Partial','Problem','Widgit',6896)
COMMIT
INSERT INTO FIVEWIDETABLE VALUES('2013-02-27 11:27:56.473000','','Good','flashyThing',6897)
COMMIT
INSERT INTO FIVEWIDETABLE VALUES('2013-02-27 11:27:56.473000','Partial','Warning','Widgit',6898)
COMMIT
INSERT INTO FIVEWIDETABLE VALUES('2013-02-27 11:27:56.473000','WindowsME_BROKE','Problem','flashyThing',6899)
COMMIT
INSERT INTO FIVEWIDETABLE VALUES('2013-02-27 11:27:56.473000','','Good','Widgit',6900)
COMMIT
INSERT INTO FIVEWIDETABLE VALUES('2013-02-27 11:27:56.474000','WindowsME_BROKE','Warning','flashyThing',6901)
COMMIT
INSERT INTO FIVEWIDETABLE VALUES('2013-02-27 11:27:56.474000','Partial','Problem','Widgit',6902)
COMMIT
INSERT INTO FIVEWIDETABLE VALUES('2013-02-27 11:27:56.474000','','Good','flashyThing',6903)
COMMIT
INSERT INTO FIVEWIDETABLE VALUES('2013-02-27 11:27:56.474000','Partial','Warning','Widgit',6904)
COMMIT
INSERT INTO FIVEWIDETABLE VALUES('2013-02-27 11:27:56.474000','WindowsME_BROKE','Problem','flashyThing',6905)
COMMIT
INSERT INTO FIVEWIDETABLE VALUES('2013-02-27 11:27:56.474000','','Good','Widgit',6906)
COMMIT
INSERT INTO FIVEWIDETABLE VALUES('2013-02-27 11:27:56.474000','WindowsME_BROKE','Warning','flashyThing',6907)
COMMIT
INSERT INTO FIVEWIDETABLE VALUES('2013-02-27 11:27:56.474000','Partial','Problem','Widgit',6908)
COMMIT
INSERT INTO FIVEWIDETABLE VALUES('2013-02-27 11:27:56.474000','','Good','flashyThing',6909)
COMMIT
INSERT INTO FIVEWIDETABLE VALUES('2013-02-27 11:27:56.474000','Partial','Warning','Widgit',6910)
COMMIT
INSERT INTO FIVEWIDETABLE VALUES('2013-02-27 11:27:56.474000','WindowsME_BROKE','Problem','flashyThing',6911)
COMMIT
INSERT INTO FIVEWIDETABLE VALUES('2013-02-27 11:27:56.474000','','Good','Widgit',6912)
COMMIT
INSERT INTO FIVEWIDETABLE VALUES('2013-02-27 11:27:56.474000','WindowsME_BROKE','Warning','flashyThing',6913)
COMMIT
INSERT INTO FIVEWIDETABLE VALUES('2013-02-27 11:27:56.474000','Partial','Problem','Widgit',6914)
COMMIT
INSERT INTO FIVEWIDETABLE VALUES('2013-02-27 11:27:56.474000','','Good','flashyThing',6915)
COMMIT
INSERT INTO FIVEWIDETABLE VALUES('2013-02-27 11:27:56.474000','Partial','Warning','Widgit',6916)
COMMIT
INSERT INTO FIVEWIDETABLE VALUES('2013-02-27 11:27:56.475000','WindowsME_BROKE','Problem','flashyThing',6917)
COMMIT
INSERT INTO FIVEWIDETABLE VALUES('2013-02-27 11:27:56.475000','','Good','Widgit',6918)
COMMIT
INSERT INTO FIVEWIDETABLE VALUES('2013-02-27 11:27:56.475000','WindowsME_BROKE','Warning','flashyThing',6919)
COMMIT
INSERT INTO FIVEWIDETABLE VALUES('2013-02-27 11:27:56.475000','Partial','Problem','Widgit',6920)
COMMIT
INSERT INTO FIVEWIDETABLE VALUES('2013-02-27 11:27:56.475000','','Good','flashyThing',6921)
COMMIT
INSERT INTO FIVEWIDETABLE VALUES('2013-02-27 11:27:56.475000','Partial','Warning','Widgit',6922)
COMMIT
INSERT INTO FIVEWIDETABLE VALUES('2013-02-27 11:27:56.475000','WindowsME_BROKE','Problem','flashyThing',6923)
COMMIT
INSERT INTO FIVEWIDETABLE VALUES('2013-02-27 11:27:56.475000','','Good','Widgit',6924)
COMMIT
INSERT INTO FIVEWIDETABLE VALUES('2013-02-27 11:27:56.475000','WindowsME_BROKE','Warning','flashyThing',6925)
COMMIT
INSERT INTO FIVEWIDETABLE VALUES('2013-02-27 11:27:56.475000','Partial','Problem','Widgit',6926)
COMMIT
INSERT INTO FIVEWIDETABLE VALUES('2013-02-27 11:27:56.475000','','Good','flashyThing',6927)
COMMIT
INSERT INTO FIVEWIDETABLE VALUES('2013-02-27 11:27:56.475000','Partial','Warning','Widgit',6928)
COMMIT
INSERT INTO FIVEWIDETABLE VALUES('2013-02-27 11:27:56.475000','WindowsME_BROKE','Problem','flashyThing',6929)
COMMIT
INSERT INTO FIVEWIDETABLE VALUES('2013-02-27 11:27:56.475000','','Good','Widgit',6930)
COMMIT
INSERT INTO FIVEWIDETABLE VALUES('2013-02-27 11:27:56.475000','WindowsME_BROKE','Warning','flashyThing',6931)
COMMIT
INSERT INTO FIVEWIDETABLE VALUES('2013-02-27 11:27:56.475000','Partial','Problem','Widgit',6932)
COMMIT
INSERT INTO FIVEWIDETABLE VALUES('2013-02-27 11:27:56.475000','','Good','flashyThing',6933)
COMMIT
INSERT INTO FIVEWIDETABLE VALUES('2013-02-27 11:27:56.476000','Partial','Warning','Widgit',6934)
COMMIT
INSERT INTO FIVEWIDETABLE VALUES('2013-02-27 11:27:56.476000','WindowsME_BROKE','Problem','flashyThing',6935)
COMMIT
INSERT INTO FIVEWIDETABLE VALUES('2013-02-27 11:27:56.476000','','Good','Widgit',6936)
COMMIT
INSERT INTO FIVEWIDETABLE VALUES('2013-02-27 11:27:56.476000','WindowsME_BROKE','Warning','flashyThing',6937)
COMMIT
INSERT INTO FIVEWIDETABLE VALUES('2013-02-27 11:27:56.476000','Partial','Problem','Widgit',6938)
COMMIT
INSERT INTO FIVEWIDETABLE VALUES('2013-02-27 11:27:56.476000','','Good','flashyThing',6939)
COMMIT
INSERT INTO FIVEWIDETABLE VALUES('2013-02-27 11:27:56.476000','Partial','Warning','Widgit',6940)
COMMIT
INSERT INTO FIVEWIDETABLE VALUES('2013-02-27 11:27:56.476000','WindowsME_BROKE','Problem','flashyThing',6941)
COMMIT
INSERT INTO FIVEWIDETABLE VALUES('2013-02-27 11:27:56.476000','','Good','Widgit',6942)
COMMIT
INSERT INTO FIVEWIDETABLE VALUES('2013-02-27 11:27:56.476000','WindowsME_BROKE','Warning','flashyThing',6943)
COMMIT
INSERT INTO FIVEWIDETABLE VALUES('2013-02-27 11:27:56.476000','Partial','Problem','Widgit',6944)
COMMIT
INSERT INTO FIVEWIDETABLE VALUES('2013-02-27 11:27:56.476000','','Good','flashyThing',6945)
COMMIT
INSERT INTO FIVEWIDETABLE VALUES('2013-02-27 11:27:56.476000','Partial','Warning','Widgit',6946)
COMMIT
INSERT INTO FIVEWIDETABLE VALUES('2013-02-27 11:27:56.476000','WindowsME_BROKE','Problem','flashyThing',6947)
COMMIT
INSERT INTO FIVEWIDETABLE VALUES('2013-02-27 11:27:56.476000','','Good','Widgit',6948)
COMMIT
INSERT INTO FIVEWIDETABLE VALUES('2013-02-27 11:27:56.477000','WindowsME_BROKE','Warning','flashyThing',6949)
COMMIT
INSERT INTO FIVEWIDETABLE VALUES('2013-02-27 11:27:56.477000','Partial','Problem','Widgit',6950)
COMMIT
INSERT INTO FIVEWIDETABLE VALUES('2013-02-27 11:27:56.477000','','Good','flashyThing',6951)
COMMIT
INSERT INTO FIVEWIDETABLE VALUES('2013-02-27 11:27:56.477000','Partial','Warning','Widgit',6952)
COMMIT
INSERT INTO FIVEWIDETABLE VALUES('2013-02-27 11:27:56.477000','WindowsME_BROKE','Problem','flashyThing',6953)
COMMIT
INSERT INTO FIVEWIDETABLE VALUES('2013-02-27 11:27:56.477000','','Good','Widgit',6954)
COMMIT
INSERT INTO FIVEWIDETABLE VALUES('2013-02-27 11:27:56.477000','WindowsME_BROKE','Warning','flashyThing',6955)
COMMIT
INSERT INTO FIVEWIDETABLE VALUES('2013-02-27 11:27:56.477000','Partial','Problem','Widgit',6956)
COMMIT
INSERT INTO FIVEWIDETABLE VALUES('2013-02-27 11:27:56.477000','','Good','flashyThing',6957)
COMMIT
INSERT INTO FIVEWIDETABLE VALUES('2013-02-27 11:27:56.477000','Partial','Warning','Widgit',6958)
COMMIT
INSERT INTO FIVEWIDETABLE VALUES('2013-02-27 11:27:56.477000','WindowsME_BROKE','Problem','flashyThing',6959)
COMMIT
INSERT INTO FIVEWIDETABLE VALUES('2013-02-27 11:27:56.477000','','Good','Widgit',6960)
COMMIT
INSERT INTO FIVEWIDETABLE VALUES('2013-02-27 11:27:56.477000','WindowsME_BROKE','Warning','flashyThing',6961)
COMMIT
INSERT INTO FIVEWIDETABLE VALUES('2013-02-27 11:27:56.477000','Partial','Problem','Widgit',6962)
COMMIT
INSERT INTO FIVEWIDETABLE VALUES('2013-02-27 11:27:56.477000','','Good','flashyThing',6963)
COMMIT
INSERT INTO FIVEWIDETABLE VALUES('2013-02-27 11:27:56.477000','Partial','Warning','Widgit',6964)
COMMIT
INSERT INTO FIVEWIDETABLE VALUES('2013-02-27 11:27:56.478000','WindowsME_BROKE','Problem','flashyThing',6965)
COMMIT
INSERT INTO FIVEWIDETABLE VALUES('2013-02-27 11:27:56.478000','','Good','Widgit',6966)
COMMIT
INSERT INTO FIVEWIDETABLE VALUES('2013-02-27 11:27:56.478000','WindowsME_BROKE','Warning','flashyThing',6967)
COMMIT
INSERT INTO FIVEWIDETABLE VALUES('2013-02-27 11:27:56.478000','Partial','Problem','Widgit',6968)
COMMIT
INSERT INTO FIVEWIDETABLE VALUES('2013-02-27 11:27:56.478000','','Good','flashyThing',6969)
COMMIT
INSERT INTO FIVEWIDETABLE VALUES('2013-02-27 11:27:56.478000','Partial','Warning','Widgit',6970)
COMMIT
INSERT INTO FIVEWIDETABLE VALUES('2013-02-27 11:27:56.478000','WindowsME_BROKE','Problem','flashyThing',6971)
COMMIT
INSERT INTO FIVEWIDETABLE VALUES('2013-02-27 11:27:56.478000','','Good','Widgit',6972)
COMMIT
INSERT INTO FIVEWIDETABLE VALUES('2013-02-27 11:27:56.478000','WindowsME_BROKE','Warning','flashyThing',6973)
COMMIT
INSERT INTO FIVEWIDETABLE VALUES('2013-02-27 11:27:56.478000','Partial','Problem','Widgit',6974)
COMMIT
INSERT INTO FIVEWIDETABLE VALUES('2013-02-27 11:27:56.478000','','Good','flashyThing',6975)
COMMIT
INSERT INTO FIVEWIDETABLE VALUES('2013-02-27 11:27:56.478000','Partial','Warning','Widgit',6976)
COMMIT
INSERT INTO FIVEWIDETABLE VALUES('2013-02-27 11:27:56.478000','WindowsME_BROKE','Problem','flashyThing',6977)
COMMIT
INSERT INTO FIVEWIDETABLE VALUES('2013-02-27 11:27:56.478000','','Good','Widgit',6978)
COMMIT
INSERT INTO FIVEWIDETABLE VALUES('2013-02-27 11:27:56.478000','WindowsME_BROKE','Warning','flashyThing',6979)
COMMIT
INSERT INTO FIVEWIDETABLE VALUES('2013-02-27 11:27:56.478000','Partial','Problem','Widgit',6980)
COMMIT
INSERT INTO FIVEWIDETABLE VALUES('2013-02-27 11:27:56.478000','','Good','flashyThing',6981)
COMMIT
INSERT INTO FIVEWIDETABLE VALUES('2013-02-27 11:27:56.479000','Partial','Warning','Widgit',6982)
COMMIT
INSERT INTO FIVEWIDETABLE VALUES('2013-02-27 11:27:56.479000','WindowsME_BROKE','Problem','flashyThing',6983)
COMMIT
INSERT INTO FIVEWIDETABLE VALUES('2013-02-27 11:27:56.479000','','Good','Widgit',6984)
COMMIT
INSERT INTO FIVEWIDETABLE VALUES('2013-02-27 11:27:56.479000','WindowsME_BROKE','Warning','flashyThing',6985)
COMMIT
INSERT INTO FIVEWIDETABLE VALUES('2013-02-27 11:27:56.479000','Partial','Problem','Widgit',6986)
COMMIT
INSERT INTO FIVEWIDETABLE VALUES('2013-02-27 11:27:56.479000','','Good','flashyThing',6987)
COMMIT
INSERT INTO FIVEWIDETABLE VALUES('2013-02-27 11:27:56.479000','Partial','Warning','Widgit',6988)
COMMIT
INSERT INTO FIVEWIDETABLE VALUES('2013-02-27 11:27:56.479000','WindowsME_BROKE','Problem','flashyThing',6989)
COMMIT
INSERT INTO FIVEWIDETABLE VALUES('2013-02-27 11:27:56.479000','','Good','Widgit',6990)
COMMIT
INSERT INTO FIVEWIDETABLE VALUES('2013-02-27 11:27:56.479000','WindowsME_BROKE','Warning','flashyThing',6991)
COMMIT
INSERT INTO FIVEWIDETABLE VALUES('2013-02-27 11:27:56.479000','Partial','Problem','Widgit',6992)
COMMIT
INSERT INTO FIVEWIDETABLE VALUES('2013-02-27 11:27:56.479000','','Good','flashyThing',6993)
COMMIT
INSERT INTO FIVEWIDETABLE VALUES('2013-02-27 11:27:56.479000','Partial','Warning','Widgit',6994)
COMMIT
INSERT INTO FIVEWIDETABLE VALUES('2013-02-27 11:27:56.479000','WindowsME_BROKE','Problem','flashyThing',6995)
COMMIT
INSERT INTO FIVEWIDETABLE VALUES('2013-02-27 11:27:56.479000','','Good','Widgit',6996)
COMMIT
INSERT INTO FIVEWIDETABLE VALUES('2013-02-27 11:27:56.479000','WindowsME_BROKE','Warning','flashyThing',6997)
COMMIT
INSERT INTO FIVEWIDETABLE VALUES('2013-02-27 11:27:56.480000','Partial','Problem','Widgit',6998)
COMMIT
INSERT INTO FIVEWIDETABLE VALUES('2013-02-27 11:27:56.480000','','Good','flashyThing',6999)
COMMIT
INSERT INTO FIVEWIDETABLE VALUES('2013-02-27 11:27:56.480000','Partial','Warning','Widgit',7000)
COMMIT
INSERT INTO FIVEWIDETABLE VALUES('2013-02-27 11:27:56.480000','WindowsME_BROKE','Problem','flashyThing',7001)
COMMIT
INSERT INTO FIVEWIDETABLE VALUES('2013-02-27 11:27:56.480000','','Good','Widgit',7002)
COMMIT
INSERT INTO FIVEWIDETABLE VALUES('2013-02-27 11:27:56.480000','WindowsME_BROKE','Warning','flashyThing',7003)
COMMIT
INSERT INTO FIVEWIDETABLE VALUES('2013-02-27 11:27:56.480000','Partial','Problem','Widgit',7004)
COMMIT
INSERT INTO FIVEWIDETABLE VALUES('2013-02-27 11:27:56.480000','','Good','flashyThing',7005)
COMMIT
INSERT INTO FIVEWIDETABLE VALUES('2013-02-27 11:27:56.480000','Partial','Warning','Widgit',7006)
COMMIT
INSERT INTO FIVEWIDETABLE VALUES('2013-02-27 11:27:56.480000','WindowsME_BROKE','Problem','flashyThing',7007)
COMMIT
INSERT INTO FIVEWIDETABLE VALUES('2013-02-27 11:27:56.480000','','Good','Widgit',7008)
COMMIT
INSERT INTO FIVEWIDETABLE VALUES('2013-02-27 11:27:56.480000','WindowsME_BROKE','Warning','flashyThing',7009)
COMMIT
INSERT INTO FIVEWIDETABLE VALUES('2013-02-27 11:27:56.480000','Partial','Problem','Widgit',7010)
COMMIT
INSERT INTO FIVEWIDETABLE VALUES('2013-02-27 11:27:56.480000','','Good','flashyThing',7011)
COMMIT
INSERT INTO FIVEWIDETABLE VALUES('2013-02-27 11:27:56.480000','Partial','Warning','Widgit',7012)
COMMIT
INSERT INTO FIVEWIDETABLE VALUES('2013-02-27 11:27:56.480000','WindowsME_BROKE','Problem','flashyThing',7013)
COMMIT
INSERT INTO FIVEWIDETABLE VALUES('2013-02-27 11:27:56.481000','','Good','Widgit',7014)
COMMIT
INSERT INTO FIVEWIDETABLE VALUES('2013-02-27 11:27:56.481000','WindowsME_BROKE','Warning','flashyThing',7015)
COMMIT
INSERT INTO FIVEWIDETABLE VALUES('2013-02-27 11:27:56.481000','Partial','Problem','Widgit',7016)
COMMIT
INSERT INTO FIVEWIDETABLE VALUES('2013-02-27 11:27:56.481000','','Good','flashyThing',7017)
COMMIT
INSERT INTO FIVEWIDETABLE VALUES('2013-02-27 11:27:56.481000','Partial','Warning','Widgit',7018)
COMMIT
INSERT INTO FIVEWIDETABLE VALUES('2013-02-27 11:27:56.481000','WindowsME_BROKE','Problem','flashyThing',7019)
COMMIT
INSERT INTO FIVEWIDETABLE VALUES('2013-02-27 11:27:56.481000','','Good','Widgit',7020)
COMMIT
INSERT INTO FIVEWIDETABLE VALUES('2013-02-27 11:27:56.481000','WindowsME_BROKE','Warning','flashyThing',7021)
COMMIT
INSERT INTO FIVEWIDETABLE VALUES('2013-02-27 11:27:56.481000','Partial','Problem','Widgit',7022)
COMMIT
INSERT INTO FIVEWIDETABLE VALUES('2013-02-27 11:27:56.481000','','Good','flashyThing',7023)
COMMIT
INSERT INTO FIVEWIDETABLE VALUES('2013-02-27 11:27:56.481000','Partial','Warning','Widgit',7024)
COMMIT
INSERT INTO FIVEWIDETABLE VALUES('2013-02-27 11:27:56.481000','WindowsME_BROKE','Problem','flashyThing',7025)
COMMIT
INSERT INTO FIVEWIDETABLE VALUES('2013-02-27 11:27:56.481000','','Good','Widgit',7026)
COMMIT
INSERT INTO FIVEWIDETABLE VALUES('2013-02-27 11:27:56.481000','WindowsME_BROKE','Warning','flashyThing',7027)
COMMIT
INSERT INTO FIVEWIDETABLE VALUES('2013-02-27 11:27:56.481000','Partial','Problem','Widgit',7028)
COMMIT
INSERT INTO FIVEWIDETABLE VALUES('2013-02-27 11:27:56.481000','','Good','flashyThing',7029)
COMMIT
INSERT INTO FIVEWIDETABLE VALUES('2013-02-27 11:27:56.482000','Partial','Warning','Widgit',7030)
COMMIT
INSERT INTO FIVEWIDETABLE VALUES('2013-02-27 11:27:56.482000','WindowsME_BROKE','Problem','flashyThing',7031)
COMMIT
INSERT INTO FIVEWIDETABLE VALUES('2013-02-27 11:27:56.482000','','Good','Widgit',7032)
COMMIT
INSERT INTO FIVEWIDETABLE VALUES('2013-02-27 11:27:56.482000','WindowsME_BROKE','Warning','flashyThing',7033)
COMMIT
INSERT INTO FIVEWIDETABLE VALUES('2013-02-27 11:27:56.482000','Partial','Problem','Widgit',7034)
COMMIT
INSERT INTO FIVEWIDETABLE VALUES('2013-02-27 11:27:56.482000','','Good','flashyThing',7035)
COMMIT
INSERT INTO FIVEWIDETABLE VALUES('2013-02-27 11:27:56.482000','Partial','Warning','Widgit',7036)
COMMIT
INSERT INTO FIVEWIDETABLE VALUES('2013-02-27 11:27:56.482000','WindowsME_BROKE','Problem','flashyThing',7037)
COMMIT
INSERT INTO FIVEWIDETABLE VALUES('2013-02-27 11:27:56.482000','','Good','Widgit',7038)
COMMIT
INSERT INTO FIVEWIDETABLE VALUES('2013-02-27 11:27:56.482000','WindowsME_BROKE','Warning','flashyThing',7039)
COMMIT
INSERT INTO FIVEWIDETABLE VALUES('2013-02-27 11:27:56.482000','Partial','Problem','Widgit',7040)
COMMIT
INSERT INTO FIVEWIDETABLE VALUES('2013-02-27 11:27:56.482000','','Good','flashyThing',7041)
COMMIT
INSERT INTO FIVEWIDETABLE VALUES('2013-02-27 11:27:56.482000','Partial','Warning','Widgit',7042)
COMMIT
INSERT INTO FIVEWIDETABLE VALUES('2013-02-27 11:27:56.482000','WindowsME_BROKE','Problem','flashyThing',7043)
COMMIT
INSERT INTO FIVEWIDETABLE VALUES('2013-02-27 11:27:56.482000','','Good','Widgit',7044)
COMMIT
INSERT INTO FIVEWIDETABLE VALUES('2013-02-27 11:27:56.482000','WindowsME_BROKE','Warning','flashyThing',7045)
COMMIT
INSERT INTO FIVEWIDETABLE VALUES('2013-02-27 11:27:56.483000','Partial','Problem','Widgit',7046)
COMMIT
INSERT INTO FIVEWIDETABLE VALUES('2013-02-27 11:27:56.483000','','Good','flashyThing',7047)
COMMIT
INSERT INTO FIVEWIDETABLE VALUES('2013-02-27 11:27:56.483000','Partial','Warning','Widgit',7048)
COMMIT
INSERT INTO FIVEWIDETABLE VALUES('2013-02-27 11:27:56.483000','WindowsME_BROKE','Problem','flashyThing',7049)
COMMIT
INSERT INTO FIVEWIDETABLE VALUES('2013-02-27 11:27:56.483000','','Good','Widgit',7050)
COMMIT
INSERT INTO FIVEWIDETABLE VALUES('2013-02-27 11:27:56.483000','WindowsME_BROKE','Warning','flashyThing',7051)
COMMIT
INSERT INTO FIVEWIDETABLE VALUES('2013-02-27 11:27:56.483000','Partial','Problem','Widgit',7052)
COMMIT
INSERT INTO FIVEWIDETABLE VALUES('2013-02-27 11:27:56.483000','','Good','flashyThing',7053)
COMMIT
INSERT INTO FIVEWIDETABLE VALUES('2013-02-27 11:27:56.483000','Partial','Warning','Widgit',7054)
COMMIT
INSERT INTO FIVEWIDETABLE VALUES('2013-02-27 11:27:56.483000','WindowsME_BROKE','Problem','flashyThing',7055)
COMMIT
INSERT INTO FIVEWIDETABLE VALUES('2013-02-27 11:27:56.483000','','Good','Widgit',7056)
COMMIT
INSERT INTO FIVEWIDETABLE VALUES('2013-02-27 11:27:56.483000','WindowsME_BROKE','Warning','flashyThing',7057)
COMMIT
INSERT INTO FIVEWIDETABLE VALUES('2013-02-27 11:27:56.483000','Partial','Problem','Widgit',7058)
COMMIT
INSERT INTO FIVEWIDETABLE VALUES('2013-02-27 11:27:56.483000','','Good','flashyThing',7059)
COMMIT
INSERT INTO FIVEWIDETABLE VALUES('2013-02-27 11:27:56.483000','Partial','Warning','Widgit',7060)
COMMIT
INSERT INTO FIVEWIDETABLE VALUES('2013-02-27 11:27:56.483000','WindowsME_BROKE','Problem','flashyThing',7061)
COMMIT
INSERT INTO FIVEWIDETABLE VALUES('2013-02-27 11:27:56.484000','','Good','Widgit',7062)
COMMIT
INSERT INTO FIVEWIDETABLE VALUES('2013-02-27 11:27:56.484000','WindowsME_BROKE','Warning','flashyThing',7063)
COMMIT
INSERT INTO FIVEWIDETABLE VALUES('2013-02-27 11:27:56.484000','Partial','Problem','Widgit',7064)
COMMIT
INSERT INTO FIVEWIDETABLE VALUES('2013-02-27 11:27:56.484000','','Good','flashyThing',7065)
COMMIT
INSERT INTO FIVEWIDETABLE VALUES('2013-02-27 11:27:56.484000','Partial','Warning','Widgit',7066)
COMMIT
INSERT INTO FIVEWIDETABLE VALUES('2013-02-27 11:27:56.484000','WindowsME_BROKE','Problem','flashyThing',7067)
COMMIT
INSERT INTO FIVEWIDETABLE VALUES('2013-02-27 11:27:56.484000','','Good','Widgit',7068)
COMMIT
INSERT INTO FIVEWIDETABLE VALUES('2013-02-27 11:27:56.484000','WindowsME_BROKE','Warning','flashyThing',7069)
COMMIT
INSERT INTO FIVEWIDETABLE VALUES('2013-02-27 11:27:56.484000','Partial','Problem','Widgit',7070)
COMMIT
INSERT INTO FIVEWIDETABLE VALUES('2013-02-27 11:27:56.484000','','Good','flashyThing',7071)
COMMIT
INSERT INTO FIVEWIDETABLE VALUES('2013-02-27 11:27:56.484000','Partial','Warning','Widgit',7072)
COMMIT
INSERT INTO FIVEWIDETABLE VALUES('2013-02-27 11:27:56.484000','WindowsME_BROKE','Problem','flashyThing',7073)
COMMIT
INSERT INTO FIVEWIDETABLE VALUES('2013-02-27 11:27:56.484000','','Good','Widgit',7074)
COMMIT
INSERT INTO FIVEWIDETABLE VALUES('2013-02-27 11:27:56.484000','WindowsME_BROKE','Warning','flashyThing',7075)
COMMIT
INSERT INTO FIVEWIDETABLE VALUES('2013-02-27 11:27:56.484000','Partial','Problem','Widgit',7076)
COMMIT
INSERT INTO FIVEWIDETABLE VALUES('2013-02-27 11:27:56.484000','','Good','flashyThing',7077)
COMMIT
INSERT INTO FIVEWIDETABLE VALUES('2013-02-27 11:27:56.485000','Partial','Warning','Widgit',7078)
COMMIT
INSERT INTO FIVEWIDETABLE VALUES('2013-02-27 11:27:56.485000','WindowsME_BROKE','Problem','flashyThing',7079)
COMMIT
INSERT INTO FIVEWIDETABLE VALUES('2013-02-27 11:27:56.485000','','Good','Widgit',7080)
COMMIT
INSERT INTO FIVEWIDETABLE VALUES('2013-02-27 11:27:56.485000','WindowsME_BROKE','Warning','flashyThing',7081)
COMMIT
INSERT INTO FIVEWIDETABLE VALUES('2013-02-27 11:27:56.485000','Partial','Problem','Widgit',7082)
COMMIT
INSERT INTO FIVEWIDETABLE VALUES('2013-02-27 11:27:56.485000','','Good','flashyThing',7083)
COMMIT
INSERT INTO FIVEWIDETABLE VALUES('2013-02-27 11:27:56.485000','Partial','Warning','Widgit',7084)
COMMIT
INSERT INTO FIVEWIDETABLE VALUES('2013-02-27 11:27:56.485000','WindowsME_BROKE','Problem','flashyThing',7085)
COMMIT
INSERT INTO FIVEWIDETABLE VALUES('2013-02-27 11:27:56.485000','','Good','Widgit',7086)
COMMIT
INSERT INTO FIVEWIDETABLE VALUES('2013-02-27 11:27:56.485000','WindowsME_BROKE','Warning','flashyThing',7087)
COMMIT
INSERT INTO FIVEWIDETABLE VALUES('2013-02-27 11:27:56.485000','Partial','Problem','Widgit',7088)
COMMIT
INSERT INTO FIVEWIDETABLE VALUES('2013-02-27 11:27:56.485000','','Good','flashyThing',7089)
COMMIT
INSERT INTO FIVEWIDETABLE VALUES('2013-02-27 11:27:56.485000','Partial','Warning','Widgit',7090)
COMMIT
INSERT INTO FIVEWIDETABLE VALUES('2013-02-27 11:27:56.485000','WindowsME_BROKE','Problem','flashyThing',7091)
COMMIT
INSERT INTO FIVEWIDETABLE VALUES('2013-02-27 11:27:56.485000','','Good','Widgit',7092)
COMMIT
INSERT INTO FIVEWIDETABLE VALUES('2013-02-27 11:27:56.485000','WindowsME_BROKE','Warning','flashyThing',7093)
COMMIT
INSERT INTO FIVEWIDETABLE VALUES('2013-02-27 11:27:56.485000','Partial','Problem','Widgit',7094)
COMMIT
INSERT INTO FIVEWIDETABLE VALUES('2013-02-27 11:27:56.486000','','Good','flashyThing',7095)
COMMIT
INSERT INTO FIVEWIDETABLE VALUES('2013-02-27 11:27:56.486000','Partial','Warning','Widgit',7096)
COMMIT
INSERT INTO FIVEWIDETABLE VALUES('2013-02-27 11:27:56.486000','WindowsME_BROKE','Problem','flashyThing',7097)
COMMIT
INSERT INTO FIVEWIDETABLE VALUES('2013-02-27 11:27:56.486000','','Good','Widgit',7098)
COMMIT
INSERT INTO FIVEWIDETABLE VALUES('2013-02-27 11:27:56.486000','WindowsME_BROKE','Warning','flashyThing',7099)
COMMIT
INSERT INTO FIVEWIDETABLE VALUES('2013-02-27 11:27:56.486000','Partial','Problem','Widgit',7100)
COMMIT
INSERT INTO FIVEWIDETABLE VALUES('2013-02-27 11:27:56.486000','','Good','flashyThing',7101)
COMMIT
INSERT INTO FIVEWIDETABLE VALUES('2013-02-27 11:27:56.486000','Partial','Warning','Widgit',7102)
COMMIT
INSERT INTO FIVEWIDETABLE VALUES('2013-02-27 11:27:56.486000','WindowsME_BROKE','Problem','flashyThing',7103)
COMMIT
INSERT INTO FIVEWIDETABLE VALUES('2013-02-27 11:27:56.486000','','Good','Widgit',7104)
COMMIT
INSERT INTO FIVEWIDETABLE VALUES('2013-02-27 11:27:56.486000','WindowsME_BROKE','Warning','flashyThing',7105)
COMMIT
INSERT INTO FIVEWIDETABLE VALUES('2013-02-27 11:27:56.486000','Partial','Problem','Widgit',7106)
COMMIT
INSERT INTO FIVEWIDETABLE VALUES('2013-02-27 11:27:56.486000','','Good','flashyThing',7107)
COMMIT
INSERT INTO FIVEWIDETABLE VALUES('2013-02-27 11:27:56.486000','Partial','Warning','Widgit',7108)
COMMIT
INSERT INTO FIVEWIDETABLE VALUES('2013-02-27 11:27:56.486000','WindowsME_BROKE','Problem','flashyThing',7109)
COMMIT
INSERT INTO FIVEWIDETABLE VALUES('2013-02-27 11:27:56.486000','','Good','Widgit',7110)
COMMIT
INSERT INTO FIVEWIDETABLE VALUES('2013-02-27 11:27:56.487000','WindowsME_BROKE','Warning','flashyThing',7111)
COMMIT
INSERT INTO FIVEWIDETABLE VALUES('2013-02-27 11:27:56.487000','Partial','Problem','Widgit',7112)
COMMIT
INSERT INTO FIVEWIDETABLE VALUES('2013-02-27 11:27:56.487000','','Good','flashyThing',7113)
COMMIT
INSERT INTO FIVEWIDETABLE VALUES('2013-02-27 11:27:56.487000','Partial','Warning','Widgit',7114)
COMMIT
INSERT INTO FIVEWIDETABLE VALUES('2013-02-27 11:27:56.487000','WindowsME_BROKE','Problem','flashyThing',7115)
COMMIT
INSERT INTO FIVEWIDETABLE VALUES('2013-02-27 11:27:56.487000','','Good','Widgit',7116)
COMMIT
INSERT INTO FIVEWIDETABLE VALUES('2013-02-27 11:27:56.487000','WindowsME_BROKE','Warning','flashyThing',7117)
COMMIT
INSERT INTO FIVEWIDETABLE VALUES('2013-02-27 11:27:56.487000','Partial','Problem','Widgit',7118)
COMMIT
INSERT INTO FIVEWIDETABLE VALUES('2013-02-27 11:27:56.487000','','Good','flashyThing',7119)
COMMIT
INSERT INTO FIVEWIDETABLE VALUES('2013-02-27 11:27:56.487000','Partial','Warning','Widgit',7120)
COMMIT
INSERT INTO FIVEWIDETABLE VALUES('2013-02-27 11:27:56.487000','WindowsME_BROKE','Problem','flashyThing',7121)
COMMIT
INSERT INTO FIVEWIDETABLE VALUES('2013-02-27 11:27:56.487000','','Good','Widgit',7122)
COMMIT
INSERT INTO FIVEWIDETABLE VALUES('2013-02-27 11:27:56.487000','WindowsME_BROKE','Warning','flashyThing',7123)
COMMIT
INSERT INTO FIVEWIDETABLE VALUES('2013-02-27 11:27:56.487000','Partial','Problem','Widgit',7124)
COMMIT
INSERT INTO FIVEWIDETABLE VALUES('2013-02-27 11:27:56.487000','','Good','flashyThing',7125)
COMMIT
INSERT INTO FIVEWIDETABLE VALUES('2013-02-27 11:27:56.488000','Partial','Warning','Widgit',7126)
COMMIT
INSERT INTO FIVEWIDETABLE VALUES('2013-02-27 11:27:56.488000','WindowsME_BROKE','Problem','flashyThing',7127)
COMMIT
INSERT INTO FIVEWIDETABLE VALUES('2013-02-27 11:27:56.488000','','Good','Widgit',7128)
COMMIT
INSERT INTO FIVEWIDETABLE VALUES('2013-02-27 11:27:56.488000','WindowsME_BROKE','Warning','flashyThing',7129)
COMMIT
INSERT INTO FIVEWIDETABLE VALUES('2013-02-27 11:27:56.488000','Partial','Problem','Widgit',7130)
COMMIT
INSERT INTO FIVEWIDETABLE VALUES('2013-02-27 11:27:56.488000','','Good','flashyThing',7131)
COMMIT
INSERT INTO FIVEWIDETABLE VALUES('2013-02-27 11:27:56.488000','Partial','Warning','Widgit',7132)
COMMIT
INSERT INTO FIVEWIDETABLE VALUES('2013-02-27 11:27:56.488000','WindowsME_BROKE','Problem','flashyThing',7133)
COMMIT
INSERT INTO FIVEWIDETABLE VALUES('2013-02-27 11:27:56.488000','','Good','Widgit',7134)
COMMIT
INSERT INTO FIVEWIDETABLE VALUES('2013-02-27 11:27:56.488000','WindowsME_BROKE','Warning','flashyThing',7135)
COMMIT
INSERT INTO FIVEWIDETABLE VALUES('2013-02-27 11:27:56.488000','Partial','Problem','Widgit',7136)
COMMIT
INSERT INTO FIVEWIDETABLE VALUES('2013-02-27 11:27:56.488000','','Good','flashyThing',7137)
COMMIT
INSERT INTO FIVEWIDETABLE VALUES('2013-02-27 11:27:56.488000','Partial','Warning','Widgit',7138)
COMMIT
INSERT INTO FIVEWIDETABLE VALUES('2013-02-27 11:27:56.488000','WindowsME_BROKE','Problem','flashyThing',7139)
COMMIT
INSERT INTO FIVEWIDETABLE VALUES('2013-02-27 11:27:56.488000','','Good','Widgit',7140)
COMMIT
INSERT INTO FIVEWIDETABLE VALUES('2013-02-27 11:27:56.488000','WindowsME_BROKE','Warning','flashyThing',7141)
COMMIT
INSERT INTO FIVEWIDETABLE VALUES('2013-02-27 11:27:56.488000','Partial','Problem','Widgit',7142)
COMMIT
INSERT INTO FIVEWIDETABLE VALUES('2013-02-27 11:27:56.489000','','Good','flashyThing',7143)
COMMIT
INSERT INTO FIVEWIDETABLE VALUES('2013-02-27 11:27:56.489000','Partial','Warning','Widgit',7144)
COMMIT
INSERT INTO FIVEWIDETABLE VALUES('2013-02-27 11:27:56.489000','WindowsME_BROKE','Problem','flashyThing',7145)
COMMIT
INSERT INTO FIVEWIDETABLE VALUES('2013-02-27 11:27:56.489000','','Good','Widgit',7146)
COMMIT
INSERT INTO FIVEWIDETABLE VALUES('2013-02-27 11:27:56.489000','WindowsME_BROKE','Warning','flashyThing',7147)
COMMIT
INSERT INTO FIVEWIDETABLE VALUES('2013-02-27 11:27:56.489000','Partial','Problem','Widgit',7148)
COMMIT
INSERT INTO FIVEWIDETABLE VALUES('2013-02-27 11:27:56.489000','','Good','flashyThing',7149)
COMMIT
INSERT INTO FIVEWIDETABLE VALUES('2013-02-27 11:27:56.489000','Partial','Warning','Widgit',7150)
COMMIT
INSERT INTO FIVEWIDETABLE VALUES('2013-02-27 11:27:56.489000','WindowsME_BROKE','Problem','flashyThing',7151)
COMMIT
INSERT INTO FIVEWIDETABLE VALUES('2013-02-27 11:27:56.489000','','Good','Widgit',7152)
COMMIT
INSERT INTO FIVEWIDETABLE VALUES('2013-02-27 11:27:56.489000','WindowsME_BROKE','Warning','flashyThing',7153)
COMMIT
INSERT INTO FIVEWIDETABLE VALUES('2013-02-27 11:27:56.489000','Partial','Problem','Widgit',7154)
COMMIT
INSERT INTO FIVEWIDETABLE VALUES('2013-02-27 11:27:56.489000','','Good','flashyThing',7155)
COMMIT
INSERT INTO FIVEWIDETABLE VALUES('2013-02-27 11:27:56.489000','Partial','Warning','Widgit',7156)
COMMIT
INSERT INTO FIVEWIDETABLE VALUES('2013-02-27 11:27:56.489000','WindowsME_BROKE','Problem','flashyThing',7157)
COMMIT
INSERT INTO FIVEWIDETABLE VALUES('2013-02-27 11:27:56.489000','','Good','Widgit',7158)
COMMIT
INSERT INTO FIVEWIDETABLE VALUES('2013-02-27 11:27:56.489000','WindowsME_BROKE','Warning','flashyThing',7159)
COMMIT
INSERT INTO FIVEWIDETABLE VALUES('2013-02-27 11:27:56.490000','Partial','Problem','Widgit',7160)
COMMIT
INSERT INTO FIVEWIDETABLE VALUES('2013-02-27 11:27:56.490000','','Good','flashyThing',7161)
COMMIT
INSERT INTO FIVEWIDETABLE VALUES('2013-02-27 11:27:56.490000','Partial','Warning','Widgit',7162)
COMMIT
INSERT INTO FIVEWIDETABLE VALUES('2013-02-27 11:27:56.490000','WindowsME_BROKE','Problem','flashyThing',7163)
COMMIT
INSERT INTO FIVEWIDETABLE VALUES('2013-02-27 11:27:56.490000','','Good','Widgit',7164)
COMMIT
INSERT INTO FIVEWIDETABLE VALUES('2013-02-27 11:27:56.490000','WindowsME_BROKE','Warning','flashyThing',7165)
COMMIT
INSERT INTO FIVEWIDETABLE VALUES('2013-02-27 11:27:56.490000','Partial','Problem','Widgit',7166)
COMMIT
INSERT INTO FIVEWIDETABLE VALUES('2013-02-27 11:27:56.490000','','Good','flashyThing',7167)
COMMIT
INSERT INTO FIVEWIDETABLE VALUES('2013-02-27 11:27:56.490000','Partial','Warning','Widgit',7168)
COMMIT
INSERT INTO FIVEWIDETABLE VALUES('2013-02-27 11:27:56.490000','WindowsME_BROKE','Problem','flashyThing',7169)
COMMIT
INSERT INTO FIVEWIDETABLE VALUES('2013-02-27 11:27:56.490000','','Good','Widgit',7170)
COMMIT
INSERT INTO FIVEWIDETABLE VALUES('2013-02-27 11:27:56.490000','WindowsME_BROKE','Warning','flashyThing',7171)
COMMIT
INSERT INTO FIVEWIDETABLE VALUES('2013-02-27 11:27:56.490000','Partial','Problem','Widgit',7172)
COMMIT
INSERT INTO FIVEWIDETABLE VALUES('2013-02-27 11:27:56.490000','','Good','flashyThing',7173)
COMMIT
INSERT INTO FIVEWIDETABLE VALUES('2013-02-27 11:27:56.490000','Partial','Warning','Widgit',7174)
COMMIT
INSERT INTO FIVEWIDETABLE VALUES('2013-02-27 11:27:56.490000','WindowsME_BROKE','Problem','flashyThing',7175)
COMMIT
INSERT INTO FIVEWIDETABLE VALUES('2013-02-27 11:27:56.491000','','Good','Widgit',7176)
COMMIT
INSERT INTO FIVEWIDETABLE VALUES('2013-02-27 11:27:56.491000','WindowsME_BROKE','Warning','flashyThing',7177)
COMMIT
INSERT INTO FIVEWIDETABLE VALUES('2013-02-27 11:27:56.491000','Partial','Problem','Widgit',7178)
COMMIT
INSERT INTO FIVEWIDETABLE VALUES('2013-02-27 11:27:56.491000','','Good','flashyThing',7179)
COMMIT
INSERT INTO FIVEWIDETABLE VALUES('2013-02-27 11:27:56.491000','Partial','Warning','Widgit',7180)
COMMIT
INSERT INTO FIVEWIDETABLE VALUES('2013-02-27 11:27:56.491000','WindowsME_BROKE','Problem','flashyThing',7181)
COMMIT
INSERT INTO FIVEWIDETABLE VALUES('2013-02-27 11:27:56.491000','','Good','Widgit',7182)
COMMIT
INSERT INTO FIVEWIDETABLE VALUES('2013-02-27 11:27:56.491000','WindowsME_BROKE','Warning','flashyThing',7183)
COMMIT
INSERT INTO FIVEWIDETABLE VALUES('2013-02-27 11:27:56.491000','Partial','Problem','Widgit',7184)
COMMIT
INSERT INTO FIVEWIDETABLE VALUES('2013-02-27 11:27:56.491000','','Good','flashyThing',7185)
COMMIT
INSERT INTO FIVEWIDETABLE VALUES('2013-02-27 11:27:56.491000','Partial','Warning','Widgit',7186)
COMMIT
INSERT INTO FIVEWIDETABLE VALUES('2013-02-27 11:27:56.491000','WindowsME_BROKE','Problem','flashyThing',7187)
COMMIT
INSERT INTO FIVEWIDETABLE VALUES('2013-02-27 11:27:56.491000','','Good','Widgit',7188)
COMMIT
INSERT INTO FIVEWIDETABLE VALUES('2013-02-27 11:27:56.491000','WindowsME_BROKE','Warning','flashyThing',7189)
COMMIT
INSERT INTO FIVEWIDETABLE VALUES('2013-02-27 11:27:56.491000','Partial','Problem','Widgit',7190)
COMMIT
INSERT INTO FIVEWIDETABLE VALUES('2013-02-27 11:27:56.491000','','Good','flashyThing',7191)
COMMIT
INSERT INTO FIVEWIDETABLE VALUES('2013-02-27 11:27:56.491000','Partial','Warning','Widgit',7192)
COMMIT
INSERT INTO FIVEWIDETABLE VALUES('2013-02-27 11:27:56.492000','WindowsME_BROKE','Problem','flashyThing',7193)
COMMIT
INSERT INTO FIVEWIDETABLE VALUES('2013-02-27 11:27:56.492000','','Good','Widgit',7194)
COMMIT
INSERT INTO FIVEWIDETABLE VALUES('2013-02-27 11:27:56.492000','WindowsME_BROKE','Warning','flashyThing',7195)
COMMIT
INSERT INTO FIVEWIDETABLE VALUES('2013-02-27 11:27:56.492000','Partial','Problem','Widgit',7196)
COMMIT
INSERT INTO FIVEWIDETABLE VALUES('2013-02-27 11:27:56.492000','','Good','flashyThing',7197)
COMMIT
INSERT INTO FIVEWIDETABLE VALUES('2013-02-27 11:27:56.492000','Partial','Warning','Widgit',7198)
COMMIT
INSERT INTO FIVEWIDETABLE VALUES('2013-02-27 11:27:56.492000','WindowsME_BROKE','Problem','flashyThing',7199)
COMMIT
INSERT INTO FIVEWIDETABLE VALUES('2013-02-27 11:27:56.492000','','Good','Widgit',7200)
COMMIT
INSERT INTO FIVEWIDETABLE VALUES('2013-02-27 11:27:56.492000','WindowsME_BROKE','Warning','flashyThing',7201)
COMMIT
INSERT INTO FIVEWIDETABLE VALUES('2013-02-27 11:27:56.492000','Partial','Problem','Widgit',7202)
COMMIT
INSERT INTO FIVEWIDETABLE VALUES('2013-02-27 11:27:56.492000','','Good','flashyThing',7203)
COMMIT
INSERT INTO FIVEWIDETABLE VALUES('2013-02-27 11:27:56.492000','Partial','Warning','Widgit',7204)
COMMIT
INSERT INTO FIVEWIDETABLE VALUES('2013-02-27 11:27:56.492000','WindowsME_BROKE','Problem','flashyThing',7205)
COMMIT
INSERT INTO FIVEWIDETABLE VALUES('2013-02-27 11:27:56.492000','','Good','Widgit',7206)
COMMIT
INSERT INTO FIVEWIDETABLE VALUES('2013-02-27 11:27:56.492000','WindowsME_BROKE','Warning','flashyThing',7207)
COMMIT
INSERT INTO FIVEWIDETABLE VALUES('2013-02-27 11:27:56.492000','Partial','Problem','Widgit',7208)
COMMIT
INSERT INTO FIVEWIDETABLE VALUES('2013-02-27 11:27:56.493000','','Good','flashyThing',7209)
COMMIT
INSERT INTO FIVEWIDETABLE VALUES('2013-02-27 11:27:56.493000','Partial','Warning','Widgit',7210)
COMMIT
INSERT INTO FIVEWIDETABLE VALUES('2013-02-27 11:27:56.493000','WindowsME_BROKE','Problem','flashyThing',7211)
COMMIT
INSERT INTO FIVEWIDETABLE VALUES('2013-02-27 11:27:56.493000','','Good','Widgit',7212)
COMMIT
INSERT INTO FIVEWIDETABLE VALUES('2013-02-27 11:27:56.493000','WindowsME_BROKE','Warning','flashyThing',7213)
COMMIT
INSERT INTO FIVEWIDETABLE VALUES('2013-02-27 11:27:56.493000','Partial','Problem','Widgit',7214)
COMMIT
INSERT INTO FIVEWIDETABLE VALUES('2013-02-27 11:27:56.493000','','Good','flashyThing',7215)
COMMIT
INSERT INTO FIVEWIDETABLE VALUES('2013-02-27 11:27:56.493000','Partial','Warning','Widgit',7216)
COMMIT
INSERT INTO FIVEWIDETABLE VALUES('2013-02-27 11:27:56.493000','WindowsME_BROKE','Problem','flashyThing',7217)
COMMIT
INSERT INTO FIVEWIDETABLE VALUES('2013-02-27 11:27:56.493000','','Good','Widgit',7218)
COMMIT
INSERT INTO FIVEWIDETABLE VALUES('2013-02-27 11:27:56.493000','WindowsME_BROKE','Warning','flashyThing',7219)
COMMIT
INSERT INTO FIVEWIDETABLE VALUES('2013-02-27 11:27:56.493000','Partial','Problem','Widgit',7220)
COMMIT
INSERT INTO FIVEWIDETABLE VALUES('2013-02-27 11:27:56.493000','','Good','flashyThing',7221)
COMMIT
INSERT INTO FIVEWIDETABLE VALUES('2013-02-27 11:27:56.493000','Partial','Warning','Widgit',7222)
COMMIT
INSERT INTO FIVEWIDETABLE VALUES('2013-02-27 11:27:56.493000','WindowsME_BROKE','Problem','flashyThing',7223)
COMMIT
INSERT INTO FIVEWIDETABLE VALUES('2013-02-27 11:27:56.493000','','Good','Widgit',7224)
COMMIT
INSERT INTO FIVEWIDETABLE VALUES('2013-02-27 11:27:56.493000','WindowsME_BROKE','Warning','flashyThing',7225)
COMMIT
INSERT INTO FIVEWIDETABLE VALUES('2013-02-27 11:27:56.494000','Partial','Problem','Widgit',7226)
COMMIT
INSERT INTO FIVEWIDETABLE VALUES('2013-02-27 11:27:56.494000','','Good','flashyThing',7227)
COMMIT
INSERT INTO FIVEWIDETABLE VALUES('2013-02-27 11:27:56.494000','Partial','Warning','Widgit',7228)
COMMIT
INSERT INTO FIVEWIDETABLE VALUES('2013-02-27 11:27:56.494000','WindowsME_BROKE','Problem','flashyThing',7229)
COMMIT
INSERT INTO FIVEWIDETABLE VALUES('2013-02-27 11:27:56.494000','','Good','Widgit',7230)
COMMIT
INSERT INTO FIVEWIDETABLE VALUES('2013-02-27 11:27:56.494000','WindowsME_BROKE','Warning','flashyThing',7231)
COMMIT
INSERT INTO FIVEWIDETABLE VALUES('2013-02-27 11:27:56.494000','Partial','Problem','Widgit',7232)
COMMIT
INSERT INTO FIVEWIDETABLE VALUES('2013-02-27 11:27:56.494000','','Good','flashyThing',7233)
COMMIT
INSERT INTO FIVEWIDETABLE VALUES('2013-02-27 11:27:56.494000','Partial','Warning','Widgit',7234)
COMMIT
INSERT INTO FIVEWIDETABLE VALUES('2013-02-27 11:27:56.494000','WindowsME_BROKE','Problem','flashyThing',7235)
COMMIT
INSERT INTO FIVEWIDETABLE VALUES('2013-02-27 11:27:56.494000','','Good','Widgit',7236)
COMMIT
INSERT INTO FIVEWIDETABLE VALUES('2013-02-27 11:27:56.494000','WindowsME_BROKE','Warning','flashyThing',7237)
COMMIT
INSERT INTO FIVEWIDETABLE VALUES('2013-02-27 11:27:56.494000','Partial','Problem','Widgit',7238)
COMMIT
INSERT INTO FIVEWIDETABLE VALUES('2013-02-27 11:27:56.494000','','Good','flashyThing',7239)
COMMIT
INSERT INTO FIVEWIDETABLE VALUES('2013-02-27 11:27:56.494000','Partial','Warning','Widgit',7240)
COMMIT
INSERT INTO FIVEWIDETABLE VALUES('2013-02-27 11:27:56.494000','WindowsME_BROKE','Problem','flashyThing',7241)
COMMIT
INSERT INTO FIVEWIDETABLE VALUES('2013-02-27 11:27:56.494000','','Good','Widgit',7242)
COMMIT
INSERT INTO FIVEWIDETABLE VALUES('2013-02-27 11:27:56.495000','WindowsME_BROKE','Warning','flashyThing',7243)
COMMIT
INSERT INTO FIVEWIDETABLE VALUES('2013-02-27 11:27:56.495000','Partial','Problem','Widgit',7244)
COMMIT
INSERT INTO FIVEWIDETABLE VALUES('2013-02-27 11:27:56.495000','','Good','flashyThing',7245)
COMMIT
INSERT INTO FIVEWIDETABLE VALUES('2013-02-27 11:27:56.495000','Partial','Warning','Widgit',7246)
COMMIT
INSERT INTO FIVEWIDETABLE VALUES('2013-02-27 11:27:56.495000','WindowsME_BROKE','Problem','flashyThing',7247)
COMMIT
INSERT INTO FIVEWIDETABLE VALUES('2013-02-27 11:27:56.495000','','Good','Widgit',7248)
COMMIT
INSERT INTO FIVEWIDETABLE VALUES('2013-02-27 11:27:56.495000','WindowsME_BROKE','Warning','flashyThing',7249)
COMMIT
INSERT INTO FIVEWIDETABLE VALUES('2013-02-27 11:27:56.495000','Partial','Problem','Widgit',7250)
COMMIT
INSERT INTO FIVEWIDETABLE VALUES('2013-02-27 11:27:56.495000','','Good','flashyThing',7251)
COMMIT
INSERT INTO FIVEWIDETABLE VALUES('2013-02-27 11:27:56.495000','Partial','Warning','Widgit',7252)
COMMIT
INSERT INTO FIVEWIDETABLE VALUES('2013-02-27 11:27:56.495000','WindowsME_BROKE','Problem','flashyThing',7253)
COMMIT
INSERT INTO FIVEWIDETABLE VALUES('2013-02-27 11:27:56.495000','','Good','Widgit',7254)
COMMIT
INSERT INTO FIVEWIDETABLE VALUES('2013-02-27 11:27:56.495000','WindowsME_BROKE','Warning','flashyThing',7255)
COMMIT
INSERT INTO FIVEWIDETABLE VALUES('2013-02-27 11:27:56.495000','Partial','Problem','Widgit',7256)
COMMIT
INSERT INTO FIVEWIDETABLE VALUES('2013-02-27 11:27:56.495000','','Good','flashyThing',7257)
COMMIT
INSERT INTO FIVEWIDETABLE VALUES('2013-02-27 11:27:56.495000','Partial','Warning','Widgit',7258)
COMMIT
INSERT INTO FIVEWIDETABLE VALUES('2013-02-27 11:27:56.496000','WindowsME_BROKE','Problem','flashyThing',7259)
COMMIT
INSERT INTO FIVEWIDETABLE VALUES('2013-02-27 11:27:56.496000','','Good','Widgit',7260)
COMMIT
INSERT INTO FIVEWIDETABLE VALUES('2013-02-27 11:27:56.496000','WindowsME_BROKE','Warning','flashyThing',7261)
COMMIT
INSERT INTO FIVEWIDETABLE VALUES('2013-02-27 11:27:56.496000','Partial','Problem','Widgit',7262)
COMMIT
INSERT INTO FIVEWIDETABLE VALUES('2013-02-27 11:27:56.496000','','Good','flashyThing',7263)
COMMIT
INSERT INTO FIVEWIDETABLE VALUES('2013-02-27 11:27:56.496000','Partial','Warning','Widgit',7264)
COMMIT
INSERT INTO FIVEWIDETABLE VALUES('2013-02-27 11:27:56.496000','WindowsME_BROKE','Problem','flashyThing',7265)
COMMIT
INSERT INTO FIVEWIDETABLE VALUES('2013-02-27 11:27:56.496000','','Good','Widgit',7266)
COMMIT
INSERT INTO FIVEWIDETABLE VALUES('2013-02-27 11:27:56.496000','WindowsME_BROKE','Warning','flashyThing',7267)
COMMIT
INSERT INTO FIVEWIDETABLE VALUES('2013-02-27 11:27:56.496000','Partial','Problem','Widgit',7268)
COMMIT
INSERT INTO FIVEWIDETABLE VALUES('2013-02-27 11:27:56.496000','','Good','flashyThing',7269)
COMMIT
INSERT INTO FIVEWIDETABLE VALUES('2013-02-27 11:27:56.496000','Partial','Warning','Widgit',7270)
COMMIT
INSERT INTO FIVEWIDETABLE VALUES('2013-02-27 11:27:56.496000','WindowsME_BROKE','Problem','flashyThing',7271)
COMMIT
INSERT INTO FIVEWIDETABLE VALUES('2013-02-27 11:27:56.496000','','Good','Widgit',7272)
COMMIT
INSERT INTO FIVEWIDETABLE VALUES('2013-02-27 11:27:56.496000','WindowsME_BROKE','Warning','flashyThing',7273)
COMMIT
INSERT INTO FIVEWIDETABLE VALUES('2013-02-27 11:27:56.496000','Partial','Problem','Widgit',7274)
COMMIT
INSERT INTO FIVEWIDETABLE VALUES('2013-02-27 11:27:56.496000','','Good','flashyThing',7275)
COMMIT
INSERT INTO FIVEWIDETABLE VALUES('2013-02-27 11:27:56.497000','Partial','Warning','Widgit',7276)
COMMIT
INSERT INTO FIVEWIDETABLE VALUES('2013-02-27 11:27:56.497000','WindowsME_BROKE','Problem','flashyThing',7277)
COMMIT
INSERT INTO FIVEWIDETABLE VALUES('2013-02-27 11:27:56.497000','','Good','Widgit',7278)
COMMIT
INSERT INTO FIVEWIDETABLE VALUES('2013-02-27 11:27:56.497000','WindowsME_BROKE','Warning','flashyThing',7279)
COMMIT
INSERT INTO FIVEWIDETABLE VALUES('2013-02-27 11:27:56.497000','Partial','Problem','Widgit',7280)
COMMIT
INSERT INTO FIVEWIDETABLE VALUES('2013-02-27 11:27:56.497000','','Good','flashyThing',7281)
COMMIT
INSERT INTO FIVEWIDETABLE VALUES('2013-02-27 11:27:56.497000','Partial','Warning','Widgit',7282)
COMMIT
INSERT INTO FIVEWIDETABLE VALUES('2013-02-27 11:27:56.497000','WindowsME_BROKE','Problem','flashyThing',7283)
COMMIT
INSERT INTO FIVEWIDETABLE VALUES('2013-02-27 11:27:56.497000','','Good','Widgit',7284)
COMMIT
INSERT INTO FIVEWIDETABLE VALUES('2013-02-27 11:27:56.497000','WindowsME_BROKE','Warning','flashyThing',7285)
COMMIT
INSERT INTO FIVEWIDETABLE VALUES('2013-02-27 11:27:56.497000','Partial','Problem','Widgit',7286)
COMMIT
INSERT INTO FIVEWIDETABLE VALUES('2013-02-27 11:27:56.497000','','Good','flashyThing',7287)
COMMIT
INSERT INTO FIVEWIDETABLE VALUES('2013-02-27 11:27:56.497000','Partial','Warning','Widgit',7288)
COMMIT
INSERT INTO FIVEWIDETABLE VALUES('2013-02-27 11:27:56.497000','WindowsME_BROKE','Problem','flashyThing',7289)
COMMIT
INSERT INTO FIVEWIDETABLE VALUES('2013-02-27 11:27:56.497000','','Good','Widgit',7290)
COMMIT
INSERT INTO FIVEWIDETABLE VALUES('2013-02-27 11:27:56.497000','WindowsME_BROKE','Warning','flashyThing',7291)
COMMIT
INSERT INTO FIVEWIDETABLE VALUES('2013-02-27 11:27:56.497000','Partial','Problem','Widgit',7292)
COMMIT
INSERT INTO FIVEWIDETABLE VALUES('2013-02-27 11:27:56.498000','','Good','flashyThing',7293)
COMMIT
INSERT INTO FIVEWIDETABLE VALUES('2013-02-27 11:27:56.498000','Partial','Warning','Widgit',7294)
COMMIT
INSERT INTO FIVEWIDETABLE VALUES('2013-02-27 11:27:56.498000','WindowsME_BROKE','Problem','flashyThing',7295)
COMMIT
INSERT INTO FIVEWIDETABLE VALUES('2013-02-27 11:27:56.498000','','Good','Widgit',7296)
COMMIT
INSERT INTO FIVEWIDETABLE VALUES('2013-02-27 11:27:56.498000','WindowsME_BROKE','Warning','flashyThing',7297)
COMMIT
INSERT INTO FIVEWIDETABLE VALUES('2013-02-27 11:27:56.498000','Partial','Problem','Widgit',7298)
COMMIT
INSERT INTO FIVEWIDETABLE VALUES('2013-02-27 11:27:56.498000','','Good','flashyThing',7299)
COMMIT
INSERT INTO FIVEWIDETABLE VALUES('2013-02-27 11:27:56.498000','Partial','Warning','Widgit',7300)
COMMIT
INSERT INTO FIVEWIDETABLE VALUES('2013-02-27 11:27:56.498000','WindowsME_BROKE','Problem','flashyThing',7301)
COMMIT
INSERT INTO FIVEWIDETABLE VALUES('2013-02-27 11:27:56.498000','','Good','Widgit',7302)
COMMIT
INSERT INTO FIVEWIDETABLE VALUES('2013-02-27 11:27:56.498000','WindowsME_BROKE','Warning','flashyThing',7303)
COMMIT
INSERT INTO FIVEWIDETABLE VALUES('2013-02-27 11:27:56.498000','Partial','Problem','Widgit',7304)
COMMIT
INSERT INTO FIVEWIDETABLE VALUES('2013-02-27 11:27:56.498000','','Good','flashyThing',7305)
COMMIT
INSERT INTO FIVEWIDETABLE VALUES('2013-02-27 11:27:56.498000','Partial','Warning','Widgit',7306)
COMMIT
INSERT INTO FIVEWIDETABLE VALUES('2013-02-27 11:27:56.498000','WindowsME_BROKE','Problem','flashyThing',7307)
COMMIT
INSERT INTO FIVEWIDETABLE VALUES('2013-02-27 11:27:56.498000','','Good','Widgit',7308)
COMMIT
INSERT INTO FIVEWIDETABLE VALUES('2013-02-27 11:27:56.498000','WindowsME_BROKE','Warning','flashyThing',7309)
COMMIT
INSERT INTO FIVEWIDETABLE VALUES('2013-02-27 11:27:56.499000','Partial','Problem','Widgit',7310)
COMMIT
INSERT INTO FIVEWIDETABLE VALUES('2013-02-27 11:27:56.499000','','Good','flashyThing',7311)
COMMIT
INSERT INTO FIVEWIDETABLE VALUES('2013-02-27 11:27:56.499000','Partial','Warning','Widgit',7312)
COMMIT
INSERT INTO FIVEWIDETABLE VALUES('2013-02-27 11:27:56.499000','WindowsME_BROKE','Problem','flashyThing',7313)
COMMIT
INSERT INTO FIVEWIDETABLE VALUES('2013-02-27 11:27:56.499000','','Good','Widgit',7314)
COMMIT
INSERT INTO FIVEWIDETABLE VALUES('2013-02-27 11:27:56.499000','WindowsME_BROKE','Warning','flashyThing',7315)
COMMIT
INSERT INTO FIVEWIDETABLE VALUES('2013-02-27 11:27:56.499000','Partial','Problem','Widgit',7316)
COMMIT
INSERT INTO FIVEWIDETABLE VALUES('2013-02-27 11:27:56.499000','','Good','flashyThing',7317)
COMMIT
INSERT INTO FIVEWIDETABLE VALUES('2013-02-27 11:27:56.499000','Partial','Warning','Widgit',7318)
COMMIT
INSERT INTO FIVEWIDETABLE VALUES('2013-02-27 11:27:56.499000','WindowsME_BROKE','Problem','flashyThing',7319)
COMMIT
INSERT INTO FIVEWIDETABLE VALUES('2013-02-27 11:27:56.499000','','Good','Widgit',7320)
COMMIT
INSERT INTO FIVEWIDETABLE VALUES('2013-02-27 11:27:56.499000','WindowsME_BROKE','Warning','flashyThing',7321)
COMMIT
INSERT INTO FIVEWIDETABLE VALUES('2013-02-27 11:27:56.499000','Partial','Problem','Widgit',7322)
COMMIT
INSERT INTO FIVEWIDETABLE VALUES('2013-02-27 11:27:56.499000','','Good','flashyThing',7323)
COMMIT
INSERT INTO FIVEWIDETABLE VALUES('2013-02-27 11:27:56.499000','Partial','Warning','Widgit',7324)
COMMIT
INSERT INTO FIVEWIDETABLE VALUES('2013-02-27 11:27:56.499000','WindowsME_BROKE','Problem','flashyThing',7325)
COMMIT
INSERT INTO FIVEWIDETABLE VALUES('2013-02-27 11:27:56.500000','','Good','Widgit',7326)
COMMIT
INSERT INTO FIVEWIDETABLE VALUES('2013-02-27 11:27:56.500000','WindowsME_BROKE','Warning','flashyThing',7327)
COMMIT
INSERT INTO FIVEWIDETABLE VALUES('2013-02-27 11:27:56.500000','Partial','Problem','Widgit',7328)
COMMIT
INSERT INTO FIVEWIDETABLE VALUES('2013-02-27 11:27:56.500000','','Good','flashyThing',7329)
COMMIT
INSERT INTO FIVEWIDETABLE VALUES('2013-02-27 11:27:56.500000','Partial','Warning','Widgit',7330)
COMMIT
INSERT INTO FIVEWIDETABLE VALUES('2013-02-27 11:27:56.500000','WindowsME_BROKE','Problem','flashyThing',7331)
COMMIT
INSERT INTO FIVEWIDETABLE VALUES('2013-02-27 11:27:56.500000','','Good','Widgit',7332)
COMMIT
INSERT INTO FIVEWIDETABLE VALUES('2013-02-27 11:27:56.500000','WindowsME_BROKE','Warning','flashyThing',7333)
COMMIT
INSERT INTO FIVEWIDETABLE VALUES('2013-02-27 11:27:56.500000','Partial','Problem','Widgit',7334)
COMMIT
INSERT INTO FIVEWIDETABLE VALUES('2013-02-27 11:27:56.500000','','Good','flashyThing',7335)
COMMIT
INSERT INTO FIVEWIDETABLE VALUES('2013-02-27 11:27:56.500000','Partial','Warning','Widgit',7336)
COMMIT
INSERT INTO FIVEWIDETABLE VALUES('2013-02-27 11:27:56.500000','WindowsME_BROKE','Problem','flashyThing',7337)
COMMIT
INSERT INTO FIVEWIDETABLE VALUES('2013-02-27 11:27:56.500000','','Good','Widgit',7338)
COMMIT
INSERT INTO FIVEWIDETABLE VALUES('2013-02-27 11:27:56.500000','WindowsME_BROKE','Warning','flashyThing',7339)
COMMIT
INSERT INTO FIVEWIDETABLE VALUES('2013-02-27 11:27:56.500000','Partial','Problem','Widgit',7340)
COMMIT
INSERT INTO FIVEWIDETABLE VALUES('2013-02-27 11:27:56.500000','','Good','flashyThing',7341)
COMMIT
INSERT INTO FIVEWIDETABLE VALUES('2013-02-27 11:27:56.500000','Partial','Warning','Widgit',7342)
COMMIT
INSERT INTO FIVEWIDETABLE VALUES('2013-02-27 11:27:56.501000','WindowsME_BROKE','Problem','flashyThing',7343)
COMMIT
INSERT INTO FIVEWIDETABLE VALUES('2013-02-27 11:27:56.501000','','Good','Widgit',7344)
COMMIT
INSERT INTO FIVEWIDETABLE VALUES('2013-02-27 11:27:56.501000','WindowsME_BROKE','Warning','flashyThing',7345)
COMMIT
INSERT INTO FIVEWIDETABLE VALUES('2013-02-27 11:27:56.501000','Partial','Problem','Widgit',7346)
COMMIT
INSERT INTO FIVEWIDETABLE VALUES('2013-02-27 11:27:56.501000','','Good','flashyThing',7347)
COMMIT
INSERT INTO FIVEWIDETABLE VALUES('2013-02-27 11:27:56.501000','Partial','Warning','Widgit',7348)
COMMIT
INSERT INTO FIVEWIDETABLE VALUES('2013-02-27 11:27:56.501000','WindowsME_BROKE','Problem','flashyThing',7349)
COMMIT
INSERT INTO FIVEWIDETABLE VALUES('2013-02-27 11:27:56.501000','','Good','Widgit',7350)
COMMIT
INSERT INTO FIVEWIDETABLE VALUES('2013-02-27 11:27:56.501000','WindowsME_BROKE','Warning','flashyThing',7351)
COMMIT
INSERT INTO FIVEWIDETABLE VALUES('2013-02-27 11:27:56.501000','Partial','Problem','Widgit',7352)
COMMIT
INSERT INTO FIVEWIDETABLE VALUES('2013-02-27 11:27:56.501000','','Good','flashyThing',7353)
COMMIT
INSERT INTO FIVEWIDETABLE VALUES('2013-02-27 11:27:56.501000','Partial','Warning','Widgit',7354)
COMMIT
INSERT INTO FIVEWIDETABLE VALUES('2013-02-27 11:27:56.501000','WindowsME_BROKE','Problem','flashyThing',7355)
COMMIT
INSERT INTO FIVEWIDETABLE VALUES('2013-02-27 11:27:56.501000','','Good','Widgit',7356)
COMMIT
INSERT INTO FIVEWIDETABLE VALUES('2013-02-27 11:27:56.501000','WindowsME_BROKE','Warning','flashyThing',7357)
COMMIT
INSERT INTO FIVEWIDETABLE VALUES('2013-02-27 11:27:56.501000','Partial','Problem','Widgit',7358)
COMMIT
INSERT INTO FIVEWIDETABLE VALUES('2013-02-27 11:27:56.502000','','Good','flashyThing',7359)
COMMIT
INSERT INTO FIVEWIDETABLE VALUES('2013-02-27 11:27:56.502000','Partial','Warning','Widgit',7360)
COMMIT
INSERT INTO FIVEWIDETABLE VALUES('2013-02-27 11:27:56.502000','WindowsME_BROKE','Problem','flashyThing',7361)
COMMIT
INSERT INTO FIVEWIDETABLE VALUES('2013-02-27 11:27:56.502000','','Good','Widgit',7362)
COMMIT
INSERT INTO FIVEWIDETABLE VALUES('2013-02-27 11:27:56.502000','WindowsME_BROKE','Warning','flashyThing',7363)
COMMIT
INSERT INTO FIVEWIDETABLE VALUES('2013-02-27 11:27:56.502000','Partial','Problem','Widgit',7364)
COMMIT
INSERT INTO FIVEWIDETABLE VALUES('2013-02-27 11:27:56.502000','','Good','flashyThing',7365)
COMMIT
INSERT INTO FIVEWIDETABLE VALUES('2013-02-27 11:27:56.502000','Partial','Warning','Widgit',7366)
COMMIT
INSERT INTO FIVEWIDETABLE VALUES('2013-02-27 11:27:56.502000','WindowsME_BROKE','Problem','flashyThing',7367)
COMMIT
INSERT INTO FIVEWIDETABLE VALUES('2013-02-27 11:27:56.502000','','Good','Widgit',7368)
COMMIT
INSERT INTO FIVEWIDETABLE VALUES('2013-02-27 11:27:56.502000','WindowsME_BROKE','Warning','flashyThing',7369)
COMMIT
INSERT INTO FIVEWIDETABLE VALUES('2013-02-27 11:27:56.502000','Partial','Problem','Widgit',7370)
COMMIT
INSERT INTO FIVEWIDETABLE VALUES('2013-02-27 11:27:56.502000','','Good','flashyThing',7371)
COMMIT
INSERT INTO FIVEWIDETABLE VALUES('2013-02-27 11:27:56.502000','Partial','Warning','Widgit',7372)
COMMIT
INSERT INTO FIVEWIDETABLE VALUES('2013-02-27 11:27:56.502000','WindowsME_BROKE','Problem','flashyThing',7373)
COMMIT
INSERT INTO FIVEWIDETABLE VALUES('2013-02-27 11:27:56.502000','','Good','Widgit',7374)
COMMIT
INSERT INTO FIVEWIDETABLE VALUES('2013-02-27 11:27:56.502000','WindowsME_BROKE','Warning','flashyThing',7375)
COMMIT
INSERT INTO FIVEWIDETABLE VALUES('2013-02-27 11:27:56.503000','Partial','Problem','Widgit',7376)
COMMIT
INSERT INTO FIVEWIDETABLE VALUES('2013-02-27 11:27:56.503000','','Good','flashyThing',7377)
COMMIT
INSERT INTO FIVEWIDETABLE VALUES('2013-02-27 11:27:56.503000','Partial','Warning','Widgit',7378)
COMMIT
INSERT INTO FIVEWIDETABLE VALUES('2013-02-27 11:27:56.503000','WindowsME_BROKE','Problem','flashyThing',7379)
COMMIT
INSERT INTO FIVEWIDETABLE VALUES('2013-02-27 11:27:56.503000','','Good','Widgit',7380)
COMMIT
INSERT INTO FIVEWIDETABLE VALUES('2013-02-27 11:27:56.503000','WindowsME_BROKE','Warning','flashyThing',7381)
COMMIT
INSERT INTO FIVEWIDETABLE VALUES('2013-02-27 11:27:56.503000','Partial','Problem','Widgit',7382)
COMMIT
INSERT INTO FIVEWIDETABLE VALUES('2013-02-27 11:27:56.503000','','Good','flashyThing',7383)
COMMIT
INSERT INTO FIVEWIDETABLE VALUES('2013-02-27 11:27:56.503000','Partial','Warning','Widgit',7384)
COMMIT
INSERT INTO FIVEWIDETABLE VALUES('2013-02-27 11:27:56.503000','WindowsME_BROKE','Problem','flashyThing',7385)
COMMIT
INSERT INTO FIVEWIDETABLE VALUES('2013-02-27 11:27:56.503000','','Good','Widgit',7386)
COMMIT
INSERT INTO FIVEWIDETABLE VALUES('2013-02-27 11:27:56.503000','WindowsME_BROKE','Warning','flashyThing',7387)
COMMIT
INSERT INTO FIVEWIDETABLE VALUES('2013-02-27 11:27:56.503000','Partial','Problem','Widgit',7388)
COMMIT
INSERT INTO FIVEWIDETABLE VALUES('2013-02-27 11:27:56.503000','','Good','flashyThing',7389)
COMMIT
INSERT INTO FIVEWIDETABLE VALUES('2013-02-27 11:27:56.503000','Partial','Warning','Widgit',7390)
COMMIT
INSERT INTO FIVEWIDETABLE VALUES('2013-02-27 11:27:56.503000','WindowsME_BROKE','Problem','flashyThing',7391)
COMMIT
INSERT INTO FIVEWIDETABLE VALUES('2013-02-27 11:27:56.503000','','Good','Widgit',7392)
COMMIT
INSERT INTO FIVEWIDETABLE VALUES('2013-02-27 11:27:56.504000','WindowsME_BROKE','Warning','flashyThing',7393)
COMMIT
INSERT INTO FIVEWIDETABLE VALUES('2013-02-27 11:27:56.504000','Partial','Problem','Widgit',7394)
COMMIT
INSERT INTO FIVEWIDETABLE VALUES('2013-02-27 11:27:56.504000','','Good','flashyThing',7395)
COMMIT
INSERT INTO FIVEWIDETABLE VALUES('2013-02-27 11:27:56.504000','Partial','Warning','Widgit',7396)
COMMIT
INSERT INTO FIVEWIDETABLE VALUES('2013-02-27 11:27:56.504000','WindowsME_BROKE','Problem','flashyThing',7397)
COMMIT
INSERT INTO FIVEWIDETABLE VALUES('2013-02-27 11:27:56.504000','','Good','Widgit',7398)
COMMIT
INSERT INTO FIVEWIDETABLE VALUES('2013-02-27 11:27:56.504000','WindowsME_BROKE','Warning','flashyThing',7399)
COMMIT
INSERT INTO FIVEWIDETABLE VALUES('2013-02-27 11:27:56.504000','Partial','Problem','Widgit',7400)
COMMIT
INSERT INTO FIVEWIDETABLE VALUES('2013-02-27 11:27:56.504000','','Good','flashyThing',7401)
COMMIT
INSERT INTO FIVEWIDETABLE VALUES('2013-02-27 11:27:56.504000','Partial','Warning','Widgit',7402)
COMMIT
INSERT INTO FIVEWIDETABLE VALUES('2013-02-27 11:27:56.504000','WindowsME_BROKE','Problem','flashyThing',7403)
COMMIT
INSERT INTO FIVEWIDETABLE VALUES('2013-02-27 11:27:56.504000','','Good','Widgit',7404)
COMMIT
INSERT INTO FIVEWIDETABLE VALUES('2013-02-27 11:27:56.504000','WindowsME_BROKE','Warning','flashyThing',7405)
COMMIT
INSERT INTO FIVEWIDETABLE VALUES('2013-02-27 11:27:56.504000','Partial','Problem','Widgit',7406)
COMMIT
INSERT INTO FIVEWIDETABLE VALUES('2013-02-27 11:27:56.504000','','Good','flashyThing',7407)
COMMIT
INSERT INTO FIVEWIDETABLE VALUES('2013-02-27 11:27:56.504000','Partial','Warning','Widgit',7408)
COMMIT
INSERT INTO FIVEWIDETABLE VALUES('2013-02-27 11:27:56.504000','WindowsME_BROKE','Problem','flashyThing',7409)
COMMIT
INSERT INTO FIVEWIDETABLE VALUES('2013-02-27 11:27:56.505000','','Good','Widgit',7410)
COMMIT
INSERT INTO FIVEWIDETABLE VALUES('2013-02-27 11:27:56.505000','WindowsME_BROKE','Warning','flashyThing',7411)
COMMIT
INSERT INTO FIVEWIDETABLE VALUES('2013-02-27 11:27:56.505000','Partial','Problem','Widgit',7412)
COMMIT
INSERT INTO FIVEWIDETABLE VALUES('2013-02-27 11:27:56.505000','','Good','flashyThing',7413)
COMMIT
INSERT INTO FIVEWIDETABLE VALUES('2013-02-27 11:27:56.505000','Partial','Warning','Widgit',7414)
COMMIT
INSERT INTO FIVEWIDETABLE VALUES('2013-02-27 11:27:56.505000','WindowsME_BROKE','Problem','flashyThing',7415)
COMMIT
INSERT INTO FIVEWIDETABLE VALUES('2013-02-27 11:27:56.505000','','Good','Widgit',7416)
COMMIT
INSERT INTO FIVEWIDETABLE VALUES('2013-02-27 11:27:56.505000','WindowsME_BROKE','Warning','flashyThing',7417)
COMMIT
INSERT INTO FIVEWIDETABLE VALUES('2013-02-27 11:27:56.505000','Partial','Problem','Widgit',7418)
COMMIT
INSERT INTO FIVEWIDETABLE VALUES('2013-02-27 11:27:56.505000','','Good','flashyThing',7419)
COMMIT
INSERT INTO FIVEWIDETABLE VALUES('2013-02-27 11:27:56.505000','Partial','Warning','Widgit',7420)
COMMIT
INSERT INTO FIVEWIDETABLE VALUES('2013-02-27 11:27:56.505000','WindowsME_BROKE','Problem','flashyThing',7421)
COMMIT
INSERT INTO FIVEWIDETABLE VALUES('2013-02-27 11:27:56.505000','','Good','Widgit',7422)
COMMIT
INSERT INTO FIVEWIDETABLE VALUES('2013-02-27 11:27:56.505000','WindowsME_BROKE','Warning','flashyThing',7423)
COMMIT
INSERT INTO FIVEWIDETABLE VALUES('2013-02-27 11:27:56.505000','Partial','Problem','Widgit',7424)
COMMIT
INSERT INTO FIVEWIDETABLE VALUES('2013-02-27 11:27:56.505000','','Good','flashyThing',7425)
COMMIT
INSERT INTO FIVEWIDETABLE VALUES('2013-02-27 11:27:56.506000','Partial','Warning','Widgit',7426)
COMMIT
INSERT INTO FIVEWIDETABLE VALUES('2013-02-27 11:27:56.506000','WindowsME_BROKE','Problem','flashyThing',7427)
COMMIT
INSERT INTO FIVEWIDETABLE VALUES('2013-02-27 11:27:56.506000','','Good','Widgit',7428)
COMMIT
INSERT INTO FIVEWIDETABLE VALUES('2013-02-27 11:27:56.506000','WindowsME_BROKE','Warning','flashyThing',7429)
COMMIT
INSERT INTO FIVEWIDETABLE VALUES('2013-02-27 11:27:56.506000','Partial','Problem','Widgit',7430)
COMMIT
INSERT INTO FIVEWIDETABLE VALUES('2013-02-27 11:27:56.506000','','Good','flashyThing',7431)
COMMIT
INSERT INTO FIVEWIDETABLE VALUES('2013-02-27 11:27:56.506000','Partial','Warning','Widgit',7432)
COMMIT
INSERT INTO FIVEWIDETABLE VALUES('2013-02-27 11:27:56.506000','WindowsME_BROKE','Problem','flashyThing',7433)
COMMIT
INSERT INTO FIVEWIDETABLE VALUES('2013-02-27 11:27:56.506000','','Good','Widgit',7434)
COMMIT
INSERT INTO FIVEWIDETABLE VALUES('2013-02-27 11:27:56.506000','WindowsME_BROKE','Warning','flashyThing',7435)
COMMIT
INSERT INTO FIVEWIDETABLE VALUES('2013-02-27 11:27:56.506000','Partial','Problem','Widgit',7436)
COMMIT
INSERT INTO FIVEWIDETABLE VALUES('2013-02-27 11:27:56.506000','','Good','flashyThing',7437)
COMMIT
INSERT INTO FIVEWIDETABLE VALUES('2013-02-27 11:27:56.506000','Partial','Warning','Widgit',7438)
COMMIT
INSERT INTO FIVEWIDETABLE VALUES('2013-02-27 11:27:56.506000','WindowsME_BROKE','Problem','flashyThing',7439)
COMMIT
INSERT INTO FIVEWIDETABLE VALUES('2013-02-27 11:27:56.506000','','Good','Widgit',7440)
COMMIT
INSERT INTO FIVEWIDETABLE VALUES('2013-02-27 11:27:56.506000','WindowsME_BROKE','Warning','flashyThing',7441)
COMMIT
INSERT INTO FIVEWIDETABLE VALUES('2013-02-27 11:27:56.506000','Partial','Problem','Widgit',7442)
COMMIT
INSERT INTO FIVEWIDETABLE VALUES('2013-02-27 11:27:56.507000','','Good','flashyThing',7443)
COMMIT
INSERT INTO FIVEWIDETABLE VALUES('2013-02-27 11:27:56.507000','Partial','Warning','Widgit',7444)
COMMIT
INSERT INTO FIVEWIDETABLE VALUES('2013-02-27 11:27:56.507000','WindowsME_BROKE','Problem','flashyThing',7445)
COMMIT
INSERT INTO FIVEWIDETABLE VALUES('2013-02-27 11:27:56.507000','','Good','Widgit',7446)
COMMIT
INSERT INTO FIVEWIDETABLE VALUES('2013-02-27 11:27:56.507000','WindowsME_BROKE','Warning','flashyThing',7447)
COMMIT
INSERT INTO FIVEWIDETABLE VALUES('2013-02-27 11:27:56.507000','Partial','Problem','Widgit',7448)
COMMIT
INSERT INTO FIVEWIDETABLE VALUES('2013-02-27 11:27:56.507000','','Good','flashyThing',7449)
COMMIT
INSERT INTO FIVEWIDETABLE VALUES('2013-02-27 11:27:56.507000','Partial','Warning','Widgit',7450)
COMMIT
INSERT INTO FIVEWIDETABLE VALUES('2013-02-27 11:27:56.507000','WindowsME_BROKE','Problem','flashyThing',7451)
COMMIT
INSERT INTO FIVEWIDETABLE VALUES('2013-02-27 11:27:56.507000','','Good','Widgit',7452)
COMMIT
INSERT INTO FIVEWIDETABLE VALUES('2013-02-27 11:27:56.507000','WindowsME_BROKE','Warning','flashyThing',7453)
COMMIT
INSERT INTO FIVEWIDETABLE VALUES('2013-02-27 11:27:56.507000','Partial','Problem','Widgit',7454)
COMMIT
INSERT INTO FIVEWIDETABLE VALUES('2013-02-27 11:27:56.507000','','Good','flashyThing',7455)
COMMIT
INSERT INTO FIVEWIDETABLE VALUES('2013-02-27 11:27:56.507000','Partial','Warning','Widgit',7456)
COMMIT
INSERT INTO FIVEWIDETABLE VALUES('2013-02-27 11:27:56.507000','WindowsME_BROKE','Problem','flashyThing',7457)
COMMIT
INSERT INTO FIVEWIDETABLE VALUES('2013-02-27 11:27:56.507000','','Good','Widgit',7458)
COMMIT
INSERT INTO FIVEWIDETABLE VALUES('2013-02-27 11:27:56.507000','WindowsME_BROKE','Warning','flashyThing',7459)
COMMIT
INSERT INTO FIVEWIDETABLE VALUES('2013-02-27 11:27:56.508000','Partial','Problem','Widgit',7460)
COMMIT
INSERT INTO FIVEWIDETABLE VALUES('2013-02-27 11:27:56.508000','','Good','flashyThing',7461)
COMMIT
INSERT INTO FIVEWIDETABLE VALUES('2013-02-27 11:27:56.508000','Partial','Warning','Widgit',7462)
COMMIT
INSERT INTO FIVEWIDETABLE VALUES('2013-02-27 11:27:56.508000','WindowsME_BROKE','Problem','flashyThing',7463)
COMMIT
INSERT INTO FIVEWIDETABLE VALUES('2013-02-27 11:27:56.508000','','Good','Widgit',7464)
COMMIT
INSERT INTO FIVEWIDETABLE VALUES('2013-02-27 11:27:56.508000','WindowsME_BROKE','Warning','flashyThing',7465)
COMMIT
INSERT INTO FIVEWIDETABLE VALUES('2013-02-27 11:27:56.508000','Partial','Problem','Widgit',7466)
COMMIT
INSERT INTO FIVEWIDETABLE VALUES('2013-02-27 11:27:56.508000','','Good','flashyThing',7467)
COMMIT
INSERT INTO FIVEWIDETABLE VALUES('2013-02-27 11:27:56.508000','Partial','Warning','Widgit',7468)
COMMIT
INSERT INTO FIVEWIDETABLE VALUES('2013-02-27 11:27:56.508000','WindowsME_BROKE','Problem','flashyThing',7469)
COMMIT
INSERT INTO FIVEWIDETABLE VALUES('2013-02-27 11:27:56.508000','','Good','Widgit',7470)
COMMIT
INSERT INTO FIVEWIDETABLE VALUES('2013-02-27 11:27:56.508000','WindowsME_BROKE','Warning','flashyThing',7471)
COMMIT
INSERT INTO FIVEWIDETABLE VALUES('2013-02-27 11:27:56.508000','Partial','Problem','Widgit',7472)
COMMIT
INSERT INTO FIVEWIDETABLE VALUES('2013-02-27 11:27:56.508000','','Good','flashyThing',7473)
COMMIT
INSERT INTO FIVEWIDETABLE VALUES('2013-02-27 11:27:56.508000','Partial','Warning','Widgit',7474)
COMMIT
INSERT INTO FIVEWIDETABLE VALUES('2013-02-27 11:27:56.508000','WindowsME_BROKE','Problem','flashyThing',7475)
COMMIT
INSERT INTO FIVEWIDETABLE VALUES('2013-02-27 11:27:56.508000','','Good','Widgit',7476)
COMMIT
INSERT INTO FIVEWIDETABLE VALUES('2013-02-27 11:27:56.509000','WindowsME_BROKE','Warning','flashyThing',7477)
COMMIT
INSERT INTO FIVEWIDETABLE VALUES('2013-02-27 11:27:56.509000','Partial','Problem','Widgit',7478)
COMMIT
INSERT INTO FIVEWIDETABLE VALUES('2013-02-27 11:27:56.509000','','Good','flashyThing',7479)
COMMIT
INSERT INTO FIVEWIDETABLE VALUES('2013-02-27 11:27:56.509000','Partial','Warning','Widgit',7480)
COMMIT
INSERT INTO FIVEWIDETABLE VALUES('2013-02-27 11:27:56.509000','WindowsME_BROKE','Problem','flashyThing',7481)
COMMIT
INSERT INTO FIVEWIDETABLE VALUES('2013-02-27 11:27:56.509000','','Good','Widgit',7482)
COMMIT
INSERT INTO FIVEWIDETABLE VALUES('2013-02-27 11:27:56.509000','WindowsME_BROKE','Warning','flashyThing',7483)
COMMIT
INSERT INTO FIVEWIDETABLE VALUES('2013-02-27 11:27:56.509000','Partial','Problem','Widgit',7484)
COMMIT
INSERT INTO FIVEWIDETABLE VALUES('2013-02-27 11:27:56.509000','','Good','flashyThing',7485)
COMMIT
INSERT INTO FIVEWIDETABLE VALUES('2013-02-27 11:27:56.509000','Partial','Warning','Widgit',7486)
COMMIT
INSERT INTO FIVEWIDETABLE VALUES('2013-02-27 11:27:56.509000','WindowsME_BROKE','Problem','flashyThing',7487)
COMMIT
INSERT INTO FIVEWIDETABLE VALUES('2013-02-27 11:27:56.509000','','Good','Widgit',7488)
COMMIT
INSERT INTO FIVEWIDETABLE VALUES('2013-02-27 11:27:56.509000','WindowsME_BROKE','Warning','flashyThing',7489)
COMMIT
INSERT INTO FIVEWIDETABLE VALUES('2013-02-27 11:27:56.509000','Partial','Problem','Widgit',7490)
COMMIT
INSERT INTO FIVEWIDETABLE VALUES('2013-02-27 11:27:56.509000','','Good','flashyThing',7491)
COMMIT
INSERT INTO FIVEWIDETABLE VALUES('2013-02-27 11:27:56.509000','Partial','Warning','Widgit',7492)
COMMIT
INSERT INTO FIVEWIDETABLE VALUES('2013-02-27 11:27:56.510000','WindowsME_BROKE','Problem','flashyThing',7493)
COMMIT
INSERT INTO FIVEWIDETABLE VALUES('2013-02-27 11:27:56.510000','','Good','Widgit',7494)
COMMIT
INSERT INTO FIVEWIDETABLE VALUES('2013-02-27 11:27:56.510000','WindowsME_BROKE','Warning','flashyThing',7495)
COMMIT
INSERT INTO FIVEWIDETABLE VALUES('2013-02-27 11:27:56.510000','Partial','Problem','Widgit',7496)
COMMIT
INSERT INTO FIVEWIDETABLE VALUES('2013-02-27 11:27:56.510000','','Good','flashyThing',7497)
COMMIT
INSERT INTO FIVEWIDETABLE VALUES('2013-02-27 11:27:56.510000','Partial','Warning','Widgit',7498)
COMMIT
INSERT INTO FIVEWIDETABLE VALUES('2013-02-27 11:27:56.510000','WindowsME_BROKE','Problem','flashyThing',7499)
COMMIT
INSERT INTO FIVEWIDETABLE VALUES('2013-02-27 11:27:56.510000','','Good','Widgit',7500)
COMMIT
INSERT INTO FIVEWIDETABLE VALUES('2013-02-27 11:27:56.510000','WindowsME_BROKE','Warning','flashyThing',7501)
COMMIT
INSERT INTO FIVEWIDETABLE VALUES('2013-02-27 11:27:56.510000','Partial','Problem','Widgit',7502)
COMMIT
INSERT INTO FIVEWIDETABLE VALUES('2013-02-27 11:27:56.510000','','Good','flashyThing',7503)
COMMIT
INSERT INTO FIVEWIDETABLE VALUES('2013-02-27 11:27:56.510000','Partial','Warning','Widgit',7504)
COMMIT
INSERT INTO FIVEWIDETABLE VALUES('2013-02-27 11:27:56.510000','WindowsME_BROKE','Problem','flashyThing',7505)
COMMIT
INSERT INTO FIVEWIDETABLE VALUES('2013-02-27 11:27:56.510000','','Good','Widgit',7506)
COMMIT
INSERT INTO FIVEWIDETABLE VALUES('2013-02-27 11:27:56.510000','WindowsME_BROKE','Warning','flashyThing',7507)
COMMIT
INSERT INTO FIVEWIDETABLE VALUES('2013-02-27 11:27:56.510000','Partial','Problem','Widgit',7508)
COMMIT
INSERT INTO FIVEWIDETABLE VALUES('2013-02-27 11:27:56.510000','','Good','flashyThing',7509)
COMMIT
INSERT INTO FIVEWIDETABLE VALUES('2013-02-27 11:27:56.511000','Partial','Warning','Widgit',7510)
COMMIT
INSERT INTO FIVEWIDETABLE VALUES('2013-02-27 11:27:56.511000','WindowsME_BROKE','Problem','flashyThing',7511)
COMMIT
INSERT INTO FIVEWIDETABLE VALUES('2013-02-27 11:27:56.511000','','Good','Widgit',7512)
COMMIT
INSERT INTO FIVEWIDETABLE VALUES('2013-02-27 11:27:56.511000','WindowsME_BROKE','Warning','flashyThing',7513)
COMMIT
INSERT INTO FIVEWIDETABLE VALUES('2013-02-27 11:27:56.511000','Partial','Problem','Widgit',7514)
COMMIT
INSERT INTO FIVEWIDETABLE VALUES('2013-02-27 11:27:56.511000','','Good','flashyThing',7515)
COMMIT
INSERT INTO FIVEWIDETABLE VALUES('2013-02-27 11:27:56.511000','Partial','Warning','Widgit',7516)
COMMIT
INSERT INTO FIVEWIDETABLE VALUES('2013-02-27 11:27:56.511000','WindowsME_BROKE','Problem','flashyThing',7517)
COMMIT
INSERT INTO FIVEWIDETABLE VALUES('2013-02-27 11:27:56.511000','','Good','Widgit',7518)
COMMIT
INSERT INTO FIVEWIDETABLE VALUES('2013-02-27 11:27:56.511000','WindowsME_BROKE','Warning','flashyThing',7519)
COMMIT
INSERT INTO FIVEWIDETABLE VALUES('2013-02-27 11:27:56.511000','Partial','Problem','Widgit',7520)
COMMIT
INSERT INTO FIVEWIDETABLE VALUES('2013-02-27 11:27:56.511000','','Good','flashyThing',7521)
COMMIT
INSERT INTO FIVEWIDETABLE VALUES('2013-02-27 11:27:56.511000','Partial','Warning','Widgit',7522)
COMMIT
INSERT INTO FIVEWIDETABLE VALUES('2013-02-27 11:27:56.511000','WindowsME_BROKE','Problem','flashyThing',7523)
COMMIT
INSERT INTO FIVEWIDETABLE VALUES('2013-02-27 11:27:56.511000','','Good','Widgit',7524)
COMMIT
INSERT INTO FIVEWIDETABLE VALUES('2013-02-27 11:27:56.511000','WindowsME_BROKE','Warning','flashyThing',7525)
COMMIT
INSERT INTO FIVEWIDETABLE VALUES('2013-02-27 11:27:56.512000','Partial','Problem','Widgit',7526)
COMMIT
INSERT INTO FIVEWIDETABLE VALUES('2013-02-27 11:27:56.512000','','Good','flashyThing',7527)
COMMIT
INSERT INTO FIVEWIDETABLE VALUES('2013-02-27 11:27:56.512000','Partial','Warning','Widgit',7528)
COMMIT
INSERT INTO FIVEWIDETABLE VALUES('2013-02-27 11:27:56.512000','WindowsME_BROKE','Problem','flashyThing',7529)
COMMIT
INSERT INTO FIVEWIDETABLE VALUES('2013-02-27 11:27:56.512000','','Good','Widgit',7530)
COMMIT
INSERT INTO FIVEWIDETABLE VALUES('2013-02-27 11:27:56.512000','WindowsME_BROKE','Warning','flashyThing',7531)
COMMIT
INSERT INTO FIVEWIDETABLE VALUES('2013-02-27 11:27:56.512000','Partial','Problem','Widgit',7532)
COMMIT
INSERT INTO FIVEWIDETABLE VALUES('2013-02-27 11:27:56.512000','','Good','flashyThing',7533)
COMMIT
INSERT INTO FIVEWIDETABLE VALUES('2013-02-27 11:27:56.512000','Partial','Warning','Widgit',7534)
COMMIT
INSERT INTO FIVEWIDETABLE VALUES('2013-02-27 11:27:56.512000','WindowsME_BROKE','Problem','flashyThing',7535)
COMMIT
INSERT INTO FIVEWIDETABLE VALUES('2013-02-27 11:27:56.512000','','Good','Widgit',7536)
COMMIT
INSERT INTO FIVEWIDETABLE VALUES('2013-02-27 11:27:56.512000','WindowsME_BROKE','Warning','flashyThing',7537)
COMMIT
INSERT INTO FIVEWIDETABLE VALUES('2013-02-27 11:27:56.512000','Partial','Problem','Widgit',7538)
COMMIT
INSERT INTO FIVEWIDETABLE VALUES('2013-02-27 11:27:56.512000','','Good','flashyThing',7539)
COMMIT
INSERT INTO FIVEWIDETABLE VALUES('2013-02-27 11:27:56.512000','Partial','Warning','Widgit',7540)
COMMIT
INSERT INTO FIVEWIDETABLE VALUES('2013-02-27 11:27:56.512000','WindowsME_BROKE','Problem','flashyThing',7541)
COMMIT
INSERT INTO FIVEWIDETABLE VALUES('2013-02-27 11:27:56.512000','','Good','Widgit',7542)
COMMIT
INSERT INTO FIVEWIDETABLE VALUES('2013-02-27 11:27:56.513000','WindowsME_BROKE','Warning','flashyThing',7543)
COMMIT
INSERT INTO FIVEWIDETABLE VALUES('2013-02-27 11:27:56.513000','Partial','Problem','Widgit',7544)
COMMIT
INSERT INTO FIVEWIDETABLE VALUES('2013-02-27 11:27:56.513000','','Good','flashyThing',7545)
COMMIT
INSERT INTO FIVEWIDETABLE VALUES('2013-02-27 11:27:56.513000','Partial','Warning','Widgit',7546)
COMMIT
INSERT INTO FIVEWIDETABLE VALUES('2013-02-27 11:27:56.513000','WindowsME_BROKE','Problem','flashyThing',7547)
COMMIT
INSERT INTO FIVEWIDETABLE VALUES('2013-02-27 11:27:56.513000','','Good','Widgit',7548)
COMMIT
INSERT INTO FIVEWIDETABLE VALUES('2013-02-27 11:27:56.513000','WindowsME_BROKE','Warning','flashyThing',7549)
COMMIT
INSERT INTO FIVEWIDETABLE VALUES('2013-02-27 11:27:56.513000','Partial','Problem','Widgit',7550)
COMMIT
INSERT INTO FIVEWIDETABLE VALUES('2013-02-27 11:27:56.513000','','Good','flashyThing',7551)
COMMIT
INSERT INTO FIVEWIDETABLE VALUES('2013-02-27 11:27:56.513000','Partial','Warning','Widgit',7552)
COMMIT
INSERT INTO FIVEWIDETABLE VALUES('2013-02-27 11:27:56.513000','WindowsME_BROKE','Problem','flashyThing',7553)
COMMIT
INSERT INTO FIVEWIDETABLE VALUES('2013-02-27 11:27:56.513000','','Good','Widgit',7554)
COMMIT
INSERT INTO FIVEWIDETABLE VALUES('2013-02-27 11:27:56.513000','WindowsME_BROKE','Warning','flashyThing',7555)
COMMIT
INSERT INTO FIVEWIDETABLE VALUES('2013-02-27 11:27:56.513000','Partial','Problem','Widgit',7556)
COMMIT
INSERT INTO FIVEWIDETABLE VALUES('2013-02-27 11:27:56.513000','','Good','flashyThing',7557)
COMMIT
INSERT INTO FIVEWIDETABLE VALUES('2013-02-27 11:27:56.513000','Partial','Warning','Widgit',7558)
COMMIT
INSERT INTO FIVEWIDETABLE VALUES('2013-02-27 11:27:56.513000','WindowsME_BROKE','Problem','flashyThing',7559)
COMMIT
INSERT INTO FIVEWIDETABLE VALUES('2013-02-27 11:27:56.514000','','Good','Widgit',7560)
COMMIT
INSERT INTO FIVEWIDETABLE VALUES('2013-02-27 11:27:56.514000','WindowsME_BROKE','Warning','flashyThing',7561)
COMMIT
INSERT INTO FIVEWIDETABLE VALUES('2013-02-27 11:27:56.514000','Partial','Problem','Widgit',7562)
COMMIT
INSERT INTO FIVEWIDETABLE VALUES('2013-02-27 11:27:56.514000','','Good','flashyThing',7563)
COMMIT
INSERT INTO FIVEWIDETABLE VALUES('2013-02-27 11:27:56.514000','Partial','Warning','Widgit',7564)
COMMIT
INSERT INTO FIVEWIDETABLE VALUES('2013-02-27 11:27:56.514000','WindowsME_BROKE','Problem','flashyThing',7565)
COMMIT
INSERT INTO FIVEWIDETABLE VALUES('2013-02-27 11:27:56.514000','','Good','Widgit',7566)
COMMIT
INSERT INTO FIVEWIDETABLE VALUES('2013-02-27 11:27:56.514000','WindowsME_BROKE','Warning','flashyThing',7567)
COMMIT
INSERT INTO FIVEWIDETABLE VALUES('2013-02-27 11:27:56.514000','Partial','Problem','Widgit',7568)
COMMIT
INSERT INTO FIVEWIDETABLE VALUES('2013-02-27 11:27:56.514000','','Good','flashyThing',7569)
COMMIT
INSERT INTO FIVEWIDETABLE VALUES('2013-02-27 11:27:56.514000','Partial','Warning','Widgit',7570)
COMMIT
INSERT INTO FIVEWIDETABLE VALUES('2013-02-27 11:27:56.514000','WindowsME_BROKE','Problem','flashyThing',7571)
COMMIT
INSERT INTO FIVEWIDETABLE VALUES('2013-02-27 11:27:56.514000','','Good','Widgit',7572)
COMMIT
INSERT INTO FIVEWIDETABLE VALUES('2013-02-27 11:27:56.514000','WindowsME_BROKE','Warning','flashyThing',7573)
COMMIT
INSERT INTO FIVEWIDETABLE VALUES('2013-02-27 11:27:56.514000','Partial','Problem','Widgit',7574)
COMMIT
INSERT INTO FIVEWIDETABLE VALUES('2013-02-27 11:27:56.514000','','Good','flashyThing',7575)
COMMIT
INSERT INTO FIVEWIDETABLE VALUES('2013-02-27 11:27:56.514000','Partial','Warning','Widgit',7576)
COMMIT
INSERT INTO FIVEWIDETABLE VALUES('2013-02-27 11:27:56.515000','WindowsME_BROKE','Problem','flashyThing',7577)
COMMIT
INSERT INTO FIVEWIDETABLE VALUES('2013-02-27 11:27:56.515000','','Good','Widgit',7578)
COMMIT
INSERT INTO FIVEWIDETABLE VALUES('2013-02-27 11:27:56.515000','WindowsME_BROKE','Warning','flashyThing',7579)
COMMIT
INSERT INTO FIVEWIDETABLE VALUES('2013-02-27 11:27:56.515000','Partial','Problem','Widgit',7580)
COMMIT
INSERT INTO FIVEWIDETABLE VALUES('2013-02-27 11:27:56.515000','','Good','flashyThing',7581)
COMMIT
INSERT INTO FIVEWIDETABLE VALUES('2013-02-27 11:27:56.515000','Partial','Warning','Widgit',7582)
COMMIT
INSERT INTO FIVEWIDETABLE VALUES('2013-02-27 11:27:56.515000','WindowsME_BROKE','Problem','flashyThing',7583)
COMMIT
INSERT INTO FIVEWIDETABLE VALUES('2013-02-27 11:27:56.515000','','Good','Widgit',7584)
COMMIT
INSERT INTO FIVEWIDETABLE VALUES('2013-02-27 11:27:56.515000','WindowsME_BROKE','Warning','flashyThing',7585)
COMMIT
INSERT INTO FIVEWIDETABLE VALUES('2013-02-27 11:27:56.515000','Partial','Problem','Widgit',7586)
COMMIT
INSERT INTO FIVEWIDETABLE VALUES('2013-02-27 11:27:56.515000','','Good','flashyThing',7587)
COMMIT
INSERT INTO FIVEWIDETABLE VALUES('2013-02-27 11:27:56.515000','Partial','Warning','Widgit',7588)
COMMIT
INSERT INTO FIVEWIDETABLE VALUES('2013-02-27 11:27:56.515000','WindowsME_BROKE','Problem','flashyThing',7589)
COMMIT
INSERT INTO FIVEWIDETABLE VALUES('2013-02-27 11:27:56.515000','','Good','Widgit',7590)
COMMIT
INSERT INTO FIVEWIDETABLE VALUES('2013-02-27 11:27:56.515000','WindowsME_BROKE','Warning','flashyThing',7591)
COMMIT
INSERT INTO FIVEWIDETABLE VALUES('2013-02-27 11:27:56.515000','Partial','Problem','Widgit',7592)
COMMIT
INSERT INTO FIVEWIDETABLE VALUES('2013-02-27 11:27:56.516000','','Good','flashyThing',7593)
COMMIT
INSERT INTO FIVEWIDETABLE VALUES('2013-02-27 11:27:56.516000','Partial','Warning','Widgit',7594)
COMMIT
INSERT INTO FIVEWIDETABLE VALUES('2013-02-27 11:27:56.516000','WindowsME_BROKE','Problem','flashyThing',7595)
COMMIT
INSERT INTO FIVEWIDETABLE VALUES('2013-02-27 11:27:56.516000','','Good','Widgit',7596)
COMMIT
INSERT INTO FIVEWIDETABLE VALUES('2013-02-27 11:27:56.516000','WindowsME_BROKE','Warning','flashyThing',7597)
COMMIT
INSERT INTO FIVEWIDETABLE VALUES('2013-02-27 11:27:56.516000','Partial','Problem','Widgit',7598)
COMMIT
INSERT INTO FIVEWIDETABLE VALUES('2013-02-27 11:27:56.516000','','Good','flashyThing',7599)
COMMIT
INSERT INTO FIVEWIDETABLE VALUES('2013-02-27 11:27:56.516000','Partial','Warning','Widgit',7600)
COMMIT
INSERT INTO FIVEWIDETABLE VALUES('2013-02-27 11:27:56.516000','WindowsME_BROKE','Problem','flashyThing',7601)
COMMIT
INSERT INTO FIVEWIDETABLE VALUES('2013-02-27 11:27:56.516000','','Good','Widgit',7602)
COMMIT
INSERT INTO FIVEWIDETABLE VALUES('2013-02-27 11:27:56.516000','WindowsME_BROKE','Warning','flashyThing',7603)
COMMIT
INSERT INTO FIVEWIDETABLE VALUES('2013-02-27 11:27:56.516000','Partial','Problem','Widgit',7604)
COMMIT
INSERT INTO FIVEWIDETABLE VALUES('2013-02-27 11:27:56.516000','','Good','flashyThing',7605)
COMMIT
INSERT INTO FIVEWIDETABLE VALUES('2013-02-27 11:27:56.516000','Partial','Warning','Widgit',7606)
COMMIT
INSERT INTO FIVEWIDETABLE VALUES('2013-02-27 11:27:56.516000','WindowsME_BROKE','Problem','flashyThing',7607)
COMMIT
INSERT INTO FIVEWIDETABLE VALUES('2013-02-27 11:27:56.516000','','Good','Widgit',7608)
COMMIT
INSERT INTO FIVEWIDETABLE VALUES('2013-02-27 11:27:56.516000','WindowsME_BROKE','Warning','flashyThing',7609)
COMMIT
INSERT INTO FIVEWIDETABLE VALUES('2013-02-27 11:27:56.517000','Partial','Problem','Widgit',7610)
COMMIT
INSERT INTO FIVEWIDETABLE VALUES('2013-02-27 11:27:56.517000','','Good','flashyThing',7611)
COMMIT
INSERT INTO FIVEWIDETABLE VALUES('2013-02-27 11:27:56.517000','Partial','Warning','Widgit',7612)
COMMIT
INSERT INTO FIVEWIDETABLE VALUES('2013-02-27 11:27:56.517000','WindowsME_BROKE','Problem','flashyThing',7613)
COMMIT
INSERT INTO FIVEWIDETABLE VALUES('2013-02-27 11:27:56.517000','','Good','Widgit',7614)
COMMIT
INSERT INTO FIVEWIDETABLE VALUES('2013-02-27 11:27:56.517000','WindowsME_BROKE','Warning','flashyThing',7615)
COMMIT
INSERT INTO FIVEWIDETABLE VALUES('2013-02-27 11:27:56.517000','Partial','Problem','Widgit',7616)
COMMIT
INSERT INTO FIVEWIDETABLE VALUES('2013-02-27 11:27:56.517000','','Good','flashyThing',7617)
COMMIT
INSERT INTO FIVEWIDETABLE VALUES('2013-02-27 11:27:56.517000','Partial','Warning','Widgit',7618)
COMMIT
INSERT INTO FIVEWIDETABLE VALUES('2013-02-27 11:27:56.517000','WindowsME_BROKE','Problem','flashyThing',7619)
COMMIT
INSERT INTO FIVEWIDETABLE VALUES('2013-02-27 11:27:56.517000','','Good','Widgit',7620)
COMMIT
INSERT INTO FIVEWIDETABLE VALUES('2013-02-27 11:27:56.517000','WindowsME_BROKE','Warning','flashyThing',7621)
COMMIT
INSERT INTO FIVEWIDETABLE VALUES('2013-02-27 11:27:56.517000','Partial','Problem','Widgit',7622)
COMMIT
INSERT INTO FIVEWIDETABLE VALUES('2013-02-27 11:27:56.517000','','Good','flashyThing',7623)
COMMIT
INSERT INTO FIVEWIDETABLE VALUES('2013-02-27 11:27:56.517000','Partial','Warning','Widgit',7624)
COMMIT
INSERT INTO FIVEWIDETABLE VALUES('2013-02-27 11:27:56.517000','WindowsME_BROKE','Problem','flashyThing',7625)
COMMIT
INSERT INTO FIVEWIDETABLE VALUES('2013-02-27 11:27:56.517000','','Good','Widgit',7626)
COMMIT
INSERT INTO FIVEWIDETABLE VALUES('2013-02-27 11:27:56.518000','WindowsME_BROKE','Warning','flashyThing',7627)
COMMIT
INSERT INTO FIVEWIDETABLE VALUES('2013-02-27 11:27:56.518000','Partial','Problem','Widgit',7628)
COMMIT
INSERT INTO FIVEWIDETABLE VALUES('2013-02-27 11:27:56.518000','','Good','flashyThing',7629)
COMMIT
INSERT INTO FIVEWIDETABLE VALUES('2013-02-27 11:27:56.518000','Partial','Warning','Widgit',7630)
COMMIT
INSERT INTO FIVEWIDETABLE VALUES('2013-02-27 11:27:56.518000','WindowsME_BROKE','Problem','flashyThing',7631)
COMMIT
INSERT INTO FIVEWIDETABLE VALUES('2013-02-27 11:27:56.518000','','Good','Widgit',7632)
COMMIT
INSERT INTO FIVEWIDETABLE VALUES('2013-02-27 11:27:56.518000','WindowsME_BROKE','Warning','flashyThing',7633)
COMMIT
INSERT INTO FIVEWIDETABLE VALUES('2013-02-27 11:27:56.518000','Partial','Problem','Widgit',7634)
COMMIT
INSERT INTO FIVEWIDETABLE VALUES('2013-02-27 11:27:56.518000','','Good','flashyThing',7635)
COMMIT
INSERT INTO FIVEWIDETABLE VALUES('2013-02-27 11:27:56.518000','Partial','Warning','Widgit',7636)
COMMIT
INSERT INTO FIVEWIDETABLE VALUES('2013-02-27 11:27:56.518000','WindowsME_BROKE','Problem','flashyThing',7637)
COMMIT
INSERT INTO FIVEWIDETABLE VALUES('2013-02-27 11:27:56.518000','','Good','Widgit',7638)
COMMIT
INSERT INTO FIVEWIDETABLE VALUES('2013-02-27 11:27:56.518000','WindowsME_BROKE','Warning','flashyThing',7639)
COMMIT
INSERT INTO FIVEWIDETABLE VALUES('2013-02-27 11:27:56.518000','Partial','Problem','Widgit',7640)
COMMIT
INSERT INTO FIVEWIDETABLE VALUES('2013-02-27 11:27:56.518000','','Good','flashyThing',7641)
COMMIT
INSERT INTO FIVEWIDETABLE VALUES('2013-02-27 11:27:56.518000','Partial','Warning','Widgit',7642)
COMMIT
INSERT INTO FIVEWIDETABLE VALUES('2013-02-27 11:27:56.518000','WindowsME_BROKE','Problem','flashyThing',7643)
COMMIT
INSERT INTO FIVEWIDETABLE VALUES('2013-02-27 11:27:56.519000','','Good','Widgit',7644)
COMMIT
INSERT INTO FIVEWIDETABLE VALUES('2013-02-27 11:27:56.519000','WindowsME_BROKE','Warning','flashyThing',7645)
COMMIT
INSERT INTO FIVEWIDETABLE VALUES('2013-02-27 11:27:56.519000','Partial','Problem','Widgit',7646)
COMMIT
INSERT INTO FIVEWIDETABLE VALUES('2013-02-27 11:27:56.519000','','Good','flashyThing',7647)
COMMIT
INSERT INTO FIVEWIDETABLE VALUES('2013-02-27 11:27:56.519000','Partial','Warning','Widgit',7648)
COMMIT
INSERT INTO FIVEWIDETABLE VALUES('2013-02-27 11:27:56.519000','WindowsME_BROKE','Problem','flashyThing',7649)
COMMIT
INSERT INTO FIVEWIDETABLE VALUES('2013-02-27 11:27:56.519000','','Good','Widgit',7650)
COMMIT
INSERT INTO FIVEWIDETABLE VALUES('2013-02-27 11:27:56.519000','WindowsME_BROKE','Warning','flashyThing',7651)
COMMIT
INSERT INTO FIVEWIDETABLE VALUES('2013-02-27 11:27:56.519000','Partial','Problem','Widgit',7652)
COMMIT
INSERT INTO FIVEWIDETABLE VALUES('2013-02-27 11:27:56.519000','','Good','flashyThing',7653)
COMMIT
INSERT INTO FIVEWIDETABLE VALUES('2013-02-27 11:27:56.519000','Partial','Warning','Widgit',7654)
COMMIT
INSERT INTO FIVEWIDETABLE VALUES('2013-02-27 11:27:56.519000','WindowsME_BROKE','Problem','flashyThing',7655)
COMMIT
INSERT INTO FIVEWIDETABLE VALUES('2013-02-27 11:27:56.519000','','Good','Widgit',7656)
COMMIT
INSERT INTO FIVEWIDETABLE VALUES('2013-02-27 11:27:56.519000','WindowsME_BROKE','Warning','flashyThing',7657)
COMMIT
INSERT INTO FIVEWIDETABLE VALUES('2013-02-27 11:27:56.519000','Partial','Problem','Widgit',7658)
COMMIT
INSERT INTO FIVEWIDETABLE VALUES('2013-02-27 11:27:56.519000','','Good','flashyThing',7659)
COMMIT
INSERT INTO FIVEWIDETABLE VALUES('2013-02-27 11:27:56.520000','Partial','Warning','Widgit',7660)
COMMIT
INSERT INTO FIVEWIDETABLE VALUES('2013-02-27 11:27:56.520000','WindowsME_BROKE','Problem','flashyThing',7661)
COMMIT
INSERT INTO FIVEWIDETABLE VALUES('2013-02-27 11:27:56.520000','','Good','Widgit',7662)
COMMIT
INSERT INTO FIVEWIDETABLE VALUES('2013-02-27 11:27:56.520000','WindowsME_BROKE','Warning','flashyThing',7663)
COMMIT
INSERT INTO FIVEWIDETABLE VALUES('2013-02-27 11:27:56.520000','Partial','Problem','Widgit',7664)
COMMIT
INSERT INTO FIVEWIDETABLE VALUES('2013-02-27 11:27:56.520000','','Good','flashyThing',7665)
COMMIT
INSERT INTO FIVEWIDETABLE VALUES('2013-02-27 11:27:56.520000','Partial','Warning','Widgit',7666)
COMMIT
INSERT INTO FIVEWIDETABLE VALUES('2013-02-27 11:27:56.520000','WindowsME_BROKE','Problem','flashyThing',7667)
COMMIT
INSERT INTO FIVEWIDETABLE VALUES('2013-02-27 11:27:56.520000','','Good','Widgit',7668)
COMMIT
INSERT INTO FIVEWIDETABLE VALUES('2013-02-27 11:27:56.520000','WindowsME_BROKE','Warning','flashyThing',7669)
COMMIT
INSERT INTO FIVEWIDETABLE VALUES('2013-02-27 11:27:56.520000','Partial','Problem','Widgit',7670)
COMMIT
INSERT INTO FIVEWIDETABLE VALUES('2013-02-27 11:27:56.520000','','Good','flashyThing',7671)
COMMIT
INSERT INTO FIVEWIDETABLE VALUES('2013-02-27 11:27:56.520000','Partial','Warning','Widgit',7672)
COMMIT
INSERT INTO FIVEWIDETABLE VALUES('2013-02-27 11:27:56.520000','WindowsME_BROKE','Problem','flashyThing',7673)
COMMIT
INSERT INTO FIVEWIDETABLE VALUES('2013-02-27 11:27:56.520000','','Good','Widgit',7674)
COMMIT
INSERT INTO FIVEWIDETABLE VALUES('2013-02-27 11:27:56.520000','WindowsME_BROKE','Warning','flashyThing',7675)
COMMIT
INSERT INTO FIVEWIDETABLE VALUES('2013-02-27 11:27:56.520000','Partial','Problem','Widgit',7676)
COMMIT
INSERT INTO FIVEWIDETABLE VALUES('2013-02-27 11:27:56.521000','','Good','flashyThing',7677)
COMMIT
INSERT INTO FIVEWIDETABLE VALUES('2013-02-27 11:27:56.521000','Partial','Warning','Widgit',7678)
COMMIT
INSERT INTO FIVEWIDETABLE VALUES('2013-02-27 11:27:56.521000','WindowsME_BROKE','Problem','flashyThing',7679)
COMMIT
INSERT INTO FIVEWIDETABLE VALUES('2013-02-27 11:27:56.521000','','Good','Widgit',7680)
COMMIT
INSERT INTO FIVEWIDETABLE VALUES('2013-02-27 11:27:56.521000','WindowsME_BROKE','Warning','flashyThing',7681)
COMMIT
INSERT INTO FIVEWIDETABLE VALUES('2013-02-27 11:27:56.521000','Partial','Problem','Widgit',7682)
COMMIT
INSERT INTO FIVEWIDETABLE VALUES('2013-02-27 11:27:56.521000','','Good','flashyThing',7683)
COMMIT
INSERT INTO FIVEWIDETABLE VALUES('2013-02-27 11:27:56.521000','Partial','Warning','Widgit',7684)
COMMIT
INSERT INTO FIVEWIDETABLE VALUES('2013-02-27 11:27:56.521000','WindowsME_BROKE','Problem','flashyThing',7685)
COMMIT
INSERT INTO FIVEWIDETABLE VALUES('2013-02-27 11:27:56.521000','','Good','Widgit',7686)
COMMIT
INSERT INTO FIVEWIDETABLE VALUES('2013-02-27 11:27:56.521000','WindowsME_BROKE','Warning','flashyThing',7687)
COMMIT
INSERT INTO FIVEWIDETABLE VALUES('2013-02-27 11:27:56.521000','Partial','Problem','Widgit',7688)
COMMIT
INSERT INTO FIVEWIDETABLE VALUES('2013-02-27 11:27:56.521000','','Good','flashyThing',7689)
COMMIT
INSERT INTO FIVEWIDETABLE VALUES('2013-02-27 11:27:56.521000','Partial','Warning','Widgit',7690)
COMMIT
INSERT INTO FIVEWIDETABLE VALUES('2013-02-27 11:27:56.521000','WindowsME_BROKE','Problem','flashyThing',7691)
COMMIT
INSERT INTO FIVEWIDETABLE VALUES('2013-02-27 11:27:56.521000','','Good','Widgit',7692)
COMMIT
INSERT INTO FIVEWIDETABLE VALUES('2013-02-27 11:27:56.522000','WindowsME_BROKE','Warning','flashyThing',7693)
COMMIT
INSERT INTO FIVEWIDETABLE VALUES('2013-02-27 11:27:56.522000','Partial','Problem','Widgit',7694)
COMMIT
INSERT INTO FIVEWIDETABLE VALUES('2013-02-27 11:27:56.522000','','Good','flashyThing',7695)
COMMIT
INSERT INTO FIVEWIDETABLE VALUES('2013-02-27 11:27:56.522000','Partial','Warning','Widgit',7696)
COMMIT
INSERT INTO FIVEWIDETABLE VALUES('2013-02-27 11:27:56.522000','WindowsME_BROKE','Problem','flashyThing',7697)
COMMIT
INSERT INTO FIVEWIDETABLE VALUES('2013-02-27 11:27:56.522000','','Good','Widgit',7698)
COMMIT
INSERT INTO FIVEWIDETABLE VALUES('2013-02-27 11:27:56.522000','WindowsME_BROKE','Warning','flashyThing',7699)
COMMIT
INSERT INTO FIVEWIDETABLE VALUES('2013-02-27 11:27:56.522000','Partial','Problem','Widgit',7700)
COMMIT
INSERT INTO FIVEWIDETABLE VALUES('2013-02-27 11:27:56.522000','','Good','flashyThing',7701)
COMMIT
INSERT INTO FIVEWIDETABLE VALUES('2013-02-27 11:27:56.522000','Partial','Warning','Widgit',7702)
COMMIT
INSERT INTO FIVEWIDETABLE VALUES('2013-02-27 11:27:56.522000','WindowsME_BROKE','Problem','flashyThing',7703)
COMMIT
INSERT INTO FIVEWIDETABLE VALUES('2013-02-27 11:27:56.522000','','Good','Widgit',7704)
COMMIT
INSERT INTO FIVEWIDETABLE VALUES('2013-02-27 11:27:56.522000','WindowsME_BROKE','Warning','flashyThing',7705)
COMMIT
INSERT INTO FIVEWIDETABLE VALUES('2013-02-27 11:27:56.522000','Partial','Problem','Widgit',7706)
COMMIT
INSERT INTO FIVEWIDETABLE VALUES('2013-02-27 11:27:56.522000','','Good','flashyThing',7707)
COMMIT
INSERT INTO FIVEWIDETABLE VALUES('2013-02-27 11:27:56.522000','Partial','Warning','Widgit',7708)
COMMIT
INSERT INTO FIVEWIDETABLE VALUES('2013-02-27 11:27:56.522000','WindowsME_BROKE','Problem','flashyThing',7709)
COMMIT
INSERT INTO FIVEWIDETABLE VALUES('2013-02-27 11:27:56.523000','','Good','Widgit',7710)
COMMIT
INSERT INTO FIVEWIDETABLE VALUES('2013-02-27 11:27:56.523000','WindowsME_BROKE','Warning','flashyThing',7711)
COMMIT
INSERT INTO FIVEWIDETABLE VALUES('2013-02-27 11:27:56.523000','Partial','Problem','Widgit',7712)
COMMIT
INSERT INTO FIVEWIDETABLE VALUES('2013-02-27 11:27:56.523000','','Good','flashyThing',7713)
COMMIT
INSERT INTO FIVEWIDETABLE VALUES('2013-02-27 11:27:56.523000','Partial','Warning','Widgit',7714)
COMMIT
INSERT INTO FIVEWIDETABLE VALUES('2013-02-27 11:27:56.523000','WindowsME_BROKE','Problem','flashyThing',7715)
COMMIT
INSERT INTO FIVEWIDETABLE VALUES('2013-02-27 11:27:56.523000','','Good','Widgit',7716)
COMMIT
INSERT INTO FIVEWIDETABLE VALUES('2013-02-27 11:27:56.523000','WindowsME_BROKE','Warning','flashyThing',7717)
COMMIT
INSERT INTO FIVEWIDETABLE VALUES('2013-02-27 11:27:56.523000','Partial','Problem','Widgit',7718)
COMMIT
INSERT INTO FIVEWIDETABLE VALUES('2013-02-27 11:27:56.523000','','Good','flashyThing',7719)
COMMIT
INSERT INTO FIVEWIDETABLE VALUES('2013-02-27 11:27:56.523000','Partial','Warning','Widgit',7720)
COMMIT
INSERT INTO FIVEWIDETABLE VALUES('2013-02-27 11:27:56.523000','WindowsME_BROKE','Problem','flashyThing',7721)
COMMIT
INSERT INTO FIVEWIDETABLE VALUES('2013-02-27 11:27:56.523000','','Good','Widgit',7722)
COMMIT
INSERT INTO FIVEWIDETABLE VALUES('2013-02-27 11:27:56.523000','WindowsME_BROKE','Warning','flashyThing',7723)
COMMIT
INSERT INTO FIVEWIDETABLE VALUES('2013-02-27 11:27:56.523000','Partial','Problem','Widgit',7724)
COMMIT
INSERT INTO FIVEWIDETABLE VALUES('2013-02-27 11:27:56.523000','','Good','flashyThing',7725)
COMMIT
INSERT INTO FIVEWIDETABLE VALUES('2013-02-27 11:27:56.523000','Partial','Warning','Widgit',7726)
COMMIT
INSERT INTO FIVEWIDETABLE VALUES('2013-02-27 11:27:56.524000','WindowsME_BROKE','Problem','flashyThing',7727)
COMMIT
INSERT INTO FIVEWIDETABLE VALUES('2013-02-27 11:27:56.524000','','Good','Widgit',7728)
COMMIT
INSERT INTO FIVEWIDETABLE VALUES('2013-02-27 11:27:56.524000','WindowsME_BROKE','Warning','flashyThing',7729)
COMMIT
INSERT INTO FIVEWIDETABLE VALUES('2013-02-27 11:27:56.524000','Partial','Problem','Widgit',7730)
COMMIT
INSERT INTO FIVEWIDETABLE VALUES('2013-02-27 11:27:56.524000','','Good','flashyThing',7731)
COMMIT
INSERT INTO FIVEWIDETABLE VALUES('2013-02-27 11:27:56.524000','Partial','Warning','Widgit',7732)
COMMIT
INSERT INTO FIVEWIDETABLE VALUES('2013-02-27 11:27:56.524000','WindowsME_BROKE','Problem','flashyThing',7733)
COMMIT
INSERT INTO FIVEWIDETABLE VALUES('2013-02-27 11:27:56.524000','','Good','Widgit',7734)
COMMIT
INSERT INTO FIVEWIDETABLE VALUES('2013-02-27 11:27:56.524000','WindowsME_BROKE','Warning','flashyThing',7735)
COMMIT
INSERT INTO FIVEWIDETABLE VALUES('2013-02-27 11:27:56.524000','Partial','Problem','Widgit',7736)
COMMIT
INSERT INTO FIVEWIDETABLE VALUES('2013-02-27 11:27:56.524000','','Good','flashyThing',7737)
COMMIT
INSERT INTO FIVEWIDETABLE VALUES('2013-02-27 11:27:56.524000','Partial','Warning','Widgit',7738)
COMMIT
INSERT INTO FIVEWIDETABLE VALUES('2013-02-27 11:27:56.524000','WindowsME_BROKE','Problem','flashyThing',7739)
COMMIT
INSERT INTO FIVEWIDETABLE VALUES('2013-02-27 11:27:56.524000','','Good','Widgit',7740)
COMMIT
INSERT INTO FIVEWIDETABLE VALUES('2013-02-27 11:27:56.524000','WindowsME_BROKE','Warning','flashyThing',7741)
COMMIT
INSERT INTO FIVEWIDETABLE VALUES('2013-02-27 11:27:56.524000','Partial','Problem','Widgit',7742)
COMMIT
INSERT INTO FIVEWIDETABLE VALUES('2013-02-27 11:27:56.524000','','Good','flashyThing',7743)
COMMIT
INSERT INTO FIVEWIDETABLE VALUES('2013-02-27 11:27:56.525000','Partial','Warning','Widgit',7744)
COMMIT
INSERT INTO FIVEWIDETABLE VALUES('2013-02-27 11:27:56.525000','WindowsME_BROKE','Problem','flashyThing',7745)
COMMIT
INSERT INTO FIVEWIDETABLE VALUES('2013-02-27 11:27:56.525000','','Good','Widgit',7746)
COMMIT
INSERT INTO FIVEWIDETABLE VALUES('2013-02-27 11:27:56.525000','WindowsME_BROKE','Warning','flashyThing',7747)
COMMIT
INSERT INTO FIVEWIDETABLE VALUES('2013-02-27 11:27:56.525000','Partial','Problem','Widgit',7748)
COMMIT
INSERT INTO FIVEWIDETABLE VALUES('2013-02-27 11:27:56.525000','','Good','flashyThing',7749)
COMMIT
INSERT INTO FIVEWIDETABLE VALUES('2013-02-27 11:27:56.525000','Partial','Warning','Widgit',7750)
COMMIT
INSERT INTO FIVEWIDETABLE VALUES('2013-02-27 11:27:56.525000','WindowsME_BROKE','Problem','flashyThing',7751)
COMMIT
INSERT INTO FIVEWIDETABLE VALUES('2013-02-27 11:27:56.525000','','Good','Widgit',7752)
COMMIT
INSERT INTO FIVEWIDETABLE VALUES('2013-02-27 11:27:56.525000','WindowsME_BROKE','Warning','flashyThing',7753)
COMMIT
INSERT INTO FIVEWIDETABLE VALUES('2013-02-27 11:27:56.525000','Partial','Problem','Widgit',7754)
COMMIT
INSERT INTO FIVEWIDETABLE VALUES('2013-02-27 11:27:56.525000','','Good','flashyThing',7755)
COMMIT
INSERT INTO FIVEWIDETABLE VALUES('2013-02-27 11:27:56.525000','Partial','Warning','Widgit',7756)
COMMIT
INSERT INTO FIVEWIDETABLE VALUES('2013-02-27 11:27:56.525000','WindowsME_BROKE','Problem','flashyThing',7757)
COMMIT
INSERT INTO FIVEWIDETABLE VALUES('2013-02-27 11:27:56.525000','','Good','Widgit',7758)
COMMIT
INSERT INTO FIVEWIDETABLE VALUES('2013-02-27 11:27:56.525000','WindowsME_BROKE','Warning','flashyThing',7759)
COMMIT
INSERT INTO FIVEWIDETABLE VALUES('2013-02-27 11:27:56.526000','Partial','Problem','Widgit',7760)
COMMIT
INSERT INTO FIVEWIDETABLE VALUES('2013-02-27 11:27:56.526000','','Good','flashyThing',7761)
COMMIT
INSERT INTO FIVEWIDETABLE VALUES('2013-02-27 11:27:56.526000','Partial','Warning','Widgit',7762)
COMMIT
INSERT INTO FIVEWIDETABLE VALUES('2013-02-27 11:27:56.526000','WindowsME_BROKE','Problem','flashyThing',7763)
COMMIT
INSERT INTO FIVEWIDETABLE VALUES('2013-02-27 11:27:56.526000','','Good','Widgit',7764)
COMMIT
INSERT INTO FIVEWIDETABLE VALUES('2013-02-27 11:27:56.526000','WindowsME_BROKE','Warning','flashyThing',7765)
COMMIT
INSERT INTO FIVEWIDETABLE VALUES('2013-02-27 11:27:56.526000','Partial','Problem','Widgit',7766)
COMMIT
INSERT INTO FIVEWIDETABLE VALUES('2013-02-27 11:27:56.526000','','Good','flashyThing',7767)
COMMIT
INSERT INTO FIVEWIDETABLE VALUES('2013-02-27 11:27:56.526000','Partial','Warning','Widgit',7768)
COMMIT
INSERT INTO FIVEWIDETABLE VALUES('2013-02-27 11:27:56.526000','WindowsME_BROKE','Problem','flashyThing',7769)
COMMIT
INSERT INTO FIVEWIDETABLE VALUES('2013-02-27 11:27:56.526000','','Good','Widgit',7770)
COMMIT
INSERT INTO FIVEWIDETABLE VALUES('2013-02-27 11:27:56.526000','WindowsME_BROKE','Warning','flashyThing',7771)
COMMIT
INSERT INTO FIVEWIDETABLE VALUES('2013-02-27 11:27:56.526000','Partial','Problem','Widgit',7772)
COMMIT
INSERT INTO FIVEWIDETABLE VALUES('2013-02-27 11:27:56.526000','','Good','flashyThing',7773)
COMMIT
INSERT INTO FIVEWIDETABLE VALUES('2013-02-27 11:27:56.526000','Partial','Warning','Widgit',7774)
COMMIT
INSERT INTO FIVEWIDETABLE VALUES('2013-02-27 11:27:56.526000','WindowsME_BROKE','Problem','flashyThing',7775)
COMMIT
INSERT INTO FIVEWIDETABLE VALUES('2013-02-27 11:27:56.526000','','Good','Widgit',7776)
COMMIT
INSERT INTO FIVEWIDETABLE VALUES('2013-02-27 11:27:56.527000','WindowsME_BROKE','Warning','flashyThing',7777)
COMMIT
INSERT INTO FIVEWIDETABLE VALUES('2013-02-27 11:27:56.527000','Partial','Problem','Widgit',7778)
COMMIT
INSERT INTO FIVEWIDETABLE VALUES('2013-02-27 11:27:56.527000','','Good','flashyThing',7779)
COMMIT
INSERT INTO FIVEWIDETABLE VALUES('2013-02-27 11:27:56.527000','Partial','Warning','Widgit',7780)
COMMIT
INSERT INTO FIVEWIDETABLE VALUES('2013-02-27 11:27:56.527000','WindowsME_BROKE','Problem','flashyThing',7781)
COMMIT
INSERT INTO FIVEWIDETABLE VALUES('2013-02-27 11:27:56.527000','','Good','Widgit',7782)
COMMIT
INSERT INTO FIVEWIDETABLE VALUES('2013-02-27 11:27:56.527000','WindowsME_BROKE','Warning','flashyThing',7783)
COMMIT
INSERT INTO FIVEWIDETABLE VALUES('2013-02-27 11:27:56.527000','Partial','Problem','Widgit',7784)
COMMIT
INSERT INTO FIVEWIDETABLE VALUES('2013-02-27 11:27:56.527000','','Good','flashyThing',7785)
COMMIT
INSERT INTO FIVEWIDETABLE VALUES('2013-02-27 11:27:56.527000','Partial','Warning','Widgit',7786)
COMMIT
INSERT INTO FIVEWIDETABLE VALUES('2013-02-27 11:27:56.527000','WindowsME_BROKE','Problem','flashyThing',7787)
COMMIT
INSERT INTO FIVEWIDETABLE VALUES('2013-02-27 11:27:56.527000','','Good','Widgit',7788)
COMMIT
INSERT INTO FIVEWIDETABLE VALUES('2013-02-27 11:27:56.527000','WindowsME_BROKE','Warning','flashyThing',7789)
COMMIT
INSERT INTO FIVEWIDETABLE VALUES('2013-02-27 11:27:56.527000','Partial','Problem','Widgit',7790)
COMMIT
INSERT INTO FIVEWIDETABLE VALUES('2013-02-27 11:27:56.527000','','Good','flashyThing',7791)
COMMIT
INSERT INTO FIVEWIDETABLE VALUES('2013-02-27 11:27:56.527000','Partial','Warning','Widgit',7792)
COMMIT
INSERT INTO FIVEWIDETABLE VALUES('2013-02-27 11:27:56.527000','WindowsME_BROKE','Problem','flashyThing',7793)
COMMIT
INSERT INTO FIVEWIDETABLE VALUES('2013-02-27 11:27:56.528000','','Good','Widgit',7794)
COMMIT
INSERT INTO FIVEWIDETABLE VALUES('2013-02-27 11:27:56.528000','WindowsME_BROKE','Warning','flashyThing',7795)
COMMIT
INSERT INTO FIVEWIDETABLE VALUES('2013-02-27 11:27:56.528000','Partial','Problem','Widgit',7796)
COMMIT
INSERT INTO FIVEWIDETABLE VALUES('2013-02-27 11:27:56.528000','','Good','flashyThing',7797)
COMMIT
INSERT INTO FIVEWIDETABLE VALUES('2013-02-27 11:27:56.528000','Partial','Warning','Widgit',7798)
COMMIT
INSERT INTO FIVEWIDETABLE VALUES('2013-02-27 11:27:56.528000','WindowsME_BROKE','Problem','flashyThing',7799)
COMMIT
INSERT INTO FIVEWIDETABLE VALUES('2013-02-27 11:27:56.528000','','Good','Widgit',7800)
COMMIT
INSERT INTO FIVEWIDETABLE VALUES('2013-02-27 11:27:56.528000','WindowsME_BROKE','Warning','flashyThing',7801)
COMMIT
INSERT INTO FIVEWIDETABLE VALUES('2013-02-27 11:27:56.528000','Partial','Problem','Widgit',7802)
COMMIT
INSERT INTO FIVEWIDETABLE VALUES('2013-02-27 11:27:56.528000','','Good','flashyThing',7803)
COMMIT
INSERT INTO FIVEWIDETABLE VALUES('2013-02-27 11:27:56.528000','Partial','Warning','Widgit',7804)
COMMIT
INSERT INTO FIVEWIDETABLE VALUES('2013-02-27 11:27:56.528000','WindowsME_BROKE','Problem','flashyThing',7805)
COMMIT
INSERT INTO FIVEWIDETABLE VALUES('2013-02-27 11:27:56.528000','','Good','Widgit',7806)
COMMIT
INSERT INTO FIVEWIDETABLE VALUES('2013-02-27 11:27:56.528000','WindowsME_BROKE','Warning','flashyThing',7807)
COMMIT
INSERT INTO FIVEWIDETABLE VALUES('2013-02-27 11:27:56.528000','Partial','Problem','Widgit',7808)
COMMIT
INSERT INTO FIVEWIDETABLE VALUES('2013-02-27 11:27:56.528000','','Good','flashyThing',7809)
COMMIT
INSERT INTO FIVEWIDETABLE VALUES('2013-02-27 11:27:56.529000','Partial','Warning','Widgit',7810)
COMMIT
INSERT INTO FIVEWIDETABLE VALUES('2013-02-27 11:27:56.529000','WindowsME_BROKE','Problem','flashyThing',7811)
COMMIT
INSERT INTO FIVEWIDETABLE VALUES('2013-02-27 11:27:56.529000','','Good','Widgit',7812)
COMMIT
INSERT INTO FIVEWIDETABLE VALUES('2013-02-27 11:27:56.529000','WindowsME_BROKE','Warning','flashyThing',7813)
COMMIT
INSERT INTO FIVEWIDETABLE VALUES('2013-02-27 11:27:56.529000','Partial','Problem','Widgit',7814)
COMMIT
INSERT INTO FIVEWIDETABLE VALUES('2013-02-27 11:27:56.529000','','Good','flashyThing',7815)
COMMIT
INSERT INTO FIVEWIDETABLE VALUES('2013-02-27 11:27:56.529000','Partial','Warning','Widgit',7816)
COMMIT
INSERT INTO FIVEWIDETABLE VALUES('2013-02-27 11:27:56.529000','WindowsME_BROKE','Problem','flashyThing',7817)
COMMIT
INSERT INTO FIVEWIDETABLE VALUES('2013-02-27 11:27:56.529000','','Good','Widgit',7818)
COMMIT
INSERT INTO FIVEWIDETABLE VALUES('2013-02-27 11:27:56.529000','WindowsME_BROKE','Warning','flashyThing',7819)
COMMIT
INSERT INTO FIVEWIDETABLE VALUES('2013-02-27 11:27:56.529000','Partial','Problem','Widgit',7820)
COMMIT
INSERT INTO FIVEWIDETABLE VALUES('2013-02-27 11:27:56.529000','','Good','flashyThing',7821)
COMMIT
INSERT INTO FIVEWIDETABLE VALUES('2013-02-27 11:27:56.529000','Partial','Warning','Widgit',7822)
COMMIT
INSERT INTO FIVEWIDETABLE VALUES('2013-02-27 11:27:56.529000','WindowsME_BROKE','Problem','flashyThing',7823)
COMMIT
INSERT INTO FIVEWIDETABLE VALUES('2013-02-27 11:27:56.529000','','Good','Widgit',7824)
COMMIT
INSERT INTO FIVEWIDETABLE VALUES('2013-02-27 11:27:56.529000','WindowsME_BROKE','Warning','flashyThing',7825)
COMMIT
INSERT INTO FIVEWIDETABLE VALUES('2013-02-27 11:27:56.529000','Partial','Problem','Widgit',7826)
COMMIT
INSERT INTO FIVEWIDETABLE VALUES('2013-02-27 11:27:56.530000','','Good','flashyThing',7827)
COMMIT
INSERT INTO FIVEWIDETABLE VALUES('2013-02-27 11:27:56.530000','Partial','Warning','Widgit',7828)
COMMIT
INSERT INTO FIVEWIDETABLE VALUES('2013-02-27 11:27:56.530000','WindowsME_BROKE','Problem','flashyThing',7829)
COMMIT
INSERT INTO FIVEWIDETABLE VALUES('2013-02-27 11:27:56.530000','','Good','Widgit',7830)
COMMIT
INSERT INTO FIVEWIDETABLE VALUES('2013-02-27 11:27:56.530000','WindowsME_BROKE','Warning','flashyThing',7831)
COMMIT
INSERT INTO FIVEWIDETABLE VALUES('2013-02-27 11:27:56.530000','Partial','Problem','Widgit',7832)
COMMIT
INSERT INTO FIVEWIDETABLE VALUES('2013-02-27 11:27:56.530000','','Good','flashyThing',7833)
COMMIT
INSERT INTO FIVEWIDETABLE VALUES('2013-02-27 11:27:56.530000','Partial','Warning','Widgit',7834)
COMMIT
INSERT INTO FIVEWIDETABLE VALUES('2013-02-27 11:27:56.530000','WindowsME_BROKE','Problem','flashyThing',7835)
COMMIT
INSERT INTO FIVEWIDETABLE VALUES('2013-02-27 11:27:56.530000','','Good','Widgit',7836)
COMMIT
INSERT INTO FIVEWIDETABLE VALUES('2013-02-27 11:27:56.530000','WindowsME_BROKE','Warning','flashyThing',7837)
COMMIT
INSERT INTO FIVEWIDETABLE VALUES('2013-02-27 11:27:56.530000','Partial','Problem','Widgit',7838)
COMMIT
INSERT INTO FIVEWIDETABLE VALUES('2013-02-27 11:27:56.530000','','Good','flashyThing',7839)
COMMIT
INSERT INTO FIVEWIDETABLE VALUES('2013-02-27 11:27:56.530000','Partial','Warning','Widgit',7840)
COMMIT
INSERT INTO FIVEWIDETABLE VALUES('2013-02-27 11:27:56.530000','WindowsME_BROKE','Problem','flashyThing',7841)
COMMIT
INSERT INTO FIVEWIDETABLE VALUES('2013-02-27 11:27:56.530000','','Good','Widgit',7842)
COMMIT
INSERT INTO FIVEWIDETABLE VALUES('2013-02-27 11:27:56.530000','WindowsME_BROKE','Warning','flashyThing',7843)
COMMIT
INSERT INTO FIVEWIDETABLE VALUES('2013-02-27 11:27:56.531000','Partial','Problem','Widgit',7844)
COMMIT
INSERT INTO FIVEWIDETABLE VALUES('2013-02-27 11:27:56.531000','','Good','flashyThing',7845)
COMMIT
INSERT INTO FIVEWIDETABLE VALUES('2013-02-27 11:27:56.531000','Partial','Warning','Widgit',7846)
COMMIT
INSERT INTO FIVEWIDETABLE VALUES('2013-02-27 11:27:56.531000','WindowsME_BROKE','Problem','flashyThing',7847)
COMMIT
INSERT INTO FIVEWIDETABLE VALUES('2013-02-27 11:27:56.531000','','Good','Widgit',7848)
COMMIT
INSERT INTO FIVEWIDETABLE VALUES('2013-02-27 11:27:56.531000','WindowsME_BROKE','Warning','flashyThing',7849)
COMMIT
INSERT INTO FIVEWIDETABLE VALUES('2013-02-27 11:27:56.531000','Partial','Problem','Widgit',7850)
COMMIT
INSERT INTO FIVEWIDETABLE VALUES('2013-02-27 11:27:56.531000','','Good','flashyThing',7851)
COMMIT
INSERT INTO FIVEWIDETABLE VALUES('2013-02-27 11:27:56.531000','Partial','Warning','Widgit',7852)
COMMIT
INSERT INTO FIVEWIDETABLE VALUES('2013-02-27 11:27:56.531000','WindowsME_BROKE','Problem','flashyThing',7853)
COMMIT
INSERT INTO FIVEWIDETABLE VALUES('2013-02-27 11:27:56.531000','','Good','Widgit',7854)
COMMIT
INSERT INTO FIVEWIDETABLE VALUES('2013-02-27 11:27:56.531000','WindowsME_BROKE','Warning','flashyThing',7855)
COMMIT
INSERT INTO FIVEWIDETABLE VALUES('2013-02-27 11:27:56.531000','Partial','Problem','Widgit',7856)
COMMIT
INSERT INTO FIVEWIDETABLE VALUES('2013-02-27 11:27:56.531000','','Good','flashyThing',7857)
COMMIT
INSERT INTO FIVEWIDETABLE VALUES('2013-02-27 11:27:56.531000','Partial','Warning','Widgit',7858)
COMMIT
INSERT INTO FIVEWIDETABLE VALUES('2013-02-27 11:27:56.531000','WindowsME_BROKE','Problem','flashyThing',7859)
COMMIT
INSERT INTO FIVEWIDETABLE VALUES('2013-02-27 11:27:56.532000','','Good','Widgit',7860)
COMMIT
INSERT INTO FIVEWIDETABLE VALUES('2013-02-27 11:27:56.532000','WindowsME_BROKE','Warning','flashyThing',7861)
COMMIT
INSERT INTO FIVEWIDETABLE VALUES('2013-02-27 11:27:56.532000','Partial','Problem','Widgit',7862)
COMMIT
INSERT INTO FIVEWIDETABLE VALUES('2013-02-27 11:27:56.532000','','Good','flashyThing',7863)
COMMIT
INSERT INTO FIVEWIDETABLE VALUES('2013-02-27 11:27:56.532000','Partial','Warning','Widgit',7864)
COMMIT
INSERT INTO FIVEWIDETABLE VALUES('2013-02-27 11:27:56.532000','WindowsME_BROKE','Problem','flashyThing',7865)
COMMIT
INSERT INTO FIVEWIDETABLE VALUES('2013-02-27 11:27:56.532000','','Good','Widgit',7866)
COMMIT
INSERT INTO FIVEWIDETABLE VALUES('2013-02-27 11:27:56.532000','WindowsME_BROKE','Warning','flashyThing',7867)
COMMIT
INSERT INTO FIVEWIDETABLE VALUES('2013-02-27 11:27:56.532000','Partial','Problem','Widgit',7868)
COMMIT
INSERT INTO FIVEWIDETABLE VALUES('2013-02-27 11:27:56.532000','','Good','flashyThing',7869)
COMMIT
INSERT INTO FIVEWIDETABLE VALUES('2013-02-27 11:27:56.532000','Partial','Warning','Widgit',7870)
COMMIT
INSERT INTO FIVEWIDETABLE VALUES('2013-02-27 11:27:56.532000','WindowsME_BROKE','Problem','flashyThing',7871)
COMMIT
INSERT INTO FIVEWIDETABLE VALUES('2013-02-27 11:27:56.532000','','Good','Widgit',7872)
COMMIT
INSERT INTO FIVEWIDETABLE VALUES('2013-02-27 11:27:56.532000','WindowsME_BROKE','Warning','flashyThing',7873)
COMMIT
INSERT INTO FIVEWIDETABLE VALUES('2013-02-27 11:27:56.532000','Partial','Problem','Widgit',7874)
COMMIT
INSERT INTO FIVEWIDETABLE VALUES('2013-02-27 11:27:56.532000','','Good','flashyThing',7875)
COMMIT
INSERT INTO FIVEWIDETABLE VALUES('2013-02-27 11:27:56.532000','Partial','Warning','Widgit',7876)
COMMIT
INSERT INTO FIVEWIDETABLE VALUES('2013-02-27 11:27:56.533000','WindowsME_BROKE','Problem','flashyThing',7877)
COMMIT
INSERT INTO FIVEWIDETABLE VALUES('2013-02-27 11:27:56.533000','','Good','Widgit',7878)
COMMIT
INSERT INTO FIVEWIDETABLE VALUES('2013-02-27 11:27:56.533000','WindowsME_BROKE','Warning','flashyThing',7879)
COMMIT
INSERT INTO FIVEWIDETABLE VALUES('2013-02-27 11:27:56.533000','Partial','Problem','Widgit',7880)
COMMIT
INSERT INTO FIVEWIDETABLE VALUES('2013-02-27 11:27:56.533000','','Good','flashyThing',7881)
COMMIT
INSERT INTO FIVEWIDETABLE VALUES('2013-02-27 11:27:56.533000','Partial','Warning','Widgit',7882)
COMMIT
INSERT INTO FIVEWIDETABLE VALUES('2013-02-27 11:27:56.533000','WindowsME_BROKE','Problem','flashyThing',7883)
COMMIT
INSERT INTO FIVEWIDETABLE VALUES('2013-02-27 11:27:56.533000','','Good','Widgit',7884)
COMMIT
INSERT INTO FIVEWIDETABLE VALUES('2013-02-27 11:27:56.533000','WindowsME_BROKE','Warning','flashyThing',7885)
COMMIT
INSERT INTO FIVEWIDETABLE VALUES('2013-02-27 11:27:56.533000','Partial','Problem','Widgit',7886)
COMMIT
INSERT INTO FIVEWIDETABLE VALUES('2013-02-27 11:27:56.533000','','Good','flashyThing',7887)
COMMIT
INSERT INTO FIVEWIDETABLE VALUES('2013-02-27 11:27:56.533000','Partial','Warning','Widgit',7888)
COMMIT
INSERT INTO FIVEWIDETABLE VALUES('2013-02-27 11:27:56.533000','WindowsME_BROKE','Problem','flashyThing',7889)
COMMIT
INSERT INTO FIVEWIDETABLE VALUES('2013-02-27 11:27:56.533000','','Good','Widgit',7890)
COMMIT
INSERT INTO FIVEWIDETABLE VALUES('2013-02-27 11:27:56.533000','WindowsME_BROKE','Warning','flashyThing',7891)
COMMIT
INSERT INTO FIVEWIDETABLE VALUES('2013-02-27 11:27:56.533000','Partial','Problem','Widgit',7892)
COMMIT
INSERT INTO FIVEWIDETABLE VALUES('2013-02-27 11:27:56.533000','','Good','flashyThing',7893)
COMMIT
INSERT INTO FIVEWIDETABLE VALUES('2013-02-27 11:27:56.534000','Partial','Warning','Widgit',7894)
COMMIT
INSERT INTO FIVEWIDETABLE VALUES('2013-02-27 11:27:56.534000','WindowsME_BROKE','Problem','flashyThing',7895)
COMMIT
INSERT INTO FIVEWIDETABLE VALUES('2013-02-27 11:27:56.534000','','Good','Widgit',7896)
COMMIT
INSERT INTO FIVEWIDETABLE VALUES('2013-02-27 11:27:56.534000','WindowsME_BROKE','Warning','flashyThing',7897)
COMMIT
INSERT INTO FIVEWIDETABLE VALUES('2013-02-27 11:27:56.534000','Partial','Problem','Widgit',7898)
COMMIT
INSERT INTO FIVEWIDETABLE VALUES('2013-02-27 11:27:56.534000','','Good','flashyThing',7899)
COMMIT
INSERT INTO FIVEWIDETABLE VALUES('2013-02-27 11:27:56.534000','Partial','Warning','Widgit',7900)
COMMIT
INSERT INTO FIVEWIDETABLE VALUES('2013-02-27 11:27:56.534000','WindowsME_BROKE','Problem','flashyThing',7901)
COMMIT
INSERT INTO FIVEWIDETABLE VALUES('2013-02-27 11:27:56.534000','','Good','Widgit',7902)
COMMIT
INSERT INTO FIVEWIDETABLE VALUES('2013-02-27 11:27:56.534000','WindowsME_BROKE','Warning','flashyThing',7903)
COMMIT
INSERT INTO FIVEWIDETABLE VALUES('2013-02-27 11:27:56.534000','Partial','Problem','Widgit',7904)
COMMIT
INSERT INTO FIVEWIDETABLE VALUES('2013-02-27 11:27:56.534000','','Good','flashyThing',7905)
COMMIT
INSERT INTO FIVEWIDETABLE VALUES('2013-02-27 11:27:56.534000','Partial','Warning','Widgit',7906)
COMMIT
INSERT INTO FIVEWIDETABLE VALUES('2013-02-27 11:27:56.534000','WindowsME_BROKE','Problem','flashyThing',7907)
COMMIT
INSERT INTO FIVEWIDETABLE VALUES('2013-02-27 11:27:56.534000','','Good','Widgit',7908)
COMMIT
INSERT INTO FIVEWIDETABLE VALUES('2013-02-27 11:27:56.534000','WindowsME_BROKE','Warning','flashyThing',7909)
COMMIT
INSERT INTO FIVEWIDETABLE VALUES('2013-02-27 11:27:56.534000','Partial','Problem','Widgit',7910)
COMMIT
INSERT INTO FIVEWIDETABLE VALUES('2013-02-27 11:27:56.535000','','Good','flashyThing',7911)
COMMIT
INSERT INTO FIVEWIDETABLE VALUES('2013-02-27 11:27:56.535000','Partial','Warning','Widgit',7912)
COMMIT
INSERT INTO FIVEWIDETABLE VALUES('2013-02-27 11:27:56.535000','WindowsME_BROKE','Problem','flashyThing',7913)
COMMIT
INSERT INTO FIVEWIDETABLE VALUES('2013-02-27 11:27:56.535000','','Good','Widgit',7914)
COMMIT
INSERT INTO FIVEWIDETABLE VALUES('2013-02-27 11:27:56.535000','WindowsME_BROKE','Warning','flashyThing',7915)
COMMIT
INSERT INTO FIVEWIDETABLE VALUES('2013-02-27 11:27:56.535000','Partial','Problem','Widgit',7916)
COMMIT
INSERT INTO FIVEWIDETABLE VALUES('2013-02-27 11:27:56.535000','','Good','flashyThing',7917)
COMMIT
INSERT INTO FIVEWIDETABLE VALUES('2013-02-27 11:27:56.535000','Partial','Warning','Widgit',7918)
COMMIT
INSERT INTO FIVEWIDETABLE VALUES('2013-02-27 11:27:56.535000','WindowsME_BROKE','Problem','flashyThing',7919)
COMMIT
INSERT INTO FIVEWIDETABLE VALUES('2013-02-27 11:27:56.535000','','Good','Widgit',7920)
COMMIT
INSERT INTO FIVEWIDETABLE VALUES('2013-02-27 11:27:56.535000','WindowsME_BROKE','Warning','flashyThing',7921)
COMMIT
INSERT INTO FIVEWIDETABLE VALUES('2013-02-27 11:27:56.535000','Partial','Problem','Widgit',7922)
COMMIT
INSERT INTO FIVEWIDETABLE VALUES('2013-02-27 11:27:56.535000','','Good','flashyThing',7923)
COMMIT
INSERT INTO FIVEWIDETABLE VALUES('2013-02-27 11:27:56.535000','Partial','Warning','Widgit',7924)
COMMIT
INSERT INTO FIVEWIDETABLE VALUES('2013-02-27 11:27:56.535000','WindowsME_BROKE','Problem','flashyThing',7925)
COMMIT
INSERT INTO FIVEWIDETABLE VALUES('2013-02-27 11:27:56.536000','','Good','Widgit',7926)
COMMIT
INSERT INTO FIVEWIDETABLE VALUES('2013-02-27 11:27:56.536000','WindowsME_BROKE','Warning','flashyThing',7927)
COMMIT
INSERT INTO FIVEWIDETABLE VALUES('2013-02-27 11:27:56.536000','Partial','Problem','Widgit',7928)
COMMIT
INSERT INTO FIVEWIDETABLE VALUES('2013-02-27 11:27:56.536000','','Good','flashyThing',7929)
COMMIT
INSERT INTO FIVEWIDETABLE VALUES('2013-02-27 11:27:56.536000','Partial','Warning','Widgit',7930)
COMMIT
INSERT INTO FIVEWIDETABLE VALUES('2013-02-27 11:27:56.536000','WindowsME_BROKE','Problem','flashyThing',7931)
COMMIT
INSERT INTO FIVEWIDETABLE VALUES('2013-02-27 11:27:56.536000','','Good','Widgit',7932)
COMMIT
INSERT INTO FIVEWIDETABLE VALUES('2013-02-27 11:27:56.536000','WindowsME_BROKE','Warning','flashyThing',7933)
COMMIT
INSERT INTO FIVEWIDETABLE VALUES('2013-02-27 11:27:56.536000','Partial','Problem','Widgit',7934)
COMMIT
INSERT INTO FIVEWIDETABLE VALUES('2013-02-27 11:27:56.536000','','Good','flashyThing',7935)
COMMIT
INSERT INTO FIVEWIDETABLE VALUES('2013-02-27 11:27:56.536000','Partial','Warning','Widgit',7936)
COMMIT
INSERT INTO FIVEWIDETABLE VALUES('2013-02-27 11:27:56.536000','WindowsME_BROKE','Problem','flashyThing',7937)
COMMIT
INSERT INTO FIVEWIDETABLE VALUES('2013-02-27 11:27:56.536000','','Good','Widgit',7938)
COMMIT
INSERT INTO FIVEWIDETABLE VALUES('2013-02-27 11:27:56.536000','WindowsME_BROKE','Warning','flashyThing',7939)
COMMIT
INSERT INTO FIVEWIDETABLE VALUES('2013-02-27 11:27:56.536000','Partial','Problem','Widgit',7940)
COMMIT
INSERT INTO FIVEWIDETABLE VALUES('2013-02-27 11:27:56.536000','','Good','flashyThing',7941)
COMMIT
INSERT INTO FIVEWIDETABLE VALUES('2013-02-27 11:27:56.537000','Partial','Warning','Widgit',7942)
COMMIT
INSERT INTO FIVEWIDETABLE VALUES('2013-02-27 11:27:56.537000','WindowsME_BROKE','Problem','flashyThing',7943)
COMMIT
INSERT INTO FIVEWIDETABLE VALUES('2013-02-27 11:27:56.537000','','Good','Widgit',7944)
COMMIT
INSERT INTO FIVEWIDETABLE VALUES('2013-02-27 11:27:56.537000','WindowsME_BROKE','Warning','flashyThing',7945)
COMMIT
INSERT INTO FIVEWIDETABLE VALUES('2013-02-27 11:27:56.537000','Partial','Problem','Widgit',7946)
COMMIT
INSERT INTO FIVEWIDETABLE VALUES('2013-02-27 11:27:56.537000','','Good','flashyThing',7947)
COMMIT
INSERT INTO FIVEWIDETABLE VALUES('2013-02-27 11:27:56.537000','Partial','Warning','Widgit',7948)
COMMIT
INSERT INTO FIVEWIDETABLE VALUES('2013-02-27 11:27:56.537000','WindowsME_BROKE','Problem','flashyThing',7949)
COMMIT
INSERT INTO FIVEWIDETABLE VALUES('2013-02-27 11:27:56.537000','','Good','Widgit',7950)
COMMIT
INSERT INTO FIVEWIDETABLE VALUES('2013-02-27 11:27:56.537000','WindowsME_BROKE','Warning','flashyThing',7951)
COMMIT
INSERT INTO FIVEWIDETABLE VALUES('2013-02-27 11:27:56.537000','Partial','Problem','Widgit',7952)
COMMIT
INSERT INTO FIVEWIDETABLE VALUES('2013-02-27 11:27:56.537000','','Good','flashyThing',7953)
COMMIT
INSERT INTO FIVEWIDETABLE VALUES('2013-02-27 11:27:56.537000','Partial','Warning','Widgit',7954)
COMMIT
INSERT INTO FIVEWIDETABLE VALUES('2013-02-27 11:27:56.537000','WindowsME_BROKE','Problem','flashyThing',7955)
COMMIT
INSERT INTO FIVEWIDETABLE VALUES('2013-02-27 11:27:56.537000','','Good','Widgit',7956)
COMMIT
INSERT INTO FIVEWIDETABLE VALUES('2013-02-27 11:27:56.537000','WindowsME_BROKE','Warning','flashyThing',7957)
COMMIT
INSERT INTO FIVEWIDETABLE VALUES('2013-02-27 11:27:56.538000','Partial','Problem','Widgit',7958)
COMMIT
INSERT INTO FIVEWIDETABLE VALUES('2013-02-27 11:27:56.538000','','Good','flashyThing',7959)
COMMIT
INSERT INTO FIVEWIDETABLE VALUES('2013-02-27 11:27:56.538000','Partial','Warning','Widgit',7960)
COMMIT
INSERT INTO FIVEWIDETABLE VALUES('2013-02-27 11:27:56.538000','WindowsME_BROKE','Problem','flashyThing',7961)
COMMIT
INSERT INTO FIVEWIDETABLE VALUES('2013-02-27 11:27:56.538000','','Good','Widgit',7962)
COMMIT
INSERT INTO FIVEWIDETABLE VALUES('2013-02-27 11:27:56.538000','WindowsME_BROKE','Warning','flashyThing',7963)
COMMIT
INSERT INTO FIVEWIDETABLE VALUES('2013-02-27 11:27:56.538000','Partial','Problem','Widgit',7964)
COMMIT
INSERT INTO FIVEWIDETABLE VALUES('2013-02-27 11:27:56.538000','','Good','flashyThing',7965)
COMMIT
INSERT INTO FIVEWIDETABLE VALUES('2013-02-27 11:27:56.538000','Partial','Warning','Widgit',7966)
COMMIT
INSERT INTO FIVEWIDETABLE VALUES('2013-02-27 11:27:56.538000','WindowsME_BROKE','Problem','flashyThing',7967)
COMMIT
INSERT INTO FIVEWIDETABLE VALUES('2013-02-27 11:27:56.538000','','Good','Widgit',7968)
COMMIT
INSERT INTO FIVEWIDETABLE VALUES('2013-02-27 11:27:56.538000','WindowsME_BROKE','Warning','flashyThing',7969)
COMMIT
INSERT INTO FIVEWIDETABLE VALUES('2013-02-27 11:27:56.538000','Partial','Problem','Widgit',7970)
COMMIT
INSERT INTO FIVEWIDETABLE VALUES('2013-02-27 11:27:56.538000','','Good','flashyThing',7971)
COMMIT
INSERT INTO FIVEWIDETABLE VALUES('2013-02-27 11:27:56.538000','Partial','Warning','Widgit',7972)
COMMIT
INSERT INTO FIVEWIDETABLE VALUES('2013-02-27 11:27:56.539000','WindowsME_BROKE','Problem','flashyThing',7973)
COMMIT
INSERT INTO FIVEWIDETABLE VALUES('2013-02-27 11:27:56.539000','','Good','Widgit',7974)
COMMIT
INSERT INTO FIVEWIDETABLE VALUES('2013-02-27 11:27:56.539000','WindowsME_BROKE','Warning','flashyThing',7975)
COMMIT
INSERT INTO FIVEWIDETABLE VALUES('2013-02-27 11:27:56.539000','Partial','Problem','Widgit',7976)
COMMIT
INSERT INTO FIVEWIDETABLE VALUES('2013-02-27 11:27:56.539000','','Good','flashyThing',7977)
COMMIT
INSERT INTO FIVEWIDETABLE VALUES('2013-02-27 11:27:56.539000','Partial','Warning','Widgit',7978)
COMMIT
INSERT INTO FIVEWIDETABLE VALUES('2013-02-27 11:27:56.539000','WindowsME_BROKE','Problem','flashyThing',7979)
COMMIT
INSERT INTO FIVEWIDETABLE VALUES('2013-02-27 11:27:56.539000','','Good','Widgit',7980)
COMMIT
INSERT INTO FIVEWIDETABLE VALUES('2013-02-27 11:27:56.539000','WindowsME_BROKE','Warning','flashyThing',7981)
COMMIT
INSERT INTO FIVEWIDETABLE VALUES('2013-02-27 11:27:56.539000','Partial','Problem','Widgit',7982)
COMMIT
INSERT INTO FIVEWIDETABLE VALUES('2013-02-27 11:27:56.539000','','Good','flashyThing',7983)
COMMIT
INSERT INTO FIVEWIDETABLE VALUES('2013-02-27 11:27:56.539000','Partial','Warning','Widgit',7984)
COMMIT
INSERT INTO FIVEWIDETABLE VALUES('2013-02-27 11:27:56.539000','WindowsME_BROKE','Problem','flashyThing',7985)
COMMIT
INSERT INTO FIVEWIDETABLE VALUES('2013-02-27 11:27:56.539000','','Good','Widgit',7986)
COMMIT
INSERT INTO FIVEWIDETABLE VALUES('2013-02-27 11:27:56.539000','WindowsME_BROKE','Warning','flashyThing',7987)
COMMIT
INSERT INTO FIVEWIDETABLE VALUES('2013-02-27 11:27:56.539000','Partial','Problem','Widgit',7988)
COMMIT
INSERT INTO FIVEWIDETABLE VALUES('2013-02-27 11:27:56.539000','','Good','flashyThing',7989)
COMMIT
INSERT INTO FIVEWIDETABLE VALUES('2013-02-27 11:27:56.540000','Partial','Warning','Widgit',7990)
COMMIT
INSERT INTO FIVEWIDETABLE VALUES('2013-02-27 11:27:56.540000','WindowsME_BROKE','Problem','flashyThing',7991)
COMMIT
INSERT INTO FIVEWIDETABLE VALUES('2013-02-27 11:27:56.540000','','Good','Widgit',7992)
COMMIT
INSERT INTO FIVEWIDETABLE VALUES('2013-02-27 11:27:56.540000','WindowsME_BROKE','Warning','flashyThing',7993)
COMMIT
INSERT INTO FIVEWIDETABLE VALUES('2013-02-27 11:27:56.540000','Partial','Problem','Widgit',7994)
COMMIT
INSERT INTO FIVEWIDETABLE VALUES('2013-02-27 11:27:56.540000','','Good','flashyThing',7995)
COMMIT
INSERT INTO FIVEWIDETABLE VALUES('2013-02-27 11:27:56.540000','Partial','Warning','Widgit',7996)
COMMIT
INSERT INTO FIVEWIDETABLE VALUES('2013-02-27 11:27:56.540000','WindowsME_BROKE','Problem','flashyThing',7997)
COMMIT
INSERT INTO FIVEWIDETABLE VALUES('2013-02-27 11:27:56.540000','','Good','Widgit',7998)
COMMIT
INSERT INTO FIVEWIDETABLE VALUES('2013-02-27 11:27:56.541000','WindowsME_BROKE','Warning','flashyThing',7999)
COMMIT
INSERT INTO FIVEWIDETABLE VALUES('2013-02-27 11:27:56.541000','Partial','Problem','Widgit',8000)
COMMIT
INSERT INTO FIVEWIDETABLE VALUES('2013-02-27 11:27:56.541000','','Good','flashyThing',8001)
COMMIT
INSERT INTO FIVEWIDETABLE VALUES('2013-02-27 11:27:56.541000','Partial','Warning','Widgit',8002)
COMMIT
INSERT INTO FIVEWIDETABLE VALUES('2013-02-27 11:27:56.541000','WindowsME_BROKE','Problem','flashyThing',8003)
COMMIT
INSERT INTO FIVEWIDETABLE VALUES('2013-02-27 11:27:56.541000','','Good','Widgit',8004)
COMMIT
INSERT INTO FIVEWIDETABLE VALUES('2013-02-27 11:27:56.541000','WindowsME_BROKE','Warning','flashyThing',8005)
COMMIT
INSERT INTO FIVEWIDETABLE VALUES('2013-02-27 11:27:56.541000','Partial','Problem','Widgit',8006)
COMMIT
INSERT INTO FIVEWIDETABLE VALUES('2013-02-27 11:27:56.541000','','Good','flashyThing',8007)
COMMIT
INSERT INTO FIVEWIDETABLE VALUES('2013-02-27 11:27:56.541000','Partial','Warning','Widgit',8008)
COMMIT
INSERT INTO FIVEWIDETABLE VALUES('2013-02-27 11:27:56.541000','WindowsME_BROKE','Problem','flashyThing',8009)
COMMIT
INSERT INTO FIVEWIDETABLE VALUES('2013-02-27 11:27:56.541000','','Good','Widgit',8010)
COMMIT
INSERT INTO FIVEWIDETABLE VALUES('2013-02-27 11:27:56.541000','WindowsME_BROKE','Warning','flashyThing',8011)
COMMIT
INSERT INTO FIVEWIDETABLE VALUES('2013-02-27 11:27:56.541000','Partial','Problem','Widgit',8012)
COMMIT
INSERT INTO FIVEWIDETABLE VALUES('2013-02-27 11:27:56.541000','','Good','flashyThing',8013)
COMMIT
INSERT INTO FIVEWIDETABLE VALUES('2013-02-27 11:27:56.541000','Partial','Warning','Widgit',8014)
COMMIT
INSERT INTO FIVEWIDETABLE VALUES('2013-02-27 11:27:56.541000','WindowsME_BROKE','Problem','flashyThing',8015)
COMMIT
INSERT INTO FIVEWIDETABLE VALUES('2013-02-27 11:27:56.542000','','Good','Widgit',8016)
COMMIT
INSERT INTO FIVEWIDETABLE VALUES('2013-02-27 11:27:56.542000','WindowsME_BROKE','Warning','flashyThing',8017)
COMMIT
INSERT INTO FIVEWIDETABLE VALUES('2013-02-27 11:27:56.542000','Partial','Problem','Widgit',8018)
COMMIT
INSERT INTO FIVEWIDETABLE VALUES('2013-02-27 11:27:56.542000','','Good','flashyThing',8019)
COMMIT
INSERT INTO FIVEWIDETABLE VALUES('2013-02-27 11:27:56.542000','Partial','Warning','Widgit',8020)
COMMIT
INSERT INTO FIVEWIDETABLE VALUES('2013-02-27 11:27:56.542000','WindowsME_BROKE','Problem','flashyThing',8021)
COMMIT
INSERT INTO FIVEWIDETABLE VALUES('2013-02-27 11:27:56.542000','','Good','Widgit',8022)
COMMIT
INSERT INTO FIVEWIDETABLE VALUES('2013-02-27 11:27:56.542000','WindowsME_BROKE','Warning','flashyThing',8023)
COMMIT
INSERT INTO FIVEWIDETABLE VALUES('2013-02-27 11:27:56.542000','Partial','Problem','Widgit',8024)
COMMIT
INSERT INTO FIVEWIDETABLE VALUES('2013-02-27 11:27:56.542000','','Good','flashyThing',8025)
COMMIT
INSERT INTO FIVEWIDETABLE VALUES('2013-02-27 11:27:56.542000','Partial','Warning','Widgit',8026)
COMMIT
INSERT INTO FIVEWIDETABLE VALUES('2013-02-27 11:27:56.542000','WindowsME_BROKE','Problem','flashyThing',8027)
COMMIT
INSERT INTO FIVEWIDETABLE VALUES('2013-02-27 11:27:56.542000','','Good','Widgit',8028)
COMMIT
INSERT INTO FIVEWIDETABLE VALUES('2013-02-27 11:27:56.542000','WindowsME_BROKE','Warning','flashyThing',8029)
COMMIT
INSERT INTO FIVEWIDETABLE VALUES('2013-02-27 11:27:56.542000','Partial','Problem','Widgit',8030)
COMMIT
INSERT INTO FIVEWIDETABLE VALUES('2013-02-27 11:27:56.542000','','Good','flashyThing',8031)
COMMIT
INSERT INTO FIVEWIDETABLE VALUES('2013-02-27 11:27:56.543000','Partial','Warning','Widgit',8032)
COMMIT
INSERT INTO FIVEWIDETABLE VALUES('2013-02-27 11:27:56.543000','WindowsME_BROKE','Problem','flashyThing',8033)
COMMIT
INSERT INTO FIVEWIDETABLE VALUES('2013-02-27 11:27:56.543000','','Good','Widgit',8034)
COMMIT
INSERT INTO FIVEWIDETABLE VALUES('2013-02-27 11:27:56.543000','WindowsME_BROKE','Warning','flashyThing',8035)
COMMIT
INSERT INTO FIVEWIDETABLE VALUES('2013-02-27 11:27:56.543000','Partial','Problem','Widgit',8036)
COMMIT
INSERT INTO FIVEWIDETABLE VALUES('2013-02-27 11:27:56.543000','','Good','flashyThing',8037)
COMMIT
INSERT INTO FIVEWIDETABLE VALUES('2013-02-27 11:27:56.543000','Partial','Warning','Widgit',8038)
COMMIT
INSERT INTO FIVEWIDETABLE VALUES('2013-02-27 11:27:56.543000','WindowsME_BROKE','Problem','flashyThing',8039)
COMMIT
INSERT INTO FIVEWIDETABLE VALUES('2013-02-27 11:27:56.543000','','Good','Widgit',8040)
COMMIT
INSERT INTO FIVEWIDETABLE VALUES('2013-02-27 11:27:56.543000','WindowsME_BROKE','Warning','flashyThing',8041)
COMMIT
INSERT INTO FIVEWIDETABLE VALUES('2013-02-27 11:27:56.543000','Partial','Problem','Widgit',8042)
COMMIT
INSERT INTO FIVEWIDETABLE VALUES('2013-02-27 11:27:56.543000','','Good','flashyThing',8043)
COMMIT
INSERT INTO FIVEWIDETABLE VALUES('2013-02-27 11:27:56.543000','Partial','Warning','Widgit',8044)
COMMIT
INSERT INTO FIVEWIDETABLE VALUES('2013-02-27 11:27:56.543000','WindowsME_BROKE','Problem','flashyThing',8045)
COMMIT
INSERT INTO FIVEWIDETABLE VALUES('2013-02-27 11:27:56.543000','','Good','Widgit',8046)
COMMIT
INSERT INTO FIVEWIDETABLE VALUES('2013-02-27 11:27:56.543000','WindowsME_BROKE','Warning','flashyThing',8047)
COMMIT
INSERT INTO FIVEWIDETABLE VALUES('2013-02-27 11:27:56.543000','Partial','Problem','Widgit',8048)
COMMIT
INSERT INTO FIVEWIDETABLE VALUES('2013-02-27 11:27:56.544000','','Good','flashyThing',8049)
COMMIT
INSERT INTO FIVEWIDETABLE VALUES('2013-02-27 11:27:56.544000','Partial','Warning','Widgit',8050)
COMMIT
INSERT INTO FIVEWIDETABLE VALUES('2013-02-27 11:27:56.544000','WindowsME_BROKE','Problem','flashyThing',8051)
COMMIT
INSERT INTO FIVEWIDETABLE VALUES('2013-02-27 11:27:56.544000','','Good','Widgit',8052)
COMMIT
INSERT INTO FIVEWIDETABLE VALUES('2013-02-27 11:27:56.544000','WindowsME_BROKE','Warning','flashyThing',8053)
COMMIT
INSERT INTO FIVEWIDETABLE VALUES('2013-02-27 11:27:56.544000','Partial','Problem','Widgit',8054)
COMMIT
INSERT INTO FIVEWIDETABLE VALUES('2013-02-27 11:27:56.544000','','Good','flashyThing',8055)
COMMIT
INSERT INTO FIVEWIDETABLE VALUES('2013-02-27 11:27:56.544000','Partial','Warning','Widgit',8056)
COMMIT
INSERT INTO FIVEWIDETABLE VALUES('2013-02-27 11:27:56.544000','WindowsME_BROKE','Problem','flashyThing',8057)
COMMIT
INSERT INTO FIVEWIDETABLE VALUES('2013-02-27 11:27:56.544000','','Good','Widgit',8058)
COMMIT
INSERT INTO FIVEWIDETABLE VALUES('2013-02-27 11:27:56.544000','WindowsME_BROKE','Warning','flashyThing',8059)
COMMIT
INSERT INTO FIVEWIDETABLE VALUES('2013-02-27 11:27:56.544000','Partial','Problem','Widgit',8060)
COMMIT
INSERT INTO FIVEWIDETABLE VALUES('2013-02-27 11:27:56.544000','','Good','flashyThing',8061)
COMMIT
INSERT INTO FIVEWIDETABLE VALUES('2013-02-27 11:27:56.544000','Partial','Warning','Widgit',8062)
COMMIT
INSERT INTO FIVEWIDETABLE VALUES('2013-02-27 11:27:56.544000','WindowsME_BROKE','Problem','flashyThing',8063)
COMMIT
INSERT INTO FIVEWIDETABLE VALUES('2013-02-27 11:27:56.544000','','Good','Widgit',8064)
COMMIT
INSERT INTO FIVEWIDETABLE VALUES('2013-02-27 11:27:56.545000','WindowsME_BROKE','Warning','flashyThing',8065)
COMMIT
INSERT INTO FIVEWIDETABLE VALUES('2013-02-27 11:27:56.545000','Partial','Problem','Widgit',8066)
COMMIT
INSERT INTO FIVEWIDETABLE VALUES('2013-02-27 11:27:56.545000','','Good','flashyThing',8067)
COMMIT
INSERT INTO FIVEWIDETABLE VALUES('2013-02-27 11:27:56.545000','Partial','Warning','Widgit',8068)
COMMIT
INSERT INTO FIVEWIDETABLE VALUES('2013-02-27 11:27:56.545000','WindowsME_BROKE','Problem','flashyThing',8069)
COMMIT
INSERT INTO FIVEWIDETABLE VALUES('2013-02-27 11:27:56.545000','','Good','Widgit',8070)
COMMIT
INSERT INTO FIVEWIDETABLE VALUES('2013-02-27 11:27:56.545000','WindowsME_BROKE','Warning','flashyThing',8071)
COMMIT
INSERT INTO FIVEWIDETABLE VALUES('2013-02-27 11:27:56.545000','Partial','Problem','Widgit',8072)
COMMIT
INSERT INTO FIVEWIDETABLE VALUES('2013-02-27 11:27:56.545000','','Good','flashyThing',8073)
COMMIT
INSERT INTO FIVEWIDETABLE VALUES('2013-02-27 11:27:56.545000','Partial','Warning','Widgit',8074)
COMMIT
INSERT INTO FIVEWIDETABLE VALUES('2013-02-27 11:27:56.545000','WindowsME_BROKE','Problem','flashyThing',8075)
COMMIT
INSERT INTO FIVEWIDETABLE VALUES('2013-02-27 11:27:56.545000','','Good','Widgit',8076)
COMMIT
INSERT INTO FIVEWIDETABLE VALUES('2013-02-27 11:27:56.545000','WindowsME_BROKE','Warning','flashyThing',8077)
COMMIT
INSERT INTO FIVEWIDETABLE VALUES('2013-02-27 11:27:56.545000','Partial','Problem','Widgit',8078)
COMMIT
INSERT INTO FIVEWIDETABLE VALUES('2013-02-27 11:27:56.545000','','Good','flashyThing',8079)
COMMIT
INSERT INTO FIVEWIDETABLE VALUES('2013-02-27 11:27:56.545000','Partial','Warning','Widgit',8080)
COMMIT
INSERT INTO FIVEWIDETABLE VALUES('2013-02-27 11:27:56.545000','WindowsME_BROKE','Problem','flashyThing',8081)
COMMIT
INSERT INTO FIVEWIDETABLE VALUES('2013-02-27 11:27:56.546000','','Good','Widgit',8082)
COMMIT
INSERT INTO FIVEWIDETABLE VALUES('2013-02-27 11:27:56.546000','WindowsME_BROKE','Warning','flashyThing',8083)
COMMIT
INSERT INTO FIVEWIDETABLE VALUES('2013-02-27 11:27:56.546000','Partial','Problem','Widgit',8084)
COMMIT
INSERT INTO FIVEWIDETABLE VALUES('2013-02-27 11:27:56.546000','','Good','flashyThing',8085)
COMMIT
INSERT INTO FIVEWIDETABLE VALUES('2013-02-27 11:27:56.546000','Partial','Warning','Widgit',8086)
COMMIT
INSERT INTO FIVEWIDETABLE VALUES('2013-02-27 11:27:56.546000','WindowsME_BROKE','Problem','flashyThing',8087)
COMMIT
INSERT INTO FIVEWIDETABLE VALUES('2013-02-27 11:27:56.546000','','Good','Widgit',8088)
COMMIT
INSERT INTO FIVEWIDETABLE VALUES('2013-02-27 11:27:56.546000','WindowsME_BROKE','Warning','flashyThing',8089)
COMMIT
INSERT INTO FIVEWIDETABLE VALUES('2013-02-27 11:27:56.546000','Partial','Problem','Widgit',8090)
COMMIT
INSERT INTO FIVEWIDETABLE VALUES('2013-02-27 11:27:56.546000','','Good','flashyThing',8091)
COMMIT
INSERT INTO FIVEWIDETABLE VALUES('2013-02-27 11:27:56.546000','Partial','Warning','Widgit',8092)
COMMIT
INSERT INTO FIVEWIDETABLE VALUES('2013-02-27 11:27:56.546000','WindowsME_BROKE','Problem','flashyThing',8093)
COMMIT
INSERT INTO FIVEWIDETABLE VALUES('2013-02-27 11:27:56.546000','','Good','Widgit',8094)
COMMIT
INSERT INTO FIVEWIDETABLE VALUES('2013-02-27 11:27:56.546000','WindowsME_BROKE','Warning','flashyThing',8095)
COMMIT
INSERT INTO FIVEWIDETABLE VALUES('2013-02-27 11:27:56.546000','Partial','Problem','Widgit',8096)
COMMIT
INSERT INTO FIVEWIDETABLE VALUES('2013-02-27 11:27:56.546000','','Good','flashyThing',8097)
COMMIT
INSERT INTO FIVEWIDETABLE VALUES('2013-02-27 11:27:56.546000','Partial','Warning','Widgit',8098)
COMMIT
INSERT INTO FIVEWIDETABLE VALUES('2013-02-27 11:27:56.547000','WindowsME_BROKE','Problem','flashyThing',8099)
COMMIT
INSERT INTO FIVEWIDETABLE VALUES('2013-02-27 11:27:56.547000','','Good','Widgit',8100)
COMMIT
INSERT INTO FIVEWIDETABLE VALUES('2013-02-27 11:27:56.547000','WindowsME_BROKE','Warning','flashyThing',8101)
COMMIT
INSERT INTO FIVEWIDETABLE VALUES('2013-02-27 11:27:56.547000','Partial','Problem','Widgit',8102)
COMMIT
INSERT INTO FIVEWIDETABLE VALUES('2013-02-27 11:27:56.547000','','Good','flashyThing',8103)
COMMIT
INSERT INTO FIVEWIDETABLE VALUES('2013-02-27 11:27:56.547000','Partial','Warning','Widgit',8104)
COMMIT
INSERT INTO FIVEWIDETABLE VALUES('2013-02-27 11:27:56.547000','WindowsME_BROKE','Problem','flashyThing',8105)
COMMIT
INSERT INTO FIVEWIDETABLE VALUES('2013-02-27 11:27:56.547000','','Good','Widgit',8106)
COMMIT
INSERT INTO FIVEWIDETABLE VALUES('2013-02-27 11:27:56.547000','WindowsME_BROKE','Warning','flashyThing',8107)
COMMIT
INSERT INTO FIVEWIDETABLE VALUES('2013-02-27 11:27:56.547000','Partial','Problem','Widgit',8108)
COMMIT
INSERT INTO FIVEWIDETABLE VALUES('2013-02-27 11:27:56.547000','','Good','flashyThing',8109)
COMMIT
INSERT INTO FIVEWIDETABLE VALUES('2013-02-27 11:27:56.547000','Partial','Warning','Widgit',8110)
COMMIT
INSERT INTO FIVEWIDETABLE VALUES('2013-02-27 11:27:56.547000','WindowsME_BROKE','Problem','flashyThing',8111)
COMMIT
INSERT INTO FIVEWIDETABLE VALUES('2013-02-27 11:27:56.547000','','Good','Widgit',8112)
COMMIT
INSERT INTO FIVEWIDETABLE VALUES('2013-02-27 11:27:56.547000','WindowsME_BROKE','Warning','flashyThing',8113)
COMMIT
INSERT INTO FIVEWIDETABLE VALUES('2013-02-27 11:27:56.548000','Partial','Problem','Widgit',8114)
COMMIT
INSERT INTO FIVEWIDETABLE VALUES('2013-02-27 11:27:56.548000','','Good','flashyThing',8115)
COMMIT
INSERT INTO FIVEWIDETABLE VALUES('2013-02-27 11:27:56.548000','Partial','Warning','Widgit',8116)
COMMIT
INSERT INTO FIVEWIDETABLE VALUES('2013-02-27 11:27:56.548000','WindowsME_BROKE','Problem','flashyThing',8117)
COMMIT
INSERT INTO FIVEWIDETABLE VALUES('2013-02-27 11:27:56.548000','','Good','Widgit',8118)
COMMIT
INSERT INTO FIVEWIDETABLE VALUES('2013-02-27 11:27:56.548000','WindowsME_BROKE','Warning','flashyThing',8119)
COMMIT
INSERT INTO FIVEWIDETABLE VALUES('2013-02-27 11:27:56.548000','Partial','Problem','Widgit',8120)
COMMIT
INSERT INTO FIVEWIDETABLE VALUES('2013-02-27 11:27:56.548000','','Good','flashyThing',8121)
COMMIT
INSERT INTO FIVEWIDETABLE VALUES('2013-02-27 11:27:56.548000','Partial','Warning','Widgit',8122)
COMMIT
INSERT INTO FIVEWIDETABLE VALUES('2013-02-27 11:27:56.548000','WindowsME_BROKE','Problem','flashyThing',8123)
COMMIT
INSERT INTO FIVEWIDETABLE VALUES('2013-02-27 11:27:56.548000','','Good','Widgit',8124)
COMMIT
INSERT INTO FIVEWIDETABLE VALUES('2013-02-27 11:27:56.548000','WindowsME_BROKE','Warning','flashyThing',8125)
COMMIT
INSERT INTO FIVEWIDETABLE VALUES('2013-02-27 11:27:56.548000','Partial','Problem','Widgit',8126)
COMMIT
INSERT INTO FIVEWIDETABLE VALUES('2013-02-27 11:27:56.548000','','Good','flashyThing',8127)
COMMIT
INSERT INTO FIVEWIDETABLE VALUES('2013-02-27 11:27:56.548000','Partial','Warning','Widgit',8128)
COMMIT
INSERT INTO FIVEWIDETABLE VALUES('2013-02-27 11:27:56.548000','WindowsME_BROKE','Problem','flashyThing',8129)
COMMIT
INSERT INTO FIVEWIDETABLE VALUES('2013-02-27 11:27:56.548000','','Good','Widgit',8130)
COMMIT
INSERT INTO FIVEWIDETABLE VALUES('2013-02-27 11:27:56.549000','WindowsME_BROKE','Warning','flashyThing',8131)
COMMIT
INSERT INTO FIVEWIDETABLE VALUES('2013-02-27 11:27:56.549000','Partial','Problem','Widgit',8132)
COMMIT
INSERT INTO FIVEWIDETABLE VALUES('2013-02-27 11:27:56.549000','','Good','flashyThing',8133)
COMMIT
INSERT INTO FIVEWIDETABLE VALUES('2013-02-27 11:27:56.549000','Partial','Warning','Widgit',8134)
COMMIT
INSERT INTO FIVEWIDETABLE VALUES('2013-02-27 11:27:56.549000','WindowsME_BROKE','Problem','flashyThing',8135)
COMMIT
INSERT INTO FIVEWIDETABLE VALUES('2013-02-27 11:27:56.549000','','Good','Widgit',8136)
COMMIT
INSERT INTO FIVEWIDETABLE VALUES('2013-02-27 11:27:56.549000','WindowsME_BROKE','Warning','flashyThing',8137)
COMMIT
INSERT INTO FIVEWIDETABLE VALUES('2013-02-27 11:27:56.549000','Partial','Problem','Widgit',8138)
COMMIT
INSERT INTO FIVEWIDETABLE VALUES('2013-02-27 11:27:56.549000','','Good','flashyThing',8139)
COMMIT
INSERT INTO FIVEWIDETABLE VALUES('2013-02-27 11:27:56.549000','Partial','Warning','Widgit',8140)
COMMIT
INSERT INTO FIVEWIDETABLE VALUES('2013-02-27 11:27:56.549000','WindowsME_BROKE','Problem','flashyThing',8141)
COMMIT
INSERT INTO FIVEWIDETABLE VALUES('2013-02-27 11:27:56.549000','','Good','Widgit',8142)
COMMIT
INSERT INTO FIVEWIDETABLE VALUES('2013-02-27 11:27:56.549000','WindowsME_BROKE','Warning','flashyThing',8143)
COMMIT
INSERT INTO FIVEWIDETABLE VALUES('2013-02-27 11:27:56.549000','Partial','Problem','Widgit',8144)
COMMIT
INSERT INTO FIVEWIDETABLE VALUES('2013-02-27 11:27:56.549000','','Good','flashyThing',8145)
COMMIT
INSERT INTO FIVEWIDETABLE VALUES('2013-02-27 11:27:56.549000','Partial','Warning','Widgit',8146)
COMMIT
INSERT INTO FIVEWIDETABLE VALUES('2013-02-27 11:27:56.550000','WindowsME_BROKE','Problem','flashyThing',8147)
COMMIT
INSERT INTO FIVEWIDETABLE VALUES('2013-02-27 11:27:56.550000','','Good','Widgit',8148)
COMMIT
INSERT INTO FIVEWIDETABLE VALUES('2013-02-27 11:27:56.550000','WindowsME_BROKE','Warning','flashyThing',8149)
COMMIT
INSERT INTO FIVEWIDETABLE VALUES('2013-02-27 11:27:56.550000','Partial','Problem','Widgit',8150)
COMMIT
INSERT INTO FIVEWIDETABLE VALUES('2013-02-27 11:27:56.550000','','Good','flashyThing',8151)
COMMIT
INSERT INTO FIVEWIDETABLE VALUES('2013-02-27 11:27:56.550000','Partial','Warning','Widgit',8152)
COMMIT
INSERT INTO FIVEWIDETABLE VALUES('2013-02-27 11:27:56.550000','WindowsME_BROKE','Problem','flashyThing',8153)
COMMIT
INSERT INTO FIVEWIDETABLE VALUES('2013-02-27 11:27:56.550000','','Good','Widgit',8154)
COMMIT
INSERT INTO FIVEWIDETABLE VALUES('2013-02-27 11:27:56.550000','WindowsME_BROKE','Warning','flashyThing',8155)
COMMIT
INSERT INTO FIVEWIDETABLE VALUES('2013-02-27 11:27:56.550000','Partial','Problem','Widgit',8156)
COMMIT
INSERT INTO FIVEWIDETABLE VALUES('2013-02-27 11:27:56.550000','','Good','flashyThing',8157)
COMMIT
INSERT INTO FIVEWIDETABLE VALUES('2013-02-27 11:27:56.550000','Partial','Warning','Widgit',8158)
COMMIT
INSERT INTO FIVEWIDETABLE VALUES('2013-02-27 11:27:56.550000','WindowsME_BROKE','Problem','flashyThing',8159)
COMMIT
INSERT INTO FIVEWIDETABLE VALUES('2013-02-27 11:27:56.550000','','Good','Widgit',8160)
COMMIT
INSERT INTO FIVEWIDETABLE VALUES('2013-02-27 11:27:56.550000','WindowsME_BROKE','Warning','flashyThing',8161)
COMMIT
INSERT INTO FIVEWIDETABLE VALUES('2013-02-27 11:27:56.550000','Partial','Problem','Widgit',8162)
COMMIT
INSERT INTO FIVEWIDETABLE VALUES('2013-02-27 11:27:56.550000','','Good','flashyThing',8163)
COMMIT
INSERT INTO FIVEWIDETABLE VALUES('2013-02-27 11:27:56.551000','Partial','Warning','Widgit',8164)
COMMIT
INSERT INTO FIVEWIDETABLE VALUES('2013-02-27 11:27:56.551000','WindowsME_BROKE','Problem','flashyThing',8165)
COMMIT
INSERT INTO FIVEWIDETABLE VALUES('2013-02-27 11:27:56.551000','','Good','Widgit',8166)
COMMIT
INSERT INTO FIVEWIDETABLE VALUES('2013-02-27 11:27:56.551000','WindowsME_BROKE','Warning','flashyThing',8167)
COMMIT
INSERT INTO FIVEWIDETABLE VALUES('2013-02-27 11:27:56.551000','Partial','Problem','Widgit',8168)
COMMIT
INSERT INTO FIVEWIDETABLE VALUES('2013-02-27 11:27:56.551000','','Good','flashyThing',8169)
COMMIT
INSERT INTO FIVEWIDETABLE VALUES('2013-02-27 11:27:56.551000','Partial','Warning','Widgit',8170)
COMMIT
INSERT INTO FIVEWIDETABLE VALUES('2013-02-27 11:27:56.551000','WindowsME_BROKE','Problem','flashyThing',8171)
COMMIT
INSERT INTO FIVEWIDETABLE VALUES('2013-02-27 11:27:56.551000','','Good','Widgit',8172)
COMMIT
INSERT INTO FIVEWIDETABLE VALUES('2013-02-27 11:27:56.551000','WindowsME_BROKE','Warning','flashyThing',8173)
COMMIT
INSERT INTO FIVEWIDETABLE VALUES('2013-02-27 11:27:56.551000','Partial','Problem','Widgit',8174)
COMMIT
INSERT INTO FIVEWIDETABLE VALUES('2013-02-27 11:27:56.551000','','Good','flashyThing',8175)
COMMIT
INSERT INTO FIVEWIDETABLE VALUES('2013-02-27 11:27:56.551000','Partial','Warning','Widgit',8176)
COMMIT
INSERT INTO FIVEWIDETABLE VALUES('2013-02-27 11:27:56.551000','WindowsME_BROKE','Problem','flashyThing',8177)
COMMIT
INSERT INTO FIVEWIDETABLE VALUES('2013-02-27 11:27:56.551000','','Good','Widgit',8178)
COMMIT
INSERT INTO FIVEWIDETABLE VALUES('2013-02-27 11:27:56.551000','WindowsME_BROKE','Warning','flashyThing',8179)
COMMIT
INSERT INTO FIVEWIDETABLE VALUES('2013-02-27 11:27:56.552000','Partial','Problem','Widgit',8180)
COMMIT
INSERT INTO FIVEWIDETABLE VALUES('2013-02-27 11:27:56.552000','','Good','flashyThing',8181)
COMMIT
INSERT INTO FIVEWIDETABLE VALUES('2013-02-27 11:27:56.552000','Partial','Warning','Widgit',8182)
COMMIT
INSERT INTO FIVEWIDETABLE VALUES('2013-02-27 11:27:56.552000','WindowsME_BROKE','Problem','flashyThing',8183)
COMMIT
INSERT INTO FIVEWIDETABLE VALUES('2013-02-27 11:27:56.552000','','Good','Widgit',8184)
COMMIT
INSERT INTO FIVEWIDETABLE VALUES('2013-02-27 11:27:56.552000','WindowsME_BROKE','Warning','flashyThing',8185)
COMMIT
INSERT INTO FIVEWIDETABLE VALUES('2013-02-27 11:27:56.552000','Partial','Problem','Widgit',8186)
COMMIT
INSERT INTO FIVEWIDETABLE VALUES('2013-02-27 11:27:56.552000','','Good','flashyThing',8187)
COMMIT
INSERT INTO FIVEWIDETABLE VALUES('2013-02-27 11:27:56.552000','Partial','Warning','Widgit',8188)
COMMIT
INSERT INTO FIVEWIDETABLE VALUES('2013-02-27 11:27:56.552000','WindowsME_BROKE','Problem','flashyThing',8189)
COMMIT
INSERT INTO FIVEWIDETABLE VALUES('2013-02-27 11:27:56.552000','','Good','Widgit',8190)
COMMIT
INSERT INTO FIVEWIDETABLE VALUES('2013-02-27 11:27:56.552000','WindowsME_BROKE','Warning','flashyThing',8191)
COMMIT
INSERT INTO FIVEWIDETABLE VALUES('2013-02-27 11:27:56.552000','Partial','Problem','Widgit',8192)
COMMIT
INSERT INTO FIVEWIDETABLE VALUES('2013-02-27 11:27:56.552000','','Good','flashyThing',8193)
COMMIT
INSERT INTO FIVEWIDETABLE VALUES('2013-02-27 11:27:56.552000','Partial','Warning','Widgit',8194)
COMMIT
INSERT INTO FIVEWIDETABLE VALUES('2013-02-27 11:27:56.552000','WindowsME_BROKE','Problem','flashyThing',8195)
COMMIT
INSERT INTO FIVEWIDETABLE VALUES('2013-02-27 11:27:56.552000','','Good','Widgit',8196)
COMMIT
INSERT INTO FIVEWIDETABLE VALUES('2013-02-27 11:27:56.553000','WindowsME_BROKE','Warning','flashyThing',8197)
COMMIT
INSERT INTO FIVEWIDETABLE VALUES('2013-02-27 11:27:56.553000','Partial','Problem','Widgit',8198)
COMMIT
INSERT INTO FIVEWIDETABLE VALUES('2013-02-27 11:27:56.553000','','Good','flashyThing',8199)
COMMIT
INSERT INTO FIVEWIDETABLE VALUES('2013-02-27 11:27:56.553000','Partial','Warning','Widgit',8200)
COMMIT
INSERT INTO FIVEWIDETABLE VALUES('2013-02-27 11:27:56.553000','WindowsME_BROKE','Problem','flashyThing',8201)
COMMIT
INSERT INTO FIVEWIDETABLE VALUES('2013-02-27 11:27:56.553000','','Good','Widgit',8202)
COMMIT
INSERT INTO FIVEWIDETABLE VALUES('2013-02-27 11:27:56.553000','WindowsME_BROKE','Warning','flashyThing',8203)
COMMIT
INSERT INTO FIVEWIDETABLE VALUES('2013-02-27 11:27:56.553000','Partial','Problem','Widgit',8204)
COMMIT
INSERT INTO FIVEWIDETABLE VALUES('2013-02-27 11:27:56.553000','','Good','flashyThing',8205)
COMMIT
INSERT INTO FIVEWIDETABLE VALUES('2013-02-27 11:27:56.553000','Partial','Warning','Widgit',8206)
COMMIT
INSERT INTO FIVEWIDETABLE VALUES('2013-02-27 11:27:56.553000','WindowsME_BROKE','Problem','flashyThing',8207)
COMMIT
INSERT INTO FIVEWIDETABLE VALUES('2013-02-27 11:27:56.553000','','Good','Widgit',8208)
COMMIT
INSERT INTO FIVEWIDETABLE VALUES('2013-02-27 11:27:56.553000','WindowsME_BROKE','Warning','flashyThing',8209)
COMMIT
INSERT INTO FIVEWIDETABLE VALUES('2013-02-27 11:27:56.553000','Partial','Problem','Widgit',8210)
COMMIT
INSERT INTO FIVEWIDETABLE VALUES('2013-02-27 11:27:56.553000','','Good','flashyThing',8211)
COMMIT
INSERT INTO FIVEWIDETABLE VALUES('2013-02-27 11:27:56.553000','Partial','Warning','Widgit',8212)
COMMIT
INSERT INTO FIVEWIDETABLE VALUES('2013-02-27 11:27:56.553000','WindowsME_BROKE','Problem','flashyThing',8213)
COMMIT
INSERT INTO FIVEWIDETABLE VALUES('2013-02-27 11:27:56.554000','','Good','Widgit',8214)
COMMIT
INSERT INTO FIVEWIDETABLE VALUES('2013-02-27 11:27:56.554000','WindowsME_BROKE','Warning','flashyThing',8215)
COMMIT
INSERT INTO FIVEWIDETABLE VALUES('2013-02-27 11:27:56.554000','Partial','Problem','Widgit',8216)
COMMIT
INSERT INTO FIVEWIDETABLE VALUES('2013-02-27 11:27:56.554000','','Good','flashyThing',8217)
COMMIT
INSERT INTO FIVEWIDETABLE VALUES('2013-02-27 11:27:56.554000','Partial','Warning','Widgit',8218)
COMMIT
INSERT INTO FIVEWIDETABLE VALUES('2013-02-27 11:27:56.554000','WindowsME_BROKE','Problem','flashyThing',8219)
COMMIT
INSERT INTO FIVEWIDETABLE VALUES('2013-02-27 11:27:56.554000','','Good','Widgit',8220)
COMMIT
INSERT INTO FIVEWIDETABLE VALUES('2013-02-27 11:27:56.554000','WindowsME_BROKE','Warning','flashyThing',8221)
COMMIT
INSERT INTO FIVEWIDETABLE VALUES('2013-02-27 11:27:56.554000','Partial','Problem','Widgit',8222)
COMMIT
INSERT INTO FIVEWIDETABLE VALUES('2013-02-27 11:27:56.554000','','Good','flashyThing',8223)
COMMIT
INSERT INTO FIVEWIDETABLE VALUES('2013-02-27 11:27:56.554000','Partial','Warning','Widgit',8224)
COMMIT
INSERT INTO FIVEWIDETABLE VALUES('2013-02-27 11:27:56.554000','WindowsME_BROKE','Problem','flashyThing',8225)
COMMIT
INSERT INTO FIVEWIDETABLE VALUES('2013-02-27 11:27:56.554000','','Good','Widgit',8226)
COMMIT
INSERT INTO FIVEWIDETABLE VALUES('2013-02-27 11:27:56.554000','WindowsME_BROKE','Warning','flashyThing',8227)
COMMIT
INSERT INTO FIVEWIDETABLE VALUES('2013-02-27 11:27:56.554000','Partial','Problem','Widgit',8228)
COMMIT
INSERT INTO FIVEWIDETABLE VALUES('2013-02-27 11:27:56.554000','','Good','flashyThing',8229)
COMMIT
INSERT INTO FIVEWIDETABLE VALUES('2013-02-27 11:27:56.554000','Partial','Warning','Widgit',8230)
COMMIT
INSERT INTO FIVEWIDETABLE VALUES('2013-02-27 11:27:56.555000','WindowsME_BROKE','Problem','flashyThing',8231)
COMMIT
INSERT INTO FIVEWIDETABLE VALUES('2013-02-27 11:27:56.555000','','Good','Widgit',8232)
COMMIT
INSERT INTO FIVEWIDETABLE VALUES('2013-02-27 11:27:56.555000','WindowsME_BROKE','Warning','flashyThing',8233)
COMMIT
INSERT INTO FIVEWIDETABLE VALUES('2013-02-27 11:27:56.555000','Partial','Problem','Widgit',8234)
COMMIT
INSERT INTO FIVEWIDETABLE VALUES('2013-02-27 11:27:56.555000','','Good','flashyThing',8235)
COMMIT
INSERT INTO FIVEWIDETABLE VALUES('2013-02-27 11:27:56.555000','Partial','Warning','Widgit',8236)
COMMIT
INSERT INTO FIVEWIDETABLE VALUES('2013-02-27 11:27:56.555000','WindowsME_BROKE','Problem','flashyThing',8237)
COMMIT
INSERT INTO FIVEWIDETABLE VALUES('2013-02-27 11:27:56.555000','','Good','Widgit',8238)
COMMIT
INSERT INTO FIVEWIDETABLE VALUES('2013-02-27 11:27:56.555000','WindowsME_BROKE','Warning','flashyThing',8239)
COMMIT
INSERT INTO FIVEWIDETABLE VALUES('2013-02-27 11:27:56.555000','Partial','Problem','Widgit',8240)
COMMIT
INSERT INTO FIVEWIDETABLE VALUES('2013-02-27 11:27:56.555000','','Good','flashyThing',8241)
COMMIT
INSERT INTO FIVEWIDETABLE VALUES('2013-02-27 11:27:56.555000','Partial','Warning','Widgit',8242)
COMMIT
INSERT INTO FIVEWIDETABLE VALUES('2013-02-27 11:27:56.555000','WindowsME_BROKE','Problem','flashyThing',8243)
COMMIT
INSERT INTO FIVEWIDETABLE VALUES('2013-02-27 11:27:56.555000','','Good','Widgit',8244)
COMMIT
INSERT INTO FIVEWIDETABLE VALUES('2013-02-27 11:27:56.555000','WindowsME_BROKE','Warning','flashyThing',8245)
COMMIT
INSERT INTO FIVEWIDETABLE VALUES('2013-02-27 11:27:56.555000','Partial','Problem','Widgit',8246)
COMMIT
INSERT INTO FIVEWIDETABLE VALUES('2013-02-27 11:27:56.556000','','Good','flashyThing',8247)
COMMIT
INSERT INTO FIVEWIDETABLE VALUES('2013-02-27 11:27:56.556000','Partial','Warning','Widgit',8248)
COMMIT
INSERT INTO FIVEWIDETABLE VALUES('2013-02-27 11:27:56.556000','WindowsME_BROKE','Problem','flashyThing',8249)
COMMIT
INSERT INTO FIVEWIDETABLE VALUES('2013-02-27 11:27:56.556000','','Good','Widgit',8250)
COMMIT
INSERT INTO FIVEWIDETABLE VALUES('2013-02-27 11:27:56.556000','WindowsME_BROKE','Warning','flashyThing',8251)
COMMIT
INSERT INTO FIVEWIDETABLE VALUES('2013-02-27 11:27:56.556000','Partial','Problem','Widgit',8252)
COMMIT
INSERT INTO FIVEWIDETABLE VALUES('2013-02-27 11:27:56.556000','','Good','flashyThing',8253)
COMMIT
INSERT INTO FIVEWIDETABLE VALUES('2013-02-27 11:27:56.556000','Partial','Warning','Widgit',8254)
COMMIT
INSERT INTO FIVEWIDETABLE VALUES('2013-02-27 11:27:56.556000','WindowsME_BROKE','Problem','flashyThing',8255)
COMMIT
INSERT INTO FIVEWIDETABLE VALUES('2013-02-27 11:27:56.556000','','Good','Widgit',8256)
COMMIT
INSERT INTO FIVEWIDETABLE VALUES('2013-02-27 11:27:56.556000','WindowsME_BROKE','Warning','flashyThing',8257)
COMMIT
INSERT INTO FIVEWIDETABLE VALUES('2013-02-27 11:27:56.556000','Partial','Problem','Widgit',8258)
COMMIT
INSERT INTO FIVEWIDETABLE VALUES('2013-02-27 11:27:56.556000','','Good','flashyThing',8259)
COMMIT
INSERT INTO FIVEWIDETABLE VALUES('2013-02-27 11:27:56.556000','Partial','Warning','Widgit',8260)
COMMIT
INSERT INTO FIVEWIDETABLE VALUES('2013-02-27 11:27:56.556000','WindowsME_BROKE','Problem','flashyThing',8261)
COMMIT
INSERT INTO FIVEWIDETABLE VALUES('2013-02-27 11:27:56.556000','','Good','Widgit',8262)
COMMIT
INSERT INTO FIVEWIDETABLE VALUES('2013-02-27 11:27:56.556000','WindowsME_BROKE','Warning','flashyThing',8263)
COMMIT
INSERT INTO FIVEWIDETABLE VALUES('2013-02-27 11:27:56.557000','Partial','Problem','Widgit',8264)
COMMIT
INSERT INTO FIVEWIDETABLE VALUES('2013-02-27 11:27:56.557000','','Good','flashyThing',8265)
COMMIT
INSERT INTO FIVEWIDETABLE VALUES('2013-02-27 11:27:56.557000','Partial','Warning','Widgit',8266)
COMMIT
INSERT INTO FIVEWIDETABLE VALUES('2013-02-27 11:27:56.557000','WindowsME_BROKE','Problem','flashyThing',8267)
COMMIT
INSERT INTO FIVEWIDETABLE VALUES('2013-02-27 11:27:56.557000','','Good','Widgit',8268)
COMMIT
INSERT INTO FIVEWIDETABLE VALUES('2013-02-27 11:27:56.557000','WindowsME_BROKE','Warning','flashyThing',8269)
COMMIT
INSERT INTO FIVEWIDETABLE VALUES('2013-02-27 11:27:56.557000','Partial','Problem','Widgit',8270)
COMMIT
INSERT INTO FIVEWIDETABLE VALUES('2013-02-27 11:27:56.557000','','Good','flashyThing',8271)
COMMIT
INSERT INTO FIVEWIDETABLE VALUES('2013-02-27 11:27:56.557000','Partial','Warning','Widgit',8272)
COMMIT
INSERT INTO FIVEWIDETABLE VALUES('2013-02-27 11:27:56.557000','WindowsME_BROKE','Problem','flashyThing',8273)
COMMIT
INSERT INTO FIVEWIDETABLE VALUES('2013-02-27 11:27:56.557000','','Good','Widgit',8274)
COMMIT
INSERT INTO FIVEWIDETABLE VALUES('2013-02-27 11:27:56.557000','WindowsME_BROKE','Warning','flashyThing',8275)
COMMIT
INSERT INTO FIVEWIDETABLE VALUES('2013-02-27 11:27:56.557000','Partial','Problem','Widgit',8276)
COMMIT
INSERT INTO FIVEWIDETABLE VALUES('2013-02-27 11:27:56.557000','','Good','flashyThing',8277)
COMMIT
INSERT INTO FIVEWIDETABLE VALUES('2013-02-27 11:27:56.557000','Partial','Warning','Widgit',8278)
COMMIT
INSERT INTO FIVEWIDETABLE VALUES('2013-02-27 11:27:56.557000','WindowsME_BROKE','Problem','flashyThing',8279)
COMMIT
INSERT INTO FIVEWIDETABLE VALUES('2013-02-27 11:27:56.558000','','Good','Widgit',8280)
COMMIT
INSERT INTO FIVEWIDETABLE VALUES('2013-02-27 11:27:56.558000','WindowsME_BROKE','Warning','flashyThing',8281)
COMMIT
INSERT INTO FIVEWIDETABLE VALUES('2013-02-27 11:27:56.558000','Partial','Problem','Widgit',8282)
COMMIT
INSERT INTO FIVEWIDETABLE VALUES('2013-02-27 11:27:56.558000','','Good','flashyThing',8283)
COMMIT
INSERT INTO FIVEWIDETABLE VALUES('2013-02-27 11:27:56.558000','Partial','Warning','Widgit',8284)
COMMIT
INSERT INTO FIVEWIDETABLE VALUES('2013-02-27 11:27:56.558000','WindowsME_BROKE','Problem','flashyThing',8285)
COMMIT
INSERT INTO FIVEWIDETABLE VALUES('2013-02-27 11:27:56.558000','','Good','Widgit',8286)
COMMIT
INSERT INTO FIVEWIDETABLE VALUES('2013-02-27 11:27:56.558000','WindowsME_BROKE','Warning','flashyThing',8287)
COMMIT
INSERT INTO FIVEWIDETABLE VALUES('2013-02-27 11:27:56.558000','Partial','Problem','Widgit',8288)
COMMIT
INSERT INTO FIVEWIDETABLE VALUES('2013-02-27 11:27:56.558000','','Good','flashyThing',8289)
COMMIT
INSERT INTO FIVEWIDETABLE VALUES('2013-02-27 11:27:56.558000','Partial','Warning','Widgit',8290)
COMMIT
INSERT INTO FIVEWIDETABLE VALUES('2013-02-27 11:27:56.558000','WindowsME_BROKE','Problem','flashyThing',8291)
COMMIT
INSERT INTO FIVEWIDETABLE VALUES('2013-02-27 11:27:56.558000','','Good','Widgit',8292)
COMMIT
INSERT INTO FIVEWIDETABLE VALUES('2013-02-27 11:27:56.558000','WindowsME_BROKE','Warning','flashyThing',8293)
COMMIT
INSERT INTO FIVEWIDETABLE VALUES('2013-02-27 11:27:56.558000','Partial','Problem','Widgit',8294)
COMMIT
INSERT INTO FIVEWIDETABLE VALUES('2013-02-27 11:27:56.558000','','Good','flashyThing',8295)
COMMIT
INSERT INTO FIVEWIDETABLE VALUES('2013-02-27 11:27:56.558000','Partial','Warning','Widgit',8296)
COMMIT
INSERT INTO FIVEWIDETABLE VALUES('2013-02-27 11:27:56.559000','WindowsME_BROKE','Problem','flashyThing',8297)
COMMIT
INSERT INTO FIVEWIDETABLE VALUES('2013-02-27 11:27:56.559000','','Good','Widgit',8298)
COMMIT
INSERT INTO FIVEWIDETABLE VALUES('2013-02-27 11:27:56.559000','WindowsME_BROKE','Warning','flashyThing',8299)
COMMIT
INSERT INTO FIVEWIDETABLE VALUES('2013-02-27 11:27:56.559000','Partial','Problem','Widgit',8300)
COMMIT
INSERT INTO FIVEWIDETABLE VALUES('2013-02-27 11:27:56.559000','','Good','flashyThing',8301)
COMMIT
INSERT INTO FIVEWIDETABLE VALUES('2013-02-27 11:27:56.559000','Partial','Warning','Widgit',8302)
COMMIT
INSERT INTO FIVEWIDETABLE VALUES('2013-02-27 11:27:56.559000','WindowsME_BROKE','Problem','flashyThing',8303)
COMMIT
INSERT INTO FIVEWIDETABLE VALUES('2013-02-27 11:27:56.559000','','Good','Widgit',8304)
COMMIT
INSERT INTO FIVEWIDETABLE VALUES('2013-02-27 11:27:56.559000','WindowsME_BROKE','Warning','flashyThing',8305)
COMMIT
INSERT INTO FIVEWIDETABLE VALUES('2013-02-27 11:27:56.559000','Partial','Problem','Widgit',8306)
COMMIT
INSERT INTO FIVEWIDETABLE VALUES('2013-02-27 11:27:56.559000','','Good','flashyThing',8307)
COMMIT
INSERT INTO FIVEWIDETABLE VALUES('2013-02-27 11:27:56.559000','Partial','Warning','Widgit',8308)
COMMIT
INSERT INTO FIVEWIDETABLE VALUES('2013-02-27 11:27:56.559000','WindowsME_BROKE','Problem','flashyThing',8309)
COMMIT
INSERT INTO FIVEWIDETABLE VALUES('2013-02-27 11:27:56.559000','','Good','Widgit',8310)
COMMIT
INSERT INTO FIVEWIDETABLE VALUES('2013-02-27 11:27:56.559000','WindowsME_BROKE','Warning','flashyThing',8311)
COMMIT
INSERT INTO FIVEWIDETABLE VALUES('2013-02-27 11:27:56.559000','Partial','Problem','Widgit',8312)
COMMIT
INSERT INTO FIVEWIDETABLE VALUES('2013-02-27 11:27:56.560000','','Good','flashyThing',8313)
COMMIT
INSERT INTO FIVEWIDETABLE VALUES('2013-02-27 11:27:56.560000','Partial','Warning','Widgit',8314)
COMMIT
INSERT INTO FIVEWIDETABLE VALUES('2013-02-27 11:27:56.560000','WindowsME_BROKE','Problem','flashyThing',8315)
COMMIT
INSERT INTO FIVEWIDETABLE VALUES('2013-02-27 11:27:56.560000','','Good','Widgit',8316)
COMMIT
INSERT INTO FIVEWIDETABLE VALUES('2013-02-27 11:27:56.560000','WindowsME_BROKE','Warning','flashyThing',8317)
COMMIT
INSERT INTO FIVEWIDETABLE VALUES('2013-02-27 11:27:56.560000','Partial','Problem','Widgit',8318)
COMMIT
INSERT INTO FIVEWIDETABLE VALUES('2013-02-27 11:27:56.560000','','Good','flashyThing',8319)
COMMIT
INSERT INTO FIVEWIDETABLE VALUES('2013-02-27 11:27:56.560000','Partial','Warning','Widgit',8320)
COMMIT
INSERT INTO FIVEWIDETABLE VALUES('2013-02-27 11:27:56.560000','WindowsME_BROKE','Problem','flashyThing',8321)
COMMIT
INSERT INTO FIVEWIDETABLE VALUES('2013-02-27 11:27:56.560000','','Good','Widgit',8322)
COMMIT
INSERT INTO FIVEWIDETABLE VALUES('2013-02-27 11:27:56.560000','WindowsME_BROKE','Warning','flashyThing',8323)
COMMIT
INSERT INTO FIVEWIDETABLE VALUES('2013-02-27 11:27:56.560000','Partial','Problem','Widgit',8324)
COMMIT
INSERT INTO FIVEWIDETABLE VALUES('2013-02-27 11:27:56.560000','','Good','flashyThing',8325)
COMMIT
INSERT INTO FIVEWIDETABLE VALUES('2013-02-27 11:27:56.560000','Partial','Warning','Widgit',8326)
COMMIT
INSERT INTO FIVEWIDETABLE VALUES('2013-02-27 11:27:56.560000','WindowsME_BROKE','Problem','flashyThing',8327)
COMMIT
INSERT INTO FIVEWIDETABLE VALUES('2013-02-27 11:27:56.560000','','Good','Widgit',8328)
COMMIT
INSERT INTO FIVEWIDETABLE VALUES('2013-02-27 11:27:56.560000','WindowsME_BROKE','Warning','flashyThing',8329)
COMMIT
INSERT INTO FIVEWIDETABLE VALUES('2013-02-27 11:27:56.561000','Partial','Problem','Widgit',8330)
COMMIT
INSERT INTO FIVEWIDETABLE VALUES('2013-02-27 11:27:56.561000','','Good','flashyThing',8331)
COMMIT
INSERT INTO FIVEWIDETABLE VALUES('2013-02-27 11:27:56.561000','Partial','Warning','Widgit',8332)
COMMIT
INSERT INTO FIVEWIDETABLE VALUES('2013-02-27 11:27:56.561000','WindowsME_BROKE','Problem','flashyThing',8333)
COMMIT
INSERT INTO FIVEWIDETABLE VALUES('2013-02-27 11:27:56.561000','','Good','Widgit',8334)
COMMIT
INSERT INTO FIVEWIDETABLE VALUES('2013-02-27 11:27:56.561000','WindowsME_BROKE','Warning','flashyThing',8335)
COMMIT
INSERT INTO FIVEWIDETABLE VALUES('2013-02-27 11:27:56.561000','Partial','Problem','Widgit',8336)
COMMIT
INSERT INTO FIVEWIDETABLE VALUES('2013-02-27 11:27:56.561000','','Good','flashyThing',8337)
COMMIT
INSERT INTO FIVEWIDETABLE VALUES('2013-02-27 11:27:56.561000','Partial','Warning','Widgit',8338)
COMMIT
INSERT INTO FIVEWIDETABLE VALUES('2013-02-27 11:27:56.561000','WindowsME_BROKE','Problem','flashyThing',8339)
COMMIT
INSERT INTO FIVEWIDETABLE VALUES('2013-02-27 11:27:56.561000','','Good','Widgit',8340)
COMMIT
INSERT INTO FIVEWIDETABLE VALUES('2013-02-27 11:27:56.561000','WindowsME_BROKE','Warning','flashyThing',8341)
COMMIT
INSERT INTO FIVEWIDETABLE VALUES('2013-02-27 11:27:56.561000','Partial','Problem','Widgit',8342)
COMMIT
INSERT INTO FIVEWIDETABLE VALUES('2013-02-27 11:27:56.561000','','Good','flashyThing',8343)
COMMIT
INSERT INTO FIVEWIDETABLE VALUES('2013-02-27 11:27:56.561000','Partial','Warning','Widgit',8344)
COMMIT
INSERT INTO FIVEWIDETABLE VALUES('2013-02-27 11:27:56.561000','WindowsME_BROKE','Problem','flashyThing',8345)
COMMIT
INSERT INTO FIVEWIDETABLE VALUES('2013-02-27 11:27:56.561000','','Good','Widgit',8346)
COMMIT
INSERT INTO FIVEWIDETABLE VALUES('2013-02-27 11:27:56.561000','WindowsME_BROKE','Warning','flashyThing',8347)
COMMIT
INSERT INTO FIVEWIDETABLE VALUES('2013-02-27 11:27:56.562000','Partial','Problem','Widgit',8348)
COMMIT
INSERT INTO FIVEWIDETABLE VALUES('2013-02-27 11:27:56.562000','','Good','flashyThing',8349)
COMMIT
INSERT INTO FIVEWIDETABLE VALUES('2013-02-27 11:27:56.562000','Partial','Warning','Widgit',8350)
COMMIT
INSERT INTO FIVEWIDETABLE VALUES('2013-02-27 11:27:56.562000','WindowsME_BROKE','Problem','flashyThing',8351)
COMMIT
INSERT INTO FIVEWIDETABLE VALUES('2013-02-27 11:27:56.562000','','Good','Widgit',8352)
COMMIT
INSERT INTO FIVEWIDETABLE VALUES('2013-02-27 11:27:56.562000','WindowsME_BROKE','Warning','flashyThing',8353)
COMMIT
INSERT INTO FIVEWIDETABLE VALUES('2013-02-27 11:27:56.562000','Partial','Problem','Widgit',8354)
COMMIT
INSERT INTO FIVEWIDETABLE VALUES('2013-02-27 11:27:56.562000','','Good','flashyThing',8355)
COMMIT
INSERT INTO FIVEWIDETABLE VALUES('2013-02-27 11:27:56.562000','Partial','Warning','Widgit',8356)
COMMIT
INSERT INTO FIVEWIDETABLE VALUES('2013-02-27 11:27:56.562000','WindowsME_BROKE','Problem','flashyThing',8357)
COMMIT
INSERT INTO FIVEWIDETABLE VALUES('2013-02-27 11:27:56.562000','','Good','Widgit',8358)
COMMIT
INSERT INTO FIVEWIDETABLE VALUES('2013-02-27 11:27:56.562000','WindowsME_BROKE','Warning','flashyThing',8359)
COMMIT
INSERT INTO FIVEWIDETABLE VALUES('2013-02-27 11:27:56.562000','Partial','Problem','Widgit',8360)
COMMIT
INSERT INTO FIVEWIDETABLE VALUES('2013-02-27 11:27:56.562000','','Good','flashyThing',8361)
COMMIT
INSERT INTO FIVEWIDETABLE VALUES('2013-02-27 11:27:56.562000','Partial','Warning','Widgit',8362)
COMMIT
INSERT INTO FIVEWIDETABLE VALUES('2013-02-27 11:27:56.562000','WindowsME_BROKE','Problem','flashyThing',8363)
COMMIT
INSERT INTO FIVEWIDETABLE VALUES('2013-02-27 11:27:56.562000','','Good','Widgit',8364)
COMMIT
INSERT INTO FIVEWIDETABLE VALUES('2013-02-27 11:27:56.563000','WindowsME_BROKE','Warning','flashyThing',8365)
COMMIT
INSERT INTO FIVEWIDETABLE VALUES('2013-02-27 11:27:56.563000','Partial','Problem','Widgit',8366)
COMMIT
INSERT INTO FIVEWIDETABLE VALUES('2013-02-27 11:27:56.563000','','Good','flashyThing',8367)
COMMIT
INSERT INTO FIVEWIDETABLE VALUES('2013-02-27 11:27:56.563000','Partial','Warning','Widgit',8368)
COMMIT
INSERT INTO FIVEWIDETABLE VALUES('2013-02-27 11:27:56.563000','WindowsME_BROKE','Problem','flashyThing',8369)
COMMIT
INSERT INTO FIVEWIDETABLE VALUES('2013-02-27 11:27:56.563000','','Good','Widgit',8370)
COMMIT
INSERT INTO FIVEWIDETABLE VALUES('2013-02-27 11:27:56.563000','WindowsME_BROKE','Warning','flashyThing',8371)
COMMIT
INSERT INTO FIVEWIDETABLE VALUES('2013-02-27 11:27:56.563000','Partial','Problem','Widgit',8372)
COMMIT
INSERT INTO FIVEWIDETABLE VALUES('2013-02-27 11:27:56.563000','','Good','flashyThing',8373)
COMMIT
INSERT INTO FIVEWIDETABLE VALUES('2013-02-27 11:27:56.563000','Partial','Warning','Widgit',8374)
COMMIT
INSERT INTO FIVEWIDETABLE VALUES('2013-02-27 11:27:56.563000','WindowsME_BROKE','Problem','flashyThing',8375)
COMMIT
INSERT INTO FIVEWIDETABLE VALUES('2013-02-27 11:27:56.563000','','Good','Widgit',8376)
COMMIT
INSERT INTO FIVEWIDETABLE VALUES('2013-02-27 11:27:56.563000','WindowsME_BROKE','Warning','flashyThing',8377)
COMMIT
INSERT INTO FIVEWIDETABLE VALUES('2013-02-27 11:27:56.563000','Partial','Problem','Widgit',8378)
COMMIT
INSERT INTO FIVEWIDETABLE VALUES('2013-02-27 11:27:56.563000','','Good','flashyThing',8379)
COMMIT
INSERT INTO FIVEWIDETABLE VALUES('2013-02-27 11:27:56.563000','Partial','Warning','Widgit',8380)
COMMIT
INSERT INTO FIVEWIDETABLE VALUES('2013-02-27 11:27:56.563000','WindowsME_BROKE','Problem','flashyThing',8381)
COMMIT
INSERT INTO FIVEWIDETABLE VALUES('2013-02-27 11:27:56.563000','','Good','Widgit',8382)
COMMIT
INSERT INTO FIVEWIDETABLE VALUES('2013-02-27 11:27:56.564000','WindowsME_BROKE','Warning','flashyThing',8383)
COMMIT
INSERT INTO FIVEWIDETABLE VALUES('2013-02-27 11:27:56.564000','Partial','Problem','Widgit',8384)
COMMIT
INSERT INTO FIVEWIDETABLE VALUES('2013-02-27 11:27:56.564000','','Good','flashyThing',8385)
COMMIT
INSERT INTO FIVEWIDETABLE VALUES('2013-02-27 11:27:56.564000','Partial','Warning','Widgit',8386)
COMMIT
INSERT INTO FIVEWIDETABLE VALUES('2013-02-27 11:27:56.564000','WindowsME_BROKE','Problem','flashyThing',8387)
COMMIT
INSERT INTO FIVEWIDETABLE VALUES('2013-02-27 11:27:56.564000','','Good','Widgit',8388)
COMMIT
INSERT INTO FIVEWIDETABLE VALUES('2013-02-27 11:27:56.564000','WindowsME_BROKE','Warning','flashyThing',8389)
COMMIT
INSERT INTO FIVEWIDETABLE VALUES('2013-02-27 11:27:56.564000','Partial','Problem','Widgit',8390)
COMMIT
INSERT INTO FIVEWIDETABLE VALUES('2013-02-27 11:27:56.564000','','Good','flashyThing',8391)
COMMIT
INSERT INTO FIVEWIDETABLE VALUES('2013-02-27 11:27:56.564000','Partial','Warning','Widgit',8392)
COMMIT
INSERT INTO FIVEWIDETABLE VALUES('2013-02-27 11:27:56.564000','WindowsME_BROKE','Problem','flashyThing',8393)
COMMIT
INSERT INTO FIVEWIDETABLE VALUES('2013-02-27 11:27:56.564000','','Good','Widgit',8394)
COMMIT
INSERT INTO FIVEWIDETABLE VALUES('2013-02-27 11:27:56.564000','WindowsME_BROKE','Warning','flashyThing',8395)
COMMIT
INSERT INTO FIVEWIDETABLE VALUES('2013-02-27 11:27:56.564000','Partial','Problem','Widgit',8396)
COMMIT
INSERT INTO FIVEWIDETABLE VALUES('2013-02-27 11:27:56.564000','','Good','flashyThing',8397)
COMMIT
INSERT INTO FIVEWIDETABLE VALUES('2013-02-27 11:27:56.564000','Partial','Warning','Widgit',8398)
COMMIT
INSERT INTO FIVEWIDETABLE VALUES('2013-02-27 11:27:56.564000','WindowsME_BROKE','Problem','flashyThing',8399)
COMMIT
INSERT INTO FIVEWIDETABLE VALUES('2013-02-27 11:27:56.564000','','Good','Widgit',8400)
COMMIT
INSERT INTO FIVEWIDETABLE VALUES('2013-02-27 11:27:56.565000','WindowsME_BROKE','Warning','flashyThing',8401)
COMMIT
INSERT INTO FIVEWIDETABLE VALUES('2013-02-27 11:27:56.565000','Partial','Problem','Widgit',8402)
COMMIT
INSERT INTO FIVEWIDETABLE VALUES('2013-02-27 11:27:56.565000','','Good','flashyThing',8403)
COMMIT
INSERT INTO FIVEWIDETABLE VALUES('2013-02-27 11:27:56.565000','Partial','Warning','Widgit',8404)
COMMIT
INSERT INTO FIVEWIDETABLE VALUES('2013-02-27 11:27:56.565000','WindowsME_BROKE','Problem','flashyThing',8405)
COMMIT
INSERT INTO FIVEWIDETABLE VALUES('2013-02-27 11:27:56.565000','','Good','Widgit',8406)
COMMIT
INSERT INTO FIVEWIDETABLE VALUES('2013-02-27 11:27:56.565000','WindowsME_BROKE','Warning','flashyThing',8407)
COMMIT
INSERT INTO FIVEWIDETABLE VALUES('2013-02-27 11:27:56.565000','Partial','Problem','Widgit',8408)
COMMIT
INSERT INTO FIVEWIDETABLE VALUES('2013-02-27 11:27:56.565000','','Good','flashyThing',8409)
COMMIT
INSERT INTO FIVEWIDETABLE VALUES('2013-02-27 11:27:56.565000','Partial','Warning','Widgit',8410)
COMMIT
INSERT INTO FIVEWIDETABLE VALUES('2013-02-27 11:27:56.565000','WindowsME_BROKE','Problem','flashyThing',8411)
COMMIT
INSERT INTO FIVEWIDETABLE VALUES('2013-02-27 11:27:56.565000','','Good','Widgit',8412)
COMMIT
INSERT INTO FIVEWIDETABLE VALUES('2013-02-27 11:27:56.565000','WindowsME_BROKE','Warning','flashyThing',8413)
COMMIT
INSERT INTO FIVEWIDETABLE VALUES('2013-02-27 11:27:56.565000','Partial','Problem','Widgit',8414)
COMMIT
INSERT INTO FIVEWIDETABLE VALUES('2013-02-27 11:27:56.565000','','Good','flashyThing',8415)
COMMIT
INSERT INTO FIVEWIDETABLE VALUES('2013-02-27 11:27:56.565000','Partial','Warning','Widgit',8416)
COMMIT
INSERT INTO FIVEWIDETABLE VALUES('2013-02-27 11:27:56.565000','WindowsME_BROKE','Problem','flashyThing',8417)
COMMIT
INSERT INTO FIVEWIDETABLE VALUES('2013-02-27 11:27:56.566000','','Good','Widgit',8418)
COMMIT
INSERT INTO FIVEWIDETABLE VALUES('2013-02-27 11:27:56.566000','WindowsME_BROKE','Warning','flashyThing',8419)
COMMIT
INSERT INTO FIVEWIDETABLE VALUES('2013-02-27 11:27:56.566000','Partial','Problem','Widgit',8420)
COMMIT
INSERT INTO FIVEWIDETABLE VALUES('2013-02-27 11:27:56.566000','','Good','flashyThing',8421)
COMMIT
INSERT INTO FIVEWIDETABLE VALUES('2013-02-27 11:27:56.566000','Partial','Warning','Widgit',8422)
COMMIT
INSERT INTO FIVEWIDETABLE VALUES('2013-02-27 11:27:56.566000','WindowsME_BROKE','Problem','flashyThing',8423)
COMMIT
INSERT INTO FIVEWIDETABLE VALUES('2013-02-27 11:27:56.566000','','Good','Widgit',8424)
COMMIT
INSERT INTO FIVEWIDETABLE VALUES('2013-02-27 11:27:56.566000','WindowsME_BROKE','Warning','flashyThing',8425)
COMMIT
INSERT INTO FIVEWIDETABLE VALUES('2013-02-27 11:27:56.566000','Partial','Problem','Widgit',8426)
COMMIT
INSERT INTO FIVEWIDETABLE VALUES('2013-02-27 11:27:56.566000','','Good','flashyThing',8427)
COMMIT
INSERT INTO FIVEWIDETABLE VALUES('2013-02-27 11:27:56.566000','Partial','Warning','Widgit',8428)
COMMIT
INSERT INTO FIVEWIDETABLE VALUES('2013-02-27 11:27:56.566000','WindowsME_BROKE','Problem','flashyThing',8429)
COMMIT
INSERT INTO FIVEWIDETABLE VALUES('2013-02-27 11:27:56.566000','','Good','Widgit',8430)
COMMIT
INSERT INTO FIVEWIDETABLE VALUES('2013-02-27 11:27:56.566000','WindowsME_BROKE','Warning','flashyThing',8431)
COMMIT
INSERT INTO FIVEWIDETABLE VALUES('2013-02-27 11:27:56.566000','Partial','Problem','Widgit',8432)
COMMIT
INSERT INTO FIVEWIDETABLE VALUES('2013-02-27 11:27:56.566000','','Good','flashyThing',8433)
COMMIT
INSERT INTO FIVEWIDETABLE VALUES('2013-02-27 11:27:56.566000','Partial','Warning','Widgit',8434)
COMMIT
INSERT INTO FIVEWIDETABLE VALUES('2013-02-27 11:27:56.567000','WindowsME_BROKE','Problem','flashyThing',8435)
COMMIT
INSERT INTO FIVEWIDETABLE VALUES('2013-02-27 11:27:56.567000','','Good','Widgit',8436)
COMMIT
INSERT INTO FIVEWIDETABLE VALUES('2013-02-27 11:27:56.567000','WindowsME_BROKE','Warning','flashyThing',8437)
COMMIT
INSERT INTO FIVEWIDETABLE VALUES('2013-02-27 11:27:56.567000','Partial','Problem','Widgit',8438)
COMMIT
INSERT INTO FIVEWIDETABLE VALUES('2013-02-27 11:27:56.567000','','Good','flashyThing',8439)
COMMIT
INSERT INTO FIVEWIDETABLE VALUES('2013-02-27 11:27:56.567000','Partial','Warning','Widgit',8440)
COMMIT
INSERT INTO FIVEWIDETABLE VALUES('2013-02-27 11:27:56.567000','WindowsME_BROKE','Problem','flashyThing',8441)
COMMIT
INSERT INTO FIVEWIDETABLE VALUES('2013-02-27 11:27:56.567000','','Good','Widgit',8442)
COMMIT
INSERT INTO FIVEWIDETABLE VALUES('2013-02-27 11:27:56.567000','WindowsME_BROKE','Warning','flashyThing',8443)
COMMIT
INSERT INTO FIVEWIDETABLE VALUES('2013-02-27 11:27:56.567000','Partial','Problem','Widgit',8444)
COMMIT
INSERT INTO FIVEWIDETABLE VALUES('2013-02-27 11:27:56.567000','','Good','flashyThing',8445)
COMMIT
INSERT INTO FIVEWIDETABLE VALUES('2013-02-27 11:27:56.567000','Partial','Warning','Widgit',8446)
COMMIT
INSERT INTO FIVEWIDETABLE VALUES('2013-02-27 11:27:56.567000','WindowsME_BROKE','Problem','flashyThing',8447)
COMMIT
INSERT INTO FIVEWIDETABLE VALUES('2013-02-27 11:27:56.567000','','Good','Widgit',8448)
COMMIT
INSERT INTO FIVEWIDETABLE VALUES('2013-02-27 11:27:56.567000','WindowsME_BROKE','Warning','flashyThing',8449)
COMMIT
INSERT INTO FIVEWIDETABLE VALUES('2013-02-27 11:27:56.567000','Partial','Problem','Widgit',8450)
COMMIT
INSERT INTO FIVEWIDETABLE VALUES('2013-02-27 11:27:56.567000','','Good','flashyThing',8451)
COMMIT
INSERT INTO FIVEWIDETABLE VALUES('2013-02-27 11:27:56.567000','Partial','Warning','Widgit',8452)
COMMIT
INSERT INTO FIVEWIDETABLE VALUES('2013-02-27 11:27:56.568000','WindowsME_BROKE','Problem','flashyThing',8453)
COMMIT
INSERT INTO FIVEWIDETABLE VALUES('2013-02-27 11:27:56.568000','','Good','Widgit',8454)
COMMIT
INSERT INTO FIVEWIDETABLE VALUES('2013-02-27 11:27:56.568000','WindowsME_BROKE','Warning','flashyThing',8455)
COMMIT
INSERT INTO FIVEWIDETABLE VALUES('2013-02-27 11:27:56.568000','Partial','Problem','Widgit',8456)
COMMIT
INSERT INTO FIVEWIDETABLE VALUES('2013-02-27 11:27:56.568000','','Good','flashyThing',8457)
COMMIT
INSERT INTO FIVEWIDETABLE VALUES('2013-02-27 11:27:56.568000','Partial','Warning','Widgit',8458)
COMMIT
INSERT INTO FIVEWIDETABLE VALUES('2013-02-27 11:27:56.568000','WindowsME_BROKE','Problem','flashyThing',8459)
COMMIT
INSERT INTO FIVEWIDETABLE VALUES('2013-02-27 11:27:56.568000','','Good','Widgit',8460)
COMMIT
INSERT INTO FIVEWIDETABLE VALUES('2013-02-27 11:27:56.568000','WindowsME_BROKE','Warning','flashyThing',8461)
COMMIT
INSERT INTO FIVEWIDETABLE VALUES('2013-02-27 11:27:56.568000','Partial','Problem','Widgit',8462)
COMMIT
INSERT INTO FIVEWIDETABLE VALUES('2013-02-27 11:27:56.568000','','Good','flashyThing',8463)
COMMIT
INSERT INTO FIVEWIDETABLE VALUES('2013-02-27 11:27:56.568000','Partial','Warning','Widgit',8464)
COMMIT
INSERT INTO FIVEWIDETABLE VALUES('2013-02-27 11:27:56.568000','WindowsME_BROKE','Problem','flashyThing',8465)
COMMIT
INSERT INTO FIVEWIDETABLE VALUES('2013-02-27 11:27:56.568000','','Good','Widgit',8466)
COMMIT
INSERT INTO FIVEWIDETABLE VALUES('2013-02-27 11:27:56.568000','WindowsME_BROKE','Warning','flashyThing',8467)
COMMIT
INSERT INTO FIVEWIDETABLE VALUES('2013-02-27 11:27:56.568000','Partial','Problem','Widgit',8468)
COMMIT
INSERT INTO FIVEWIDETABLE VALUES('2013-02-27 11:27:56.568000','','Good','flashyThing',8469)
COMMIT
INSERT INTO FIVEWIDETABLE VALUES('2013-02-27 11:27:56.569000','Partial','Warning','Widgit',8470)
COMMIT
INSERT INTO FIVEWIDETABLE VALUES('2013-02-27 11:27:56.569000','WindowsME_BROKE','Problem','flashyThing',8471)
COMMIT
INSERT INTO FIVEWIDETABLE VALUES('2013-02-27 11:27:56.569000','','Good','Widgit',8472)
COMMIT
INSERT INTO FIVEWIDETABLE VALUES('2013-02-27 11:27:56.569000','WindowsME_BROKE','Warning','flashyThing',8473)
COMMIT
INSERT INTO FIVEWIDETABLE VALUES('2013-02-27 11:27:56.569000','Partial','Problem','Widgit',8474)
COMMIT
INSERT INTO FIVEWIDETABLE VALUES('2013-02-27 11:27:56.569000','','Good','flashyThing',8475)
COMMIT
INSERT INTO FIVEWIDETABLE VALUES('2013-02-27 11:27:56.569000','Partial','Warning','Widgit',8476)
COMMIT
INSERT INTO FIVEWIDETABLE VALUES('2013-02-27 11:27:56.569000','WindowsME_BROKE','Problem','flashyThing',8477)
COMMIT
INSERT INTO FIVEWIDETABLE VALUES('2013-02-27 11:27:56.569000','','Good','Widgit',8478)
COMMIT
INSERT INTO FIVEWIDETABLE VALUES('2013-02-27 11:27:56.569000','WindowsME_BROKE','Warning','flashyThing',8479)
COMMIT
INSERT INTO FIVEWIDETABLE VALUES('2013-02-27 11:27:56.569000','Partial','Problem','Widgit',8480)
COMMIT
INSERT INTO FIVEWIDETABLE VALUES('2013-02-27 11:27:56.569000','','Good','flashyThing',8481)
COMMIT
INSERT INTO FIVEWIDETABLE VALUES('2013-02-27 11:27:56.569000','Partial','Warning','Widgit',8482)
COMMIT
INSERT INTO FIVEWIDETABLE VALUES('2013-02-27 11:27:56.569000','WindowsME_BROKE','Problem','flashyThing',8483)
COMMIT
INSERT INTO FIVEWIDETABLE VALUES('2013-02-27 11:27:56.569000','','Good','Widgit',8484)
COMMIT
INSERT INTO FIVEWIDETABLE VALUES('2013-02-27 11:27:56.569000','WindowsME_BROKE','Warning','flashyThing',8485)
COMMIT
INSERT INTO FIVEWIDETABLE VALUES('2013-02-27 11:27:56.569000','Partial','Problem','Widgit',8486)
COMMIT
INSERT INTO FIVEWIDETABLE VALUES('2013-02-27 11:27:56.569000','','Good','flashyThing',8487)
COMMIT
INSERT INTO FIVEWIDETABLE VALUES('2013-02-27 11:27:56.570000','Partial','Warning','Widgit',8488)
COMMIT
INSERT INTO FIVEWIDETABLE VALUES('2013-02-27 11:27:56.570000','WindowsME_BROKE','Problem','flashyThing',8489)
COMMIT
INSERT INTO FIVEWIDETABLE VALUES('2013-02-27 11:27:56.570000','','Good','Widgit',8490)
COMMIT
INSERT INTO FIVEWIDETABLE VALUES('2013-02-27 11:27:56.570000','WindowsME_BROKE','Warning','flashyThing',8491)
COMMIT
INSERT INTO FIVEWIDETABLE VALUES('2013-02-27 11:27:56.570000','Partial','Problem','Widgit',8492)
COMMIT
INSERT INTO FIVEWIDETABLE VALUES('2013-02-27 11:27:56.570000','','Good','flashyThing',8493)
COMMIT
INSERT INTO FIVEWIDETABLE VALUES('2013-02-27 11:27:56.570000','Partial','Warning','Widgit',8494)
COMMIT
INSERT INTO FIVEWIDETABLE VALUES('2013-02-27 11:27:56.570000','WindowsME_BROKE','Problem','flashyThing',8495)
COMMIT
INSERT INTO FIVEWIDETABLE VALUES('2013-02-27 11:27:56.570000','','Good','Widgit',8496)
COMMIT
INSERT INTO FIVEWIDETABLE VALUES('2013-02-27 11:27:56.570000','WindowsME_BROKE','Warning','flashyThing',8497)
COMMIT
INSERT INTO FIVEWIDETABLE VALUES('2013-02-27 11:27:56.570000','Partial','Problem','Widgit',8498)
COMMIT
INSERT INTO FIVEWIDETABLE VALUES('2013-02-27 11:27:56.570000','','Good','flashyThing',8499)
COMMIT
INSERT INTO FIVEWIDETABLE VALUES('2013-02-27 11:27:56.570000','Partial','Warning','Widgit',8500)
COMMIT
INSERT INTO FIVEWIDETABLE VALUES('2013-02-27 11:27:56.570000','WindowsME_BROKE','Problem','flashyThing',8501)
COMMIT
INSERT INTO FIVEWIDETABLE VALUES('2013-02-27 11:27:56.570000','','Good','Widgit',8502)
COMMIT
INSERT INTO FIVEWIDETABLE VALUES('2013-02-27 11:27:56.570000','WindowsME_BROKE','Warning','flashyThing',8503)
COMMIT
INSERT INTO FIVEWIDETABLE VALUES('2013-02-27 11:27:56.570000','Partial','Problem','Widgit',8504)
COMMIT
INSERT INTO FIVEWIDETABLE VALUES('2013-02-27 11:27:56.571000','','Good','flashyThing',8505)
COMMIT
INSERT INTO FIVEWIDETABLE VALUES('2013-02-27 11:27:56.571000','Partial','Warning','Widgit',8506)
COMMIT
INSERT INTO FIVEWIDETABLE VALUES('2013-02-27 11:27:56.571000','WindowsME_BROKE','Problem','flashyThing',8507)
COMMIT
INSERT INTO FIVEWIDETABLE VALUES('2013-02-27 11:27:56.571000','','Good','Widgit',8508)
COMMIT
INSERT INTO FIVEWIDETABLE VALUES('2013-02-27 11:27:56.571000','WindowsME_BROKE','Warning','flashyThing',8509)
COMMIT
INSERT INTO FIVEWIDETABLE VALUES('2013-02-27 11:27:56.571000','Partial','Problem','Widgit',8510)
COMMIT
INSERT INTO FIVEWIDETABLE VALUES('2013-02-27 11:27:56.571000','','Good','flashyThing',8511)
COMMIT
INSERT INTO FIVEWIDETABLE VALUES('2013-02-27 11:27:56.571000','Partial','Warning','Widgit',8512)
COMMIT
INSERT INTO FIVEWIDETABLE VALUES('2013-02-27 11:27:56.571000','WindowsME_BROKE','Problem','flashyThing',8513)
COMMIT
INSERT INTO FIVEWIDETABLE VALUES('2013-02-27 11:27:56.571000','','Good','Widgit',8514)
COMMIT
INSERT INTO FIVEWIDETABLE VALUES('2013-02-27 11:27:56.571000','WindowsME_BROKE','Warning','flashyThing',8515)
COMMIT
INSERT INTO FIVEWIDETABLE VALUES('2013-02-27 11:27:56.571000','Partial','Problem','Widgit',8516)
COMMIT
INSERT INTO FIVEWIDETABLE VALUES('2013-02-27 11:27:56.571000','','Good','flashyThing',8517)
COMMIT
INSERT INTO FIVEWIDETABLE VALUES('2013-02-27 11:27:56.571000','Partial','Warning','Widgit',8518)
COMMIT
INSERT INTO FIVEWIDETABLE VALUES('2013-02-27 11:27:56.571000','WindowsME_BROKE','Problem','flashyThing',8519)
COMMIT
INSERT INTO FIVEWIDETABLE VALUES('2013-02-27 11:27:56.571000','','Good','Widgit',8520)
COMMIT
INSERT INTO FIVEWIDETABLE VALUES('2013-02-27 11:27:56.571000','WindowsME_BROKE','Warning','flashyThing',8521)
COMMIT
INSERT INTO FIVEWIDETABLE VALUES('2013-02-27 11:27:56.571000','Partial','Problem','Widgit',8522)
COMMIT
INSERT INTO FIVEWIDETABLE VALUES('2013-02-27 11:27:56.572000','','Good','flashyThing',8523)
COMMIT
INSERT INTO FIVEWIDETABLE VALUES('2013-02-27 11:27:56.572000','Partial','Warning','Widgit',8524)
COMMIT
INSERT INTO FIVEWIDETABLE VALUES('2013-02-27 11:27:56.572000','WindowsME_BROKE','Problem','flashyThing',8525)
COMMIT
INSERT INTO FIVEWIDETABLE VALUES('2013-02-27 11:27:56.572000','','Good','Widgit',8526)
COMMIT
INSERT INTO FIVEWIDETABLE VALUES('2013-02-27 11:27:56.572000','WindowsME_BROKE','Warning','flashyThing',8527)
COMMIT
INSERT INTO FIVEWIDETABLE VALUES('2013-02-27 11:27:56.572000','Partial','Problem','Widgit',8528)
COMMIT
INSERT INTO FIVEWIDETABLE VALUES('2013-02-27 11:27:56.572000','','Good','flashyThing',8529)
COMMIT
INSERT INTO FIVEWIDETABLE VALUES('2013-02-27 11:27:56.572000','Partial','Warning','Widgit',8530)
COMMIT
INSERT INTO FIVEWIDETABLE VALUES('2013-02-27 11:27:56.572000','WindowsME_BROKE','Problem','flashyThing',8531)
COMMIT
INSERT INTO FIVEWIDETABLE VALUES('2013-02-27 11:27:56.572000','','Good','Widgit',8532)
COMMIT
INSERT INTO FIVEWIDETABLE VALUES('2013-02-27 11:27:56.572000','WindowsME_BROKE','Warning','flashyThing',8533)
COMMIT
INSERT INTO FIVEWIDETABLE VALUES('2013-02-27 11:27:56.572000','Partial','Problem','Widgit',8534)
COMMIT
INSERT INTO FIVEWIDETABLE VALUES('2013-02-27 11:27:56.572000','','Good','flashyThing',8535)
COMMIT
INSERT INTO FIVEWIDETABLE VALUES('2013-02-27 11:27:56.572000','Partial','Warning','Widgit',8536)
COMMIT
INSERT INTO FIVEWIDETABLE VALUES('2013-02-27 11:27:56.572000','WindowsME_BROKE','Problem','flashyThing',8537)
COMMIT
INSERT INTO FIVEWIDETABLE VALUES('2013-02-27 11:27:56.572000','','Good','Widgit',8538)
COMMIT
INSERT INTO FIVEWIDETABLE VALUES('2013-02-27 11:27:56.572000','WindowsME_BROKE','Warning','flashyThing',8539)
COMMIT
INSERT INTO FIVEWIDETABLE VALUES('2013-02-27 11:27:56.572000','Partial','Problem','Widgit',8540)
COMMIT
INSERT INTO FIVEWIDETABLE VALUES('2013-02-27 11:27:56.573000','','Good','flashyThing',8541)
COMMIT
INSERT INTO FIVEWIDETABLE VALUES('2013-02-27 11:27:56.573000','Partial','Warning','Widgit',8542)
COMMIT
INSERT INTO FIVEWIDETABLE VALUES('2013-02-27 11:27:56.573000','WindowsME_BROKE','Problem','flashyThing',8543)
COMMIT
INSERT INTO FIVEWIDETABLE VALUES('2013-02-27 11:27:56.573000','','Good','Widgit',8544)
COMMIT
INSERT INTO FIVEWIDETABLE VALUES('2013-02-27 11:27:56.573000','WindowsME_BROKE','Warning','flashyThing',8545)
COMMIT
INSERT INTO FIVEWIDETABLE VALUES('2013-02-27 11:27:56.573000','Partial','Problem','Widgit',8546)
COMMIT
INSERT INTO FIVEWIDETABLE VALUES('2013-02-27 11:27:56.573000','','Good','flashyThing',8547)
COMMIT
INSERT INTO FIVEWIDETABLE VALUES('2013-02-27 11:27:56.573000','Partial','Warning','Widgit',8548)
COMMIT
INSERT INTO FIVEWIDETABLE VALUES('2013-02-27 11:27:56.573000','WindowsME_BROKE','Problem','flashyThing',8549)
COMMIT
INSERT INTO FIVEWIDETABLE VALUES('2013-02-27 11:27:56.573000','','Good','Widgit',8550)
COMMIT
INSERT INTO FIVEWIDETABLE VALUES('2013-02-27 11:27:56.573000','WindowsME_BROKE','Warning','flashyThing',8551)
COMMIT
INSERT INTO FIVEWIDETABLE VALUES('2013-02-27 11:27:56.573000','Partial','Problem','Widgit',8552)
COMMIT
INSERT INTO FIVEWIDETABLE VALUES('2013-02-27 11:27:56.573000','','Good','flashyThing',8553)
COMMIT
INSERT INTO FIVEWIDETABLE VALUES('2013-02-27 11:27:56.573000','Partial','Warning','Widgit',8554)
COMMIT
INSERT INTO FIVEWIDETABLE VALUES('2013-02-27 11:27:56.573000','WindowsME_BROKE','Problem','flashyThing',8555)
COMMIT
INSERT INTO FIVEWIDETABLE VALUES('2013-02-27 11:27:56.573000','','Good','Widgit',8556)
COMMIT
INSERT INTO FIVEWIDETABLE VALUES('2013-02-27 11:27:56.573000','WindowsME_BROKE','Warning','flashyThing',8557)
COMMIT
INSERT INTO FIVEWIDETABLE VALUES('2013-02-27 11:27:56.574000','Partial','Problem','Widgit',8558)
COMMIT
INSERT INTO FIVEWIDETABLE VALUES('2013-02-27 11:27:56.574000','','Good','flashyThing',8559)
COMMIT
INSERT INTO FIVEWIDETABLE VALUES('2013-02-27 11:27:56.574000','Partial','Warning','Widgit',8560)
COMMIT
INSERT INTO FIVEWIDETABLE VALUES('2013-02-27 11:27:56.574000','WindowsME_BROKE','Problem','flashyThing',8561)
COMMIT
INSERT INTO FIVEWIDETABLE VALUES('2013-02-27 11:27:56.574000','','Good','Widgit',8562)
COMMIT
INSERT INTO FIVEWIDETABLE VALUES('2013-02-27 11:27:56.574000','WindowsME_BROKE','Warning','flashyThing',8563)
COMMIT
INSERT INTO FIVEWIDETABLE VALUES('2013-02-27 11:27:56.574000','Partial','Problem','Widgit',8564)
COMMIT
INSERT INTO FIVEWIDETABLE VALUES('2013-02-27 11:27:56.574000','','Good','flashyThing',8565)
COMMIT
INSERT INTO FIVEWIDETABLE VALUES('2013-02-27 11:27:56.574000','Partial','Warning','Widgit',8566)
COMMIT
INSERT INTO FIVEWIDETABLE VALUES('2013-02-27 11:27:56.574000','WindowsME_BROKE','Problem','flashyThing',8567)
COMMIT
INSERT INTO FIVEWIDETABLE VALUES('2013-02-27 11:27:56.574000','','Good','Widgit',8568)
COMMIT
INSERT INTO FIVEWIDETABLE VALUES('2013-02-27 11:27:56.574000','WindowsME_BROKE','Warning','flashyThing',8569)
COMMIT
INSERT INTO FIVEWIDETABLE VALUES('2013-02-27 11:27:56.574000','Partial','Problem','Widgit',8570)
COMMIT
INSERT INTO FIVEWIDETABLE VALUES('2013-02-27 11:27:56.574000','','Good','flashyThing',8571)
COMMIT
INSERT INTO FIVEWIDETABLE VALUES('2013-02-27 11:27:56.574000','Partial','Warning','Widgit',8572)
COMMIT
INSERT INTO FIVEWIDETABLE VALUES('2013-02-27 11:27:56.574000','WindowsME_BROKE','Problem','flashyThing',8573)
COMMIT
INSERT INTO FIVEWIDETABLE VALUES('2013-02-27 11:27:56.574000','','Good','Widgit',8574)
COMMIT
INSERT INTO FIVEWIDETABLE VALUES('2013-02-27 11:27:56.574000','WindowsME_BROKE','Warning','flashyThing',8575)
COMMIT
INSERT INTO FIVEWIDETABLE VALUES('2013-02-27 11:27:56.575000','Partial','Problem','Widgit',8576)
COMMIT
INSERT INTO FIVEWIDETABLE VALUES('2013-02-27 11:27:56.575000','','Good','flashyThing',8577)
COMMIT
INSERT INTO FIVEWIDETABLE VALUES('2013-02-27 11:27:56.575000','Partial','Warning','Widgit',8578)
COMMIT
INSERT INTO FIVEWIDETABLE VALUES('2013-02-27 11:27:56.575000','WindowsME_BROKE','Problem','flashyThing',8579)
COMMIT
INSERT INTO FIVEWIDETABLE VALUES('2013-02-27 11:27:56.575000','','Good','Widgit',8580)
COMMIT
INSERT INTO FIVEWIDETABLE VALUES('2013-02-27 11:27:56.575000','WindowsME_BROKE','Warning','flashyThing',8581)
COMMIT
INSERT INTO FIVEWIDETABLE VALUES('2013-02-27 11:27:56.575000','Partial','Problem','Widgit',8582)
COMMIT
INSERT INTO FIVEWIDETABLE VALUES('2013-02-27 11:27:56.575000','','Good','flashyThing',8583)
COMMIT
INSERT INTO FIVEWIDETABLE VALUES('2013-02-27 11:27:56.575000','Partial','Warning','Widgit',8584)
COMMIT
INSERT INTO FIVEWIDETABLE VALUES('2013-02-27 11:27:56.575000','WindowsME_BROKE','Problem','flashyThing',8585)
COMMIT
INSERT INTO FIVEWIDETABLE VALUES('2013-02-27 11:27:56.575000','','Good','Widgit',8586)
COMMIT
INSERT INTO FIVEWIDETABLE VALUES('2013-02-27 11:27:56.575000','WindowsME_BROKE','Warning','flashyThing',8587)
COMMIT
INSERT INTO FIVEWIDETABLE VALUES('2013-02-27 11:27:56.575000','Partial','Problem','Widgit',8588)
COMMIT
INSERT INTO FIVEWIDETABLE VALUES('2013-02-27 11:27:56.575000','','Good','flashyThing',8589)
COMMIT
INSERT INTO FIVEWIDETABLE VALUES('2013-02-27 11:27:56.575000','Partial','Warning','Widgit',8590)
COMMIT
INSERT INTO FIVEWIDETABLE VALUES('2013-02-27 11:27:56.575000','WindowsME_BROKE','Problem','flashyThing',8591)
COMMIT
INSERT INTO FIVEWIDETABLE VALUES('2013-02-27 11:27:56.575000','','Good','Widgit',8592)
COMMIT
INSERT INTO FIVEWIDETABLE VALUES('2013-02-27 11:27:56.575000','WindowsME_BROKE','Warning','flashyThing',8593)
COMMIT
INSERT INTO FIVEWIDETABLE VALUES('2013-02-27 11:27:56.576000','Partial','Problem','Widgit',8594)
COMMIT
INSERT INTO FIVEWIDETABLE VALUES('2013-02-27 11:27:56.576000','','Good','flashyThing',8595)
COMMIT
INSERT INTO FIVEWIDETABLE VALUES('2013-02-27 11:27:56.576000','Partial','Warning','Widgit',8596)
COMMIT
INSERT INTO FIVEWIDETABLE VALUES('2013-02-27 11:27:56.576000','WindowsME_BROKE','Problem','flashyThing',8597)
COMMIT
INSERT INTO FIVEWIDETABLE VALUES('2013-02-27 11:27:56.576000','','Good','Widgit',8598)
COMMIT
INSERT INTO FIVEWIDETABLE VALUES('2013-02-27 11:27:56.576000','WindowsME_BROKE','Warning','flashyThing',8599)
COMMIT
INSERT INTO FIVEWIDETABLE VALUES('2013-02-27 11:27:56.576000','Partial','Problem','Widgit',8600)
COMMIT
INSERT INTO FIVEWIDETABLE VALUES('2013-02-27 11:27:56.576000','','Good','flashyThing',8601)
COMMIT
INSERT INTO FIVEWIDETABLE VALUES('2013-02-27 11:27:56.576000','Partial','Warning','Widgit',8602)
COMMIT
INSERT INTO FIVEWIDETABLE VALUES('2013-02-27 11:27:56.576000','WindowsME_BROKE','Problem','flashyThing',8603)
COMMIT
INSERT INTO FIVEWIDETABLE VALUES('2013-02-27 11:27:56.576000','','Good','Widgit',8604)
COMMIT
INSERT INTO FIVEWIDETABLE VALUES('2013-02-27 11:27:56.576000','WindowsME_BROKE','Warning','flashyThing',8605)
COMMIT
INSERT INTO FIVEWIDETABLE VALUES('2013-02-27 11:27:56.576000','Partial','Problem','Widgit',8606)
COMMIT
INSERT INTO FIVEWIDETABLE VALUES('2013-02-27 11:27:56.576000','','Good','flashyThing',8607)
COMMIT
INSERT INTO FIVEWIDETABLE VALUES('2013-02-27 11:27:56.576000','Partial','Warning','Widgit',8608)
COMMIT
INSERT INTO FIVEWIDETABLE VALUES('2013-02-27 11:27:56.576000','WindowsME_BROKE','Problem','flashyThing',8609)
COMMIT
INSERT INTO FIVEWIDETABLE VALUES('2013-02-27 11:27:56.576000','','Good','Widgit',8610)
COMMIT
INSERT INTO FIVEWIDETABLE VALUES('2013-02-27 11:27:56.576000','WindowsME_BROKE','Warning','flashyThing',8611)
COMMIT
INSERT INTO FIVEWIDETABLE VALUES('2013-02-27 11:27:56.577000','Partial','Problem','Widgit',8612)
COMMIT
INSERT INTO FIVEWIDETABLE VALUES('2013-02-27 11:27:56.577000','','Good','flashyThing',8613)
COMMIT
INSERT INTO FIVEWIDETABLE VALUES('2013-02-27 11:27:56.577000','Partial','Warning','Widgit',8614)
COMMIT
INSERT INTO FIVEWIDETABLE VALUES('2013-02-27 11:27:56.577000','WindowsME_BROKE','Problem','flashyThing',8615)
COMMIT
INSERT INTO FIVEWIDETABLE VALUES('2013-02-27 11:27:56.577000','','Good','Widgit',8616)
COMMIT
INSERT INTO FIVEWIDETABLE VALUES('2013-02-27 11:27:56.577000','WindowsME_BROKE','Warning','flashyThing',8617)
COMMIT
INSERT INTO FIVEWIDETABLE VALUES('2013-02-27 11:27:56.577000','Partial','Problem','Widgit',8618)
COMMIT
INSERT INTO FIVEWIDETABLE VALUES('2013-02-27 11:27:56.577000','','Good','flashyThing',8619)
COMMIT
INSERT INTO FIVEWIDETABLE VALUES('2013-02-27 11:27:56.577000','Partial','Warning','Widgit',8620)
COMMIT
INSERT INTO FIVEWIDETABLE VALUES('2013-02-27 11:27:56.577000','WindowsME_BROKE','Problem','flashyThing',8621)
COMMIT
INSERT INTO FIVEWIDETABLE VALUES('2013-02-27 11:27:56.577000','','Good','Widgit',8622)
COMMIT
INSERT INTO FIVEWIDETABLE VALUES('2013-02-27 11:27:56.577000','WindowsME_BROKE','Warning','flashyThing',8623)
COMMIT
INSERT INTO FIVEWIDETABLE VALUES('2013-02-27 11:27:56.577000','Partial','Problem','Widgit',8624)
COMMIT
INSERT INTO FIVEWIDETABLE VALUES('2013-02-27 11:27:56.577000','','Good','flashyThing',8625)
COMMIT
INSERT INTO FIVEWIDETABLE VALUES('2013-02-27 11:27:56.577000','Partial','Warning','Widgit',8626)
COMMIT
INSERT INTO FIVEWIDETABLE VALUES('2013-02-27 11:27:56.577000','WindowsME_BROKE','Problem','flashyThing',8627)
COMMIT
INSERT INTO FIVEWIDETABLE VALUES('2013-02-27 11:27:56.577000','','Good','Widgit',8628)
COMMIT
INSERT INTO FIVEWIDETABLE VALUES('2013-02-27 11:27:56.577000','WindowsME_BROKE','Warning','flashyThing',8629)
COMMIT
INSERT INTO FIVEWIDETABLE VALUES('2013-02-27 11:27:56.578000','Partial','Problem','Widgit',8630)
COMMIT
INSERT INTO FIVEWIDETABLE VALUES('2013-02-27 11:27:56.578000','','Good','flashyThing',8631)
COMMIT
INSERT INTO FIVEWIDETABLE VALUES('2013-02-27 11:27:56.578000','Partial','Warning','Widgit',8632)
COMMIT
INSERT INTO FIVEWIDETABLE VALUES('2013-02-27 11:27:56.578000','WindowsME_BROKE','Problem','flashyThing',8633)
COMMIT
INSERT INTO FIVEWIDETABLE VALUES('2013-02-27 11:27:56.578000','','Good','Widgit',8634)
COMMIT
INSERT INTO FIVEWIDETABLE VALUES('2013-02-27 11:27:56.578000','WindowsME_BROKE','Warning','flashyThing',8635)
COMMIT
INSERT INTO FIVEWIDETABLE VALUES('2013-02-27 11:27:56.578000','Partial','Problem','Widgit',8636)
COMMIT
INSERT INTO FIVEWIDETABLE VALUES('2013-02-27 11:27:56.578000','','Good','flashyThing',8637)
COMMIT
INSERT INTO FIVEWIDETABLE VALUES('2013-02-27 11:27:56.578000','Partial','Warning','Widgit',8638)
COMMIT
INSERT INTO FIVEWIDETABLE VALUES('2013-02-27 11:27:56.578000','WindowsME_BROKE','Problem','flashyThing',8639)
COMMIT
INSERT INTO FIVEWIDETABLE VALUES('2013-02-27 11:27:56.578000','','Good','Widgit',8640)
COMMIT
INSERT INTO FIVEWIDETABLE VALUES('2013-02-27 11:27:56.578000','WindowsME_BROKE','Warning','flashyThing',8641)
COMMIT
INSERT INTO FIVEWIDETABLE VALUES('2013-02-27 11:27:56.578000','Partial','Problem','Widgit',8642)
COMMIT
INSERT INTO FIVEWIDETABLE VALUES('2013-02-27 11:27:56.578000','','Good','flashyThing',8643)
COMMIT
INSERT INTO FIVEWIDETABLE VALUES('2013-02-27 11:27:56.578000','Partial','Warning','Widgit',8644)
COMMIT
INSERT INTO FIVEWIDETABLE VALUES('2013-02-27 11:27:56.578000','WindowsME_BROKE','Problem','flashyThing',8645)
COMMIT
INSERT INTO FIVEWIDETABLE VALUES('2013-02-27 11:27:56.578000','','Good','Widgit',8646)
COMMIT
INSERT INTO FIVEWIDETABLE VALUES('2013-02-27 11:27:56.578000','WindowsME_BROKE','Warning','flashyThing',8647)
COMMIT
INSERT INTO FIVEWIDETABLE VALUES('2013-02-27 11:27:56.578000','Partial','Problem','Widgit',8648)
COMMIT
INSERT INTO FIVEWIDETABLE VALUES('2013-02-27 11:27:56.579000','','Good','flashyThing',8649)
COMMIT
INSERT INTO FIVEWIDETABLE VALUES('2013-02-27 11:27:56.579000','Partial','Warning','Widgit',8650)
COMMIT
INSERT INTO FIVEWIDETABLE VALUES('2013-02-27 11:27:56.579000','WindowsME_BROKE','Problem','flashyThing',8651)
COMMIT
INSERT INTO FIVEWIDETABLE VALUES('2013-02-27 11:27:56.579000','','Good','Widgit',8652)
COMMIT
INSERT INTO FIVEWIDETABLE VALUES('2013-02-27 11:27:56.579000','WindowsME_BROKE','Warning','flashyThing',8653)
COMMIT
INSERT INTO FIVEWIDETABLE VALUES('2013-02-27 11:27:56.579000','Partial','Problem','Widgit',8654)
COMMIT
INSERT INTO FIVEWIDETABLE VALUES('2013-02-27 11:27:56.579000','','Good','flashyThing',8655)
COMMIT
INSERT INTO FIVEWIDETABLE VALUES('2013-02-27 11:27:56.579000','Partial','Warning','Widgit',8656)
COMMIT
INSERT INTO FIVEWIDETABLE VALUES('2013-02-27 11:27:56.579000','WindowsME_BROKE','Problem','flashyThing',8657)
COMMIT
INSERT INTO FIVEWIDETABLE VALUES('2013-02-27 11:27:56.579000','','Good','Widgit',8658)
COMMIT
INSERT INTO FIVEWIDETABLE VALUES('2013-02-27 11:27:56.579000','WindowsME_BROKE','Warning','flashyThing',8659)
COMMIT
INSERT INTO FIVEWIDETABLE VALUES('2013-02-27 11:27:56.579000','Partial','Problem','Widgit',8660)
COMMIT
INSERT INTO FIVEWIDETABLE VALUES('2013-02-27 11:27:56.579000','','Good','flashyThing',8661)
COMMIT
INSERT INTO FIVEWIDETABLE VALUES('2013-02-27 11:27:56.579000','Partial','Warning','Widgit',8662)
COMMIT
INSERT INTO FIVEWIDETABLE VALUES('2013-02-27 11:27:56.579000','WindowsME_BROKE','Problem','flashyThing',8663)
COMMIT
INSERT INTO FIVEWIDETABLE VALUES('2013-02-27 11:27:56.579000','','Good','Widgit',8664)
COMMIT
INSERT INTO FIVEWIDETABLE VALUES('2013-02-27 11:27:56.579000','WindowsME_BROKE','Warning','flashyThing',8665)
COMMIT
INSERT INTO FIVEWIDETABLE VALUES('2013-02-27 11:27:56.579000','Partial','Problem','Widgit',8666)
COMMIT
INSERT INTO FIVEWIDETABLE VALUES('2013-02-27 11:27:56.580000','','Good','flashyThing',8667)
COMMIT
INSERT INTO FIVEWIDETABLE VALUES('2013-02-27 11:27:56.580000','Partial','Warning','Widgit',8668)
COMMIT
INSERT INTO FIVEWIDETABLE VALUES('2013-02-27 11:27:56.580000','WindowsME_BROKE','Problem','flashyThing',8669)
COMMIT
INSERT INTO FIVEWIDETABLE VALUES('2013-02-27 11:27:56.580000','','Good','Widgit',8670)
COMMIT
INSERT INTO FIVEWIDETABLE VALUES('2013-02-27 11:27:56.580000','WindowsME_BROKE','Warning','flashyThing',8671)
COMMIT
INSERT INTO FIVEWIDETABLE VALUES('2013-02-27 11:27:56.580000','Partial','Problem','Widgit',8672)
COMMIT
INSERT INTO FIVEWIDETABLE VALUES('2013-02-27 11:27:56.580000','','Good','flashyThing',8673)
COMMIT
INSERT INTO FIVEWIDETABLE VALUES('2013-02-27 11:27:56.580000','Partial','Warning','Widgit',8674)
COMMIT
INSERT INTO FIVEWIDETABLE VALUES('2013-02-27 11:27:56.580000','WindowsME_BROKE','Problem','flashyThing',8675)
COMMIT
INSERT INTO FIVEWIDETABLE VALUES('2013-02-27 11:27:56.580000','','Good','Widgit',8676)
COMMIT
INSERT INTO FIVEWIDETABLE VALUES('2013-02-27 11:27:56.580000','WindowsME_BROKE','Warning','flashyThing',8677)
COMMIT
INSERT INTO FIVEWIDETABLE VALUES('2013-02-27 11:27:56.580000','Partial','Problem','Widgit',8678)
COMMIT
INSERT INTO FIVEWIDETABLE VALUES('2013-02-27 11:27:56.580000','','Good','flashyThing',8679)
COMMIT
INSERT INTO FIVEWIDETABLE VALUES('2013-02-27 11:27:56.580000','Partial','Warning','Widgit',8680)
COMMIT
INSERT INTO FIVEWIDETABLE VALUES('2013-02-27 11:27:56.580000','WindowsME_BROKE','Problem','flashyThing',8681)
COMMIT
INSERT INTO FIVEWIDETABLE VALUES('2013-02-27 11:27:56.580000','','Good','Widgit',8682)
COMMIT
INSERT INTO FIVEWIDETABLE VALUES('2013-02-27 11:27:56.580000','WindowsME_BROKE','Warning','flashyThing',8683)
COMMIT
INSERT INTO FIVEWIDETABLE VALUES('2013-02-27 11:27:56.580000','Partial','Problem','Widgit',8684)
COMMIT
INSERT INTO FIVEWIDETABLE VALUES('2013-02-27 11:27:56.581000','','Good','flashyThing',8685)
COMMIT
INSERT INTO FIVEWIDETABLE VALUES('2013-02-27 11:27:56.581000','Partial','Warning','Widgit',8686)
COMMIT
INSERT INTO FIVEWIDETABLE VALUES('2013-02-27 11:27:56.581000','WindowsME_BROKE','Problem','flashyThing',8687)
COMMIT
INSERT INTO FIVEWIDETABLE VALUES('2013-02-27 11:27:56.581000','','Good','Widgit',8688)
COMMIT
INSERT INTO FIVEWIDETABLE VALUES('2013-02-27 11:27:56.581000','WindowsME_BROKE','Warning','flashyThing',8689)
COMMIT
INSERT INTO FIVEWIDETABLE VALUES('2013-02-27 11:27:56.581000','Partial','Problem','Widgit',8690)
COMMIT
INSERT INTO FIVEWIDETABLE VALUES('2013-02-27 11:27:56.581000','','Good','flashyThing',8691)
COMMIT
INSERT INTO FIVEWIDETABLE VALUES('2013-02-27 11:27:56.581000','Partial','Warning','Widgit',8692)
COMMIT
INSERT INTO FIVEWIDETABLE VALUES('2013-02-27 11:27:56.581000','WindowsME_BROKE','Problem','flashyThing',8693)
COMMIT
INSERT INTO FIVEWIDETABLE VALUES('2013-02-27 11:27:56.581000','','Good','Widgit',8694)
COMMIT
INSERT INTO FIVEWIDETABLE VALUES('2013-02-27 11:27:56.581000','WindowsME_BROKE','Warning','flashyThing',8695)
COMMIT
INSERT INTO FIVEWIDETABLE VALUES('2013-02-27 11:27:56.581000','Partial','Problem','Widgit',8696)
COMMIT
INSERT INTO FIVEWIDETABLE VALUES('2013-02-27 11:27:56.581000','','Good','flashyThing',8697)
COMMIT
INSERT INTO FIVEWIDETABLE VALUES('2013-02-27 11:27:56.581000','Partial','Warning','Widgit',8698)
COMMIT
INSERT INTO FIVEWIDETABLE VALUES('2013-02-27 11:27:56.581000','WindowsME_BROKE','Problem','flashyThing',8699)
COMMIT
INSERT INTO FIVEWIDETABLE VALUES('2013-02-27 11:27:56.581000','','Good','Widgit',8700)
COMMIT
INSERT INTO FIVEWIDETABLE VALUES('2013-02-27 11:27:56.581000','WindowsME_BROKE','Warning','flashyThing',8701)
COMMIT
INSERT INTO FIVEWIDETABLE VALUES('2013-02-27 11:27:56.581000','Partial','Problem','Widgit',8702)
COMMIT
INSERT INTO FIVEWIDETABLE VALUES('2013-02-27 11:27:56.582000','','Good','flashyThing',8703)
COMMIT
INSERT INTO FIVEWIDETABLE VALUES('2013-02-27 11:27:56.582000','Partial','Warning','Widgit',8704)
COMMIT
INSERT INTO FIVEWIDETABLE VALUES('2013-02-27 11:27:56.582000','WindowsME_BROKE','Problem','flashyThing',8705)
COMMIT
INSERT INTO FIVEWIDETABLE VALUES('2013-02-27 11:27:56.582000','','Good','Widgit',8706)
COMMIT
INSERT INTO FIVEWIDETABLE VALUES('2013-02-27 11:27:56.582000','WindowsME_BROKE','Warning','flashyThing',8707)
COMMIT
INSERT INTO FIVEWIDETABLE VALUES('2013-02-27 11:27:56.582000','Partial','Problem','Widgit',8708)
COMMIT
INSERT INTO FIVEWIDETABLE VALUES('2013-02-27 11:27:56.582000','','Good','flashyThing',8709)
COMMIT
INSERT INTO FIVEWIDETABLE VALUES('2013-02-27 11:27:56.582000','Partial','Warning','Widgit',8710)
COMMIT
INSERT INTO FIVEWIDETABLE VALUES('2013-02-27 11:27:56.582000','WindowsME_BROKE','Problem','flashyThing',8711)
COMMIT
INSERT INTO FIVEWIDETABLE VALUES('2013-02-27 11:27:56.582000','','Good','Widgit',8712)
COMMIT
INSERT INTO FIVEWIDETABLE VALUES('2013-02-27 11:27:56.582000','WindowsME_BROKE','Warning','flashyThing',8713)
COMMIT
INSERT INTO FIVEWIDETABLE VALUES('2013-02-27 11:27:56.582000','Partial','Problem','Widgit',8714)
COMMIT
INSERT INTO FIVEWIDETABLE VALUES('2013-02-27 11:27:56.582000','','Good','flashyThing',8715)
COMMIT
INSERT INTO FIVEWIDETABLE VALUES('2013-02-27 11:27:56.582000','Partial','Warning','Widgit',8716)
COMMIT
INSERT INTO FIVEWIDETABLE VALUES('2013-02-27 11:27:56.582000','WindowsME_BROKE','Problem','flashyThing',8717)
COMMIT
INSERT INTO FIVEWIDETABLE VALUES('2013-02-27 11:27:56.582000','','Good','Widgit',8718)
COMMIT
INSERT INTO FIVEWIDETABLE VALUES('2013-02-27 11:27:56.582000','WindowsME_BROKE','Warning','flashyThing',8719)
COMMIT
INSERT INTO FIVEWIDETABLE VALUES('2013-02-27 11:27:56.582000','Partial','Problem','Widgit',8720)
COMMIT
INSERT INTO FIVEWIDETABLE VALUES('2013-02-27 11:27:56.583000','','Good','flashyThing',8721)
COMMIT
INSERT INTO FIVEWIDETABLE VALUES('2013-02-27 11:27:56.583000','Partial','Warning','Widgit',8722)
COMMIT
INSERT INTO FIVEWIDETABLE VALUES('2013-02-27 11:27:56.583000','WindowsME_BROKE','Problem','flashyThing',8723)
COMMIT
INSERT INTO FIVEWIDETABLE VALUES('2013-02-27 11:27:56.583000','','Good','Widgit',8724)
COMMIT
INSERT INTO FIVEWIDETABLE VALUES('2013-02-27 11:27:56.583000','WindowsME_BROKE','Warning','flashyThing',8725)
COMMIT
INSERT INTO FIVEWIDETABLE VALUES('2013-02-27 11:27:56.583000','Partial','Problem','Widgit',8726)
COMMIT
INSERT INTO FIVEWIDETABLE VALUES('2013-02-27 11:27:56.583000','','Good','flashyThing',8727)
COMMIT
INSERT INTO FIVEWIDETABLE VALUES('2013-02-27 11:27:56.583000','Partial','Warning','Widgit',8728)
COMMIT
INSERT INTO FIVEWIDETABLE VALUES('2013-02-27 11:27:56.583000','WindowsME_BROKE','Problem','flashyThing',8729)
COMMIT
INSERT INTO FIVEWIDETABLE VALUES('2013-02-27 11:27:56.583000','','Good','Widgit',8730)
COMMIT
INSERT INTO FIVEWIDETABLE VALUES('2013-02-27 11:27:56.583000','WindowsME_BROKE','Warning','flashyThing',8731)
COMMIT
INSERT INTO FIVEWIDETABLE VALUES('2013-02-27 11:27:56.583000','Partial','Problem','Widgit',8732)
COMMIT
INSERT INTO FIVEWIDETABLE VALUES('2013-02-27 11:27:56.583000','','Good','flashyThing',8733)
COMMIT
INSERT INTO FIVEWIDETABLE VALUES('2013-02-27 11:27:56.583000','Partial','Warning','Widgit',8734)
COMMIT
INSERT INTO FIVEWIDETABLE VALUES('2013-02-27 11:27:56.583000','WindowsME_BROKE','Problem','flashyThing',8735)
COMMIT
INSERT INTO FIVEWIDETABLE VALUES('2013-02-27 11:27:56.583000','','Good','Widgit',8736)
COMMIT
INSERT INTO FIVEWIDETABLE VALUES('2013-02-27 11:27:56.583000','WindowsME_BROKE','Warning','flashyThing',8737)
COMMIT
INSERT INTO FIVEWIDETABLE VALUES('2013-02-27 11:27:56.583000','Partial','Problem','Widgit',8738)
COMMIT
INSERT INTO FIVEWIDETABLE VALUES('2013-02-27 11:27:56.584000','','Good','flashyThing',8739)
COMMIT
INSERT INTO FIVEWIDETABLE VALUES('2013-02-27 11:27:56.584000','Partial','Warning','Widgit',8740)
COMMIT
INSERT INTO FIVEWIDETABLE VALUES('2013-02-27 11:27:56.584000','WindowsME_BROKE','Problem','flashyThing',8741)
COMMIT
INSERT INTO FIVEWIDETABLE VALUES('2013-02-27 11:27:56.584000','','Good','Widgit',8742)
COMMIT
INSERT INTO FIVEWIDETABLE VALUES('2013-02-27 11:27:56.584000','WindowsME_BROKE','Warning','flashyThing',8743)
COMMIT
INSERT INTO FIVEWIDETABLE VALUES('2013-02-27 11:27:56.584000','Partial','Problem','Widgit',8744)
COMMIT
INSERT INTO FIVEWIDETABLE VALUES('2013-02-27 11:27:56.584000','','Good','flashyThing',8745)
COMMIT
INSERT INTO FIVEWIDETABLE VALUES('2013-02-27 11:27:56.584000','Partial','Warning','Widgit',8746)
COMMIT
INSERT INTO FIVEWIDETABLE VALUES('2013-02-27 11:27:56.584000','WindowsME_BROKE','Problem','flashyThing',8747)
COMMIT
INSERT INTO FIVEWIDETABLE VALUES('2013-02-27 11:27:56.584000','','Good','Widgit',8748)
COMMIT
INSERT INTO FIVEWIDETABLE VALUES('2013-02-27 11:27:56.584000','WindowsME_BROKE','Warning','flashyThing',8749)
COMMIT
INSERT INTO FIVEWIDETABLE VALUES('2013-02-27 11:27:56.584000','Partial','Problem','Widgit',8750)
COMMIT
INSERT INTO FIVEWIDETABLE VALUES('2013-02-27 11:27:56.584000','','Good','flashyThing',8751)
COMMIT
INSERT INTO FIVEWIDETABLE VALUES('2013-02-27 11:27:56.584000','Partial','Warning','Widgit',8752)
COMMIT
INSERT INTO FIVEWIDETABLE VALUES('2013-02-27 11:27:56.584000','WindowsME_BROKE','Problem','flashyThing',8753)
COMMIT
INSERT INTO FIVEWIDETABLE VALUES('2013-02-27 11:27:56.584000','','Good','Widgit',8754)
COMMIT
INSERT INTO FIVEWIDETABLE VALUES('2013-02-27 11:27:56.584000','WindowsME_BROKE','Warning','flashyThing',8755)
COMMIT
INSERT INTO FIVEWIDETABLE VALUES('2013-02-27 11:27:56.584000','Partial','Problem','Widgit',8756)
COMMIT
INSERT INTO FIVEWIDETABLE VALUES('2013-02-27 11:27:56.585000','','Good','flashyThing',8757)
COMMIT
INSERT INTO FIVEWIDETABLE VALUES('2013-02-27 11:27:56.585000','Partial','Warning','Widgit',8758)
COMMIT
INSERT INTO FIVEWIDETABLE VALUES('2013-02-27 11:27:56.585000','WindowsME_BROKE','Problem','flashyThing',8759)
COMMIT
INSERT INTO FIVEWIDETABLE VALUES('2013-02-27 11:27:56.585000','','Good','Widgit',8760)
COMMIT
INSERT INTO FIVEWIDETABLE VALUES('2013-02-27 11:27:56.585000','WindowsME_BROKE','Warning','flashyThing',8761)
COMMIT
INSERT INTO FIVEWIDETABLE VALUES('2013-02-27 11:27:56.585000','Partial','Problem','Widgit',8762)
COMMIT
INSERT INTO FIVEWIDETABLE VALUES('2013-02-27 11:27:56.585000','','Good','flashyThing',8763)
COMMIT
INSERT INTO FIVEWIDETABLE VALUES('2013-02-27 11:27:56.585000','Partial','Warning','Widgit',8764)
COMMIT
INSERT INTO FIVEWIDETABLE VALUES('2013-02-27 11:27:56.585000','WindowsME_BROKE','Problem','flashyThing',8765)
COMMIT
INSERT INTO FIVEWIDETABLE VALUES('2013-02-27 11:27:56.585000','','Good','Widgit',8766)
COMMIT
INSERT INTO FIVEWIDETABLE VALUES('2013-02-27 11:27:56.585000','WindowsME_BROKE','Warning','flashyThing',8767)
COMMIT
INSERT INTO FIVEWIDETABLE VALUES('2013-02-27 11:27:56.585000','Partial','Problem','Widgit',8768)
COMMIT
INSERT INTO FIVEWIDETABLE VALUES('2013-02-27 11:27:56.585000','','Good','flashyThing',8769)
COMMIT
INSERT INTO FIVEWIDETABLE VALUES('2013-02-27 11:27:56.585000','Partial','Warning','Widgit',8770)
COMMIT
INSERT INTO FIVEWIDETABLE VALUES('2013-02-27 11:27:56.585000','WindowsME_BROKE','Problem','flashyThing',8771)
COMMIT
INSERT INTO FIVEWIDETABLE VALUES('2013-02-27 11:27:56.585000','','Good','Widgit',8772)
COMMIT
INSERT INTO FIVEWIDETABLE VALUES('2013-02-27 11:27:56.585000','WindowsME_BROKE','Warning','flashyThing',8773)
COMMIT
INSERT INTO FIVEWIDETABLE VALUES('2013-02-27 11:27:56.585000','Partial','Problem','Widgit',8774)
COMMIT
INSERT INTO FIVEWIDETABLE VALUES('2013-02-27 11:27:56.585000','','Good','flashyThing',8775)
COMMIT
INSERT INTO FIVEWIDETABLE VALUES('2013-02-27 11:27:56.586000','Partial','Warning','Widgit',8776)
COMMIT
INSERT INTO FIVEWIDETABLE VALUES('2013-02-27 11:27:56.586000','WindowsME_BROKE','Problem','flashyThing',8777)
COMMIT
INSERT INTO FIVEWIDETABLE VALUES('2013-02-27 11:27:56.586000','','Good','Widgit',8778)
COMMIT
INSERT INTO FIVEWIDETABLE VALUES('2013-02-27 11:27:56.586000','WindowsME_BROKE','Warning','flashyThing',8779)
COMMIT
INSERT INTO FIVEWIDETABLE VALUES('2013-02-27 11:27:56.586000','Partial','Problem','Widgit',8780)
COMMIT
INSERT INTO FIVEWIDETABLE VALUES('2013-02-27 11:27:56.586000','','Good','flashyThing',8781)
COMMIT
INSERT INTO FIVEWIDETABLE VALUES('2013-02-27 11:27:56.586000','Partial','Warning','Widgit',8782)
COMMIT
INSERT INTO FIVEWIDETABLE VALUES('2013-02-27 11:27:56.586000','WindowsME_BROKE','Problem','flashyThing',8783)
COMMIT
INSERT INTO FIVEWIDETABLE VALUES('2013-02-27 11:27:56.586000','','Good','Widgit',8784)
COMMIT
INSERT INTO FIVEWIDETABLE VALUES('2013-02-27 11:27:56.586000','WindowsME_BROKE','Warning','flashyThing',8785)
COMMIT
INSERT INTO FIVEWIDETABLE VALUES('2013-02-27 11:27:56.586000','Partial','Problem','Widgit',8786)
COMMIT
INSERT INTO FIVEWIDETABLE VALUES('2013-02-27 11:27:56.586000','','Good','flashyThing',8787)
COMMIT
INSERT INTO FIVEWIDETABLE VALUES('2013-02-27 11:27:56.586000','Partial','Warning','Widgit',8788)
COMMIT
INSERT INTO FIVEWIDETABLE VALUES('2013-02-27 11:27:56.586000','WindowsME_BROKE','Problem','flashyThing',8789)
COMMIT
INSERT INTO FIVEWIDETABLE VALUES('2013-02-27 11:27:56.586000','','Good','Widgit',8790)
COMMIT
INSERT INTO FIVEWIDETABLE VALUES('2013-02-27 11:27:56.586000','WindowsME_BROKE','Warning','flashyThing',8791)
COMMIT
INSERT INTO FIVEWIDETABLE VALUES('2013-02-27 11:27:56.586000','Partial','Problem','Widgit',8792)
COMMIT
INSERT INTO FIVEWIDETABLE VALUES('2013-02-27 11:27:56.586000','','Good','flashyThing',8793)
COMMIT
INSERT INTO FIVEWIDETABLE VALUES('2013-02-27 11:27:56.587000','Partial','Warning','Widgit',8794)
COMMIT
INSERT INTO FIVEWIDETABLE VALUES('2013-02-27 11:27:56.587000','WindowsME_BROKE','Problem','flashyThing',8795)
COMMIT
INSERT INTO FIVEWIDETABLE VALUES('2013-02-27 11:27:56.587000','','Good','Widgit',8796)
COMMIT
INSERT INTO FIVEWIDETABLE VALUES('2013-02-27 11:27:56.587000','WindowsME_BROKE','Warning','flashyThing',8797)
COMMIT
INSERT INTO FIVEWIDETABLE VALUES('2013-02-27 11:27:56.587000','Partial','Problem','Widgit',8798)
COMMIT
INSERT INTO FIVEWIDETABLE VALUES('2013-02-27 11:27:56.587000','','Good','flashyThing',8799)
COMMIT
INSERT INTO FIVEWIDETABLE VALUES('2013-02-27 11:27:56.587000','Partial','Warning','Widgit',8800)
COMMIT
INSERT INTO FIVEWIDETABLE VALUES('2013-02-27 11:27:56.587000','WindowsME_BROKE','Problem','flashyThing',8801)
COMMIT
INSERT INTO FIVEWIDETABLE VALUES('2013-02-27 11:27:56.587000','','Good','Widgit',8802)
COMMIT
INSERT INTO FIVEWIDETABLE VALUES('2013-02-27 11:27:56.587000','WindowsME_BROKE','Warning','flashyThing',8803)
COMMIT
INSERT INTO FIVEWIDETABLE VALUES('2013-02-27 11:27:56.587000','Partial','Problem','Widgit',8804)
COMMIT
INSERT INTO FIVEWIDETABLE VALUES('2013-02-27 11:27:56.587000','','Good','flashyThing',8805)
COMMIT
INSERT INTO FIVEWIDETABLE VALUES('2013-02-27 11:27:56.587000','Partial','Warning','Widgit',8806)
COMMIT
INSERT INTO FIVEWIDETABLE VALUES('2013-02-27 11:27:56.587000','WindowsME_BROKE','Problem','flashyThing',8807)
COMMIT
INSERT INTO FIVEWIDETABLE VALUES('2013-02-27 11:27:56.587000','','Good','Widgit',8808)
COMMIT
INSERT INTO FIVEWIDETABLE VALUES('2013-02-27 11:27:56.587000','WindowsME_BROKE','Warning','flashyThing',8809)
COMMIT
INSERT INTO FIVEWIDETABLE VALUES('2013-02-27 11:27:56.587000','Partial','Problem','Widgit',8810)
COMMIT
INSERT INTO FIVEWIDETABLE VALUES('2013-02-27 11:27:56.587000','','Good','flashyThing',8811)
COMMIT
INSERT INTO FIVEWIDETABLE VALUES('2013-02-27 11:27:56.588000','Partial','Warning','Widgit',8812)
COMMIT
INSERT INTO FIVEWIDETABLE VALUES('2013-02-27 11:27:56.588000','WindowsME_BROKE','Problem','flashyThing',8813)
COMMIT
INSERT INTO FIVEWIDETABLE VALUES('2013-02-27 11:27:56.588000','','Good','Widgit',8814)
COMMIT
INSERT INTO FIVEWIDETABLE VALUES('2013-02-27 11:27:56.588000','WindowsME_BROKE','Warning','flashyThing',8815)
COMMIT
INSERT INTO FIVEWIDETABLE VALUES('2013-02-27 11:27:56.588000','Partial','Problem','Widgit',8816)
COMMIT
INSERT INTO FIVEWIDETABLE VALUES('2013-02-27 11:27:56.588000','','Good','flashyThing',8817)
COMMIT
INSERT INTO FIVEWIDETABLE VALUES('2013-02-27 11:27:56.588000','Partial','Warning','Widgit',8818)
COMMIT
INSERT INTO FIVEWIDETABLE VALUES('2013-02-27 11:27:56.588000','WindowsME_BROKE','Problem','flashyThing',8819)
COMMIT
INSERT INTO FIVEWIDETABLE VALUES('2013-02-27 11:27:56.588000','','Good','Widgit',8820)
COMMIT
INSERT INTO FIVEWIDETABLE VALUES('2013-02-27 11:27:56.588000','WindowsME_BROKE','Warning','flashyThing',8821)
COMMIT
INSERT INTO FIVEWIDETABLE VALUES('2013-02-27 11:27:56.588000','Partial','Problem','Widgit',8822)
COMMIT
INSERT INTO FIVEWIDETABLE VALUES('2013-02-27 11:27:56.588000','','Good','flashyThing',8823)
COMMIT
INSERT INTO FIVEWIDETABLE VALUES('2013-02-27 11:27:56.588000','Partial','Warning','Widgit',8824)
COMMIT
INSERT INTO FIVEWIDETABLE VALUES('2013-02-27 11:27:56.588000','WindowsME_BROKE','Problem','flashyThing',8825)
COMMIT
INSERT INTO FIVEWIDETABLE VALUES('2013-02-27 11:27:56.588000','','Good','Widgit',8826)
COMMIT
INSERT INTO FIVEWIDETABLE VALUES('2013-02-27 11:27:56.588000','WindowsME_BROKE','Warning','flashyThing',8827)
COMMIT
INSERT INTO FIVEWIDETABLE VALUES('2013-02-27 11:27:56.588000','Partial','Problem','Widgit',8828)
COMMIT
INSERT INTO FIVEWIDETABLE VALUES('2013-02-27 11:27:56.589000','','Good','flashyThing',8829)
COMMIT
INSERT INTO FIVEWIDETABLE VALUES('2013-02-27 11:27:56.589000','Partial','Warning','Widgit',8830)
COMMIT
INSERT INTO FIVEWIDETABLE VALUES('2013-02-27 11:27:56.589000','WindowsME_BROKE','Problem','flashyThing',8831)
COMMIT
INSERT INTO FIVEWIDETABLE VALUES('2013-02-27 11:27:56.589000','','Good','Widgit',8832)
COMMIT
INSERT INTO FIVEWIDETABLE VALUES('2013-02-27 11:27:56.589000','WindowsME_BROKE','Warning','flashyThing',8833)
COMMIT
INSERT INTO FIVEWIDETABLE VALUES('2013-02-27 11:27:56.589000','Partial','Problem','Widgit',8834)
COMMIT
INSERT INTO FIVEWIDETABLE VALUES('2013-02-27 11:27:56.589000','','Good','flashyThing',8835)
COMMIT
INSERT INTO FIVEWIDETABLE VALUES('2013-02-27 11:27:56.589000','Partial','Warning','Widgit',8836)
COMMIT
INSERT INTO FIVEWIDETABLE VALUES('2013-02-27 11:27:56.589000','WindowsME_BROKE','Problem','flashyThing',8837)
COMMIT
INSERT INTO FIVEWIDETABLE VALUES('2013-02-27 11:27:56.589000','','Good','Widgit',8838)
COMMIT
INSERT INTO FIVEWIDETABLE VALUES('2013-02-27 11:27:56.589000','WindowsME_BROKE','Warning','flashyThing',8839)
COMMIT
INSERT INTO FIVEWIDETABLE VALUES('2013-02-27 11:27:56.589000','Partial','Problem','Widgit',8840)
COMMIT
INSERT INTO FIVEWIDETABLE VALUES('2013-02-27 11:27:56.589000','','Good','flashyThing',8841)
COMMIT
INSERT INTO FIVEWIDETABLE VALUES('2013-02-27 11:27:56.589000','Partial','Warning','Widgit',8842)
COMMIT
INSERT INTO FIVEWIDETABLE VALUES('2013-02-27 11:27:56.589000','WindowsME_BROKE','Problem','flashyThing',8843)
COMMIT
INSERT INTO FIVEWIDETABLE VALUES('2013-02-27 11:27:56.589000','','Good','Widgit',8844)
COMMIT
INSERT INTO FIVEWIDETABLE VALUES('2013-02-27 11:27:56.589000','WindowsME_BROKE','Warning','flashyThing',8845)
COMMIT
INSERT INTO FIVEWIDETABLE VALUES('2013-02-27 11:27:56.590000','Partial','Problem','Widgit',8846)
COMMIT
INSERT INTO FIVEWIDETABLE VALUES('2013-02-27 11:27:56.590000','','Good','flashyThing',8847)
COMMIT
INSERT INTO FIVEWIDETABLE VALUES('2013-02-27 11:27:56.590000','Partial','Warning','Widgit',8848)
COMMIT
INSERT INTO FIVEWIDETABLE VALUES('2013-02-27 11:27:56.590000','WindowsME_BROKE','Problem','flashyThing',8849)
COMMIT
INSERT INTO FIVEWIDETABLE VALUES('2013-02-27 11:27:56.590000','','Good','Widgit',8850)
COMMIT
INSERT INTO FIVEWIDETABLE VALUES('2013-02-27 11:27:56.590000','WindowsME_BROKE','Warning','flashyThing',8851)
COMMIT
INSERT INTO FIVEWIDETABLE VALUES('2013-02-27 11:27:56.590000','Partial','Problem','Widgit',8852)
COMMIT
INSERT INTO FIVEWIDETABLE VALUES('2013-02-27 11:27:56.590000','','Good','flashyThing',8853)
COMMIT
INSERT INTO FIVEWIDETABLE VALUES('2013-02-27 11:27:56.590000','Partial','Warning','Widgit',8854)
COMMIT
INSERT INTO FIVEWIDETABLE VALUES('2013-02-27 11:27:56.590000','WindowsME_BROKE','Problem','flashyThing',8855)
COMMIT
INSERT INTO FIVEWIDETABLE VALUES('2013-02-27 11:27:56.590000','','Good','Widgit',8856)
COMMIT
INSERT INTO FIVEWIDETABLE VALUES('2013-02-27 11:27:56.590000','WindowsME_BROKE','Warning','flashyThing',8857)
COMMIT
INSERT INTO FIVEWIDETABLE VALUES('2013-02-27 11:27:56.590000','Partial','Problem','Widgit',8858)
COMMIT
INSERT INTO FIVEWIDETABLE VALUES('2013-02-27 11:27:56.590000','','Good','flashyThing',8859)
COMMIT
INSERT INTO FIVEWIDETABLE VALUES('2013-02-27 11:27:56.590000','Partial','Warning','Widgit',8860)
COMMIT
INSERT INTO FIVEWIDETABLE VALUES('2013-02-27 11:27:56.590000','WindowsME_BROKE','Problem','flashyThing',8861)
COMMIT
INSERT INTO FIVEWIDETABLE VALUES('2013-02-27 11:27:56.590000','','Good','Widgit',8862)
COMMIT
INSERT INTO FIVEWIDETABLE VALUES('2013-02-27 11:27:56.590000','WindowsME_BROKE','Warning','flashyThing',8863)
COMMIT
INSERT INTO FIVEWIDETABLE VALUES('2013-02-27 11:27:56.591000','Partial','Problem','Widgit',8864)
COMMIT
INSERT INTO FIVEWIDETABLE VALUES('2013-02-27 11:27:56.591000','','Good','flashyThing',8865)
COMMIT
INSERT INTO FIVEWIDETABLE VALUES('2013-02-27 11:27:56.591000','Partial','Warning','Widgit',8866)
COMMIT
INSERT INTO FIVEWIDETABLE VALUES('2013-02-27 11:27:56.591000','WindowsME_BROKE','Problem','flashyThing',8867)
COMMIT
INSERT INTO FIVEWIDETABLE VALUES('2013-02-27 11:27:56.591000','','Good','Widgit',8868)
COMMIT
INSERT INTO FIVEWIDETABLE VALUES('2013-02-27 11:27:56.591000','WindowsME_BROKE','Warning','flashyThing',8869)
COMMIT
INSERT INTO FIVEWIDETABLE VALUES('2013-02-27 11:27:56.591000','Partial','Problem','Widgit',8870)
COMMIT
INSERT INTO FIVEWIDETABLE VALUES('2013-02-27 11:27:56.591000','','Good','flashyThing',8871)
COMMIT
INSERT INTO FIVEWIDETABLE VALUES('2013-02-27 11:27:56.591000','Partial','Warning','Widgit',8872)
COMMIT
INSERT INTO FIVEWIDETABLE VALUES('2013-02-27 11:27:56.591000','WindowsME_BROKE','Problem','flashyThing',8873)
COMMIT
INSERT INTO FIVEWIDETABLE VALUES('2013-02-27 11:27:56.591000','','Good','Widgit',8874)
COMMIT
INSERT INTO FIVEWIDETABLE VALUES('2013-02-27 11:27:56.591000','WindowsME_BROKE','Warning','flashyThing',8875)
COMMIT
INSERT INTO FIVEWIDETABLE VALUES('2013-02-27 11:27:56.591000','Partial','Problem','Widgit',8876)
COMMIT
INSERT INTO FIVEWIDETABLE VALUES('2013-02-27 11:27:56.591000','','Good','flashyThing',8877)
COMMIT
INSERT INTO FIVEWIDETABLE VALUES('2013-02-27 11:27:56.591000','Partial','Warning','Widgit',8878)
COMMIT
INSERT INTO FIVEWIDETABLE VALUES('2013-02-27 11:27:56.591000','WindowsME_BROKE','Problem','flashyThing',8879)
COMMIT
INSERT INTO FIVEWIDETABLE VALUES('2013-02-27 11:27:56.591000','','Good','Widgit',8880)
COMMIT
INSERT INTO FIVEWIDETABLE VALUES('2013-02-27 11:27:56.591000','WindowsME_BROKE','Warning','flashyThing',8881)
COMMIT
INSERT INTO FIVEWIDETABLE VALUES('2013-02-27 11:27:56.592000','Partial','Problem','Widgit',8882)
COMMIT
INSERT INTO FIVEWIDETABLE VALUES('2013-02-27 11:27:56.592000','','Good','flashyThing',8883)
COMMIT
INSERT INTO FIVEWIDETABLE VALUES('2013-02-27 11:27:56.592000','Partial','Warning','Widgit',8884)
COMMIT
INSERT INTO FIVEWIDETABLE VALUES('2013-02-27 11:27:56.592000','WindowsME_BROKE','Problem','flashyThing',8885)
COMMIT
INSERT INTO FIVEWIDETABLE VALUES('2013-02-27 11:27:56.592000','','Good','Widgit',8886)
COMMIT
INSERT INTO FIVEWIDETABLE VALUES('2013-02-27 11:27:56.592000','WindowsME_BROKE','Warning','flashyThing',8887)
COMMIT
INSERT INTO FIVEWIDETABLE VALUES('2013-02-27 11:27:56.592000','Partial','Problem','Widgit',8888)
COMMIT
INSERT INTO FIVEWIDETABLE VALUES('2013-02-27 11:27:56.592000','','Good','flashyThing',8889)
COMMIT
INSERT INTO FIVEWIDETABLE VALUES('2013-02-27 11:27:56.592000','Partial','Warning','Widgit',8890)
COMMIT
INSERT INTO FIVEWIDETABLE VALUES('2013-02-27 11:27:56.592000','WindowsME_BROKE','Problem','flashyThing',8891)
COMMIT
INSERT INTO FIVEWIDETABLE VALUES('2013-02-27 11:27:56.592000','','Good','Widgit',8892)
COMMIT
INSERT INTO FIVEWIDETABLE VALUES('2013-02-27 11:27:56.592000','WindowsME_BROKE','Warning','flashyThing',8893)
COMMIT
INSERT INTO FIVEWIDETABLE VALUES('2013-02-27 11:27:56.592000','Partial','Problem','Widgit',8894)
COMMIT
INSERT INTO FIVEWIDETABLE VALUES('2013-02-27 11:27:56.592000','','Good','flashyThing',8895)
COMMIT
INSERT INTO FIVEWIDETABLE VALUES('2013-02-27 11:27:56.592000','Partial','Warning','Widgit',8896)
COMMIT
INSERT INTO FIVEWIDETABLE VALUES('2013-02-27 11:27:56.592000','WindowsME_BROKE','Problem','flashyThing',8897)
COMMIT
INSERT INTO FIVEWIDETABLE VALUES('2013-02-27 11:27:56.592000','','Good','Widgit',8898)
COMMIT
INSERT INTO FIVEWIDETABLE VALUES('2013-02-27 11:27:56.592000','WindowsME_BROKE','Warning','flashyThing',8899)
COMMIT
INSERT INTO FIVEWIDETABLE VALUES('2013-02-27 11:27:56.593000','Partial','Problem','Widgit',8900)
COMMIT
INSERT INTO FIVEWIDETABLE VALUES('2013-02-27 11:27:56.593000','','Good','flashyThing',8901)
COMMIT
INSERT INTO FIVEWIDETABLE VALUES('2013-02-27 11:27:56.593000','Partial','Warning','Widgit',8902)
COMMIT
INSERT INTO FIVEWIDETABLE VALUES('2013-02-27 11:27:56.593000','WindowsME_BROKE','Problem','flashyThing',8903)
COMMIT
INSERT INTO FIVEWIDETABLE VALUES('2013-02-27 11:27:56.593000','','Good','Widgit',8904)
COMMIT
INSERT INTO FIVEWIDETABLE VALUES('2013-02-27 11:27:56.593000','WindowsME_BROKE','Warning','flashyThing',8905)
COMMIT
INSERT INTO FIVEWIDETABLE VALUES('2013-02-27 11:27:56.593000','Partial','Problem','Widgit',8906)
COMMIT
INSERT INTO FIVEWIDETABLE VALUES('2013-02-27 11:27:56.593000','','Good','flashyThing',8907)
COMMIT
INSERT INTO FIVEWIDETABLE VALUES('2013-02-27 11:27:56.593000','Partial','Warning','Widgit',8908)
COMMIT
INSERT INTO FIVEWIDETABLE VALUES('2013-02-27 11:27:56.593000','WindowsME_BROKE','Problem','flashyThing',8909)
COMMIT
INSERT INTO FIVEWIDETABLE VALUES('2013-02-27 11:27:56.593000','','Good','Widgit',8910)
COMMIT
INSERT INTO FIVEWIDETABLE VALUES('2013-02-27 11:27:56.593000','WindowsME_BROKE','Warning','flashyThing',8911)
COMMIT
INSERT INTO FIVEWIDETABLE VALUES('2013-02-27 11:27:56.593000','Partial','Problem','Widgit',8912)
COMMIT
INSERT INTO FIVEWIDETABLE VALUES('2013-02-27 11:27:56.593000','','Good','flashyThing',8913)
COMMIT
INSERT INTO FIVEWIDETABLE VALUES('2013-02-27 11:27:56.593000','Partial','Warning','Widgit',8914)
COMMIT
INSERT INTO FIVEWIDETABLE VALUES('2013-02-27 11:27:56.593000','WindowsME_BROKE','Problem','flashyThing',8915)
COMMIT
INSERT INTO FIVEWIDETABLE VALUES('2013-02-27 11:27:56.593000','','Good','Widgit',8916)
COMMIT
INSERT INTO FIVEWIDETABLE VALUES('2013-02-27 11:27:56.593000','WindowsME_BROKE','Warning','flashyThing',8917)
COMMIT
INSERT INTO FIVEWIDETABLE VALUES('2013-02-27 11:27:56.593000','Partial','Problem','Widgit',8918)
COMMIT
INSERT INTO FIVEWIDETABLE VALUES('2013-02-27 11:27:56.594000','','Good','flashyThing',8919)
COMMIT
INSERT INTO FIVEWIDETABLE VALUES('2013-02-27 11:27:56.594000','Partial','Warning','Widgit',8920)
COMMIT
INSERT INTO FIVEWIDETABLE VALUES('2013-02-27 11:27:56.594000','WindowsME_BROKE','Problem','flashyThing',8921)
COMMIT
INSERT INTO FIVEWIDETABLE VALUES('2013-02-27 11:27:56.594000','','Good','Widgit',8922)
COMMIT
INSERT INTO FIVEWIDETABLE VALUES('2013-02-27 11:27:56.594000','WindowsME_BROKE','Warning','flashyThing',8923)
COMMIT
INSERT INTO FIVEWIDETABLE VALUES('2013-02-27 11:27:56.594000','Partial','Problem','Widgit',8924)
COMMIT
INSERT INTO FIVEWIDETABLE VALUES('2013-02-27 11:27:56.594000','','Good','flashyThing',8925)
COMMIT
INSERT INTO FIVEWIDETABLE VALUES('2013-02-27 11:27:56.594000','Partial','Warning','Widgit',8926)
COMMIT
INSERT INTO FIVEWIDETABLE VALUES('2013-02-27 11:27:56.594000','WindowsME_BROKE','Problem','flashyThing',8927)
COMMIT
INSERT INTO FIVEWIDETABLE VALUES('2013-02-27 11:27:56.594000','','Good','Widgit',8928)
COMMIT
INSERT INTO FIVEWIDETABLE VALUES('2013-02-27 11:27:56.594000','WindowsME_BROKE','Warning','flashyThing',8929)
COMMIT
INSERT INTO FIVEWIDETABLE VALUES('2013-02-27 11:27:56.594000','Partial','Problem','Widgit',8930)
COMMIT
INSERT INTO FIVEWIDETABLE VALUES('2013-02-27 11:27:56.594000','','Good','flashyThing',8931)
COMMIT
INSERT INTO FIVEWIDETABLE VALUES('2013-02-27 11:27:56.594000','Partial','Warning','Widgit',8932)
COMMIT
INSERT INTO FIVEWIDETABLE VALUES('2013-02-27 11:27:56.594000','WindowsME_BROKE','Problem','flashyThing',8933)
COMMIT
INSERT INTO FIVEWIDETABLE VALUES('2013-02-27 11:27:56.594000','','Good','Widgit',8934)
COMMIT
INSERT INTO FIVEWIDETABLE VALUES('2013-02-27 11:27:56.594000','WindowsME_BROKE','Warning','flashyThing',8935)
COMMIT
INSERT INTO FIVEWIDETABLE VALUES('2013-02-27 11:27:56.595000','Partial','Problem','Widgit',8936)
COMMIT
INSERT INTO FIVEWIDETABLE VALUES('2013-02-27 11:27:56.595000','','Good','flashyThing',8937)
COMMIT
INSERT INTO FIVEWIDETABLE VALUES('2013-02-27 11:27:56.595000','Partial','Warning','Widgit',8938)
COMMIT
INSERT INTO FIVEWIDETABLE VALUES('2013-02-27 11:27:56.595000','WindowsME_BROKE','Problem','flashyThing',8939)
COMMIT
INSERT INTO FIVEWIDETABLE VALUES('2013-02-27 11:27:56.595000','','Good','Widgit',8940)
COMMIT
INSERT INTO FIVEWIDETABLE VALUES('2013-02-27 11:27:56.595000','WindowsME_BROKE','Warning','flashyThing',8941)
COMMIT
INSERT INTO FIVEWIDETABLE VALUES('2013-02-27 11:27:56.595000','Partial','Problem','Widgit',8942)
COMMIT
INSERT INTO FIVEWIDETABLE VALUES('2013-02-27 11:27:56.595000','','Good','flashyThing',8943)
COMMIT
INSERT INTO FIVEWIDETABLE VALUES('2013-02-27 11:27:56.595000','Partial','Warning','Widgit',8944)
COMMIT
INSERT INTO FIVEWIDETABLE VALUES('2013-02-27 11:27:56.595000','WindowsME_BROKE','Problem','flashyThing',8945)
COMMIT
INSERT INTO FIVEWIDETABLE VALUES('2013-02-27 11:27:56.595000','','Good','Widgit',8946)
COMMIT
INSERT INTO FIVEWIDETABLE VALUES('2013-02-27 11:27:56.595000','WindowsME_BROKE','Warning','flashyThing',8947)
COMMIT
INSERT INTO FIVEWIDETABLE VALUES('2013-02-27 11:27:56.595000','Partial','Problem','Widgit',8948)
COMMIT
INSERT INTO FIVEWIDETABLE VALUES('2013-02-27 11:27:56.595000','','Good','flashyThing',8949)
COMMIT
INSERT INTO FIVEWIDETABLE VALUES('2013-02-27 11:27:56.595000','Partial','Warning','Widgit',8950)
COMMIT
INSERT INTO FIVEWIDETABLE VALUES('2013-02-27 11:27:56.595000','WindowsME_BROKE','Problem','flashyThing',8951)
COMMIT
INSERT INTO FIVEWIDETABLE VALUES('2013-02-27 11:27:56.595000','','Good','Widgit',8952)
COMMIT
INSERT INTO FIVEWIDETABLE VALUES('2013-02-27 11:27:56.596000','WindowsME_BROKE','Warning','flashyThing',8953)
COMMIT
INSERT INTO FIVEWIDETABLE VALUES('2013-02-27 11:27:56.596000','Partial','Problem','Widgit',8954)
COMMIT
INSERT INTO FIVEWIDETABLE VALUES('2013-02-27 11:27:56.596000','','Good','flashyThing',8955)
COMMIT
INSERT INTO FIVEWIDETABLE VALUES('2013-02-27 11:27:56.596000','Partial','Warning','Widgit',8956)
COMMIT
INSERT INTO FIVEWIDETABLE VALUES('2013-02-27 11:27:56.596000','WindowsME_BROKE','Problem','flashyThing',8957)
COMMIT
INSERT INTO FIVEWIDETABLE VALUES('2013-02-27 11:27:56.596000','','Good','Widgit',8958)
COMMIT
INSERT INTO FIVEWIDETABLE VALUES('2013-02-27 11:27:56.596000','WindowsME_BROKE','Warning','flashyThing',8959)
COMMIT
INSERT INTO FIVEWIDETABLE VALUES('2013-02-27 11:27:56.596000','Partial','Problem','Widgit',8960)
COMMIT
INSERT INTO FIVEWIDETABLE VALUES('2013-02-27 11:27:56.596000','','Good','flashyThing',8961)
COMMIT
INSERT INTO FIVEWIDETABLE VALUES('2013-02-27 11:27:56.596000','Partial','Warning','Widgit',8962)
COMMIT
INSERT INTO FIVEWIDETABLE VALUES('2013-02-27 11:27:56.596000','WindowsME_BROKE','Problem','flashyThing',8963)
COMMIT
INSERT INTO FIVEWIDETABLE VALUES('2013-02-27 11:27:56.596000','','Good','Widgit',8964)
COMMIT
INSERT INTO FIVEWIDETABLE VALUES('2013-02-27 11:27:56.596000','WindowsME_BROKE','Warning','flashyThing',8965)
COMMIT
INSERT INTO FIVEWIDETABLE VALUES('2013-02-27 11:27:56.596000','Partial','Problem','Widgit',8966)
COMMIT
INSERT INTO FIVEWIDETABLE VALUES('2013-02-27 11:27:56.596000','','Good','flashyThing',8967)
COMMIT
INSERT INTO FIVEWIDETABLE VALUES('2013-02-27 11:27:56.596000','Partial','Warning','Widgit',8968)
COMMIT
INSERT INTO FIVEWIDETABLE VALUES('2013-02-27 11:27:56.596000','WindowsME_BROKE','Problem','flashyThing',8969)
COMMIT
INSERT INTO FIVEWIDETABLE VALUES('2013-02-27 11:27:56.596000','','Good','Widgit',8970)
COMMIT
INSERT INTO FIVEWIDETABLE VALUES('2013-02-27 11:27:56.597000','WindowsME_BROKE','Warning','flashyThing',8971)
COMMIT
INSERT INTO FIVEWIDETABLE VALUES('2013-02-27 11:27:56.597000','Partial','Problem','Widgit',8972)
COMMIT
INSERT INTO FIVEWIDETABLE VALUES('2013-02-27 11:27:56.597000','','Good','flashyThing',8973)
COMMIT
INSERT INTO FIVEWIDETABLE VALUES('2013-02-27 11:27:56.597000','Partial','Warning','Widgit',8974)
COMMIT
INSERT INTO FIVEWIDETABLE VALUES('2013-02-27 11:27:56.597000','WindowsME_BROKE','Problem','flashyThing',8975)
COMMIT
INSERT INTO FIVEWIDETABLE VALUES('2013-02-27 11:27:56.597000','','Good','Widgit',8976)
COMMIT
INSERT INTO FIVEWIDETABLE VALUES('2013-02-27 11:27:56.597000','WindowsME_BROKE','Warning','flashyThing',8977)
COMMIT
INSERT INTO FIVEWIDETABLE VALUES('2013-02-27 11:27:56.597000','Partial','Problem','Widgit',8978)
COMMIT
INSERT INTO FIVEWIDETABLE VALUES('2013-02-27 11:27:56.597000','','Good','flashyThing',8979)
COMMIT
INSERT INTO FIVEWIDETABLE VALUES('2013-02-27 11:27:56.597000','Partial','Warning','Widgit',8980)
COMMIT
INSERT INTO FIVEWIDETABLE VALUES('2013-02-27 11:27:56.597000','WindowsME_BROKE','Problem','flashyThing',8981)
COMMIT
INSERT INTO FIVEWIDETABLE VALUES('2013-02-27 11:27:56.597000','','Good','Widgit',8982)
COMMIT
INSERT INTO FIVEWIDETABLE VALUES('2013-02-27 11:27:56.597000','WindowsME_BROKE','Warning','flashyThing',8983)
COMMIT
INSERT INTO FIVEWIDETABLE VALUES('2013-02-27 11:27:56.597000','Partial','Problem','Widgit',8984)
COMMIT
INSERT INTO FIVEWIDETABLE VALUES('2013-02-27 11:27:56.597000','','Good','flashyThing',8985)
COMMIT
INSERT INTO FIVEWIDETABLE VALUES('2013-02-27 11:27:56.597000','Partial','Warning','Widgit',8986)
COMMIT
INSERT INTO FIVEWIDETABLE VALUES('2013-02-27 11:27:56.597000','WindowsME_BROKE','Problem','flashyThing',8987)
COMMIT
INSERT INTO FIVEWIDETABLE VALUES('2013-02-27 11:27:56.597000','','Good','Widgit',8988)
COMMIT
INSERT INTO FIVEWIDETABLE VALUES('2013-02-27 11:27:56.597000','WindowsME_BROKE','Warning','flashyThing',8989)
COMMIT
INSERT INTO FIVEWIDETABLE VALUES('2013-02-27 11:27:56.598000','Partial','Problem','Widgit',8990)
COMMIT
INSERT INTO FIVEWIDETABLE VALUES('2013-02-27 11:27:56.598000','','Good','flashyThing',8991)
COMMIT
INSERT INTO FIVEWIDETABLE VALUES('2013-02-27 11:27:56.598000','Partial','Warning','Widgit',8992)
COMMIT
INSERT INTO FIVEWIDETABLE VALUES('2013-02-27 11:27:56.598000','WindowsME_BROKE','Problem','flashyThing',8993)
COMMIT
INSERT INTO FIVEWIDETABLE VALUES('2013-02-27 11:27:56.598000','','Good','Widgit',8994)
COMMIT
INSERT INTO FIVEWIDETABLE VALUES('2013-02-27 11:27:56.598000','WindowsME_BROKE','Warning','flashyThing',8995)
COMMIT
INSERT INTO FIVEWIDETABLE VALUES('2013-02-27 11:27:56.598000','Partial','Problem','Widgit',8996)
COMMIT
INSERT INTO FIVEWIDETABLE VALUES('2013-02-27 11:27:56.598000','','Good','flashyThing',8997)
COMMIT
INSERT INTO FIVEWIDETABLE VALUES('2013-02-27 11:27:56.598000','Partial','Warning','Widgit',8998)
COMMIT
INSERT INTO FIVEWIDETABLE VALUES('2013-02-27 11:27:56.598000','WindowsME_BROKE','Problem','flashyThing',8999)
COMMIT
INSERT INTO FIVEWIDETABLE VALUES('2013-02-27 11:27:56.598000','','Good','Widgit',9000)
COMMIT
INSERT INTO FIVEWIDETABLE VALUES('2013-02-27 11:27:56.598000','WindowsME_BROKE','Warning','flashyThing',9001)
COMMIT
INSERT INTO FIVEWIDETABLE VALUES('2013-02-27 11:27:56.599000','Partial','Problem','Widgit',9002)
COMMIT
INSERT INTO FIVEWIDETABLE VALUES('2013-02-27 11:27:56.599000','','Good','flashyThing',9003)
COMMIT
INSERT INTO FIVEWIDETABLE VALUES('2013-02-27 11:27:56.599000','Partial','Warning','Widgit',9004)
COMMIT
INSERT INTO FIVEWIDETABLE VALUES('2013-02-27 11:27:56.599000','WindowsME_BROKE','Problem','flashyThing',9005)
COMMIT
INSERT INTO FIVEWIDETABLE VALUES('2013-02-27 11:27:56.599000','','Good','Widgit',9006)
COMMIT
INSERT INTO FIVEWIDETABLE VALUES('2013-02-27 11:27:56.599000','WindowsME_BROKE','Warning','flashyThing',9007)
COMMIT
INSERT INTO FIVEWIDETABLE VALUES('2013-02-27 11:27:56.599000','Partial','Problem','Widgit',9008)
COMMIT
INSERT INTO FIVEWIDETABLE VALUES('2013-02-27 11:27:56.599000','','Good','flashyThing',9009)
COMMIT
INSERT INTO FIVEWIDETABLE VALUES('2013-02-27 11:27:56.599000','Partial','Warning','Widgit',9010)
COMMIT
INSERT INTO FIVEWIDETABLE VALUES('2013-02-27 11:27:56.599000','WindowsME_BROKE','Problem','flashyThing',9011)
COMMIT
INSERT INTO FIVEWIDETABLE VALUES('2013-02-27 11:27:56.599000','','Good','Widgit',9012)
COMMIT
INSERT INTO FIVEWIDETABLE VALUES('2013-02-27 11:27:56.599000','WindowsME_BROKE','Warning','flashyThing',9013)
COMMIT
INSERT INTO FIVEWIDETABLE VALUES('2013-02-27 11:27:56.599000','Partial','Problem','Widgit',9014)
COMMIT
INSERT INTO FIVEWIDETABLE VALUES('2013-02-27 11:27:56.599000','','Good','flashyThing',9015)
COMMIT
INSERT INTO FIVEWIDETABLE VALUES('2013-02-27 11:27:56.599000','Partial','Warning','Widgit',9016)
COMMIT
INSERT INTO FIVEWIDETABLE VALUES('2013-02-27 11:27:56.599000','WindowsME_BROKE','Problem','flashyThing',9017)
COMMIT
INSERT INTO FIVEWIDETABLE VALUES('2013-02-27 11:27:56.599000','','Good','Widgit',9018)
COMMIT
INSERT INTO FIVEWIDETABLE VALUES('2013-02-27 11:27:56.599000','WindowsME_BROKE','Warning','flashyThing',9019)
COMMIT
INSERT INTO FIVEWIDETABLE VALUES('2013-02-27 11:27:56.600000','Partial','Problem','Widgit',9020)
COMMIT
INSERT INTO FIVEWIDETABLE VALUES('2013-02-27 11:27:56.600000','','Good','flashyThing',9021)
COMMIT
INSERT INTO FIVEWIDETABLE VALUES('2013-02-27 11:27:56.600000','Partial','Warning','Widgit',9022)
COMMIT
INSERT INTO FIVEWIDETABLE VALUES('2013-02-27 11:27:56.600000','WindowsME_BROKE','Problem','flashyThing',9023)
COMMIT
INSERT INTO FIVEWIDETABLE VALUES('2013-02-27 11:27:56.600000','','Good','Widgit',9024)
COMMIT
INSERT INTO FIVEWIDETABLE VALUES('2013-02-27 11:27:56.600000','WindowsME_BROKE','Warning','flashyThing',9025)
COMMIT
INSERT INTO FIVEWIDETABLE VALUES('2013-02-27 11:27:56.600000','Partial','Problem','Widgit',9026)
COMMIT
INSERT INTO FIVEWIDETABLE VALUES('2013-02-27 11:27:56.600000','','Good','flashyThing',9027)
COMMIT
INSERT INTO FIVEWIDETABLE VALUES('2013-02-27 11:27:56.600000','Partial','Warning','Widgit',9028)
COMMIT
INSERT INTO FIVEWIDETABLE VALUES('2013-02-27 11:27:56.600000','WindowsME_BROKE','Problem','flashyThing',9029)
COMMIT
INSERT INTO FIVEWIDETABLE VALUES('2013-02-27 11:27:56.600000','','Good','Widgit',9030)
COMMIT
INSERT INTO FIVEWIDETABLE VALUES('2013-02-27 11:27:56.600000','WindowsME_BROKE','Warning','flashyThing',9031)
COMMIT
INSERT INTO FIVEWIDETABLE VALUES('2013-02-27 11:27:56.600000','Partial','Problem','Widgit',9032)
COMMIT
INSERT INTO FIVEWIDETABLE VALUES('2013-02-27 11:27:56.600000','','Good','flashyThing',9033)
COMMIT
INSERT INTO FIVEWIDETABLE VALUES('2013-02-27 11:27:56.600000','Partial','Warning','Widgit',9034)
COMMIT
INSERT INTO FIVEWIDETABLE VALUES('2013-02-27 11:27:56.600000','WindowsME_BROKE','Problem','flashyThing',9035)
COMMIT
INSERT INTO FIVEWIDETABLE VALUES('2013-02-27 11:27:56.600000','','Good','Widgit',9036)
COMMIT
INSERT INTO FIVEWIDETABLE VALUES('2013-02-27 11:27:56.600000','WindowsME_BROKE','Warning','flashyThing',9037)
COMMIT
INSERT INTO FIVEWIDETABLE VALUES('2013-02-27 11:27:56.600000','Partial','Problem','Widgit',9038)
COMMIT
INSERT INTO FIVEWIDETABLE VALUES('2013-02-27 11:27:56.600000','','Good','flashyThing',9039)
COMMIT
INSERT INTO FIVEWIDETABLE VALUES('2013-02-27 11:27:56.601000','Partial','Warning','Widgit',9040)
COMMIT
INSERT INTO FIVEWIDETABLE VALUES('2013-02-27 11:27:56.601000','WindowsME_BROKE','Problem','flashyThing',9041)
COMMIT
INSERT INTO FIVEWIDETABLE VALUES('2013-02-27 11:27:56.601000','','Good','Widgit',9042)
COMMIT
INSERT INTO FIVEWIDETABLE VALUES('2013-02-27 11:27:56.601000','WindowsME_BROKE','Warning','flashyThing',9043)
COMMIT
INSERT INTO FIVEWIDETABLE VALUES('2013-02-27 11:27:56.601000','Partial','Problem','Widgit',9044)
COMMIT
INSERT INTO FIVEWIDETABLE VALUES('2013-02-27 11:27:56.601000','','Good','flashyThing',9045)
COMMIT
INSERT INTO FIVEWIDETABLE VALUES('2013-02-27 11:27:56.601000','Partial','Warning','Widgit',9046)
COMMIT
INSERT INTO FIVEWIDETABLE VALUES('2013-02-27 11:27:56.601000','WindowsME_BROKE','Problem','flashyThing',9047)
COMMIT
INSERT INTO FIVEWIDETABLE VALUES('2013-02-27 11:27:56.601000','','Good','Widgit',9048)
COMMIT
INSERT INTO FIVEWIDETABLE VALUES('2013-02-27 11:27:56.601000','WindowsME_BROKE','Warning','flashyThing',9049)
COMMIT
INSERT INTO FIVEWIDETABLE VALUES('2013-02-27 11:27:56.601000','Partial','Problem','Widgit',9050)
COMMIT
INSERT INTO FIVEWIDETABLE VALUES('2013-02-27 11:27:56.601000','','Good','flashyThing',9051)
COMMIT
INSERT INTO FIVEWIDETABLE VALUES('2013-02-27 11:27:56.601000','Partial','Warning','Widgit',9052)
COMMIT
INSERT INTO FIVEWIDETABLE VALUES('2013-02-27 11:27:56.601000','WindowsME_BROKE','Problem','flashyThing',9053)
COMMIT
INSERT INTO FIVEWIDETABLE VALUES('2013-02-27 11:27:56.601000','','Good','Widgit',9054)
COMMIT
INSERT INTO FIVEWIDETABLE VALUES('2013-02-27 11:27:56.601000','WindowsME_BROKE','Warning','flashyThing',9055)
COMMIT
INSERT INTO FIVEWIDETABLE VALUES('2013-02-27 11:27:56.601000','Partial','Problem','Widgit',9056)
COMMIT
INSERT INTO FIVEWIDETABLE VALUES('2013-02-27 11:27:56.601000','','Good','flashyThing',9057)
COMMIT
INSERT INTO FIVEWIDETABLE VALUES('2013-02-27 11:27:56.601000','Partial','Warning','Widgit',9058)
COMMIT
INSERT INTO FIVEWIDETABLE VALUES('2013-02-27 11:27:56.602000','WindowsME_BROKE','Problem','flashyThing',9059)
COMMIT
INSERT INTO FIVEWIDETABLE VALUES('2013-02-27 11:27:56.602000','','Good','Widgit',9060)
COMMIT
INSERT INTO FIVEWIDETABLE VALUES('2013-02-27 11:27:56.602000','WindowsME_BROKE','Warning','flashyThing',9061)
COMMIT
INSERT INTO FIVEWIDETABLE VALUES('2013-02-27 11:27:56.602000','Partial','Problem','Widgit',9062)
COMMIT
INSERT INTO FIVEWIDETABLE VALUES('2013-02-27 11:27:56.602000','','Good','flashyThing',9063)
COMMIT
INSERT INTO FIVEWIDETABLE VALUES('2013-02-27 11:27:56.602000','Partial','Warning','Widgit',9064)
COMMIT
INSERT INTO FIVEWIDETABLE VALUES('2013-02-27 11:27:56.602000','WindowsME_BROKE','Problem','flashyThing',9065)
COMMIT
INSERT INTO FIVEWIDETABLE VALUES('2013-02-27 11:27:56.602000','','Good','Widgit',9066)
COMMIT
INSERT INTO FIVEWIDETABLE VALUES('2013-02-27 11:27:56.602000','WindowsME_BROKE','Warning','flashyThing',9067)
COMMIT
INSERT INTO FIVEWIDETABLE VALUES('2013-02-27 11:27:56.602000','Partial','Problem','Widgit',9068)
COMMIT
INSERT INTO FIVEWIDETABLE VALUES('2013-02-27 11:27:56.602000','','Good','flashyThing',9069)
COMMIT
INSERT INTO FIVEWIDETABLE VALUES('2013-02-27 11:27:56.602000','Partial','Warning','Widgit',9070)
COMMIT
INSERT INTO FIVEWIDETABLE VALUES('2013-02-27 11:27:56.602000','WindowsME_BROKE','Problem','flashyThing',9071)
COMMIT
INSERT INTO FIVEWIDETABLE VALUES('2013-02-27 11:27:56.602000','','Good','Widgit',9072)
COMMIT
INSERT INTO FIVEWIDETABLE VALUES('2013-02-27 11:27:56.602000','WindowsME_BROKE','Warning','flashyThing',9073)
COMMIT
INSERT INTO FIVEWIDETABLE VALUES('2013-02-27 11:27:56.602000','Partial','Problem','Widgit',9074)
COMMIT
INSERT INTO FIVEWIDETABLE VALUES('2013-02-27 11:27:56.602000','','Good','flashyThing',9075)
COMMIT
INSERT INTO FIVEWIDETABLE VALUES('2013-02-27 11:27:56.603000','Partial','Warning','Widgit',9076)
COMMIT
INSERT INTO FIVEWIDETABLE VALUES('2013-02-27 11:27:56.603000','WindowsME_BROKE','Problem','flashyThing',9077)
COMMIT
INSERT INTO FIVEWIDETABLE VALUES('2013-02-27 11:27:56.603000','','Good','Widgit',9078)
COMMIT
INSERT INTO FIVEWIDETABLE VALUES('2013-02-27 11:27:56.603000','WindowsME_BROKE','Warning','flashyThing',9079)
COMMIT
INSERT INTO FIVEWIDETABLE VALUES('2013-02-27 11:27:56.603000','Partial','Problem','Widgit',9080)
COMMIT
INSERT INTO FIVEWIDETABLE VALUES('2013-02-27 11:27:56.603000','','Good','flashyThing',9081)
COMMIT
INSERT INTO FIVEWIDETABLE VALUES('2013-02-27 11:27:56.603000','Partial','Warning','Widgit',9082)
COMMIT
INSERT INTO FIVEWIDETABLE VALUES('2013-02-27 11:27:56.603000','WindowsME_BROKE','Problem','flashyThing',9083)
COMMIT
INSERT INTO FIVEWIDETABLE VALUES('2013-02-27 11:27:56.603000','','Good','Widgit',9084)
COMMIT
INSERT INTO FIVEWIDETABLE VALUES('2013-02-27 11:27:56.603000','WindowsME_BROKE','Warning','flashyThing',9085)
COMMIT
INSERT INTO FIVEWIDETABLE VALUES('2013-02-27 11:27:56.603000','Partial','Problem','Widgit',9086)
COMMIT
INSERT INTO FIVEWIDETABLE VALUES('2013-02-27 11:27:56.603000','','Good','flashyThing',9087)
COMMIT
INSERT INTO FIVEWIDETABLE VALUES('2013-02-27 11:27:56.603000','Partial','Warning','Widgit',9088)
COMMIT
INSERT INTO FIVEWIDETABLE VALUES('2013-02-27 11:27:56.603000','WindowsME_BROKE','Problem','flashyThing',9089)
COMMIT
INSERT INTO FIVEWIDETABLE VALUES('2013-02-27 11:27:56.603000','','Good','Widgit',9090)
COMMIT
INSERT INTO FIVEWIDETABLE VALUES('2013-02-27 11:27:56.603000','WindowsME_BROKE','Warning','flashyThing',9091)
COMMIT
INSERT INTO FIVEWIDETABLE VALUES('2013-02-27 11:27:56.603000','Partial','Problem','Widgit',9092)
COMMIT
INSERT INTO FIVEWIDETABLE VALUES('2013-02-27 11:27:56.603000','','Good','flashyThing',9093)
COMMIT
INSERT INTO FIVEWIDETABLE VALUES('2013-02-27 11:27:56.603000','Partial','Warning','Widgit',9094)
COMMIT
INSERT INTO FIVEWIDETABLE VALUES('2013-02-27 11:27:56.604000','WindowsME_BROKE','Problem','flashyThing',9095)
COMMIT
INSERT INTO FIVEWIDETABLE VALUES('2013-02-27 11:27:56.604000','','Good','Widgit',9096)
COMMIT
INSERT INTO FIVEWIDETABLE VALUES('2013-02-27 11:27:56.604000','WindowsME_BROKE','Warning','flashyThing',9097)
COMMIT
INSERT INTO FIVEWIDETABLE VALUES('2013-02-27 11:27:56.604000','Partial','Problem','Widgit',9098)
COMMIT
INSERT INTO FIVEWIDETABLE VALUES('2013-02-27 11:27:56.604000','','Good','flashyThing',9099)
COMMIT
INSERT INTO FIVEWIDETABLE VALUES('2013-02-27 11:27:56.604000','Partial','Warning','Widgit',9100)
COMMIT
INSERT INTO FIVEWIDETABLE VALUES('2013-02-27 11:27:56.604000','WindowsME_BROKE','Problem','flashyThing',9101)
COMMIT
INSERT INTO FIVEWIDETABLE VALUES('2013-02-27 11:27:56.604000','','Good','Widgit',9102)
COMMIT
INSERT INTO FIVEWIDETABLE VALUES('2013-02-27 11:27:56.604000','WindowsME_BROKE','Warning','flashyThing',9103)
COMMIT
INSERT INTO FIVEWIDETABLE VALUES('2013-02-27 11:27:56.604000','Partial','Problem','Widgit',9104)
COMMIT
INSERT INTO FIVEWIDETABLE VALUES('2013-02-27 11:27:56.604000','','Good','flashyThing',9105)
COMMIT
INSERT INTO FIVEWIDETABLE VALUES('2013-02-27 11:27:56.604000','Partial','Warning','Widgit',9106)
COMMIT
INSERT INTO FIVEWIDETABLE VALUES('2013-02-27 11:27:56.604000','WindowsME_BROKE','Problem','flashyThing',9107)
COMMIT
INSERT INTO FIVEWIDETABLE VALUES('2013-02-27 11:27:56.604000','','Good','Widgit',9108)
COMMIT
INSERT INTO FIVEWIDETABLE VALUES('2013-02-27 11:27:56.604000','WindowsME_BROKE','Warning','flashyThing',9109)
COMMIT
INSERT INTO FIVEWIDETABLE VALUES('2013-02-27 11:27:56.604000','Partial','Problem','Widgit',9110)
COMMIT
INSERT INTO FIVEWIDETABLE VALUES('2013-02-27 11:27:56.604000','','Good','flashyThing',9111)
COMMIT
INSERT INTO FIVEWIDETABLE VALUES('2013-02-27 11:27:56.604000','Partial','Warning','Widgit',9112)
COMMIT
INSERT INTO FIVEWIDETABLE VALUES('2013-02-27 11:27:56.604000','WindowsME_BROKE','Problem','flashyThing',9113)
COMMIT
INSERT INTO FIVEWIDETABLE VALUES('2013-02-27 11:27:56.605000','','Good','Widgit',9114)
COMMIT
INSERT INTO FIVEWIDETABLE VALUES('2013-02-27 11:27:56.605000','WindowsME_BROKE','Warning','flashyThing',9115)
COMMIT
INSERT INTO FIVEWIDETABLE VALUES('2013-02-27 11:27:56.605000','Partial','Problem','Widgit',9116)
COMMIT
INSERT INTO FIVEWIDETABLE VALUES('2013-02-27 11:27:56.605000','','Good','flashyThing',9117)
COMMIT
INSERT INTO FIVEWIDETABLE VALUES('2013-02-27 11:27:56.605000','Partial','Warning','Widgit',9118)
COMMIT
INSERT INTO FIVEWIDETABLE VALUES('2013-02-27 11:27:56.605000','WindowsME_BROKE','Problem','flashyThing',9119)
COMMIT
INSERT INTO FIVEWIDETABLE VALUES('2013-02-27 11:27:56.605000','','Good','Widgit',9120)
COMMIT
INSERT INTO FIVEWIDETABLE VALUES('2013-02-27 11:27:56.605000','WindowsME_BROKE','Warning','flashyThing',9121)
COMMIT
INSERT INTO FIVEWIDETABLE VALUES('2013-02-27 11:27:56.605000','Partial','Problem','Widgit',9122)
COMMIT
INSERT INTO FIVEWIDETABLE VALUES('2013-02-27 11:27:56.605000','','Good','flashyThing',9123)
COMMIT
INSERT INTO FIVEWIDETABLE VALUES('2013-02-27 11:27:56.605000','Partial','Warning','Widgit',9124)
COMMIT
INSERT INTO FIVEWIDETABLE VALUES('2013-02-27 11:27:56.605000','WindowsME_BROKE','Problem','flashyThing',9125)
COMMIT
INSERT INTO FIVEWIDETABLE VALUES('2013-02-27 11:27:56.605000','','Good','Widgit',9126)
COMMIT
INSERT INTO FIVEWIDETABLE VALUES('2013-02-27 11:27:56.605000','WindowsME_BROKE','Warning','flashyThing',9127)
COMMIT
INSERT INTO FIVEWIDETABLE VALUES('2013-02-27 11:27:56.605000','Partial','Problem','Widgit',9128)
COMMIT
INSERT INTO FIVEWIDETABLE VALUES('2013-02-27 11:27:56.605000','','Good','flashyThing',9129)
COMMIT
INSERT INTO FIVEWIDETABLE VALUES('2013-02-27 11:27:56.605000','Partial','Warning','Widgit',9130)
COMMIT
INSERT INTO FIVEWIDETABLE VALUES('2013-02-27 11:27:56.605000','WindowsME_BROKE','Problem','flashyThing',9131)
COMMIT
INSERT INTO FIVEWIDETABLE VALUES('2013-02-27 11:27:56.605000','','Good','Widgit',9132)
COMMIT
INSERT INTO FIVEWIDETABLE VALUES('2013-02-27 11:27:56.605000','WindowsME_BROKE','Warning','flashyThing',9133)
COMMIT
INSERT INTO FIVEWIDETABLE VALUES('2013-02-27 11:27:56.606000','Partial','Problem','Widgit',9134)
COMMIT
INSERT INTO FIVEWIDETABLE VALUES('2013-02-27 11:27:56.606000','','Good','flashyThing',9135)
COMMIT
INSERT INTO FIVEWIDETABLE VALUES('2013-02-27 11:27:56.606000','Partial','Warning','Widgit',9136)
COMMIT
INSERT INTO FIVEWIDETABLE VALUES('2013-02-27 11:27:56.606000','WindowsME_BROKE','Problem','flashyThing',9137)
COMMIT
INSERT INTO FIVEWIDETABLE VALUES('2013-02-27 11:27:56.606000','','Good','Widgit',9138)
COMMIT
INSERT INTO FIVEWIDETABLE VALUES('2013-02-27 11:27:56.606000','WindowsME_BROKE','Warning','flashyThing',9139)
COMMIT
INSERT INTO FIVEWIDETABLE VALUES('2013-02-27 11:27:56.606000','Partial','Problem','Widgit',9140)
COMMIT
INSERT INTO FIVEWIDETABLE VALUES('2013-02-27 11:27:56.606000','','Good','flashyThing',9141)
COMMIT
INSERT INTO FIVEWIDETABLE VALUES('2013-02-27 11:27:56.606000','Partial','Warning','Widgit',9142)
COMMIT
INSERT INTO FIVEWIDETABLE VALUES('2013-02-27 11:27:56.606000','WindowsME_BROKE','Problem','flashyThing',9143)
COMMIT
INSERT INTO FIVEWIDETABLE VALUES('2013-02-27 11:27:56.606000','','Good','Widgit',9144)
COMMIT
INSERT INTO FIVEWIDETABLE VALUES('2013-02-27 11:27:56.606000','WindowsME_BROKE','Warning','flashyThing',9145)
COMMIT
INSERT INTO FIVEWIDETABLE VALUES('2013-02-27 11:27:56.606000','Partial','Problem','Widgit',9146)
COMMIT
INSERT INTO FIVEWIDETABLE VALUES('2013-02-27 11:27:56.606000','','Good','flashyThing',9147)
COMMIT
INSERT INTO FIVEWIDETABLE VALUES('2013-02-27 11:27:56.606000','Partial','Warning','Widgit',9148)
COMMIT
INSERT INTO FIVEWIDETABLE VALUES('2013-02-27 11:27:56.606000','WindowsME_BROKE','Problem','flashyThing',9149)
COMMIT
INSERT INTO FIVEWIDETABLE VALUES('2013-02-27 11:27:56.606000','','Good','Widgit',9150)
COMMIT
INSERT INTO FIVEWIDETABLE VALUES('2013-02-27 11:27:56.606000','WindowsME_BROKE','Warning','flashyThing',9151)
COMMIT
INSERT INTO FIVEWIDETABLE VALUES('2013-02-27 11:27:56.606000','Partial','Problem','Widgit',9152)
COMMIT
INSERT INTO FIVEWIDETABLE VALUES('2013-02-27 11:27:56.607000','','Good','flashyThing',9153)
COMMIT
INSERT INTO FIVEWIDETABLE VALUES('2013-02-27 11:27:56.607000','Partial','Warning','Widgit',9154)
COMMIT
INSERT INTO FIVEWIDETABLE VALUES('2013-02-27 11:27:56.607000','WindowsME_BROKE','Problem','flashyThing',9155)
COMMIT
INSERT INTO FIVEWIDETABLE VALUES('2013-02-27 11:27:56.607000','','Good','Widgit',9156)
COMMIT
INSERT INTO FIVEWIDETABLE VALUES('2013-02-27 11:27:56.607000','WindowsME_BROKE','Warning','flashyThing',9157)
COMMIT
INSERT INTO FIVEWIDETABLE VALUES('2013-02-27 11:27:56.607000','Partial','Problem','Widgit',9158)
COMMIT
INSERT INTO FIVEWIDETABLE VALUES('2013-02-27 11:27:56.607000','','Good','flashyThing',9159)
COMMIT
INSERT INTO FIVEWIDETABLE VALUES('2013-02-27 11:27:56.607000','Partial','Warning','Widgit',9160)
COMMIT
INSERT INTO FIVEWIDETABLE VALUES('2013-02-27 11:27:56.607000','WindowsME_BROKE','Problem','flashyThing',9161)
COMMIT
INSERT INTO FIVEWIDETABLE VALUES('2013-02-27 11:27:56.607000','','Good','Widgit',9162)
COMMIT
INSERT INTO FIVEWIDETABLE VALUES('2013-02-27 11:27:56.607000','WindowsME_BROKE','Warning','flashyThing',9163)
COMMIT
INSERT INTO FIVEWIDETABLE VALUES('2013-02-27 11:27:56.607000','Partial','Problem','Widgit',9164)
COMMIT
INSERT INTO FIVEWIDETABLE VALUES('2013-02-27 11:27:56.607000','','Good','flashyThing',9165)
COMMIT
INSERT INTO FIVEWIDETABLE VALUES('2013-02-27 11:27:56.607000','Partial','Warning','Widgit',9166)
COMMIT
INSERT INTO FIVEWIDETABLE VALUES('2013-02-27 11:27:56.607000','WindowsME_BROKE','Problem','flashyThing',9167)
COMMIT
INSERT INTO FIVEWIDETABLE VALUES('2013-02-27 11:27:56.607000','','Good','Widgit',9168)
COMMIT
INSERT INTO FIVEWIDETABLE VALUES('2013-02-27 11:27:56.607000','WindowsME_BROKE','Warning','flashyThing',9169)
COMMIT
INSERT INTO FIVEWIDETABLE VALUES('2013-02-27 11:27:56.607000','Partial','Problem','Widgit',9170)
COMMIT
INSERT INTO FIVEWIDETABLE VALUES('2013-02-27 11:27:56.607000','','Good','flashyThing',9171)
COMMIT
INSERT INTO FIVEWIDETABLE VALUES('2013-02-27 11:27:56.608000','Partial','Warning','Widgit',9172)
COMMIT
INSERT INTO FIVEWIDETABLE VALUES('2013-02-27 11:27:56.608000','WindowsME_BROKE','Problem','flashyThing',9173)
COMMIT
INSERT INTO FIVEWIDETABLE VALUES('2013-02-27 11:27:56.608000','','Good','Widgit',9174)
COMMIT
INSERT INTO FIVEWIDETABLE VALUES('2013-02-27 11:27:56.608000','WindowsME_BROKE','Warning','flashyThing',9175)
COMMIT
INSERT INTO FIVEWIDETABLE VALUES('2013-02-27 11:27:56.608000','Partial','Problem','Widgit',9176)
COMMIT
INSERT INTO FIVEWIDETABLE VALUES('2013-02-27 11:27:56.608000','','Good','flashyThing',9177)
COMMIT
INSERT INTO FIVEWIDETABLE VALUES('2013-02-27 11:27:56.608000','Partial','Warning','Widgit',9178)
COMMIT
INSERT INTO FIVEWIDETABLE VALUES('2013-02-27 11:27:56.608000','WindowsME_BROKE','Problem','flashyThing',9179)
COMMIT
INSERT INTO FIVEWIDETABLE VALUES('2013-02-27 11:27:56.608000','','Good','Widgit',9180)
COMMIT
INSERT INTO FIVEWIDETABLE VALUES('2013-02-27 11:27:56.608000','WindowsME_BROKE','Warning','flashyThing',9181)
COMMIT
INSERT INTO FIVEWIDETABLE VALUES('2013-02-27 11:27:56.608000','Partial','Problem','Widgit',9182)
COMMIT
INSERT INTO FIVEWIDETABLE VALUES('2013-02-27 11:27:56.608000','','Good','flashyThing',9183)
COMMIT
INSERT INTO FIVEWIDETABLE VALUES('2013-02-27 11:27:56.608000','Partial','Warning','Widgit',9184)
COMMIT
INSERT INTO FIVEWIDETABLE VALUES('2013-02-27 11:27:56.608000','WindowsME_BROKE','Problem','flashyThing',9185)
COMMIT
INSERT INTO FIVEWIDETABLE VALUES('2013-02-27 11:27:56.608000','','Good','Widgit',9186)
COMMIT
INSERT INTO FIVEWIDETABLE VALUES('2013-02-27 11:27:56.608000','WindowsME_BROKE','Warning','flashyThing',9187)
COMMIT
INSERT INTO FIVEWIDETABLE VALUES('2013-02-27 11:27:56.608000','Partial','Problem','Widgit',9188)
COMMIT
INSERT INTO FIVEWIDETABLE VALUES('2013-02-27 11:27:56.608000','','Good','flashyThing',9189)
COMMIT
INSERT INTO FIVEWIDETABLE VALUES('2013-02-27 11:27:56.608000','Partial','Warning','Widgit',9190)
COMMIT
INSERT INTO FIVEWIDETABLE VALUES('2013-02-27 11:27:56.609000','WindowsME_BROKE','Problem','flashyThing',9191)
COMMIT
INSERT INTO FIVEWIDETABLE VALUES('2013-02-27 11:27:56.609000','','Good','Widgit',9192)
COMMIT
INSERT INTO FIVEWIDETABLE VALUES('2013-02-27 11:27:56.609000','WindowsME_BROKE','Warning','flashyThing',9193)
COMMIT
INSERT INTO FIVEWIDETABLE VALUES('2013-02-27 11:27:56.609000','Partial','Problem','Widgit',9194)
COMMIT
INSERT INTO FIVEWIDETABLE VALUES('2013-02-27 11:27:56.609000','','Good','flashyThing',9195)
COMMIT
INSERT INTO FIVEWIDETABLE VALUES('2013-02-27 11:27:56.609000','Partial','Warning','Widgit',9196)
COMMIT
INSERT INTO FIVEWIDETABLE VALUES('2013-02-27 11:27:56.609000','WindowsME_BROKE','Problem','flashyThing',9197)
COMMIT
INSERT INTO FIVEWIDETABLE VALUES('2013-02-27 11:27:56.609000','','Good','Widgit',9198)
COMMIT
INSERT INTO FIVEWIDETABLE VALUES('2013-02-27 11:27:56.609000','WindowsME_BROKE','Warning','flashyThing',9199)
COMMIT
INSERT INTO FIVEWIDETABLE VALUES('2013-02-27 11:27:56.609000','Partial','Problem','Widgit',9200)
COMMIT
INSERT INTO FIVEWIDETABLE VALUES('2013-02-27 11:27:56.609000','','Good','flashyThing',9201)
COMMIT
INSERT INTO FIVEWIDETABLE VALUES('2013-02-27 11:27:56.609000','Partial','Warning','Widgit',9202)
COMMIT
INSERT INTO FIVEWIDETABLE VALUES('2013-02-27 11:27:56.609000','WindowsME_BROKE','Problem','flashyThing',9203)
COMMIT
INSERT INTO FIVEWIDETABLE VALUES('2013-02-27 11:27:56.609000','','Good','Widgit',9204)
COMMIT
INSERT INTO FIVEWIDETABLE VALUES('2013-02-27 11:27:56.609000','WindowsME_BROKE','Warning','flashyThing',9205)
COMMIT
INSERT INTO FIVEWIDETABLE VALUES('2013-02-27 11:27:56.609000','Partial','Problem','Widgit',9206)
COMMIT
INSERT INTO FIVEWIDETABLE VALUES('2013-02-27 11:27:56.609000','','Good','flashyThing',9207)
COMMIT
INSERT INTO FIVEWIDETABLE VALUES('2013-02-27 11:27:56.609000','Partial','Warning','Widgit',9208)
COMMIT
INSERT INTO FIVEWIDETABLE VALUES('2013-02-27 11:27:56.610000','WindowsME_BROKE','Problem','flashyThing',9209)
COMMIT
INSERT INTO FIVEWIDETABLE VALUES('2013-02-27 11:27:56.610000','','Good','Widgit',9210)
COMMIT
INSERT INTO FIVEWIDETABLE VALUES('2013-02-27 11:27:56.610000','WindowsME_BROKE','Warning','flashyThing',9211)
COMMIT
INSERT INTO FIVEWIDETABLE VALUES('2013-02-27 11:27:56.610000','Partial','Problem','Widgit',9212)
COMMIT
INSERT INTO FIVEWIDETABLE VALUES('2013-02-27 11:27:56.610000','','Good','flashyThing',9213)
COMMIT
INSERT INTO FIVEWIDETABLE VALUES('2013-02-27 11:27:56.610000','Partial','Warning','Widgit',9214)
COMMIT
INSERT INTO FIVEWIDETABLE VALUES('2013-02-27 11:27:56.610000','WindowsME_BROKE','Problem','flashyThing',9215)
COMMIT
INSERT INTO FIVEWIDETABLE VALUES('2013-02-27 11:27:56.610000','','Good','Widgit',9216)
COMMIT
INSERT INTO FIVEWIDETABLE VALUES('2013-02-27 11:27:56.610000','WindowsME_BROKE','Warning','flashyThing',9217)
COMMIT
INSERT INTO FIVEWIDETABLE VALUES('2013-02-27 11:27:56.610000','Partial','Problem','Widgit',9218)
COMMIT
INSERT INTO FIVEWIDETABLE VALUES('2013-02-27 11:27:56.610000','','Good','flashyThing',9219)
COMMIT
INSERT INTO FIVEWIDETABLE VALUES('2013-02-27 11:27:56.610000','Partial','Warning','Widgit',9220)
COMMIT
INSERT INTO FIVEWIDETABLE VALUES('2013-02-27 11:27:56.610000','WindowsME_BROKE','Problem','flashyThing',9221)
COMMIT
INSERT INTO FIVEWIDETABLE VALUES('2013-02-27 11:27:56.610000','','Good','Widgit',9222)
COMMIT
INSERT INTO FIVEWIDETABLE VALUES('2013-02-27 11:27:56.610000','WindowsME_BROKE','Warning','flashyThing',9223)
COMMIT
INSERT INTO FIVEWIDETABLE VALUES('2013-02-27 11:27:56.610000','Partial','Problem','Widgit',9224)
COMMIT
INSERT INTO FIVEWIDETABLE VALUES('2013-02-27 11:27:56.610000','','Good','flashyThing',9225)
COMMIT
INSERT INTO FIVEWIDETABLE VALUES('2013-02-27 11:27:56.610000','Partial','Warning','Widgit',9226)
COMMIT
INSERT INTO FIVEWIDETABLE VALUES('2013-02-27 11:27:56.610000','WindowsME_BROKE','Problem','flashyThing',9227)
COMMIT
INSERT INTO FIVEWIDETABLE VALUES('2013-02-27 11:27:56.610000','','Good','Widgit',9228)
COMMIT
INSERT INTO FIVEWIDETABLE VALUES('2013-02-27 11:27:56.611000','WindowsME_BROKE','Warning','flashyThing',9229)
COMMIT
INSERT INTO FIVEWIDETABLE VALUES('2013-02-27 11:27:56.611000','Partial','Problem','Widgit',9230)
COMMIT
INSERT INTO FIVEWIDETABLE VALUES('2013-02-27 11:27:56.611000','','Good','flashyThing',9231)
COMMIT
INSERT INTO FIVEWIDETABLE VALUES('2013-02-27 11:27:56.611000','Partial','Warning','Widgit',9232)
COMMIT
INSERT INTO FIVEWIDETABLE VALUES('2013-02-27 11:27:56.611000','WindowsME_BROKE','Problem','flashyThing',9233)
COMMIT
INSERT INTO FIVEWIDETABLE VALUES('2013-02-27 11:27:56.611000','','Good','Widgit',9234)
COMMIT
INSERT INTO FIVEWIDETABLE VALUES('2013-02-27 11:27:56.611000','WindowsME_BROKE','Warning','flashyThing',9235)
COMMIT
INSERT INTO FIVEWIDETABLE VALUES('2013-02-27 11:27:56.611000','Partial','Problem','Widgit',9236)
COMMIT
INSERT INTO FIVEWIDETABLE VALUES('2013-02-27 11:27:56.611000','','Good','flashyThing',9237)
COMMIT
INSERT INTO FIVEWIDETABLE VALUES('2013-02-27 11:27:56.611000','Partial','Warning','Widgit',9238)
COMMIT
INSERT INTO FIVEWIDETABLE VALUES('2013-02-27 11:27:56.611000','WindowsME_BROKE','Problem','flashyThing',9239)
COMMIT
INSERT INTO FIVEWIDETABLE VALUES('2013-02-27 11:27:56.611000','','Good','Widgit',9240)
COMMIT
INSERT INTO FIVEWIDETABLE VALUES('2013-02-27 11:27:56.611000','WindowsME_BROKE','Warning','flashyThing',9241)
COMMIT
INSERT INTO FIVEWIDETABLE VALUES('2013-02-27 11:27:56.611000','Partial','Problem','Widgit',9242)
COMMIT
INSERT INTO FIVEWIDETABLE VALUES('2013-02-27 11:27:56.611000','','Good','flashyThing',9243)
COMMIT
INSERT INTO FIVEWIDETABLE VALUES('2013-02-27 11:27:56.611000','Partial','Warning','Widgit',9244)
COMMIT
INSERT INTO FIVEWIDETABLE VALUES('2013-02-27 11:27:56.611000','WindowsME_BROKE','Problem','flashyThing',9245)
COMMIT
INSERT INTO FIVEWIDETABLE VALUES('2013-02-27 11:27:56.611000','','Good','Widgit',9246)
COMMIT
INSERT INTO FIVEWIDETABLE VALUES('2013-02-27 11:27:56.611000','WindowsME_BROKE','Warning','flashyThing',9247)
COMMIT
INSERT INTO FIVEWIDETABLE VALUES('2013-02-27 11:27:56.611000','Partial','Problem','Widgit',9248)
COMMIT
INSERT INTO FIVEWIDETABLE VALUES('2013-02-27 11:27:56.611000','','Good','flashyThing',9249)
COMMIT
INSERT INTO FIVEWIDETABLE VALUES('2013-02-27 11:27:56.612000','Partial','Warning','Widgit',9250)
COMMIT
INSERT INTO FIVEWIDETABLE VALUES('2013-02-27 11:27:56.612000','WindowsME_BROKE','Problem','flashyThing',9251)
COMMIT
INSERT INTO FIVEWIDETABLE VALUES('2013-02-27 11:27:56.612000','','Good','Widgit',9252)
COMMIT
INSERT INTO FIVEWIDETABLE VALUES('2013-02-27 11:27:56.612000','WindowsME_BROKE','Warning','flashyThing',9253)
COMMIT
INSERT INTO FIVEWIDETABLE VALUES('2013-02-27 11:27:56.612000','Partial','Problem','Widgit',9254)
COMMIT
INSERT INTO FIVEWIDETABLE VALUES('2013-02-27 11:27:56.612000','','Good','flashyThing',9255)
COMMIT
INSERT INTO FIVEWIDETABLE VALUES('2013-02-27 11:27:56.612000','Partial','Warning','Widgit',9256)
COMMIT
INSERT INTO FIVEWIDETABLE VALUES('2013-02-27 11:27:56.612000','WindowsME_BROKE','Problem','flashyThing',9257)
COMMIT
INSERT INTO FIVEWIDETABLE VALUES('2013-02-27 11:27:56.612000','','Good','Widgit',9258)
COMMIT
INSERT INTO FIVEWIDETABLE VALUES('2013-02-27 11:27:56.612000','WindowsME_BROKE','Warning','flashyThing',9259)
COMMIT
INSERT INTO FIVEWIDETABLE VALUES('2013-02-27 11:27:56.612000','Partial','Problem','Widgit',9260)
COMMIT
INSERT INTO FIVEWIDETABLE VALUES('2013-02-27 11:27:56.612000','','Good','flashyThing',9261)
COMMIT
INSERT INTO FIVEWIDETABLE VALUES('2013-02-27 11:27:56.612000','Partial','Warning','Widgit',9262)
COMMIT
INSERT INTO FIVEWIDETABLE VALUES('2013-02-27 11:27:56.612000','WindowsME_BROKE','Problem','flashyThing',9263)
COMMIT
INSERT INTO FIVEWIDETABLE VALUES('2013-02-27 11:27:56.612000','','Good','Widgit',9264)
COMMIT
INSERT INTO FIVEWIDETABLE VALUES('2013-02-27 11:27:56.612000','WindowsME_BROKE','Warning','flashyThing',9265)
COMMIT
INSERT INTO FIVEWIDETABLE VALUES('2013-02-27 11:27:56.612000','Partial','Problem','Widgit',9266)
COMMIT
INSERT INTO FIVEWIDETABLE VALUES('2013-02-27 11:27:56.612000','','Good','flashyThing',9267)
COMMIT
INSERT INTO FIVEWIDETABLE VALUES('2013-02-27 11:27:56.612000','Partial','Warning','Widgit',9268)
COMMIT
INSERT INTO FIVEWIDETABLE VALUES('2013-02-27 11:27:56.612000','WindowsME_BROKE','Problem','flashyThing',9269)
COMMIT
INSERT INTO FIVEWIDETABLE VALUES('2013-02-27 11:27:56.613000','','Good','Widgit',9270)
COMMIT
INSERT INTO FIVEWIDETABLE VALUES('2013-02-27 11:27:56.613000','WindowsME_BROKE','Warning','flashyThing',9271)
COMMIT
INSERT INTO FIVEWIDETABLE VALUES('2013-02-27 11:27:56.613000','Partial','Problem','Widgit',9272)
COMMIT
INSERT INTO FIVEWIDETABLE VALUES('2013-02-27 11:27:56.613000','','Good','flashyThing',9273)
COMMIT
INSERT INTO FIVEWIDETABLE VALUES('2013-02-27 11:27:56.613000','Partial','Warning','Widgit',9274)
COMMIT
INSERT INTO FIVEWIDETABLE VALUES('2013-02-27 11:27:56.613000','WindowsME_BROKE','Problem','flashyThing',9275)
COMMIT
INSERT INTO FIVEWIDETABLE VALUES('2013-02-27 11:27:56.613000','','Good','Widgit',9276)
COMMIT
INSERT INTO FIVEWIDETABLE VALUES('2013-02-27 11:27:56.613000','WindowsME_BROKE','Warning','flashyThing',9277)
COMMIT
INSERT INTO FIVEWIDETABLE VALUES('2013-02-27 11:27:56.613000','Partial','Problem','Widgit',9278)
COMMIT
INSERT INTO FIVEWIDETABLE VALUES('2013-02-27 11:27:56.613000','','Good','flashyThing',9279)
COMMIT
INSERT INTO FIVEWIDETABLE VALUES('2013-02-27 11:27:56.613000','Partial','Warning','Widgit',9280)
COMMIT
INSERT INTO FIVEWIDETABLE VALUES('2013-02-27 11:27:56.613000','WindowsME_BROKE','Problem','flashyThing',9281)
COMMIT
INSERT INTO FIVEWIDETABLE VALUES('2013-02-27 11:27:56.613000','','Good','Widgit',9282)
COMMIT
INSERT INTO FIVEWIDETABLE VALUES('2013-02-27 11:27:56.613000','WindowsME_BROKE','Warning','flashyThing',9283)
COMMIT
INSERT INTO FIVEWIDETABLE VALUES('2013-02-27 11:27:56.613000','Partial','Problem','Widgit',9284)
COMMIT
INSERT INTO FIVEWIDETABLE VALUES('2013-02-27 11:27:56.613000','','Good','flashyThing',9285)
COMMIT
INSERT INTO FIVEWIDETABLE VALUES('2013-02-27 11:27:56.613000','Partial','Warning','Widgit',9286)
COMMIT
INSERT INTO FIVEWIDETABLE VALUES('2013-02-27 11:27:56.613000','WindowsME_BROKE','Problem','flashyThing',9287)
COMMIT
INSERT INTO FIVEWIDETABLE VALUES('2013-02-27 11:27:56.613000','','Good','Widgit',9288)
COMMIT
INSERT INTO FIVEWIDETABLE VALUES('2013-02-27 11:27:56.613000','WindowsME_BROKE','Warning','flashyThing',9289)
COMMIT
INSERT INTO FIVEWIDETABLE VALUES('2013-02-27 11:27:56.614000','Partial','Problem','Widgit',9290)
COMMIT
INSERT INTO FIVEWIDETABLE VALUES('2013-02-27 11:27:56.614000','','Good','flashyThing',9291)
COMMIT
INSERT INTO FIVEWIDETABLE VALUES('2013-02-27 11:27:56.614000','Partial','Warning','Widgit',9292)
COMMIT
INSERT INTO FIVEWIDETABLE VALUES('2013-02-27 11:27:56.614000','WindowsME_BROKE','Problem','flashyThing',9293)
COMMIT
INSERT INTO FIVEWIDETABLE VALUES('2013-02-27 11:27:56.614000','','Good','Widgit',9294)
COMMIT
INSERT INTO FIVEWIDETABLE VALUES('2013-02-27 11:27:56.614000','WindowsME_BROKE','Warning','flashyThing',9295)
COMMIT
INSERT INTO FIVEWIDETABLE VALUES('2013-02-27 11:27:56.614000','Partial','Problem','Widgit',9296)
COMMIT
INSERT INTO FIVEWIDETABLE VALUES('2013-02-27 11:27:56.614000','','Good','flashyThing',9297)
COMMIT
INSERT INTO FIVEWIDETABLE VALUES('2013-02-27 11:27:56.614000','Partial','Warning','Widgit',9298)
COMMIT
INSERT INTO FIVEWIDETABLE VALUES('2013-02-27 11:27:56.614000','WindowsME_BROKE','Problem','flashyThing',9299)
COMMIT
INSERT INTO FIVEWIDETABLE VALUES('2013-02-27 11:27:56.614000','','Good','Widgit',9300)
COMMIT
INSERT INTO FIVEWIDETABLE VALUES('2013-02-27 11:27:56.614000','WindowsME_BROKE','Warning','flashyThing',9301)
COMMIT
INSERT INTO FIVEWIDETABLE VALUES('2013-02-27 11:27:56.614000','Partial','Problem','Widgit',9302)
COMMIT
INSERT INTO FIVEWIDETABLE VALUES('2013-02-27 11:27:56.614000','','Good','flashyThing',9303)
COMMIT
INSERT INTO FIVEWIDETABLE VALUES('2013-02-27 11:27:56.614000','Partial','Warning','Widgit',9304)
COMMIT
INSERT INTO FIVEWIDETABLE VALUES('2013-02-27 11:27:56.614000','WindowsME_BROKE','Problem','flashyThing',9305)
COMMIT
INSERT INTO FIVEWIDETABLE VALUES('2013-02-27 11:27:56.614000','','Good','Widgit',9306)
COMMIT
INSERT INTO FIVEWIDETABLE VALUES('2013-02-27 11:27:56.614000','WindowsME_BROKE','Warning','flashyThing',9307)
COMMIT
INSERT INTO FIVEWIDETABLE VALUES('2013-02-27 11:27:56.614000','Partial','Problem','Widgit',9308)
COMMIT
INSERT INTO FIVEWIDETABLE VALUES('2013-02-27 11:27:56.614000','','Good','flashyThing',9309)
COMMIT
INSERT INTO FIVEWIDETABLE VALUES('2013-02-27 11:27:56.614000','Partial','Warning','Widgit',9310)
COMMIT
INSERT INTO FIVEWIDETABLE VALUES('2013-02-27 11:27:56.615000','WindowsME_BROKE','Problem','flashyThing',9311)
COMMIT
INSERT INTO FIVEWIDETABLE VALUES('2013-02-27 11:27:56.615000','','Good','Widgit',9312)
COMMIT
INSERT INTO FIVEWIDETABLE VALUES('2013-02-27 11:27:56.615000','WindowsME_BROKE','Warning','flashyThing',9313)
COMMIT
INSERT INTO FIVEWIDETABLE VALUES('2013-02-27 11:27:56.615000','Partial','Problem','Widgit',9314)
COMMIT
INSERT INTO FIVEWIDETABLE VALUES('2013-02-27 11:27:56.615000','','Good','flashyThing',9315)
COMMIT
INSERT INTO FIVEWIDETABLE VALUES('2013-02-27 11:27:56.615000','Partial','Warning','Widgit',9316)
COMMIT
INSERT INTO FIVEWIDETABLE VALUES('2013-02-27 11:27:56.615000','WindowsME_BROKE','Problem','flashyThing',9317)
COMMIT
INSERT INTO FIVEWIDETABLE VALUES('2013-02-27 11:27:56.615000','','Good','Widgit',9318)
COMMIT
INSERT INTO FIVEWIDETABLE VALUES('2013-02-27 11:27:56.615000','WindowsME_BROKE','Warning','flashyThing',9319)
COMMIT
INSERT INTO FIVEWIDETABLE VALUES('2013-02-27 11:27:56.615000','Partial','Problem','Widgit',9320)
COMMIT
INSERT INTO FIVEWIDETABLE VALUES('2013-02-27 11:27:56.615000','','Good','flashyThing',9321)
COMMIT
INSERT INTO FIVEWIDETABLE VALUES('2013-02-27 11:27:56.615000','Partial','Warning','Widgit',9322)
COMMIT
INSERT INTO FIVEWIDETABLE VALUES('2013-02-27 11:27:56.615000','WindowsME_BROKE','Problem','flashyThing',9323)
COMMIT
INSERT INTO FIVEWIDETABLE VALUES('2013-02-27 11:27:56.615000','','Good','Widgit',9324)
COMMIT
INSERT INTO FIVEWIDETABLE VALUES('2013-02-27 11:27:56.615000','WindowsME_BROKE','Warning','flashyThing',9325)
COMMIT
INSERT INTO FIVEWIDETABLE VALUES('2013-02-27 11:27:56.615000','Partial','Problem','Widgit',9326)
COMMIT
INSERT INTO FIVEWIDETABLE VALUES('2013-02-27 11:27:56.616000','','Good','flashyThing',9327)
COMMIT
INSERT INTO FIVEWIDETABLE VALUES('2013-02-27 11:27:56.616000','Partial','Warning','Widgit',9328)
COMMIT
INSERT INTO FIVEWIDETABLE VALUES('2013-02-27 11:27:56.616000','WindowsME_BROKE','Problem','flashyThing',9329)
COMMIT
INSERT INTO FIVEWIDETABLE VALUES('2013-02-27 11:27:56.616000','','Good','Widgit',9330)
COMMIT
INSERT INTO FIVEWIDETABLE VALUES('2013-02-27 11:27:56.616000','WindowsME_BROKE','Warning','flashyThing',9331)
COMMIT
INSERT INTO FIVEWIDETABLE VALUES('2013-02-27 11:27:56.616000','Partial','Problem','Widgit',9332)
COMMIT
INSERT INTO FIVEWIDETABLE VALUES('2013-02-27 11:27:56.616000','','Good','flashyThing',9333)
COMMIT
INSERT INTO FIVEWIDETABLE VALUES('2013-02-27 11:27:56.616000','Partial','Warning','Widgit',9334)
COMMIT
INSERT INTO FIVEWIDETABLE VALUES('2013-02-27 11:27:56.616000','WindowsME_BROKE','Problem','flashyThing',9335)
COMMIT
INSERT INTO FIVEWIDETABLE VALUES('2013-02-27 11:27:56.616000','','Good','Widgit',9336)
COMMIT
INSERT INTO FIVEWIDETABLE VALUES('2013-02-27 11:27:56.616000','WindowsME_BROKE','Warning','flashyThing',9337)
COMMIT
INSERT INTO FIVEWIDETABLE VALUES('2013-02-27 11:27:56.616000','Partial','Problem','Widgit',9338)
COMMIT
INSERT INTO FIVEWIDETABLE VALUES('2013-02-27 11:27:56.616000','','Good','flashyThing',9339)
COMMIT
INSERT INTO FIVEWIDETABLE VALUES('2013-02-27 11:27:56.616000','Partial','Warning','Widgit',9340)
COMMIT
INSERT INTO FIVEWIDETABLE VALUES('2013-02-27 11:27:56.616000','WindowsME_BROKE','Problem','flashyThing',9341)
COMMIT
INSERT INTO FIVEWIDETABLE VALUES('2013-02-27 11:27:56.616000','','Good','Widgit',9342)
COMMIT
INSERT INTO FIVEWIDETABLE VALUES('2013-02-27 11:27:56.616000','WindowsME_BROKE','Warning','flashyThing',9343)
COMMIT
INSERT INTO FIVEWIDETABLE VALUES('2013-02-27 11:27:56.616000','Partial','Problem','Widgit',9344)
COMMIT
INSERT INTO FIVEWIDETABLE VALUES('2013-02-27 11:27:56.616000','','Good','flashyThing',9345)
COMMIT
INSERT INTO FIVEWIDETABLE VALUES('2013-02-27 11:27:56.616000','Partial','Warning','Widgit',9346)
COMMIT
INSERT INTO FIVEWIDETABLE VALUES('2013-02-27 11:27:56.616000','WindowsME_BROKE','Problem','flashyThing',9347)
COMMIT
INSERT INTO FIVEWIDETABLE VALUES('2013-02-27 11:27:56.617000','','Good','Widgit',9348)
COMMIT
INSERT INTO FIVEWIDETABLE VALUES('2013-02-27 11:27:56.617000','WindowsME_BROKE','Warning','flashyThing',9349)
COMMIT
INSERT INTO FIVEWIDETABLE VALUES('2013-02-27 11:27:56.617000','Partial','Problem','Widgit',9350)
COMMIT
INSERT INTO FIVEWIDETABLE VALUES('2013-02-27 11:27:56.617000','','Good','flashyThing',9351)
COMMIT
INSERT INTO FIVEWIDETABLE VALUES('2013-02-27 11:27:56.617000','Partial','Warning','Widgit',9352)
COMMIT
INSERT INTO FIVEWIDETABLE VALUES('2013-02-27 11:27:56.617000','WindowsME_BROKE','Problem','flashyThing',9353)
COMMIT
INSERT INTO FIVEWIDETABLE VALUES('2013-02-27 11:27:56.617000','','Good','Widgit',9354)
COMMIT
INSERT INTO FIVEWIDETABLE VALUES('2013-02-27 11:27:56.617000','WindowsME_BROKE','Warning','flashyThing',9355)
COMMIT
INSERT INTO FIVEWIDETABLE VALUES('2013-02-27 11:27:56.617000','Partial','Problem','Widgit',9356)
COMMIT
INSERT INTO FIVEWIDETABLE VALUES('2013-02-27 11:27:56.617000','','Good','flashyThing',9357)
COMMIT
INSERT INTO FIVEWIDETABLE VALUES('2013-02-27 11:27:56.617000','Partial','Warning','Widgit',9358)
COMMIT
INSERT INTO FIVEWIDETABLE VALUES('2013-02-27 11:27:56.617000','WindowsME_BROKE','Problem','flashyThing',9359)
COMMIT
INSERT INTO FIVEWIDETABLE VALUES('2013-02-27 11:27:56.617000','','Good','Widgit',9360)
COMMIT
INSERT INTO FIVEWIDETABLE VALUES('2013-02-27 11:27:56.617000','WindowsME_BROKE','Warning','flashyThing',9361)
COMMIT
INSERT INTO FIVEWIDETABLE VALUES('2013-02-27 11:27:56.617000','Partial','Problem','Widgit',9362)
COMMIT
INSERT INTO FIVEWIDETABLE VALUES('2013-02-27 11:27:56.617000','','Good','flashyThing',9363)
COMMIT
INSERT INTO FIVEWIDETABLE VALUES('2013-02-27 11:27:56.617000','Partial','Warning','Widgit',9364)
COMMIT
INSERT INTO FIVEWIDETABLE VALUES('2013-02-27 11:27:56.617000','WindowsME_BROKE','Problem','flashyThing',9365)
COMMIT
INSERT INTO FIVEWIDETABLE VALUES('2013-02-27 11:27:56.617000','','Good','Widgit',9366)
COMMIT
INSERT INTO FIVEWIDETABLE VALUES('2013-02-27 11:27:56.617000','WindowsME_BROKE','Warning','flashyThing',9367)
COMMIT
INSERT INTO FIVEWIDETABLE VALUES('2013-02-27 11:27:56.617000','Partial','Problem','Widgit',9368)
COMMIT
INSERT INTO FIVEWIDETABLE VALUES('2013-02-27 11:27:56.618000','','Good','flashyThing',9369)
COMMIT
INSERT INTO FIVEWIDETABLE VALUES('2013-02-27 11:27:56.618000','Partial','Warning','Widgit',9370)
COMMIT
INSERT INTO FIVEWIDETABLE VALUES('2013-02-27 11:27:56.618000','WindowsME_BROKE','Problem','flashyThing',9371)
COMMIT
INSERT INTO FIVEWIDETABLE VALUES('2013-02-27 11:27:56.618000','','Good','Widgit',9372)
COMMIT
INSERT INTO FIVEWIDETABLE VALUES('2013-02-27 11:27:56.618000','WindowsME_BROKE','Warning','flashyThing',9373)
COMMIT
INSERT INTO FIVEWIDETABLE VALUES('2013-02-27 11:27:56.618000','Partial','Problem','Widgit',9374)
COMMIT
INSERT INTO FIVEWIDETABLE VALUES('2013-02-27 11:27:56.618000','','Good','flashyThing',9375)
COMMIT
INSERT INTO FIVEWIDETABLE VALUES('2013-02-27 11:27:56.618000','Partial','Warning','Widgit',9376)
COMMIT
INSERT INTO FIVEWIDETABLE VALUES('2013-02-27 11:27:56.618000','WindowsME_BROKE','Problem','flashyThing',9377)
COMMIT
INSERT INTO FIVEWIDETABLE VALUES('2013-02-27 11:27:56.618000','','Good','Widgit',9378)
COMMIT
INSERT INTO FIVEWIDETABLE VALUES('2013-02-27 11:27:56.618000','WindowsME_BROKE','Warning','flashyThing',9379)
COMMIT
INSERT INTO FIVEWIDETABLE VALUES('2013-02-27 11:27:56.618000','Partial','Problem','Widgit',9380)
COMMIT
INSERT INTO FIVEWIDETABLE VALUES('2013-02-27 11:27:56.618000','','Good','flashyThing',9381)
COMMIT
INSERT INTO FIVEWIDETABLE VALUES('2013-02-27 11:27:56.618000','Partial','Warning','Widgit',9382)
COMMIT
INSERT INTO FIVEWIDETABLE VALUES('2013-02-27 11:27:56.618000','WindowsME_BROKE','Problem','flashyThing',9383)
COMMIT
INSERT INTO FIVEWIDETABLE VALUES('2013-02-27 11:27:56.618000','','Good','Widgit',9384)
COMMIT
INSERT INTO FIVEWIDETABLE VALUES('2013-02-27 11:27:56.618000','WindowsME_BROKE','Warning','flashyThing',9385)
COMMIT
INSERT INTO FIVEWIDETABLE VALUES('2013-02-27 11:27:56.618000','Partial','Problem','Widgit',9386)
COMMIT
INSERT INTO FIVEWIDETABLE VALUES('2013-02-27 11:27:56.618000','','Good','flashyThing',9387)
COMMIT
INSERT INTO FIVEWIDETABLE VALUES('2013-02-27 11:27:56.618000','Partial','Warning','Widgit',9388)
COMMIT
INSERT INTO FIVEWIDETABLE VALUES('2013-02-27 11:27:56.618000','WindowsME_BROKE','Problem','flashyThing',9389)
COMMIT
INSERT INTO FIVEWIDETABLE VALUES('2013-02-27 11:27:56.619000','','Good','Widgit',9390)
COMMIT
INSERT INTO FIVEWIDETABLE VALUES('2013-02-27 11:27:56.619000','WindowsME_BROKE','Warning','flashyThing',9391)
COMMIT
INSERT INTO FIVEWIDETABLE VALUES('2013-02-27 11:27:56.619000','Partial','Problem','Widgit',9392)
COMMIT
INSERT INTO FIVEWIDETABLE VALUES('2013-02-27 11:27:56.619000','','Good','flashyThing',9393)
COMMIT
INSERT INTO FIVEWIDETABLE VALUES('2013-02-27 11:27:56.619000','Partial','Warning','Widgit',9394)
COMMIT
INSERT INTO FIVEWIDETABLE VALUES('2013-02-27 11:27:56.619000','WindowsME_BROKE','Problem','flashyThing',9395)
COMMIT
INSERT INTO FIVEWIDETABLE VALUES('2013-02-27 11:27:56.619000','','Good','Widgit',9396)
COMMIT
INSERT INTO FIVEWIDETABLE VALUES('2013-02-27 11:27:56.619000','WindowsME_BROKE','Warning','flashyThing',9397)
COMMIT
INSERT INTO FIVEWIDETABLE VALUES('2013-02-27 11:27:56.619000','Partial','Problem','Widgit',9398)
COMMIT
INSERT INTO FIVEWIDETABLE VALUES('2013-02-27 11:27:56.619000','','Good','flashyThing',9399)
COMMIT
INSERT INTO FIVEWIDETABLE VALUES('2013-02-27 11:27:56.619000','Partial','Warning','Widgit',9400)
COMMIT
INSERT INTO FIVEWIDETABLE VALUES('2013-02-27 11:27:56.619000','WindowsME_BROKE','Problem','flashyThing',9401)
COMMIT
INSERT INTO FIVEWIDETABLE VALUES('2013-02-27 11:27:56.619000','','Good','Widgit',9402)
COMMIT
INSERT INTO FIVEWIDETABLE VALUES('2013-02-27 11:27:56.619000','WindowsME_BROKE','Warning','flashyThing',9403)
COMMIT
INSERT INTO FIVEWIDETABLE VALUES('2013-02-27 11:27:56.619000','Partial','Problem','Widgit',9404)
COMMIT
INSERT INTO FIVEWIDETABLE VALUES('2013-02-27 11:27:56.619000','','Good','flashyThing',9405)
COMMIT
INSERT INTO FIVEWIDETABLE VALUES('2013-02-27 11:27:56.619000','Partial','Warning','Widgit',9406)
COMMIT
INSERT INTO FIVEWIDETABLE VALUES('2013-02-27 11:27:56.619000','WindowsME_BROKE','Problem','flashyThing',9407)
COMMIT
INSERT INTO FIVEWIDETABLE VALUES('2013-02-27 11:27:56.619000','','Good','Widgit',9408)
COMMIT
INSERT INTO FIVEWIDETABLE VALUES('2013-02-27 11:27:56.619000','WindowsME_BROKE','Warning','flashyThing',9409)
COMMIT
INSERT INTO FIVEWIDETABLE VALUES('2013-02-27 11:27:56.619000','Partial','Problem','Widgit',9410)
COMMIT
INSERT INTO FIVEWIDETABLE VALUES('2013-02-27 11:27:56.620000','','Good','flashyThing',9411)
COMMIT
INSERT INTO FIVEWIDETABLE VALUES('2013-02-27 11:27:56.620000','Partial','Warning','Widgit',9412)
COMMIT
INSERT INTO FIVEWIDETABLE VALUES('2013-02-27 11:27:56.620000','WindowsME_BROKE','Problem','flashyThing',9413)
COMMIT
INSERT INTO FIVEWIDETABLE VALUES('2013-02-27 11:27:56.620000','','Good','Widgit',9414)
COMMIT
INSERT INTO FIVEWIDETABLE VALUES('2013-02-27 11:27:56.620000','WindowsME_BROKE','Warning','flashyThing',9415)
COMMIT
INSERT INTO FIVEWIDETABLE VALUES('2013-02-27 11:27:56.620000','Partial','Problem','Widgit',9416)
COMMIT
INSERT INTO FIVEWIDETABLE VALUES('2013-02-27 11:27:56.620000','','Good','flashyThing',9417)
COMMIT
INSERT INTO FIVEWIDETABLE VALUES('2013-02-27 11:27:56.620000','Partial','Warning','Widgit',9418)
COMMIT
INSERT INTO FIVEWIDETABLE VALUES('2013-02-27 11:27:56.620000','WindowsME_BROKE','Problem','flashyThing',9419)
COMMIT
INSERT INTO FIVEWIDETABLE VALUES('2013-02-27 11:27:56.620000','','Good','Widgit',9420)
COMMIT
INSERT INTO FIVEWIDETABLE VALUES('2013-02-27 11:27:56.620000','WindowsME_BROKE','Warning','flashyThing',9421)
COMMIT
INSERT INTO FIVEWIDETABLE VALUES('2013-02-27 11:27:56.620000','Partial','Problem','Widgit',9422)
COMMIT
INSERT INTO FIVEWIDETABLE VALUES('2013-02-27 11:27:56.620000','','Good','flashyThing',9423)
COMMIT
INSERT INTO FIVEWIDETABLE VALUES('2013-02-27 11:27:56.620000','Partial','Warning','Widgit',9424)
COMMIT
INSERT INTO FIVEWIDETABLE VALUES('2013-02-27 11:27:56.620000','WindowsME_BROKE','Problem','flashyThing',9425)
COMMIT
INSERT INTO FIVEWIDETABLE VALUES('2013-02-27 11:27:56.620000','','Good','Widgit',9426)
COMMIT
INSERT INTO FIVEWIDETABLE VALUES('2013-02-27 11:27:56.620000','WindowsME_BROKE','Warning','flashyThing',9427)
COMMIT
INSERT INTO FIVEWIDETABLE VALUES('2013-02-27 11:27:56.620000','Partial','Problem','Widgit',9428)
COMMIT
INSERT INTO FIVEWIDETABLE VALUES('2013-02-27 11:27:56.620000','','Good','flashyThing',9429)
COMMIT
INSERT INTO FIVEWIDETABLE VALUES('2013-02-27 11:27:56.620000','Partial','Warning','Widgit',9430)
COMMIT
INSERT INTO FIVEWIDETABLE VALUES('2013-02-27 11:27:56.621000','WindowsME_BROKE','Problem','flashyThing',9431)
COMMIT
INSERT INTO FIVEWIDETABLE VALUES('2013-02-27 11:27:56.621000','','Good','Widgit',9432)
COMMIT
INSERT INTO FIVEWIDETABLE VALUES('2013-02-27 11:27:56.621000','WindowsME_BROKE','Warning','flashyThing',9433)
COMMIT
INSERT INTO FIVEWIDETABLE VALUES('2013-02-27 11:27:56.621000','Partial','Problem','Widgit',9434)
COMMIT
INSERT INTO FIVEWIDETABLE VALUES('2013-02-27 11:27:56.621000','','Good','flashyThing',9435)
COMMIT
INSERT INTO FIVEWIDETABLE VALUES('2013-02-27 11:27:56.621000','Partial','Warning','Widgit',9436)
COMMIT
INSERT INTO FIVEWIDETABLE VALUES('2013-02-27 11:27:56.621000','WindowsME_BROKE','Problem','flashyThing',9437)
COMMIT
INSERT INTO FIVEWIDETABLE VALUES('2013-02-27 11:27:56.621000','','Good','Widgit',9438)
COMMIT
INSERT INTO FIVEWIDETABLE VALUES('2013-02-27 11:27:56.621000','WindowsME_BROKE','Warning','flashyThing',9439)
COMMIT
INSERT INTO FIVEWIDETABLE VALUES('2013-02-27 11:27:56.621000','Partial','Problem','Widgit',9440)
COMMIT
INSERT INTO FIVEWIDETABLE VALUES('2013-02-27 11:27:56.621000','','Good','flashyThing',9441)
COMMIT
INSERT INTO FIVEWIDETABLE VALUES('2013-02-27 11:27:56.621000','Partial','Warning','Widgit',9442)
COMMIT
INSERT INTO FIVEWIDETABLE VALUES('2013-02-27 11:27:56.621000','WindowsME_BROKE','Problem','flashyThing',9443)
COMMIT
INSERT INTO FIVEWIDETABLE VALUES('2013-02-27 11:27:56.621000','','Good','Widgit',9444)
COMMIT
INSERT INTO FIVEWIDETABLE VALUES('2013-02-27 11:27:56.621000','WindowsME_BROKE','Warning','flashyThing',9445)
COMMIT
INSERT INTO FIVEWIDETABLE VALUES('2013-02-27 11:27:56.621000','Partial','Problem','Widgit',9446)
COMMIT
INSERT INTO FIVEWIDETABLE VALUES('2013-02-27 11:27:56.621000','','Good','flashyThing',9447)
COMMIT
INSERT INTO FIVEWIDETABLE VALUES('2013-02-27 11:27:56.621000','Partial','Warning','Widgit',9448)
COMMIT
INSERT INTO FIVEWIDETABLE VALUES('2013-02-27 11:27:56.621000','WindowsME_BROKE','Problem','flashyThing',9449)
COMMIT
INSERT INTO FIVEWIDETABLE VALUES('2013-02-27 11:27:56.621000','','Good','Widgit',9450)
COMMIT
INSERT INTO FIVEWIDETABLE VALUES('2013-02-27 11:27:56.621000','WindowsME_BROKE','Warning','flashyThing',9451)
COMMIT
INSERT INTO FIVEWIDETABLE VALUES('2013-02-27 11:27:56.622000','Partial','Problem','Widgit',9452)
COMMIT
INSERT INTO FIVEWIDETABLE VALUES('2013-02-27 11:27:56.622000','','Good','flashyThing',9453)
COMMIT
INSERT INTO FIVEWIDETABLE VALUES('2013-02-27 11:27:56.622000','Partial','Warning','Widgit',9454)
COMMIT
INSERT INTO FIVEWIDETABLE VALUES('2013-02-27 11:27:56.622000','WindowsME_BROKE','Problem','flashyThing',9455)
COMMIT
INSERT INTO FIVEWIDETABLE VALUES('2013-02-27 11:27:56.622000','','Good','Widgit',9456)
COMMIT
INSERT INTO FIVEWIDETABLE VALUES('2013-02-27 11:27:56.622000','WindowsME_BROKE','Warning','flashyThing',9457)
COMMIT
INSERT INTO FIVEWIDETABLE VALUES('2013-02-27 11:27:56.622000','Partial','Problem','Widgit',9458)
COMMIT
INSERT INTO FIVEWIDETABLE VALUES('2013-02-27 11:27:56.622000','','Good','flashyThing',9459)
COMMIT
INSERT INTO FIVEWIDETABLE VALUES('2013-02-27 11:27:56.622000','Partial','Warning','Widgit',9460)
COMMIT
INSERT INTO FIVEWIDETABLE VALUES('2013-02-27 11:27:56.622000','WindowsME_BROKE','Problem','flashyThing',9461)
COMMIT
INSERT INTO FIVEWIDETABLE VALUES('2013-02-27 11:27:56.622000','','Good','Widgit',9462)
COMMIT
INSERT INTO FIVEWIDETABLE VALUES('2013-02-27 11:27:56.622000','WindowsME_BROKE','Warning','flashyThing',9463)
COMMIT
INSERT INTO FIVEWIDETABLE VALUES('2013-02-27 11:27:56.622000','Partial','Problem','Widgit',9464)
COMMIT
INSERT INTO FIVEWIDETABLE VALUES('2013-02-27 11:27:56.622000','','Good','flashyThing',9465)
COMMIT
INSERT INTO FIVEWIDETABLE VALUES('2013-02-27 11:27:56.622000','Partial','Warning','Widgit',9466)
COMMIT
INSERT INTO FIVEWIDETABLE VALUES('2013-02-27 11:27:56.622000','WindowsME_BROKE','Problem','flashyThing',9467)
COMMIT
INSERT INTO FIVEWIDETABLE VALUES('2013-02-27 11:27:56.622000','','Good','Widgit',9468)
COMMIT
INSERT INTO FIVEWIDETABLE VALUES('2013-02-27 11:27:56.622000','WindowsME_BROKE','Warning','flashyThing',9469)
COMMIT
INSERT INTO FIVEWIDETABLE VALUES('2013-02-27 11:27:56.622000','Partial','Problem','Widgit',9470)
COMMIT
INSERT INTO FIVEWIDETABLE VALUES('2013-02-27 11:27:56.622000','','Good','flashyThing',9471)
COMMIT
INSERT INTO FIVEWIDETABLE VALUES('2013-02-27 11:27:56.623000','Partial','Warning','Widgit',9472)
COMMIT
INSERT INTO FIVEWIDETABLE VALUES('2013-02-27 11:27:56.623000','WindowsME_BROKE','Problem','flashyThing',9473)
COMMIT
INSERT INTO FIVEWIDETABLE VALUES('2013-02-27 11:27:56.623000','','Good','Widgit',9474)
COMMIT
INSERT INTO FIVEWIDETABLE VALUES('2013-02-27 11:27:56.623000','WindowsME_BROKE','Warning','flashyThing',9475)
COMMIT
INSERT INTO FIVEWIDETABLE VALUES('2013-02-27 11:27:56.623000','Partial','Problem','Widgit',9476)
COMMIT
INSERT INTO FIVEWIDETABLE VALUES('2013-02-27 11:27:56.623000','','Good','flashyThing',9477)
COMMIT
INSERT INTO FIVEWIDETABLE VALUES('2013-02-27 11:27:56.623000','Partial','Warning','Widgit',9478)
COMMIT
INSERT INTO FIVEWIDETABLE VALUES('2013-02-27 11:27:56.623000','WindowsME_BROKE','Problem','flashyThing',9479)
COMMIT
INSERT INTO FIVEWIDETABLE VALUES('2013-02-27 11:27:56.623000','','Good','Widgit',9480)
COMMIT
INSERT INTO FIVEWIDETABLE VALUES('2013-02-27 11:27:56.623000','WindowsME_BROKE','Warning','flashyThing',9481)
COMMIT
INSERT INTO FIVEWIDETABLE VALUES('2013-02-27 11:27:56.623000','Partial','Problem','Widgit',9482)
COMMIT
INSERT INTO FIVEWIDETABLE VALUES('2013-02-27 11:27:56.623000','','Good','flashyThing',9483)
COMMIT
INSERT INTO FIVEWIDETABLE VALUES('2013-02-27 11:27:56.623000','Partial','Warning','Widgit',9484)
COMMIT
INSERT INTO FIVEWIDETABLE VALUES('2013-02-27 11:27:56.623000','WindowsME_BROKE','Problem','flashyThing',9485)
COMMIT
INSERT INTO FIVEWIDETABLE VALUES('2013-02-27 11:27:56.623000','','Good','Widgit',9486)
COMMIT
INSERT INTO FIVEWIDETABLE VALUES('2013-02-27 11:27:56.623000','WindowsME_BROKE','Warning','flashyThing',9487)
COMMIT
INSERT INTO FIVEWIDETABLE VALUES('2013-02-27 11:27:56.623000','Partial','Problem','Widgit',9488)
COMMIT
INSERT INTO FIVEWIDETABLE VALUES('2013-02-27 11:27:56.623000','','Good','flashyThing',9489)
COMMIT
INSERT INTO FIVEWIDETABLE VALUES('2013-02-27 11:27:56.623000','Partial','Warning','Widgit',9490)
COMMIT
INSERT INTO FIVEWIDETABLE VALUES('2013-02-27 11:27:56.623000','WindowsME_BROKE','Problem','flashyThing',9491)
COMMIT
INSERT INTO FIVEWIDETABLE VALUES('2013-02-27 11:27:56.623000','','Good','Widgit',9492)
COMMIT
INSERT INTO FIVEWIDETABLE VALUES('2013-02-27 11:27:56.624000','WindowsME_BROKE','Warning','flashyThing',9493)
COMMIT
INSERT INTO FIVEWIDETABLE VALUES('2013-02-27 11:27:56.624000','Partial','Problem','Widgit',9494)
COMMIT
INSERT INTO FIVEWIDETABLE VALUES('2013-02-27 11:27:56.624000','','Good','flashyThing',9495)
COMMIT
INSERT INTO FIVEWIDETABLE VALUES('2013-02-27 11:27:56.624000','Partial','Warning','Widgit',9496)
COMMIT
INSERT INTO FIVEWIDETABLE VALUES('2013-02-27 11:27:56.624000','WindowsME_BROKE','Problem','flashyThing',9497)
COMMIT
INSERT INTO FIVEWIDETABLE VALUES('2013-02-27 11:27:56.624000','','Good','Widgit',9498)
COMMIT
INSERT INTO FIVEWIDETABLE VALUES('2013-02-27 11:27:56.624000','WindowsME_BROKE','Warning','flashyThing',9499)
COMMIT
INSERT INTO FIVEWIDETABLE VALUES('2013-02-27 11:27:56.624000','Partial','Problem','Widgit',9500)
COMMIT
INSERT INTO FIVEWIDETABLE VALUES('2013-02-27 11:27:56.624000','','Good','flashyThing',9501)
COMMIT
INSERT INTO FIVEWIDETABLE VALUES('2013-02-27 11:27:56.624000','Partial','Warning','Widgit',9502)
COMMIT
INSERT INTO FIVEWIDETABLE VALUES('2013-02-27 11:27:56.624000','WindowsME_BROKE','Problem','flashyThing',9503)
COMMIT
INSERT INTO FIVEWIDETABLE VALUES('2013-02-27 11:27:56.624000','','Good','Widgit',9504)
COMMIT
INSERT INTO FIVEWIDETABLE VALUES('2013-02-27 11:27:56.624000','WindowsME_BROKE','Warning','flashyThing',9505)
COMMIT
INSERT INTO FIVEWIDETABLE VALUES('2013-02-27 11:27:56.624000','Partial','Problem','Widgit',9506)
COMMIT
INSERT INTO FIVEWIDETABLE VALUES('2013-02-27 11:27:56.624000','','Good','flashyThing',9507)
COMMIT
INSERT INTO FIVEWIDETABLE VALUES('2013-02-27 11:27:56.624000','Partial','Warning','Widgit',9508)
COMMIT
INSERT INTO FIVEWIDETABLE VALUES('2013-02-27 11:27:56.624000','WindowsME_BROKE','Problem','flashyThing',9509)
COMMIT
INSERT INTO FIVEWIDETABLE VALUES('2013-02-27 11:27:56.624000','','Good','Widgit',9510)
COMMIT
INSERT INTO FIVEWIDETABLE VALUES('2013-02-27 11:27:56.624000','WindowsME_BROKE','Warning','flashyThing',9511)
COMMIT
INSERT INTO FIVEWIDETABLE VALUES('2013-02-27 11:27:56.624000','Partial','Problem','Widgit',9512)
COMMIT
INSERT INTO FIVEWIDETABLE VALUES('2013-02-27 11:27:56.624000','','Good','flashyThing',9513)
COMMIT
INSERT INTO FIVEWIDETABLE VALUES('2013-02-27 11:27:56.625000','Partial','Warning','Widgit',9514)
COMMIT
INSERT INTO FIVEWIDETABLE VALUES('2013-02-27 11:27:56.625000','WindowsME_BROKE','Problem','flashyThing',9515)
COMMIT
INSERT INTO FIVEWIDETABLE VALUES('2013-02-27 11:27:56.625000','','Good','Widgit',9516)
COMMIT
INSERT INTO FIVEWIDETABLE VALUES('2013-02-27 11:27:56.625000','WindowsME_BROKE','Warning','flashyThing',9517)
COMMIT
INSERT INTO FIVEWIDETABLE VALUES('2013-02-27 11:27:56.625000','Partial','Problem','Widgit',9518)
COMMIT
INSERT INTO FIVEWIDETABLE VALUES('2013-02-27 11:27:56.625000','','Good','flashyThing',9519)
COMMIT
INSERT INTO FIVEWIDETABLE VALUES('2013-02-27 11:27:56.625000','Partial','Warning','Widgit',9520)
COMMIT
INSERT INTO FIVEWIDETABLE VALUES('2013-02-27 11:27:56.625000','WindowsME_BROKE','Problem','flashyThing',9521)
COMMIT
INSERT INTO FIVEWIDETABLE VALUES('2013-02-27 11:27:56.625000','','Good','Widgit',9522)
COMMIT
INSERT INTO FIVEWIDETABLE VALUES('2013-02-27 11:27:56.625000','WindowsME_BROKE','Warning','flashyThing',9523)
COMMIT
INSERT INTO FIVEWIDETABLE VALUES('2013-02-27 11:27:56.625000','Partial','Problem','Widgit',9524)
COMMIT
INSERT INTO FIVEWIDETABLE VALUES('2013-02-27 11:27:56.625000','','Good','flashyThing',9525)
COMMIT
INSERT INTO FIVEWIDETABLE VALUES('2013-02-27 11:27:56.625000','Partial','Warning','Widgit',9526)
COMMIT
INSERT INTO FIVEWIDETABLE VALUES('2013-02-27 11:27:56.625000','WindowsME_BROKE','Problem','flashyThing',9527)
COMMIT
INSERT INTO FIVEWIDETABLE VALUES('2013-02-27 11:27:56.625000','','Good','Widgit',9528)
COMMIT
INSERT INTO FIVEWIDETABLE VALUES('2013-02-27 11:27:56.625000','WindowsME_BROKE','Warning','flashyThing',9529)
COMMIT
INSERT INTO FIVEWIDETABLE VALUES('2013-02-27 11:27:56.625000','Partial','Problem','Widgit',9530)
COMMIT
INSERT INTO FIVEWIDETABLE VALUES('2013-02-27 11:27:56.625000','','Good','flashyThing',9531)
COMMIT
INSERT INTO FIVEWIDETABLE VALUES('2013-02-27 11:27:56.625000','Partial','Warning','Widgit',9532)
COMMIT
INSERT INTO FIVEWIDETABLE VALUES('2013-02-27 11:27:56.625000','WindowsME_BROKE','Problem','flashyThing',9533)
COMMIT
INSERT INTO FIVEWIDETABLE VALUES('2013-02-27 11:27:56.625000','','Good','Widgit',9534)
COMMIT
INSERT INTO FIVEWIDETABLE VALUES('2013-02-27 11:27:56.626000','WindowsME_BROKE','Warning','flashyThing',9535)
COMMIT
INSERT INTO FIVEWIDETABLE VALUES('2013-02-27 11:27:56.626000','Partial','Problem','Widgit',9536)
COMMIT
INSERT INTO FIVEWIDETABLE VALUES('2013-02-27 11:27:56.626000','','Good','flashyThing',9537)
COMMIT
INSERT INTO FIVEWIDETABLE VALUES('2013-02-27 11:27:56.626000','Partial','Warning','Widgit',9538)
COMMIT
INSERT INTO FIVEWIDETABLE VALUES('2013-02-27 11:27:56.626000','WindowsME_BROKE','Problem','flashyThing',9539)
COMMIT
INSERT INTO FIVEWIDETABLE VALUES('2013-02-27 11:27:56.626000','','Good','Widgit',9540)
COMMIT
INSERT INTO FIVEWIDETABLE VALUES('2013-02-27 11:27:56.626000','WindowsME_BROKE','Warning','flashyThing',9541)
COMMIT
INSERT INTO FIVEWIDETABLE VALUES('2013-02-27 11:27:56.626000','Partial','Problem','Widgit',9542)
COMMIT
INSERT INTO FIVEWIDETABLE VALUES('2013-02-27 11:27:56.626000','','Good','flashyThing',9543)
COMMIT
INSERT INTO FIVEWIDETABLE VALUES('2013-02-27 11:27:56.626000','Partial','Warning','Widgit',9544)
COMMIT
INSERT INTO FIVEWIDETABLE VALUES('2013-02-27 11:27:56.626000','WindowsME_BROKE','Problem','flashyThing',9545)
COMMIT
INSERT INTO FIVEWIDETABLE VALUES('2013-02-27 11:27:56.626000','','Good','Widgit',9546)
COMMIT
INSERT INTO FIVEWIDETABLE VALUES('2013-02-27 11:27:56.626000','WindowsME_BROKE','Warning','flashyThing',9547)
COMMIT
INSERT INTO FIVEWIDETABLE VALUES('2013-02-27 11:27:56.626000','Partial','Problem','Widgit',9548)
COMMIT
INSERT INTO FIVEWIDETABLE VALUES('2013-02-27 11:27:56.626000','','Good','flashyThing',9549)
COMMIT
INSERT INTO FIVEWIDETABLE VALUES('2013-02-27 11:27:56.626000','Partial','Warning','Widgit',9550)
COMMIT
INSERT INTO FIVEWIDETABLE VALUES('2013-02-27 11:27:56.626000','WindowsME_BROKE','Problem','flashyThing',9551)
COMMIT
INSERT INTO FIVEWIDETABLE VALUES('2013-02-27 11:27:56.626000','','Good','Widgit',9552)
COMMIT
INSERT INTO FIVEWIDETABLE VALUES('2013-02-27 11:27:56.626000','WindowsME_BROKE','Warning','flashyThing',9553)
COMMIT
INSERT INTO FIVEWIDETABLE VALUES('2013-02-27 11:27:56.626000','Partial','Problem','Widgit',9554)
COMMIT
INSERT INTO FIVEWIDETABLE VALUES('2013-02-27 11:27:56.626000','','Good','flashyThing',9555)
COMMIT
INSERT INTO FIVEWIDETABLE VALUES('2013-02-27 11:27:56.626000','Partial','Warning','Widgit',9556)
COMMIT
INSERT INTO FIVEWIDETABLE VALUES('2013-02-27 11:27:56.626000','WindowsME_BROKE','Problem','flashyThing',9557)
COMMIT
INSERT INTO FIVEWIDETABLE VALUES('2013-02-27 11:27:56.627000','','Good','Widgit',9558)
COMMIT
INSERT INTO FIVEWIDETABLE VALUES('2013-02-27 11:27:56.627000','WindowsME_BROKE','Warning','flashyThing',9559)
COMMIT
INSERT INTO FIVEWIDETABLE VALUES('2013-02-27 11:27:56.627000','Partial','Problem','Widgit',9560)
COMMIT
INSERT INTO FIVEWIDETABLE VALUES('2013-02-27 11:27:56.627000','','Good','flashyThing',9561)
COMMIT
INSERT INTO FIVEWIDETABLE VALUES('2013-02-27 11:27:56.627000','Partial','Warning','Widgit',9562)
COMMIT
INSERT INTO FIVEWIDETABLE VALUES('2013-02-27 11:27:56.627000','WindowsME_BROKE','Problem','flashyThing',9563)
COMMIT
INSERT INTO FIVEWIDETABLE VALUES('2013-02-27 11:27:56.627000','','Good','Widgit',9564)
COMMIT
INSERT INTO FIVEWIDETABLE VALUES('2013-02-27 11:27:56.627000','WindowsME_BROKE','Warning','flashyThing',9565)
COMMIT
INSERT INTO FIVEWIDETABLE VALUES('2013-02-27 11:27:56.627000','Partial','Problem','Widgit',9566)
COMMIT
INSERT INTO FIVEWIDETABLE VALUES('2013-02-27 11:27:56.627000','','Good','flashyThing',9567)
COMMIT
INSERT INTO FIVEWIDETABLE VALUES('2013-02-27 11:27:56.627000','Partial','Warning','Widgit',9568)
COMMIT
INSERT INTO FIVEWIDETABLE VALUES('2013-02-27 11:27:56.627000','WindowsME_BROKE','Problem','flashyThing',9569)
COMMIT
INSERT INTO FIVEWIDETABLE VALUES('2013-02-27 11:27:56.627000','','Good','Widgit',9570)
COMMIT
INSERT INTO FIVEWIDETABLE VALUES('2013-02-27 11:27:56.627000','WindowsME_BROKE','Warning','flashyThing',9571)
COMMIT
INSERT INTO FIVEWIDETABLE VALUES('2013-02-27 11:27:56.627000','Partial','Problem','Widgit',9572)
COMMIT
INSERT INTO FIVEWIDETABLE VALUES('2013-02-27 11:27:56.627000','','Good','flashyThing',9573)
COMMIT
INSERT INTO FIVEWIDETABLE VALUES('2013-02-27 11:27:56.627000','Partial','Warning','Widgit',9574)
COMMIT
INSERT INTO FIVEWIDETABLE VALUES('2013-02-27 11:27:56.627000','WindowsME_BROKE','Problem','flashyThing',9575)
COMMIT
INSERT INTO FIVEWIDETABLE VALUES('2013-02-27 11:27:56.627000','','Good','Widgit',9576)
COMMIT
INSERT INTO FIVEWIDETABLE VALUES('2013-02-27 11:27:56.627000','WindowsME_BROKE','Warning','flashyThing',9577)
COMMIT
INSERT INTO FIVEWIDETABLE VALUES('2013-02-27 11:27:56.627000','Partial','Problem','Widgit',9578)
COMMIT
INSERT INTO FIVEWIDETABLE VALUES('2013-02-27 11:27:56.627000','','Good','flashyThing',9579)
COMMIT
INSERT INTO FIVEWIDETABLE VALUES('2013-02-27 11:27:56.627000','Partial','Warning','Widgit',9580)
COMMIT
INSERT INTO FIVEWIDETABLE VALUES('2013-02-27 11:27:56.628000','WindowsME_BROKE','Problem','flashyThing',9581)
COMMIT
INSERT INTO FIVEWIDETABLE VALUES('2013-02-27 11:27:56.628000','','Good','Widgit',9582)
COMMIT
INSERT INTO FIVEWIDETABLE VALUES('2013-02-27 11:27:56.628000','WindowsME_BROKE','Warning','flashyThing',9583)
COMMIT
INSERT INTO FIVEWIDETABLE VALUES('2013-02-27 11:27:56.628000','Partial','Problem','Widgit',9584)
COMMIT
INSERT INTO FIVEWIDETABLE VALUES('2013-02-27 11:27:56.628000','','Good','flashyThing',9585)
COMMIT
INSERT INTO FIVEWIDETABLE VALUES('2013-02-27 11:27:56.628000','Partial','Warning','Widgit',9586)
COMMIT
INSERT INTO FIVEWIDETABLE VALUES('2013-02-27 11:27:56.628000','WindowsME_BROKE','Problem','flashyThing',9587)
COMMIT
INSERT INTO FIVEWIDETABLE VALUES('2013-02-27 11:27:56.628000','','Good','Widgit',9588)
COMMIT
INSERT INTO FIVEWIDETABLE VALUES('2013-02-27 11:27:56.628000','WindowsME_BROKE','Warning','flashyThing',9589)
COMMIT
INSERT INTO FIVEWIDETABLE VALUES('2013-02-27 11:27:56.628000','Partial','Problem','Widgit',9590)
COMMIT
INSERT INTO FIVEWIDETABLE VALUES('2013-02-27 11:27:56.628000','','Good','flashyThing',9591)
COMMIT
INSERT INTO FIVEWIDETABLE VALUES('2013-02-27 11:27:56.628000','Partial','Warning','Widgit',9592)
COMMIT
INSERT INTO FIVEWIDETABLE VALUES('2013-02-27 11:27:56.628000','WindowsME_BROKE','Problem','flashyThing',9593)
COMMIT
INSERT INTO FIVEWIDETABLE VALUES('2013-02-27 11:27:56.628000','','Good','Widgit',9594)
COMMIT
INSERT INTO FIVEWIDETABLE VALUES('2013-02-27 11:27:56.628000','WindowsME_BROKE','Warning','flashyThing',9595)
COMMIT
INSERT INTO FIVEWIDETABLE VALUES('2013-02-27 11:27:56.628000','Partial','Problem','Widgit',9596)
COMMIT
INSERT INTO FIVEWIDETABLE VALUES('2013-02-27 11:27:56.628000','','Good','flashyThing',9597)
COMMIT
INSERT INTO FIVEWIDETABLE VALUES('2013-02-27 11:27:56.628000','Partial','Warning','Widgit',9598)
COMMIT
INSERT INTO FIVEWIDETABLE VALUES('2013-02-27 11:27:56.628000','WindowsME_BROKE','Problem','flashyThing',9599)
COMMIT
INSERT INTO FIVEWIDETABLE VALUES('2013-02-27 11:27:56.628000','','Good','Widgit',9600)
COMMIT
INSERT INTO FIVEWIDETABLE VALUES('2013-02-27 11:27:56.629000','WindowsME_BROKE','Warning','flashyThing',9601)
COMMIT
INSERT INTO FIVEWIDETABLE VALUES('2013-02-27 11:27:56.629000','Partial','Problem','Widgit',9602)
COMMIT
INSERT INTO FIVEWIDETABLE VALUES('2013-02-27 11:27:56.629000','','Good','flashyThing',9603)
COMMIT
INSERT INTO FIVEWIDETABLE VALUES('2013-02-27 11:27:56.629000','Partial','Warning','Widgit',9604)
COMMIT
INSERT INTO FIVEWIDETABLE VALUES('2013-02-27 11:27:56.629000','WindowsME_BROKE','Problem','flashyThing',9605)
COMMIT
INSERT INTO FIVEWIDETABLE VALUES('2013-02-27 11:27:56.629000','','Good','Widgit',9606)
COMMIT
INSERT INTO FIVEWIDETABLE VALUES('2013-02-27 11:27:56.629000','WindowsME_BROKE','Warning','flashyThing',9607)
COMMIT
INSERT INTO FIVEWIDETABLE VALUES('2013-02-27 11:27:56.629000','Partial','Problem','Widgit',9608)
COMMIT
INSERT INTO FIVEWIDETABLE VALUES('2013-02-27 11:27:56.629000','','Good','flashyThing',9609)
COMMIT
INSERT INTO FIVEWIDETABLE VALUES('2013-02-27 11:27:56.629000','Partial','Warning','Widgit',9610)
COMMIT
INSERT INTO FIVEWIDETABLE VALUES('2013-02-27 11:27:56.629000','WindowsME_BROKE','Problem','flashyThing',9611)
COMMIT
INSERT INTO FIVEWIDETABLE VALUES('2013-02-27 11:27:56.629000','','Good','Widgit',9612)
COMMIT
INSERT INTO FIVEWIDETABLE VALUES('2013-02-27 11:27:56.629000','WindowsME_BROKE','Warning','flashyThing',9613)
COMMIT
INSERT INTO FIVEWIDETABLE VALUES('2013-02-27 11:27:56.629000','Partial','Problem','Widgit',9614)
COMMIT
INSERT INTO FIVEWIDETABLE VALUES('2013-02-27 11:27:56.629000','','Good','flashyThing',9615)
COMMIT
INSERT INTO FIVEWIDETABLE VALUES('2013-02-27 11:27:56.629000','Partial','Warning','Widgit',9616)
COMMIT
INSERT INTO FIVEWIDETABLE VALUES('2013-02-27 11:27:56.629000','WindowsME_BROKE','Problem','flashyThing',9617)
COMMIT
INSERT INTO FIVEWIDETABLE VALUES('2013-02-27 11:27:56.629000','','Good','Widgit',9618)
COMMIT
INSERT INTO FIVEWIDETABLE VALUES('2013-02-27 11:27:56.629000','WindowsME_BROKE','Warning','flashyThing',9619)
COMMIT
INSERT INTO FIVEWIDETABLE VALUES('2013-02-27 11:27:56.629000','Partial','Problem','Widgit',9620)
COMMIT
INSERT INTO FIVEWIDETABLE VALUES('2013-02-27 11:27:56.629000','','Good','flashyThing',9621)
COMMIT
INSERT INTO FIVEWIDETABLE VALUES('2013-02-27 11:27:56.630000','Partial','Warning','Widgit',9622)
COMMIT
INSERT INTO FIVEWIDETABLE VALUES('2013-02-27 11:27:56.630000','WindowsME_BROKE','Problem','flashyThing',9623)
COMMIT
INSERT INTO FIVEWIDETABLE VALUES('2013-02-27 11:27:56.630000','','Good','Widgit',9624)
COMMIT
INSERT INTO FIVEWIDETABLE VALUES('2013-02-27 11:27:56.630000','WindowsME_BROKE','Warning','flashyThing',9625)
COMMIT
INSERT INTO FIVEWIDETABLE VALUES('2013-02-27 11:27:56.630000','Partial','Problem','Widgit',9626)
COMMIT
INSERT INTO FIVEWIDETABLE VALUES('2013-02-27 11:27:56.630000','','Good','flashyThing',9627)
COMMIT
INSERT INTO FIVEWIDETABLE VALUES('2013-02-27 11:27:56.630000','Partial','Warning','Widgit',9628)
COMMIT
INSERT INTO FIVEWIDETABLE VALUES('2013-02-27 11:27:56.630000','WindowsME_BROKE','Problem','flashyThing',9629)
COMMIT
INSERT INTO FIVEWIDETABLE VALUES('2013-02-27 11:27:56.630000','','Good','Widgit',9630)
COMMIT
INSERT INTO FIVEWIDETABLE VALUES('2013-02-27 11:27:56.630000','WindowsME_BROKE','Warning','flashyThing',9631)
COMMIT
INSERT INTO FIVEWIDETABLE VALUES('2013-02-27 11:27:56.630000','Partial','Problem','Widgit',9632)
COMMIT
INSERT INTO FIVEWIDETABLE VALUES('2013-02-27 11:27:56.630000','','Good','flashyThing',9633)
COMMIT
INSERT INTO FIVEWIDETABLE VALUES('2013-02-27 11:27:56.630000','Partial','Warning','Widgit',9634)
COMMIT
INSERT INTO FIVEWIDETABLE VALUES('2013-02-27 11:27:56.630000','WindowsME_BROKE','Problem','flashyThing',9635)
COMMIT
INSERT INTO FIVEWIDETABLE VALUES('2013-02-27 11:27:56.630000','','Good','Widgit',9636)
COMMIT
INSERT INTO FIVEWIDETABLE VALUES('2013-02-27 11:27:56.630000','WindowsME_BROKE','Warning','flashyThing',9637)
COMMIT
INSERT INTO FIVEWIDETABLE VALUES('2013-02-27 11:27:56.630000','Partial','Problem','Widgit',9638)
COMMIT
INSERT INTO FIVEWIDETABLE VALUES('2013-02-27 11:27:56.630000','','Good','flashyThing',9639)
COMMIT
INSERT INTO FIVEWIDETABLE VALUES('2013-02-27 11:27:56.630000','Partial','Warning','Widgit',9640)
COMMIT
INSERT INTO FIVEWIDETABLE VALUES('2013-02-27 11:27:56.630000','WindowsME_BROKE','Problem','flashyThing',9641)
COMMIT
INSERT INTO FIVEWIDETABLE VALUES('2013-02-27 11:27:56.630000','','Good','Widgit',9642)
COMMIT
INSERT INTO FIVEWIDETABLE VALUES('2013-02-27 11:27:56.630000','WindowsME_BROKE','Warning','flashyThing',9643)
COMMIT
INSERT INTO FIVEWIDETABLE VALUES('2013-02-27 11:27:56.631000','Partial','Problem','Widgit',9644)
COMMIT
INSERT INTO FIVEWIDETABLE VALUES('2013-02-27 11:27:56.631000','','Good','flashyThing',9645)
COMMIT
INSERT INTO FIVEWIDETABLE VALUES('2013-02-27 11:27:56.631000','Partial','Warning','Widgit',9646)
COMMIT
INSERT INTO FIVEWIDETABLE VALUES('2013-02-27 11:27:56.631000','WindowsME_BROKE','Problem','flashyThing',9647)
COMMIT
INSERT INTO FIVEWIDETABLE VALUES('2013-02-27 11:27:56.631000','','Good','Widgit',9648)
COMMIT
INSERT INTO FIVEWIDETABLE VALUES('2013-02-27 11:27:56.631000','WindowsME_BROKE','Warning','flashyThing',9649)
COMMIT
INSERT INTO FIVEWIDETABLE VALUES('2013-02-27 11:27:56.631000','Partial','Problem','Widgit',9650)
COMMIT
INSERT INTO FIVEWIDETABLE VALUES('2013-02-27 11:27:56.631000','','Good','flashyThing',9651)
COMMIT
INSERT INTO FIVEWIDETABLE VALUES('2013-02-27 11:27:56.631000','Partial','Warning','Widgit',9652)
COMMIT
INSERT INTO FIVEWIDETABLE VALUES('2013-02-27 11:27:56.631000','WindowsME_BROKE','Problem','flashyThing',9653)
COMMIT
INSERT INTO FIVEWIDETABLE VALUES('2013-02-27 11:27:56.631000','','Good','Widgit',9654)
COMMIT
INSERT INTO FIVEWIDETABLE VALUES('2013-02-27 11:27:56.631000','WindowsME_BROKE','Warning','flashyThing',9655)
COMMIT
INSERT INTO FIVEWIDETABLE VALUES('2013-02-27 11:27:56.631000','Partial','Problem','Widgit',9656)
COMMIT
INSERT INTO FIVEWIDETABLE VALUES('2013-02-27 11:27:56.631000','','Good','flashyThing',9657)
COMMIT
INSERT INTO FIVEWIDETABLE VALUES('2013-02-27 11:27:56.631000','Partial','Warning','Widgit',9658)
COMMIT
INSERT INTO FIVEWIDETABLE VALUES('2013-02-27 11:27:56.631000','WindowsME_BROKE','Problem','flashyThing',9659)
COMMIT
INSERT INTO FIVEWIDETABLE VALUES('2013-02-27 11:27:56.631000','','Good','Widgit',9660)
COMMIT
INSERT INTO FIVEWIDETABLE VALUES('2013-02-27 11:27:56.631000','WindowsME_BROKE','Warning','flashyThing',9661)
COMMIT
INSERT INTO FIVEWIDETABLE VALUES('2013-02-27 11:27:56.631000','Partial','Problem','Widgit',9662)
COMMIT
INSERT INTO FIVEWIDETABLE VALUES('2013-02-27 11:27:56.631000','','Good','flashyThing',9663)
COMMIT
INSERT INTO FIVEWIDETABLE VALUES('2013-02-27 11:27:56.631000','Partial','Warning','Widgit',9664)
COMMIT
INSERT INTO FIVEWIDETABLE VALUES('2013-02-27 11:27:56.631000','WindowsME_BROKE','Problem','flashyThing',9665)
COMMIT
INSERT INTO FIVEWIDETABLE VALUES('2013-02-27 11:27:56.631000','','Good','Widgit',9666)
COMMIT
INSERT INTO FIVEWIDETABLE VALUES('2013-02-27 11:27:56.632000','WindowsME_BROKE','Warning','flashyThing',9667)
COMMIT
INSERT INTO FIVEWIDETABLE VALUES('2013-02-27 11:27:56.632000','Partial','Problem','Widgit',9668)
COMMIT
INSERT INTO FIVEWIDETABLE VALUES('2013-02-27 11:27:56.632000','','Good','flashyThing',9669)
COMMIT
INSERT INTO FIVEWIDETABLE VALUES('2013-02-27 11:27:56.632000','Partial','Warning','Widgit',9670)
COMMIT
INSERT INTO FIVEWIDETABLE VALUES('2013-02-27 11:27:56.632000','WindowsME_BROKE','Problem','flashyThing',9671)
COMMIT
INSERT INTO FIVEWIDETABLE VALUES('2013-02-27 11:27:56.632000','','Good','Widgit',9672)
COMMIT
INSERT INTO FIVEWIDETABLE VALUES('2013-02-27 11:27:56.632000','WindowsME_BROKE','Warning','flashyThing',9673)
COMMIT
INSERT INTO FIVEWIDETABLE VALUES('2013-02-27 11:27:56.632000','Partial','Problem','Widgit',9674)
COMMIT
INSERT INTO FIVEWIDETABLE VALUES('2013-02-27 11:27:56.632000','','Good','flashyThing',9675)
COMMIT
INSERT INTO FIVEWIDETABLE VALUES('2013-02-27 11:27:56.632000','Partial','Warning','Widgit',9676)
COMMIT
INSERT INTO FIVEWIDETABLE VALUES('2013-02-27 11:27:56.632000','WindowsME_BROKE','Problem','flashyThing',9677)
COMMIT
INSERT INTO FIVEWIDETABLE VALUES('2013-02-27 11:27:56.632000','','Good','Widgit',9678)
COMMIT
INSERT INTO FIVEWIDETABLE VALUES('2013-02-27 11:27:56.632000','WindowsME_BROKE','Warning','flashyThing',9679)
COMMIT
INSERT INTO FIVEWIDETABLE VALUES('2013-02-27 11:27:56.632000','Partial','Problem','Widgit',9680)
COMMIT
INSERT INTO FIVEWIDETABLE VALUES('2013-02-27 11:27:56.632000','','Good','flashyThing',9681)
COMMIT
INSERT INTO FIVEWIDETABLE VALUES('2013-02-27 11:27:56.632000','Partial','Warning','Widgit',9682)
COMMIT
INSERT INTO FIVEWIDETABLE VALUES('2013-02-27 11:27:56.632000','WindowsME_BROKE','Problem','flashyThing',9683)
COMMIT
INSERT INTO FIVEWIDETABLE VALUES('2013-02-27 11:27:56.632000','','Good','Widgit',9684)
COMMIT
INSERT INTO FIVEWIDETABLE VALUES('2013-02-27 11:27:56.632000','WindowsME_BROKE','Warning','flashyThing',9685)
COMMIT
INSERT INTO FIVEWIDETABLE VALUES('2013-02-27 11:27:56.632000','Partial','Problem','Widgit',9686)
COMMIT
INSERT INTO FIVEWIDETABLE VALUES('2013-02-27 11:27:56.632000','','Good','flashyThing',9687)
COMMIT
INSERT INTO FIVEWIDETABLE VALUES('2013-02-27 11:27:56.632000','Partial','Warning','Widgit',9688)
COMMIT
INSERT INTO FIVEWIDETABLE VALUES('2013-02-27 11:27:56.633000','WindowsME_BROKE','Problem','flashyThing',9689)
COMMIT
INSERT INTO FIVEWIDETABLE VALUES('2013-02-27 11:27:56.633000','','Good','Widgit',9690)
COMMIT
INSERT INTO FIVEWIDETABLE VALUES('2013-02-27 11:27:56.633000','WindowsME_BROKE','Warning','flashyThing',9691)
COMMIT
INSERT INTO FIVEWIDETABLE VALUES('2013-02-27 11:27:56.633000','Partial','Problem','Widgit',9692)
COMMIT
INSERT INTO FIVEWIDETABLE VALUES('2013-02-27 11:27:56.633000','','Good','flashyThing',9693)
COMMIT
INSERT INTO FIVEWIDETABLE VALUES('2013-02-27 11:27:56.633000','Partial','Warning','Widgit',9694)
COMMIT
INSERT INTO FIVEWIDETABLE VALUES('2013-02-27 11:27:56.633000','WindowsME_BROKE','Problem','flashyThing',9695)
COMMIT
INSERT INTO FIVEWIDETABLE VALUES('2013-02-27 11:27:56.633000','','Good','Widgit',9696)
COMMIT
INSERT INTO FIVEWIDETABLE VALUES('2013-02-27 11:27:56.633000','WindowsME_BROKE','Warning','flashyThing',9697)
COMMIT
INSERT INTO FIVEWIDETABLE VALUES('2013-02-27 11:27:56.633000','Partial','Problem','Widgit',9698)
COMMIT
INSERT INTO FIVEWIDETABLE VALUES('2013-02-27 11:27:56.633000','','Good','flashyThing',9699)
COMMIT
INSERT INTO FIVEWIDETABLE VALUES('2013-02-27 11:27:56.633000','Partial','Warning','Widgit',9700)
COMMIT
INSERT INTO FIVEWIDETABLE VALUES('2013-02-27 11:27:56.633000','WindowsME_BROKE','Problem','flashyThing',9701)
COMMIT
INSERT INTO FIVEWIDETABLE VALUES('2013-02-27 11:27:56.633000','','Good','Widgit',9702)
COMMIT
INSERT INTO FIVEWIDETABLE VALUES('2013-02-27 11:27:56.633000','WindowsME_BROKE','Warning','flashyThing',9703)
COMMIT
INSERT INTO FIVEWIDETABLE VALUES('2013-02-27 11:27:56.633000','Partial','Problem','Widgit',9704)
COMMIT
INSERT INTO FIVEWIDETABLE VALUES('2013-02-27 11:27:56.633000','','Good','flashyThing',9705)
COMMIT
INSERT INTO FIVEWIDETABLE VALUES('2013-02-27 11:27:56.633000','Partial','Warning','Widgit',9706)
COMMIT
INSERT INTO FIVEWIDETABLE VALUES('2013-02-27 11:27:56.633000','WindowsME_BROKE','Problem','flashyThing',9707)
COMMIT
INSERT INTO FIVEWIDETABLE VALUES('2013-02-27 11:27:56.633000','','Good','Widgit',9708)
COMMIT
INSERT INTO FIVEWIDETABLE VALUES('2013-02-27 11:27:56.633000','WindowsME_BROKE','Warning','flashyThing',9709)
COMMIT
INSERT INTO FIVEWIDETABLE VALUES('2013-02-27 11:27:56.633000','Partial','Problem','Widgit',9710)
COMMIT
INSERT INTO FIVEWIDETABLE VALUES('2013-02-27 11:27:56.633000','','Good','flashyThing',9711)
COMMIT
INSERT INTO FIVEWIDETABLE VALUES('2013-02-27 11:27:56.634000','Partial','Warning','Widgit',9712)
COMMIT
INSERT INTO FIVEWIDETABLE VALUES('2013-02-27 11:27:56.634000','WindowsME_BROKE','Problem','flashyThing',9713)
COMMIT
INSERT INTO FIVEWIDETABLE VALUES('2013-02-27 11:27:56.634000','','Good','Widgit',9714)
COMMIT
INSERT INTO FIVEWIDETABLE VALUES('2013-02-27 11:27:56.634000','WindowsME_BROKE','Warning','flashyThing',9715)
COMMIT
INSERT INTO FIVEWIDETABLE VALUES('2013-02-27 11:27:56.634000','Partial','Problem','Widgit',9716)
COMMIT
INSERT INTO FIVEWIDETABLE VALUES('2013-02-27 11:27:56.634000','','Good','flashyThing',9717)
COMMIT
INSERT INTO FIVEWIDETABLE VALUES('2013-02-27 11:27:56.634000','Partial','Warning','Widgit',9718)
COMMIT
INSERT INTO FIVEWIDETABLE VALUES('2013-02-27 11:27:56.634000','WindowsME_BROKE','Problem','flashyThing',9719)
COMMIT
INSERT INTO FIVEWIDETABLE VALUES('2013-02-27 11:27:56.634000','','Good','Widgit',9720)
COMMIT
INSERT INTO FIVEWIDETABLE VALUES('2013-02-27 11:27:56.634000','WindowsME_BROKE','Warning','flashyThing',9721)
COMMIT
INSERT INTO FIVEWIDETABLE VALUES('2013-02-27 11:27:56.634000','Partial','Problem','Widgit',9722)
COMMIT
INSERT INTO FIVEWIDETABLE VALUES('2013-02-27 11:27:56.634000','','Good','flashyThing',9723)
COMMIT
INSERT INTO FIVEWIDETABLE VALUES('2013-02-27 11:27:56.634000','Partial','Warning','Widgit',9724)
COMMIT
INSERT INTO FIVEWIDETABLE VALUES('2013-02-27 11:27:56.634000','WindowsME_BROKE','Problem','flashyThing',9725)
COMMIT
INSERT INTO FIVEWIDETABLE VALUES('2013-02-27 11:27:56.634000','','Good','Widgit',9726)
COMMIT
INSERT INTO FIVEWIDETABLE VALUES('2013-02-27 11:27:56.634000','WindowsME_BROKE','Warning','flashyThing',9727)
COMMIT
INSERT INTO FIVEWIDETABLE VALUES('2013-02-27 11:27:56.634000','Partial','Problem','Widgit',9728)
COMMIT
INSERT INTO FIVEWIDETABLE VALUES('2013-02-27 11:27:56.634000','','Good','flashyThing',9729)
COMMIT
INSERT INTO FIVEWIDETABLE VALUES('2013-02-27 11:27:56.634000','Partial','Warning','Widgit',9730)
COMMIT
INSERT INTO FIVEWIDETABLE VALUES('2013-02-27 11:27:56.634000','WindowsME_BROKE','Problem','flashyThing',9731)
COMMIT
INSERT INTO FIVEWIDETABLE VALUES('2013-02-27 11:27:56.634000','','Good','Widgit',9732)
COMMIT
INSERT INTO FIVEWIDETABLE VALUES('2013-02-27 11:27:56.634000','WindowsME_BROKE','Warning','flashyThing',9733)
COMMIT
INSERT INTO FIVEWIDETABLE VALUES('2013-02-27 11:27:56.635000','Partial','Problem','Widgit',9734)
COMMIT
INSERT INTO FIVEWIDETABLE VALUES('2013-02-27 11:27:56.635000','','Good','flashyThing',9735)
COMMIT
INSERT INTO FIVEWIDETABLE VALUES('2013-02-27 11:27:56.635000','Partial','Warning','Widgit',9736)
COMMIT
INSERT INTO FIVEWIDETABLE VALUES('2013-02-27 11:27:56.635000','WindowsME_BROKE','Problem','flashyThing',9737)
COMMIT
INSERT INTO FIVEWIDETABLE VALUES('2013-02-27 11:27:56.635000','','Good','Widgit',9738)
COMMIT
INSERT INTO FIVEWIDETABLE VALUES('2013-02-27 11:27:56.635000','WindowsME_BROKE','Warning','flashyThing',9739)
COMMIT
INSERT INTO FIVEWIDETABLE VALUES('2013-02-27 11:27:56.635000','Partial','Problem','Widgit',9740)
COMMIT
INSERT INTO FIVEWIDETABLE VALUES('2013-02-27 11:27:56.635000','','Good','flashyThing',9741)
COMMIT
INSERT INTO FIVEWIDETABLE VALUES('2013-02-27 11:27:56.635000','Partial','Warning','Widgit',9742)
COMMIT
INSERT INTO FIVEWIDETABLE VALUES('2013-02-27 11:27:56.635000','WindowsME_BROKE','Problem','flashyThing',9743)
COMMIT
INSERT INTO FIVEWIDETABLE VALUES('2013-02-27 11:27:56.635000','','Good','Widgit',9744)
COMMIT
INSERT INTO FIVEWIDETABLE VALUES('2013-02-27 11:27:56.635000','WindowsME_BROKE','Warning','flashyThing',9745)
COMMIT
INSERT INTO FIVEWIDETABLE VALUES('2013-02-27 11:27:56.635000','Partial','Problem','Widgit',9746)
COMMIT
INSERT INTO FIVEWIDETABLE VALUES('2013-02-27 11:27:56.635000','','Good','flashyThing',9747)
COMMIT
INSERT INTO FIVEWIDETABLE VALUES('2013-02-27 11:27:56.635000','Partial','Warning','Widgit',9748)
COMMIT
INSERT INTO FIVEWIDETABLE VALUES('2013-02-27 11:27:56.635000','WindowsME_BROKE','Problem','flashyThing',9749)
COMMIT
INSERT INTO FIVEWIDETABLE VALUES('2013-02-27 11:27:56.635000','','Good','Widgit',9750)
COMMIT
INSERT INTO FIVEWIDETABLE VALUES('2013-02-27 11:27:56.635000','WindowsME_BROKE','Warning','flashyThing',9751)
COMMIT
INSERT INTO FIVEWIDETABLE VALUES('2013-02-27 11:27:56.635000','Partial','Problem','Widgit',9752)
COMMIT
INSERT INTO FIVEWIDETABLE VALUES('2013-02-27 11:27:56.635000','','Good','flashyThing',9753)
COMMIT
INSERT INTO FIVEWIDETABLE VALUES('2013-02-27 11:27:56.635000','Partial','Warning','Widgit',9754)
COMMIT
INSERT INTO FIVEWIDETABLE VALUES('2013-02-27 11:27:56.635000','WindowsME_BROKE','Problem','flashyThing',9755)
COMMIT
INSERT INTO FIVEWIDETABLE VALUES('2013-02-27 11:27:56.635000','','Good','Widgit',9756)
COMMIT
INSERT INTO FIVEWIDETABLE VALUES('2013-02-27 11:27:56.636000','WindowsME_BROKE','Warning','flashyThing',9757)
COMMIT
INSERT INTO FIVEWIDETABLE VALUES('2013-02-27 11:27:56.636000','Partial','Problem','Widgit',9758)
COMMIT
INSERT INTO FIVEWIDETABLE VALUES('2013-02-27 11:27:56.636000','','Good','flashyThing',9759)
COMMIT
INSERT INTO FIVEWIDETABLE VALUES('2013-02-27 11:27:56.636000','Partial','Warning','Widgit',9760)
COMMIT
INSERT INTO FIVEWIDETABLE VALUES('2013-02-27 11:27:56.636000','WindowsME_BROKE','Problem','flashyThing',9761)
COMMIT
INSERT INTO FIVEWIDETABLE VALUES('2013-02-27 11:27:56.636000','','Good','Widgit',9762)
COMMIT
INSERT INTO FIVEWIDETABLE VALUES('2013-02-27 11:27:56.636000','WindowsME_BROKE','Warning','flashyThing',9763)
COMMIT
INSERT INTO FIVEWIDETABLE VALUES('2013-02-27 11:27:56.636000','Partial','Problem','Widgit',9764)
COMMIT
INSERT INTO FIVEWIDETABLE VALUES('2013-02-27 11:27:56.636000','','Good','flashyThing',9765)
COMMIT
INSERT INTO FIVEWIDETABLE VALUES('2013-02-27 11:27:56.636000','Partial','Warning','Widgit',9766)
COMMIT
INSERT INTO FIVEWIDETABLE VALUES('2013-02-27 11:27:56.636000','WindowsME_BROKE','Problem','flashyThing',9767)
COMMIT
INSERT INTO FIVEWIDETABLE VALUES('2013-02-27 11:27:56.636000','','Good','Widgit',9768)
COMMIT
INSERT INTO FIVEWIDETABLE VALUES('2013-02-27 11:27:56.636000','WindowsME_BROKE','Warning','flashyThing',9769)
COMMIT
INSERT INTO FIVEWIDETABLE VALUES('2013-02-27 11:27:56.636000','Partial','Problem','Widgit',9770)
COMMIT
INSERT INTO FIVEWIDETABLE VALUES('2013-02-27 11:27:56.636000','','Good','flashyThing',9771)
COMMIT
INSERT INTO FIVEWIDETABLE VALUES('2013-02-27 11:27:56.636000','Partial','Warning','Widgit',9772)
COMMIT
INSERT INTO FIVEWIDETABLE VALUES('2013-02-27 11:27:56.636000','WindowsME_BROKE','Problem','flashyThing',9773)
COMMIT
INSERT INTO FIVEWIDETABLE VALUES('2013-02-27 11:27:56.636000','','Good','Widgit',9774)
COMMIT
INSERT INTO FIVEWIDETABLE VALUES('2013-02-27 11:27:56.636000','WindowsME_BROKE','Warning','flashyThing',9775)
COMMIT
INSERT INTO FIVEWIDETABLE VALUES('2013-02-27 11:27:56.636000','Partial','Problem','Widgit',9776)
COMMIT
INSERT INTO FIVEWIDETABLE VALUES('2013-02-27 11:27:56.636000','','Good','flashyThing',9777)
COMMIT
INSERT INTO FIVEWIDETABLE VALUES('2013-02-27 11:27:56.636000','Partial','Warning','Widgit',9778)
COMMIT
INSERT INTO FIVEWIDETABLE VALUES('2013-02-27 11:27:56.637000','WindowsME_BROKE','Problem','flashyThing',9779)
COMMIT
INSERT INTO FIVEWIDETABLE VALUES('2013-02-27 11:27:56.637000','','Good','Widgit',9780)
COMMIT
INSERT INTO FIVEWIDETABLE VALUES('2013-02-27 11:27:56.637000','WindowsME_BROKE','Warning','flashyThing',9781)
COMMIT
INSERT INTO FIVEWIDETABLE VALUES('2013-02-27 11:27:56.637000','Partial','Problem','Widgit',9782)
COMMIT
INSERT INTO FIVEWIDETABLE VALUES('2013-02-27 11:27:56.637000','','Good','flashyThing',9783)
COMMIT
INSERT INTO FIVEWIDETABLE VALUES('2013-02-27 11:27:56.637000','Partial','Warning','Widgit',9784)
COMMIT
INSERT INTO FIVEWIDETABLE VALUES('2013-02-27 11:27:56.637000','WindowsME_BROKE','Problem','flashyThing',9785)
COMMIT
INSERT INTO FIVEWIDETABLE VALUES('2013-02-27 11:27:56.637000','','Good','Widgit',9786)
COMMIT
INSERT INTO FIVEWIDETABLE VALUES('2013-02-27 11:27:56.637000','WindowsME_BROKE','Warning','flashyThing',9787)
COMMIT
INSERT INTO FIVEWIDETABLE VALUES('2013-02-27 11:27:56.637000','Partial','Problem','Widgit',9788)
COMMIT
INSERT INTO FIVEWIDETABLE VALUES('2013-02-27 11:27:56.637000','','Good','flashyThing',9789)
COMMIT
INSERT INTO FIVEWIDETABLE VALUES('2013-02-27 11:27:56.637000','Partial','Warning','Widgit',9790)
COMMIT
INSERT INTO FIVEWIDETABLE VALUES('2013-02-27 11:27:56.637000','WindowsME_BROKE','Problem','flashyThing',9791)
COMMIT
INSERT INTO FIVEWIDETABLE VALUES('2013-02-27 11:27:56.637000','','Good','Widgit',9792)
COMMIT
INSERT INTO FIVEWIDETABLE VALUES('2013-02-27 11:27:56.637000','WindowsME_BROKE','Warning','flashyThing',9793)
COMMIT
INSERT INTO FIVEWIDETABLE VALUES('2013-02-27 11:27:56.637000','Partial','Problem','Widgit',9794)
COMMIT
INSERT INTO FIVEWIDETABLE VALUES('2013-02-27 11:27:56.637000','','Good','flashyThing',9795)
COMMIT
INSERT INTO FIVEWIDETABLE VALUES('2013-02-27 11:27:56.637000','Partial','Warning','Widgit',9796)
COMMIT
INSERT INTO FIVEWIDETABLE VALUES('2013-02-27 11:27:56.637000','WindowsME_BROKE','Problem','flashyThing',9797)
COMMIT
INSERT INTO FIVEWIDETABLE VALUES('2013-02-27 11:27:56.637000','','Good','Widgit',9798)
COMMIT
INSERT INTO FIVEWIDETABLE VALUES('2013-02-27 11:27:56.637000','WindowsME_BROKE','Warning','flashyThing',9799)
COMMIT
INSERT INTO FIVEWIDETABLE VALUES('2013-02-27 11:27:56.638000','Partial','Problem','Widgit',9800)
COMMIT
INSERT INTO FIVEWIDETABLE VALUES('2013-02-27 11:27:56.638000','','Good','flashyThing',9801)
COMMIT
INSERT INTO FIVEWIDETABLE VALUES('2013-02-27 11:27:56.638000','Partial','Warning','Widgit',9802)
COMMIT
INSERT INTO FIVEWIDETABLE VALUES('2013-02-27 11:27:56.638000','WindowsME_BROKE','Problem','flashyThing',9803)
COMMIT
INSERT INTO FIVEWIDETABLE VALUES('2013-02-27 11:27:56.638000','','Good','Widgit',9804)
COMMIT
INSERT INTO FIVEWIDETABLE VALUES('2013-02-27 11:27:56.638000','WindowsME_BROKE','Warning','flashyThing',9805)
COMMIT
INSERT INTO FIVEWIDETABLE VALUES('2013-02-27 11:27:56.638000','Partial','Problem','Widgit',9806)
COMMIT
INSERT INTO FIVEWIDETABLE VALUES('2013-02-27 11:27:56.638000','','Good','flashyThing',9807)
COMMIT
INSERT INTO FIVEWIDETABLE VALUES('2013-02-27 11:27:56.638000','Partial','Warning','Widgit',9808)
COMMIT
INSERT INTO FIVEWIDETABLE VALUES('2013-02-27 11:27:56.638000','WindowsME_BROKE','Problem','flashyThing',9809)
COMMIT
INSERT INTO FIVEWIDETABLE VALUES('2013-02-27 11:27:56.638000','','Good','Widgit',9810)
COMMIT
INSERT INTO FIVEWIDETABLE VALUES('2013-02-27 11:27:56.638000','WindowsME_BROKE','Warning','flashyThing',9811)
COMMIT
INSERT INTO FIVEWIDETABLE VALUES('2013-02-27 11:27:56.638000','Partial','Problem','Widgit',9812)
COMMIT
INSERT INTO FIVEWIDETABLE VALUES('2013-02-27 11:27:56.638000','','Good','flashyThing',9813)
COMMIT
INSERT INTO FIVEWIDETABLE VALUES('2013-02-27 11:27:56.638000','Partial','Warning','Widgit',9814)
COMMIT
INSERT INTO FIVEWIDETABLE VALUES('2013-02-27 11:27:56.638000','WindowsME_BROKE','Problem','flashyThing',9815)
COMMIT
INSERT INTO FIVEWIDETABLE VALUES('2013-02-27 11:27:56.638000','','Good','Widgit',9816)
COMMIT
INSERT INTO FIVEWIDETABLE VALUES('2013-02-27 11:27:56.638000','WindowsME_BROKE','Warning','flashyThing',9817)
COMMIT
INSERT INTO FIVEWIDETABLE VALUES('2013-02-27 11:27:56.638000','Partial','Problem','Widgit',9818)
COMMIT
INSERT INTO FIVEWIDETABLE VALUES('2013-02-27 11:27:56.638000','','Good','flashyThing',9819)
COMMIT
INSERT INTO FIVEWIDETABLE VALUES('2013-02-27 11:27:56.638000','Partial','Warning','Widgit',9820)
COMMIT
INSERT INTO FIVEWIDETABLE VALUES('2013-02-27 11:27:56.638000','WindowsME_BROKE','Problem','flashyThing',9821)
COMMIT
INSERT INTO FIVEWIDETABLE VALUES('2013-02-27 11:27:56.638000','','Good','Widgit',9822)
COMMIT
INSERT INTO FIVEWIDETABLE VALUES('2013-02-27 11:27:56.639000','WindowsME_BROKE','Warning','flashyThing',9823)
COMMIT
INSERT INTO FIVEWIDETABLE VALUES('2013-02-27 11:27:56.639000','Partial','Problem','Widgit',9824)
COMMIT
INSERT INTO FIVEWIDETABLE VALUES('2013-02-27 11:27:56.639000','','Good','flashyThing',9825)
COMMIT
INSERT INTO FIVEWIDETABLE VALUES('2013-02-27 11:27:56.639000','Partial','Warning','Widgit',9826)
COMMIT
INSERT INTO FIVEWIDETABLE VALUES('2013-02-27 11:27:56.639000','WindowsME_BROKE','Problem','flashyThing',9827)
COMMIT
INSERT INTO FIVEWIDETABLE VALUES('2013-02-27 11:27:56.639000','','Good','Widgit',9828)
COMMIT
INSERT INTO FIVEWIDETABLE VALUES('2013-02-27 11:27:56.639000','WindowsME_BROKE','Warning','flashyThing',9829)
COMMIT
INSERT INTO FIVEWIDETABLE VALUES('2013-02-27 11:27:56.639000','Partial','Problem','Widgit',9830)
COMMIT
INSERT INTO FIVEWIDETABLE VALUES('2013-02-27 11:27:56.639000','','Good','flashyThing',9831)
COMMIT
INSERT INTO FIVEWIDETABLE VALUES('2013-02-27 11:27:56.639000','Partial','Warning','Widgit',9832)
COMMIT
INSERT INTO FIVEWIDETABLE VALUES('2013-02-27 11:27:56.639000','WindowsME_BROKE','Problem','flashyThing',9833)
COMMIT
INSERT INTO FIVEWIDETABLE VALUES('2013-02-27 11:27:56.639000','','Good','Widgit',9834)
COMMIT
INSERT INTO FIVEWIDETABLE VALUES('2013-02-27 11:27:56.639000','WindowsME_BROKE','Warning','flashyThing',9835)
COMMIT
INSERT INTO FIVEWIDETABLE VALUES('2013-02-27 11:27:56.639000','Partial','Problem','Widgit',9836)
COMMIT
INSERT INTO FIVEWIDETABLE VALUES('2013-02-27 11:27:56.639000','','Good','flashyThing',9837)
COMMIT
INSERT INTO FIVEWIDETABLE VALUES('2013-02-27 11:27:56.639000','Partial','Warning','Widgit',9838)
COMMIT
INSERT INTO FIVEWIDETABLE VALUES('2013-02-27 11:27:56.639000','WindowsME_BROKE','Problem','flashyThing',9839)
COMMIT
INSERT INTO FIVEWIDETABLE VALUES('2013-02-27 11:27:56.639000','','Good','Widgit',9840)
COMMIT
INSERT INTO FIVEWIDETABLE VALUES('2013-02-27 11:27:56.639000','WindowsME_BROKE','Warning','flashyThing',9841)
COMMIT
INSERT INTO FIVEWIDETABLE VALUES('2013-02-27 11:27:56.639000','Partial','Problem','Widgit',9842)
COMMIT
INSERT INTO FIVEWIDETABLE VALUES('2013-02-27 11:27:56.639000','','Good','flashyThing',9843)
COMMIT
INSERT INTO FIVEWIDETABLE VALUES('2013-02-27 11:27:56.639000','Partial','Warning','Widgit',9844)
COMMIT
INSERT INTO FIVEWIDETABLE VALUES('2013-02-27 11:27:56.639000','WindowsME_BROKE','Problem','flashyThing',9845)
COMMIT
INSERT INTO FIVEWIDETABLE VALUES('2013-02-27 11:27:56.640000','','Good','Widgit',9846)
COMMIT
INSERT INTO FIVEWIDETABLE VALUES('2013-02-27 11:27:56.640000','WindowsME_BROKE','Warning','flashyThing',9847)
COMMIT
INSERT INTO FIVEWIDETABLE VALUES('2013-02-27 11:27:56.640000','Partial','Problem','Widgit',9848)
COMMIT
INSERT INTO FIVEWIDETABLE VALUES('2013-02-27 11:27:56.640000','','Good','flashyThing',9849)
COMMIT
INSERT INTO FIVEWIDETABLE VALUES('2013-02-27 11:27:56.641000','Partial','Warning','Widgit',9850)
COMMIT
INSERT INTO FIVEWIDETABLE VALUES('2013-02-27 11:27:56.641000','WindowsME_BROKE','Problem','flashyThing',9851)
COMMIT
INSERT INTO FIVEWIDETABLE VALUES('2013-02-27 11:27:56.641000','','Good','Widgit',9852)
COMMIT
INSERT INTO FIVEWIDETABLE VALUES('2013-02-27 11:27:56.641000','WindowsME_BROKE','Warning','flashyThing',9853)
COMMIT
INSERT INTO FIVEWIDETABLE VALUES('2013-02-27 11:27:56.641000','Partial','Problem','Widgit',9854)
COMMIT
INSERT INTO FIVEWIDETABLE VALUES('2013-02-27 11:27:56.641000','','Good','flashyThing',9855)
COMMIT
INSERT INTO FIVEWIDETABLE VALUES('2013-02-27 11:27:56.641000','Partial','Warning','Widgit',9856)
COMMIT
INSERT INTO FIVEWIDETABLE VALUES('2013-02-27 11:27:56.641000','WindowsME_BROKE','Problem','flashyThing',9857)
COMMIT
INSERT INTO FIVEWIDETABLE VALUES('2013-02-27 11:27:56.641000','','Good','Widgit',9858)
COMMIT
INSERT INTO FIVEWIDETABLE VALUES('2013-02-27 11:27:56.641000','WindowsME_BROKE','Warning','flashyThing',9859)
COMMIT
INSERT INTO FIVEWIDETABLE VALUES('2013-02-27 11:27:56.641000','Partial','Problem','Widgit',9860)
COMMIT
INSERT INTO FIVEWIDETABLE VALUES('2013-02-27 11:27:56.641000','','Good','flashyThing',9861)
COMMIT
INSERT INTO FIVEWIDETABLE VALUES('2013-02-27 11:27:56.641000','Partial','Warning','Widgit',9862)
COMMIT
INSERT INTO FIVEWIDETABLE VALUES('2013-02-27 11:27:56.641000','WindowsME_BROKE','Problem','flashyThing',9863)
COMMIT
INSERT INTO FIVEWIDETABLE VALUES('2013-02-27 11:27:56.641000','','Good','Widgit',9864)
COMMIT
INSERT INTO FIVEWIDETABLE VALUES('2013-02-27 11:27:56.641000','WindowsME_BROKE','Warning','flashyThing',9865)
COMMIT
INSERT INTO FIVEWIDETABLE VALUES('2013-02-27 11:27:56.641000','Partial','Problem','Widgit',9866)
COMMIT
INSERT INTO FIVEWIDETABLE VALUES('2013-02-27 11:27:56.641000','','Good','flashyThing',9867)
COMMIT
INSERT INTO FIVEWIDETABLE VALUES('2013-02-27 11:27:56.641000','Partial','Warning','Widgit',9868)
COMMIT
INSERT INTO FIVEWIDETABLE VALUES('2013-02-27 11:27:56.641000','WindowsME_BROKE','Problem','flashyThing',9869)
COMMIT
INSERT INTO FIVEWIDETABLE VALUES('2013-02-27 11:27:56.642000','','Good','Widgit',9870)
COMMIT
INSERT INTO FIVEWIDETABLE VALUES('2013-02-27 11:27:56.642000','WindowsME_BROKE','Warning','flashyThing',9871)
COMMIT
INSERT INTO FIVEWIDETABLE VALUES('2013-02-27 11:27:56.642000','Partial','Problem','Widgit',9872)
COMMIT
INSERT INTO FIVEWIDETABLE VALUES('2013-02-27 11:27:56.642000','','Good','flashyThing',9873)
COMMIT
INSERT INTO FIVEWIDETABLE VALUES('2013-02-27 11:27:56.642000','Partial','Warning','Widgit',9874)
COMMIT
INSERT INTO FIVEWIDETABLE VALUES('2013-02-27 11:27:56.642000','WindowsME_BROKE','Problem','flashyThing',9875)
COMMIT
INSERT INTO FIVEWIDETABLE VALUES('2013-02-27 11:27:56.642000','','Good','Widgit',9876)
COMMIT
INSERT INTO FIVEWIDETABLE VALUES('2013-02-27 11:27:56.642000','WindowsME_BROKE','Warning','flashyThing',9877)
COMMIT
INSERT INTO FIVEWIDETABLE VALUES('2013-02-27 11:27:56.642000','Partial','Problem','Widgit',9878)
COMMIT
INSERT INTO FIVEWIDETABLE VALUES('2013-02-27 11:27:56.642000','','Good','flashyThing',9879)
COMMIT
INSERT INTO FIVEWIDETABLE VALUES('2013-02-27 11:27:56.642000','Partial','Warning','Widgit',9880)
COMMIT
INSERT INTO FIVEWIDETABLE VALUES('2013-02-27 11:27:56.642000','WindowsME_BROKE','Problem','flashyThing',9881)
COMMIT
INSERT INTO FIVEWIDETABLE VALUES('2013-02-27 11:27:56.642000','','Good','Widgit',9882)
COMMIT
INSERT INTO FIVEWIDETABLE VALUES('2013-02-27 11:27:56.642000','WindowsME_BROKE','Warning','flashyThing',9883)
COMMIT
INSERT INTO FIVEWIDETABLE VALUES('2013-02-27 11:27:56.642000','Partial','Problem','Widgit',9884)
COMMIT
INSERT INTO FIVEWIDETABLE VALUES('2013-02-27 11:27:56.642000','','Good','flashyThing',9885)
COMMIT
INSERT INTO FIVEWIDETABLE VALUES('2013-02-27 11:27:56.642000','Partial','Warning','Widgit',9886)
COMMIT
INSERT INTO FIVEWIDETABLE VALUES('2013-02-27 11:27:56.642000','WindowsME_BROKE','Problem','flashyThing',9887)
COMMIT
INSERT INTO FIVEWIDETABLE VALUES('2013-02-27 11:27:56.642000','','Good','Widgit',9888)
COMMIT
INSERT INTO FIVEWIDETABLE VALUES('2013-02-27 11:27:56.642000','WindowsME_BROKE','Warning','flashyThing',9889)
COMMIT
INSERT INTO FIVEWIDETABLE VALUES('2013-02-27 11:27:56.642000','Partial','Problem','Widgit',9890)
COMMIT
INSERT INTO FIVEWIDETABLE VALUES('2013-02-27 11:27:56.642000','','Good','flashyThing',9891)
COMMIT
INSERT INTO FIVEWIDETABLE VALUES('2013-02-27 11:27:56.642000','Partial','Warning','Widgit',9892)
COMMIT
INSERT INTO FIVEWIDETABLE VALUES('2013-02-27 11:27:56.643000','WindowsME_BROKE','Problem','flashyThing',9893)
COMMIT
INSERT INTO FIVEWIDETABLE VALUES('2013-02-27 11:27:56.643000','','Good','Widgit',9894)
COMMIT
INSERT INTO FIVEWIDETABLE VALUES('2013-02-27 11:27:56.643000','WindowsME_BROKE','Warning','flashyThing',9895)
COMMIT
INSERT INTO FIVEWIDETABLE VALUES('2013-02-27 11:27:56.643000','Partial','Problem','Widgit',9896)
COMMIT
INSERT INTO FIVEWIDETABLE VALUES('2013-02-27 11:27:56.643000','','Good','flashyThing',9897)
COMMIT
INSERT INTO FIVEWIDETABLE VALUES('2013-02-27 11:27:56.643000','Partial','Warning','Widgit',9898)
COMMIT
INSERT INTO FIVEWIDETABLE VALUES('2013-02-27 11:27:56.643000','WindowsME_BROKE','Problem','flashyThing',9899)
COMMIT
INSERT INTO FIVEWIDETABLE VALUES('2013-02-27 11:27:56.643000','','Good','Widgit',9900)
COMMIT
INSERT INTO FIVEWIDETABLE VALUES('2013-02-27 11:27:56.643000','WindowsME_BROKE','Warning','flashyThing',9901)
COMMIT
INSERT INTO FIVEWIDETABLE VALUES('2013-02-27 11:27:56.643000','Partial','Problem','Widgit',9902)
COMMIT
INSERT INTO FIVEWIDETABLE VALUES('2013-02-27 11:27:56.643000','','Good','flashyThing',9903)
COMMIT
INSERT INTO FIVEWIDETABLE VALUES('2013-02-27 11:27:56.643000','Partial','Warning','Widgit',9904)
COMMIT
INSERT INTO FIVEWIDETABLE VALUES('2013-02-27 11:27:56.643000','WindowsME_BROKE','Problem','flashyThing',9905)
COMMIT
INSERT INTO FIVEWIDETABLE VALUES('2013-02-27 11:27:56.643000','','Good','Widgit',9906)
COMMIT
INSERT INTO FIVEWIDETABLE VALUES('2013-02-27 11:27:56.643000','WindowsME_BROKE','Warning','flashyThing',9907)
COMMIT
INSERT INTO FIVEWIDETABLE VALUES('2013-02-27 11:27:56.643000','Partial','Problem','Widgit',9908)
COMMIT
INSERT INTO FIVEWIDETABLE VALUES('2013-02-27 11:27:56.643000','','Good','flashyThing',9909)
COMMIT
INSERT INTO FIVEWIDETABLE VALUES('2013-02-27 11:27:56.643000','Partial','Warning','Widgit',9910)
COMMIT
INSERT INTO FIVEWIDETABLE VALUES('2013-02-27 11:27:56.643000','WindowsME_BROKE','Problem','flashyThing',9911)
COMMIT
INSERT INTO FIVEWIDETABLE VALUES('2013-02-27 11:27:56.643000','','Good','Widgit',9912)
COMMIT
INSERT INTO FIVEWIDETABLE VALUES('2013-02-27 11:27:56.643000','WindowsME_BROKE','Warning','flashyThing',9913)
COMMIT
INSERT INTO FIVEWIDETABLE VALUES('2013-02-27 11:27:56.644000','Partial','Problem','Widgit',9914)
COMMIT
INSERT INTO FIVEWIDETABLE VALUES('2013-02-27 11:27:56.644000','','Good','flashyThing',9915)
COMMIT
INSERT INTO FIVEWIDETABLE VALUES('2013-02-27 11:27:56.644000','Partial','Warning','Widgit',9916)
COMMIT
INSERT INTO FIVEWIDETABLE VALUES('2013-02-27 11:27:56.644000','WindowsME_BROKE','Problem','flashyThing',9917)
COMMIT
INSERT INTO FIVEWIDETABLE VALUES('2013-02-27 11:27:56.644000','','Good','Widgit',9918)
COMMIT
INSERT INTO FIVEWIDETABLE VALUES('2013-02-27 11:27:56.644000','WindowsME_BROKE','Warning','flashyThing',9919)
COMMIT
INSERT INTO FIVEWIDETABLE VALUES('2013-02-27 11:27:56.644000','Partial','Problem','Widgit',9920)
COMMIT
INSERT INTO FIVEWIDETABLE VALUES('2013-02-27 11:27:56.644000','','Good','flashyThing',9921)
COMMIT
INSERT INTO FIVEWIDETABLE VALUES('2013-02-27 11:27:56.644000','Partial','Warning','Widgit',9922)
COMMIT
INSERT INTO FIVEWIDETABLE VALUES('2013-02-27 11:27:56.644000','WindowsME_BROKE','Problem','flashyThing',9923)
COMMIT
INSERT INTO FIVEWIDETABLE VALUES('2013-02-27 11:27:56.644000','','Good','Widgit',9924)
COMMIT
INSERT INTO FIVEWIDETABLE VALUES('2013-02-27 11:27:56.644000','WindowsME_BROKE','Warning','flashyThing',9925)
COMMIT
INSERT INTO FIVEWIDETABLE VALUES('2013-02-27 11:27:56.644000','Partial','Problem','Widgit',9926)
COMMIT
INSERT INTO FIVEWIDETABLE VALUES('2013-02-27 11:27:56.644000','','Good','flashyThing',9927)
COMMIT
INSERT INTO FIVEWIDETABLE VALUES('2013-02-27 11:27:56.644000','Partial','Warning','Widgit',9928)
COMMIT
INSERT INTO FIVEWIDETABLE VALUES('2013-02-27 11:27:56.644000','WindowsME_BROKE','Problem','flashyThing',9929)
COMMIT
INSERT INTO FIVEWIDETABLE VALUES('2013-02-27 11:27:56.644000','','Good','Widgit',9930)
COMMIT
INSERT INTO FIVEWIDETABLE VALUES('2013-02-27 11:27:56.644000','WindowsME_BROKE','Warning','flashyThing',9931)
COMMIT
INSERT INTO FIVEWIDETABLE VALUES('2013-02-27 11:27:56.644000','Partial','Problem','Widgit',9932)
COMMIT
INSERT INTO FIVEWIDETABLE VALUES('2013-02-27 11:27:56.644000','','Good','flashyThing',9933)
COMMIT
INSERT INTO FIVEWIDETABLE VALUES('2013-02-27 11:27:56.644000','Partial','Warning','Widgit',9934)
COMMIT
INSERT INTO FIVEWIDETABLE VALUES('2013-02-27 11:27:56.644000','WindowsME_BROKE','Problem','flashyThing',9935)
COMMIT
INSERT INTO FIVEWIDETABLE VALUES('2013-02-27 11:27:56.645000','','Good','Widgit',9936)
COMMIT
INSERT INTO FIVEWIDETABLE VALUES('2013-02-27 11:27:56.645000','WindowsME_BROKE','Warning','flashyThing',9937)
COMMIT
INSERT INTO FIVEWIDETABLE VALUES('2013-02-27 11:27:56.645000','Partial','Problem','Widgit',9938)
COMMIT
INSERT INTO FIVEWIDETABLE VALUES('2013-02-27 11:27:56.645000','','Good','flashyThing',9939)
COMMIT
INSERT INTO FIVEWIDETABLE VALUES('2013-02-27 11:27:56.645000','Partial','Warning','Widgit',9940)
COMMIT
INSERT INTO FIVEWIDETABLE VALUES('2013-02-27 11:27:56.645000','WindowsME_BROKE','Problem','flashyThing',9941)
COMMIT
INSERT INTO FIVEWIDETABLE VALUES('2013-02-27 11:27:56.645000','','Good','Widgit',9942)
COMMIT
INSERT INTO FIVEWIDETABLE VALUES('2013-02-27 11:27:56.645000','WindowsME_BROKE','Warning','flashyThing',9943)
COMMIT
INSERT INTO FIVEWIDETABLE VALUES('2013-02-27 11:27:56.645000','Partial','Problem','Widgit',9944)
COMMIT
INSERT INTO FIVEWIDETABLE VALUES('2013-02-27 11:27:56.645000','','Good','flashyThing',9945)
COMMIT
INSERT INTO FIVEWIDETABLE VALUES('2013-02-27 11:27:56.645000','Partial','Warning','Widgit',9946)
COMMIT
INSERT INTO FIVEWIDETABLE VALUES('2013-02-27 11:27:56.645000','WindowsME_BROKE','Problem','flashyThing',9947)
COMMIT
INSERT INTO FIVEWIDETABLE VALUES('2013-02-27 11:27:56.645000','','Good','Widgit',9948)
COMMIT
INSERT INTO FIVEWIDETABLE VALUES('2013-02-27 11:27:56.645000','WindowsME_BROKE','Warning','flashyThing',9949)
COMMIT
INSERT INTO FIVEWIDETABLE VALUES('2013-02-27 11:27:56.645000','Partial','Problem','Widgit',9950)
COMMIT
INSERT INTO FIVEWIDETABLE VALUES('2013-02-27 11:27:56.645000','','Good','flashyThing',9951)
COMMIT
INSERT INTO FIVEWIDETABLE VALUES('2013-02-27 11:27:56.645000','Partial','Warning','Widgit',9952)
COMMIT
INSERT INTO FIVEWIDETABLE VALUES('2013-02-27 11:27:56.645000','WindowsME_BROKE','Problem','flashyThing',9953)
COMMIT
INSERT INTO FIVEWIDETABLE VALUES('2013-02-27 11:27:56.645000','','Good','Widgit',9954)
COMMIT
INSERT INTO FIVEWIDETABLE VALUES('2013-02-27 11:27:56.645000','WindowsME_BROKE','Warning','flashyThing',9955)
COMMIT
INSERT INTO FIVEWIDETABLE VALUES('2013-02-27 11:27:56.645000','Partial','Problem','Widgit',9956)
COMMIT
INSERT INTO FIVEWIDETABLE VALUES('2013-02-27 11:27:56.645000','','Good','flashyThing',9957)
COMMIT
INSERT INTO FIVEWIDETABLE VALUES('2013-02-27 11:27:56.645000','Partial','Warning','Widgit',9958)
COMMIT
INSERT INTO FIVEWIDETABLE VALUES('2013-02-27 11:27:56.646000','WindowsME_BROKE','Problem','flashyThing',9959)
COMMIT
INSERT INTO FIVEWIDETABLE VALUES('2013-02-27 11:27:56.646000','','Good','Widgit',9960)
COMMIT
INSERT INTO FIVEWIDETABLE VALUES('2013-02-27 11:27:56.646000','WindowsME_BROKE','Warning','flashyThing',9961)
COMMIT
INSERT INTO FIVEWIDETABLE VALUES('2013-02-27 11:27:56.646000','Partial','Problem','Widgit',9962)
COMMIT
INSERT INTO FIVEWIDETABLE VALUES('2013-02-27 11:27:56.646000','','Good','flashyThing',9963)
COMMIT
INSERT INTO FIVEWIDETABLE VALUES('2013-02-27 11:27:56.646000','Partial','Warning','Widgit',9964)
COMMIT
INSERT INTO FIVEWIDETABLE VALUES('2013-02-27 11:27:56.646000','WindowsME_BROKE','Problem','flashyThing',9965)
COMMIT
INSERT INTO FIVEWIDETABLE VALUES('2013-02-27 11:27:56.646000','','Good','Widgit',9966)
COMMIT
INSERT INTO FIVEWIDETABLE VALUES('2013-02-27 11:27:56.646000','WindowsME_BROKE','Warning','flashyThing',9967)
COMMIT
INSERT INTO FIVEWIDETABLE VALUES('2013-02-27 11:27:56.646000','Partial','Problem','Widgit',9968)
COMMIT
INSERT INTO FIVEWIDETABLE VALUES('2013-02-27 11:27:56.646000','','Good','flashyThing',9969)
COMMIT
INSERT INTO FIVEWIDETABLE VALUES('2013-02-27 11:27:56.646000','Partial','Warning','Widgit',9970)
COMMIT
INSERT INTO FIVEWIDETABLE VALUES('2013-02-27 11:27:56.646000','WindowsME_BROKE','Problem','flashyThing',9971)
COMMIT
INSERT INTO FIVEWIDETABLE VALUES('2013-02-27 11:27:56.646000','','Good','Widgit',9972)
COMMIT
INSERT INTO FIVEWIDETABLE VALUES('2013-02-27 11:27:56.646000','WindowsME_BROKE','Warning','flashyThing',9973)
COMMIT
INSERT INTO FIVEWIDETABLE VALUES('2013-02-27 11:27:56.646000','Partial','Problem','Widgit',9974)
COMMIT
INSERT INTO FIVEWIDETABLE VALUES('2013-02-27 11:27:56.646000','','Good','flashyThing',9975)
COMMIT
INSERT INTO FIVEWIDETABLE VALUES('2013-02-27 11:27:56.646000','Partial','Warning','Widgit',9976)
COMMIT
INSERT INTO FIVEWIDETABLE VALUES('2013-02-27 11:27:56.646000','WindowsME_BROKE','Problem','flashyThing',9977)
COMMIT
INSERT INTO FIVEWIDETABLE VALUES('2013-02-27 11:27:56.646000','','Good','Widgit',9978)
COMMIT
INSERT INTO FIVEWIDETABLE VALUES('2013-02-27 11:27:56.646000','WindowsME_BROKE','Warning','flashyThing',9979)
COMMIT
INSERT INTO FIVEWIDETABLE VALUES('2013-02-27 11:27:56.646000','Partial','Problem','Widgit',9980)
COMMIT
INSERT INTO FIVEWIDETABLE VALUES('2013-02-27 11:27:56.647000','','Good','flashyThing',9981)
COMMIT
INSERT INTO FIVEWIDETABLE VALUES('2013-02-27 11:27:56.647000','Partial','Warning','Widgit',9982)
COMMIT
INSERT INTO FIVEWIDETABLE VALUES('2013-02-27 11:27:56.647000','WindowsME_BROKE','Problem','flashyThing',9983)
COMMIT
INSERT INTO FIVEWIDETABLE VALUES('2013-02-27 11:27:56.647000','','Good','Widgit',9984)
COMMIT
INSERT INTO FIVEWIDETABLE VALUES('2013-02-27 11:27:56.647000','WindowsME_BROKE','Warning','flashyThing',9985)
COMMIT
INSERT INTO FIVEWIDETABLE VALUES('2013-02-27 11:27:56.647000','Partial','Problem','Widgit',9986)
COMMIT
INSERT INTO FIVEWIDETABLE VALUES('2013-02-27 11:27:56.647000','','Good','flashyThing',9987)
COMMIT
INSERT INTO FIVEWIDETABLE VALUES('2013-02-27 11:27:56.647000','Partial','Warning','Widgit',9988)
COMMIT
INSERT INTO FIVEWIDETABLE VALUES('2013-02-27 11:27:56.647000','WindowsME_BROKE','Problem','flashyThing',9989)
COMMIT
INSERT INTO FIVEWIDETABLE VALUES('2013-02-27 11:27:56.647000','','Good','Widgit',9990)
COMMIT
INSERT INTO FIVEWIDETABLE VALUES('2013-02-27 11:27:56.647000','WindowsME_BROKE','Warning','flashyThing',9991)
COMMIT
INSERT INTO FIVEWIDETABLE VALUES('2013-02-27 11:27:56.647000','Partial','Problem','Widgit',9992)
COMMIT
INSERT INTO FIVEWIDETABLE VALUES('2013-02-27 11:27:56.647000','','Good','flashyThing',9993)
COMMIT
INSERT INTO FIVEWIDETABLE VALUES('2013-02-27 11:27:56.647000','Partial','Warning','Widgit',9994)
COMMIT
INSERT INTO FIVEWIDETABLE VALUES('2013-02-27 11:27:56.647000','WindowsME_BROKE','Problem','flashyThing',9995)
COMMIT
INSERT INTO FIVEWIDETABLE VALUES('2013-02-27 11:27:56.647000','','Good','Widgit',9996)
COMMIT
INSERT INTO FIVEWIDETABLE VALUES('2013-02-27 11:27:56.647000','WindowsME_BROKE','Warning','flashyThing',9997)
COMMIT
INSERT INTO FIVEWIDETABLE VALUES('2013-02-27 11:27:56.647000','Partial','Problem','Widgit',9998)
COMMIT
INSERT INTO FIVEWIDETABLE VALUES('2013-02-27 11:27:56.647000','','Good','flashyThing',9999)
COMMIT
